Warning: you requested the nanomsg event logger, but bmv2 was compiled without -DBMELOG, and the event logger cannot be activated
Calling target program-options parser
[06:04:37.599] [bmv2] [D] [thread 245148] Set default default entry for table 'MyIngress.ipv4_lpm': MyIngress.drop - 
[06:04:37.600] [bmv2] [D] [thread 245148] Set default default entry for table 'MyIngress.tb_set_role': NoAction - 
[06:04:37.600] [bmv2] [D] [thread 245148] Set default default entry for table 'MyEgress.tbl_prime': NoAction - 
[06:04:37.600] [bmv2] [D] [thread 245148] Set default default entry for table 'MyEgress.swtrace': NoAction - 
Adding interface s26-eth1 as port 1
[06:04:37.602] [bmv2] [D] [thread 245148] Adding interface s26-eth1 as port 1
Adding interface s26-eth2 as port 2
[06:04:37.653] [bmv2] [D] [thread 245148] Adding interface s26-eth2 as port 2
Adding interface s26-eth3 as port 3
[06:04:37.705] [bmv2] [D] [thread 245148] Adding interface s26-eth3 as port 3
Adding interface s26-cpu-eth0 as port 4
[06:04:37.769] [bmv2] [D] [thread 245148] Adding interface s26-cpu-eth0 as port 4
Adding interface s26-eth5 as port 5
[06:04:37.829] [bmv2] [D] [thread 245148] Adding interface s26-eth5 as port 5
Adding interface s26-eth6 as port 6
[06:04:37.889] [bmv2] [D] [thread 245148] Adding interface s26-eth6 as port 6
Adding interface s26-eth7 as port 7
[06:04:37.949] [bmv2] [D] [thread 245148] Adding interface s26-eth7 as port 7
[06:04:38.025] [bmv2] [I] [thread 245148] Starting Thrift server on port 9115
[06:04:38.026] [bmv2] [I] [thread 245148] Thrift server was started
[06:04:47.390] [bmv2] [D] [thread 245154] [0.0] [cxt 0] Processing packet received on port 2
[06:04:47.390] [bmv2] [D] [thread 245154] [0.0] [cxt 0] Parser 'parser': start
[06:04:47.390] [bmv2] [D] [thread 245154] [0.0] [cxt 0] Parser 'parser' entering state 'start'
[06:04:47.390] [bmv2] [D] [thread 245154] [0.0] [cxt 0] Extracting header 'ethernet'
[06:04:47.390] [bmv2] [D] [thread 245154] [0.0] [cxt 0] Parser state 'start': key is 86dd
[06:04:47.390] [bmv2] [T] [thread 245154] [0.0] [cxt 0] Bytes parsed: 14
[06:04:47.390] [bmv2] [D] [thread 245154] [0.0] [cxt 0] Parser 'parser': end
[06:04:47.390] [bmv2] [D] [thread 245154] [0.0] [cxt 0] Pipeline 'ingress': start
[06:04:47.390] [bmv2] [T] [thread 245154] [0.0] [cxt 0] /home/p4/Desktop/html/p4src/switch.p4(291) Condition "hdr.ipv4.isValid()" (node_2) is false
[06:04:47.390] [bmv2] [T] [thread 245154] [0.0] [cxt 0] Applying table 'MyIngress.tb_set_role'
[06:04:47.390] [bmv2] [D] [thread 245154] [0.0] [cxt 0] Looking up key:
* standard_metadata.ingress_port: 0002

[06:04:47.390] [bmv2] [D] [thread 245154] [0.0] [cxt 0] Table 'MyIngress.tb_set_role': miss
[06:04:47.390] [bmv2] [D] [thread 245154] [0.0] [cxt 0] Action entry is NoAction - 
[06:04:47.390] [bmv2] [T] [thread 245154] [0.0] [cxt 0] Action NoAction
[06:04:47.390] [bmv2] [D] [thread 245154] [0.0] [cxt 0] Pipeline 'ingress': end
[06:04:47.390] [bmv2] [D] [thread 245154] [0.0] [cxt 0] Egress port is 0
[06:04:47.390] [bmv2] [D] [thread 245155] [0.0] [cxt 0] Pipeline 'egress': start
[06:04:47.391] [bmv2] [T] [thread 245155] [0.0] [cxt 0] /home/p4/Desktop/html/p4src/switch.p4(381) Condition "hdr.tag.isValid()" (node_7) is false
[06:04:47.391] [bmv2] [T] [thread 245155] [0.0] [cxt 0] /home/p4/Desktop/html/p4src/switch.p4(386) Condition "hdr.mri.isValid()" (node_9) is false
[06:04:47.391] [bmv2] [D] [thread 245155] [0.0] [cxt 0] Pipeline 'egress': end
[06:04:47.391] [bmv2] [D] [thread 245155] [0.0] [cxt 0] Deparser 'deparser': start
[06:04:47.391] [bmv2] [T] [thread 245155] [0.0] [cxt 0] Skipping checksum 'cksum' update because condition not met
[06:04:47.391] [bmv2] [D] [thread 245155] [0.0] [cxt 0] Deparsing header 'ethernet'
[06:04:47.391] [bmv2] [D] [thread 245155] [0.0] [cxt 0] Deparser 'deparser': end
[06:04:47.391] [bmv2] [D] [thread 245159] [0.0] [cxt 0] Transmitting packet of size 70 out of port 0
[06:04:56.373] [bmv2] [T] [thread 247280] bm_get_config
[06:04:56.375] [bmv2] [T] [thread 247280] bm_table_add_entry
[06:04:56.376] [bmv2] [D] [thread 247280] Entry 0 added to table 'MyIngress.ipv4_lpm'
[06:04:56.376] [bmv2] [D] [thread 247280] Dumping entry 0
Match key:
* hdr.ipv4.dstAddr              : LPM       0a000713/32
* standard_metadata.ingress_port: EXACT     0002
Action entry: MyIngress.ipv4_forward - a000713,1,

[06:04:56.377] [bmv2] [T] [thread 247280] bm_table_add_entry
[06:04:56.377] [bmv2] [D] [thread 247280] Entry 1 added to table 'MyIngress.ipv4_lpm'
[06:04:56.377] [bmv2] [D] [thread 247280] Dumping entry 1
Match key:
* hdr.ipv4.dstAddr              : LPM       0a000713/32
* standard_metadata.ingress_port: EXACT     0003
Action entry: MyIngress.ipv4_forward - a000713,1,

[06:04:56.378] [bmv2] [T] [thread 247280] bm_table_add_entry
[06:04:56.378] [bmv2] [D] [thread 247280] Entry 2 added to table 'MyIngress.ipv4_lpm'
[06:04:56.378] [bmv2] [D] [thread 247280] Dumping entry 2
Match key:
* hdr.ipv4.dstAddr              : LPM       0a000713/32
* standard_metadata.ingress_port: EXACT     0004
Action entry: MyIngress.ipv4_forward - a000713,1,

[06:04:56.379] [bmv2] [T] [thread 247280] bm_table_add_entry
[06:04:56.379] [bmv2] [D] [thread 247280] Entry 3 added to table 'MyIngress.ipv4_lpm'
[06:04:56.379] [bmv2] [D] [thread 247280] Dumping entry 3
Match key:
* hdr.ipv4.dstAddr              : LPM       0a000713/32
* standard_metadata.ingress_port: EXACT     0005
Action entry: MyIngress.ipv4_forward - a000713,1,

[06:04:56.380] [bmv2] [T] [thread 247280] bm_table_add_entry
[06:04:56.380] [bmv2] [D] [thread 247280] Entry 4 added to table 'MyIngress.ipv4_lpm'
[06:04:56.380] [bmv2] [D] [thread 247280] Dumping entry 4
Match key:
* hdr.ipv4.dstAddr              : LPM       0a000713/32
* standard_metadata.ingress_port: EXACT     0006
Action entry: MyIngress.ipv4_forward - a000713,1,

[06:04:56.381] [bmv2] [T] [thread 247280] bm_table_add_entry
[06:04:56.381] [bmv2] [D] [thread 247280] Entry 5 added to table 'MyIngress.ipv4_lpm'
[06:04:56.381] [bmv2] [D] [thread 247280] Dumping entry 5
Match key:
* hdr.ipv4.dstAddr              : LPM       0a000714/32
* standard_metadata.ingress_port: EXACT     0002
Action entry: MyIngress.ipv4_forward - a000714,1,

[06:04:56.381] [bmv2] [T] [thread 247280] bm_table_add_entry
[06:04:56.382] [bmv2] [D] [thread 247280] Entry 6 added to table 'MyIngress.ipv4_lpm'
[06:04:56.382] [bmv2] [D] [thread 247280] Dumping entry 6
Match key:
* hdr.ipv4.dstAddr              : LPM       0a000714/32
* standard_metadata.ingress_port: EXACT     0003
Action entry: MyIngress.ipv4_forward - a000714,1,

[06:04:56.382] [bmv2] [T] [thread 247280] bm_table_add_entry
[06:04:56.382] [bmv2] [D] [thread 247280] Entry 7 added to table 'MyIngress.ipv4_lpm'
[06:04:56.383] [bmv2] [D] [thread 247280] Dumping entry 7
Match key:
* hdr.ipv4.dstAddr              : LPM       0a000714/32
* standard_metadata.ingress_port: EXACT     0004
Action entry: MyIngress.ipv4_forward - a000714,1,

[06:04:56.383] [bmv2] [T] [thread 247280] bm_table_add_entry
[06:04:56.383] [bmv2] [D] [thread 247280] Entry 8 added to table 'MyIngress.ipv4_lpm'
[06:04:56.383] [bmv2] [D] [thread 247280] Dumping entry 8
Match key:
* hdr.ipv4.dstAddr              : LPM       0a000714/32
* standard_metadata.ingress_port: EXACT     0005
Action entry: MyIngress.ipv4_forward - a000714,1,

[06:04:56.384] [bmv2] [T] [thread 247280] bm_table_add_entry
[06:04:56.384] [bmv2] [D] [thread 247280] Entry 9 added to table 'MyIngress.ipv4_lpm'
[06:04:56.384] [bmv2] [D] [thread 247280] Dumping entry 9
Match key:
* hdr.ipv4.dstAddr              : LPM       0a000714/32
* standard_metadata.ingress_port: EXACT     0006
Action entry: MyIngress.ipv4_forward - a000714,1,

[06:04:56.385] [bmv2] [T] [thread 247280] bm_table_add_entry
[06:04:56.385] [bmv2] [D] [thread 247280] Entry 10 added to table 'MyIngress.ipv4_lpm'
[06:04:56.385] [bmv2] [D] [thread 247280] Dumping entry 10
Match key:
* hdr.ipv4.dstAddr              : LPM       0a000715/32
* standard_metadata.ingress_port: EXACT     0002
Action entry: MyIngress.ipv4_forward - a000715,1,

[06:04:56.386] [bmv2] [T] [thread 247280] bm_table_add_entry
[06:04:56.386] [bmv2] [D] [thread 247280] Entry 11 added to table 'MyIngress.ipv4_lpm'
[06:04:56.386] [bmv2] [D] [thread 247280] Dumping entry 11
Match key:
* hdr.ipv4.dstAddr              : LPM       0a000715/32
* standard_metadata.ingress_port: EXACT     0003
Action entry: MyIngress.ipv4_forward - a000715,1,

[06:04:56.386] [bmv2] [T] [thread 247280] bm_table_add_entry
[06:04:56.387] [bmv2] [D] [thread 247280] Entry 12 added to table 'MyIngress.ipv4_lpm'
[06:04:56.387] [bmv2] [D] [thread 247280] Dumping entry 12
Match key:
* hdr.ipv4.dstAddr              : LPM       0a000715/32
* standard_metadata.ingress_port: EXACT     0004
Action entry: MyIngress.ipv4_forward - a000715,1,

[06:04:56.387] [bmv2] [T] [thread 247280] bm_table_add_entry
[06:04:56.387] [bmv2] [D] [thread 247280] Entry 13 added to table 'MyIngress.ipv4_lpm'
[06:04:56.387] [bmv2] [D] [thread 247280] Dumping entry 13
Match key:
* hdr.ipv4.dstAddr              : LPM       0a000715/32
* standard_metadata.ingress_port: EXACT     0005
Action entry: MyIngress.ipv4_forward - a000715,1,

[06:04:56.388] [bmv2] [T] [thread 247280] bm_table_add_entry
[06:04:56.388] [bmv2] [D] [thread 247280] Entry 14 added to table 'MyIngress.ipv4_lpm'
[06:04:56.388] [bmv2] [D] [thread 247280] Dumping entry 14
Match key:
* hdr.ipv4.dstAddr              : LPM       0a000715/32
* standard_metadata.ingress_port: EXACT     0006
Action entry: MyIngress.ipv4_forward - a000715,1,

[06:04:56.390] [bmv2] [T] [thread 247280] bm_table_add_entry
[06:04:56.390] [bmv2] [D] [thread 247280] Entry 15 added to table 'MyIngress.ipv4_lpm'
[06:04:56.390] [bmv2] [D] [thread 247280] Dumping entry 15
Match key:
* hdr.ipv4.dstAddr              : LPM       0a000816/32
* standard_metadata.ingress_port: EXACT     0001
Action entry: MyIngress.ipv4_forward - a000816,2,

[06:04:56.390] [bmv2] [T] [thread 247280] bm_table_add_entry
[06:04:56.390] [bmv2] [D] [thread 247280] Entry 16 added to table 'MyIngress.ipv4_lpm'
[06:04:56.391] [bmv2] [D] [thread 247280] Dumping entry 16
Match key:
* hdr.ipv4.dstAddr              : LPM       0a000816/32
* standard_metadata.ingress_port: EXACT     0003
Action entry: MyIngress.ipv4_forward - a000816,2,

[06:04:56.391] [bmv2] [T] [thread 247280] bm_table_add_entry
[06:04:56.391] [bmv2] [D] [thread 247280] Entry 17 added to table 'MyIngress.ipv4_lpm'
[06:04:56.391] [bmv2] [D] [thread 247280] Dumping entry 17
Match key:
* hdr.ipv4.dstAddr              : LPM       0a000816/32
* standard_metadata.ingress_port: EXACT     0004
Action entry: MyIngress.ipv4_forward - a000816,2,

[06:04:56.392] [bmv2] [T] [thread 247280] bm_table_add_entry
[06:04:56.392] [bmv2] [D] [thread 247280] Entry 18 added to table 'MyIngress.ipv4_lpm'
[06:04:56.392] [bmv2] [D] [thread 247280] Dumping entry 18
Match key:
* hdr.ipv4.dstAddr              : LPM       0a000816/32
* standard_metadata.ingress_port: EXACT     0005
Action entry: MyIngress.ipv4_forward - a000816,2,

[06:04:56.393] [bmv2] [T] [thread 247280] bm_table_add_entry
[06:04:56.393] [bmv2] [D] [thread 247280] Entry 19 added to table 'MyIngress.ipv4_lpm'
[06:04:56.393] [bmv2] [D] [thread 247280] Dumping entry 19
Match key:
* hdr.ipv4.dstAddr              : LPM       0a000816/32
* standard_metadata.ingress_port: EXACT     0006
Action entry: MyIngress.ipv4_forward - a000816,2,

[06:04:56.394] [bmv2] [T] [thread 247280] bm_table_add_entry
[06:04:56.394] [bmv2] [D] [thread 247280] Entry 20 added to table 'MyIngress.ipv4_lpm'
[06:04:56.394] [bmv2] [D] [thread 247280] Dumping entry 20
Match key:
* hdr.ipv4.dstAddr              : LPM       0a000817/32
* standard_metadata.ingress_port: EXACT     0001
Action entry: MyIngress.ipv4_forward - a000817,2,

[06:04:56.395] [bmv2] [T] [thread 247280] bm_table_add_entry
[06:04:56.395] [bmv2] [D] [thread 247280] Entry 21 added to table 'MyIngress.ipv4_lpm'
[06:04:56.395] [bmv2] [D] [thread 247280] Dumping entry 21
Match key:
* hdr.ipv4.dstAddr              : LPM       0a000817/32
* standard_metadata.ingress_port: EXACT     0003
Action entry: MyIngress.ipv4_forward - a000817,2,

[06:04:56.396] [bmv2] [T] [thread 247280] bm_table_add_entry
[06:04:56.396] [bmv2] [D] [thread 247280] Entry 22 added to table 'MyIngress.ipv4_lpm'
[06:04:56.396] [bmv2] [D] [thread 247280] Dumping entry 22
Match key:
* hdr.ipv4.dstAddr              : LPM       0a000817/32
* standard_metadata.ingress_port: EXACT     0004
Action entry: MyIngress.ipv4_forward - a000817,2,

[06:04:56.397] [bmv2] [T] [thread 247280] bm_table_add_entry
[06:04:56.397] [bmv2] [D] [thread 247280] Entry 23 added to table 'MyIngress.ipv4_lpm'
[06:04:56.397] [bmv2] [D] [thread 247280] Dumping entry 23
Match key:
* hdr.ipv4.dstAddr              : LPM       0a000817/32
* standard_metadata.ingress_port: EXACT     0005
Action entry: MyIngress.ipv4_forward - a000817,2,

[06:04:56.398] [bmv2] [T] [thread 247280] bm_table_add_entry
[06:04:56.398] [bmv2] [D] [thread 247280] Entry 24 added to table 'MyIngress.ipv4_lpm'
[06:04:56.398] [bmv2] [D] [thread 247280] Dumping entry 24
Match key:
* hdr.ipv4.dstAddr              : LPM       0a000817/32
* standard_metadata.ingress_port: EXACT     0006
Action entry: MyIngress.ipv4_forward - a000817,2,

[06:04:56.399] [bmv2] [T] [thread 247280] bm_table_add_entry
[06:04:56.399] [bmv2] [D] [thread 247280] Entry 25 added to table 'MyIngress.ipv4_lpm'
[06:04:56.399] [bmv2] [D] [thread 247280] Dumping entry 25
Match key:
* hdr.ipv4.dstAddr              : LPM       0a000818/32
* standard_metadata.ingress_port: EXACT     0001
Action entry: MyIngress.ipv4_forward - a000818,2,

[06:04:56.399] [bmv2] [T] [thread 247280] bm_table_add_entry
[06:04:56.400] [bmv2] [D] [thread 247280] Entry 26 added to table 'MyIngress.ipv4_lpm'
[06:04:56.400] [bmv2] [D] [thread 247280] Dumping entry 26
Match key:
* hdr.ipv4.dstAddr              : LPM       0a000818/32
* standard_metadata.ingress_port: EXACT     0003
Action entry: MyIngress.ipv4_forward - a000818,2,

[06:04:56.400] [bmv2] [T] [thread 247280] bm_table_add_entry
[06:04:56.400] [bmv2] [D] [thread 247280] Entry 27 added to table 'MyIngress.ipv4_lpm'
[06:04:56.401] [bmv2] [D] [thread 247280] Dumping entry 27
Match key:
* hdr.ipv4.dstAddr              : LPM       0a000818/32
* standard_metadata.ingress_port: EXACT     0004
Action entry: MyIngress.ipv4_forward - a000818,2,

[06:04:56.401] [bmv2] [T] [thread 247280] bm_table_add_entry
[06:04:56.402] [bmv2] [D] [thread 247280] Entry 28 added to table 'MyIngress.ipv4_lpm'
[06:04:56.402] [bmv2] [D] [thread 247280] Dumping entry 28
Match key:
* hdr.ipv4.dstAddr              : LPM       0a000818/32
* standard_metadata.ingress_port: EXACT     0005
Action entry: MyIngress.ipv4_forward - a000818,2,

[06:04:56.402] [bmv2] [T] [thread 247280] bm_table_add_entry
[06:04:56.402] [bmv2] [D] [thread 247280] Entry 29 added to table 'MyIngress.ipv4_lpm'
[06:04:56.402] [bmv2] [D] [thread 247280] Dumping entry 29
Match key:
* hdr.ipv4.dstAddr              : LPM       0a000818/32
* standard_metadata.ingress_port: EXACT     0006
Action entry: MyIngress.ipv4_forward - a000818,2,

[06:04:56.403] [bmv2] [T] [thread 247280] bm_table_add_entry
[06:04:56.403] [bmv2] [D] [thread 247280] Entry 30 added to table 'MyIngress.ipv4_lpm'
[06:04:56.403] [bmv2] [D] [thread 247280] Dumping entry 30
Match key:
* hdr.ipv4.dstAddr              : LPM       0a000919/32
* standard_metadata.ingress_port: EXACT     0001
Action entry: MyIngress.ipv4_forward - a000919,3,

[06:04:56.404] [bmv2] [T] [thread 247280] bm_table_add_entry
[06:04:56.404] [bmv2] [D] [thread 247280] Entry 31 added to table 'MyIngress.ipv4_lpm'
[06:04:56.404] [bmv2] [D] [thread 247280] Dumping entry 31
Match key:
* hdr.ipv4.dstAddr              : LPM       0a000919/32
* standard_metadata.ingress_port: EXACT     0002
Action entry: MyIngress.ipv4_forward - a000919,3,

[06:04:56.406] [bmv2] [T] [thread 247280] bm_table_add_entry
[06:04:56.406] [bmv2] [D] [thread 247280] Entry 32 added to table 'MyIngress.ipv4_lpm'
[06:04:56.406] [bmv2] [D] [thread 247280] Dumping entry 32
Match key:
* hdr.ipv4.dstAddr              : LPM       0a000919/32
* standard_metadata.ingress_port: EXACT     0004
Action entry: MyIngress.ipv4_forward - a000919,3,

[06:04:56.407] [bmv2] [T] [thread 247280] bm_table_add_entry
[06:04:56.407] [bmv2] [D] [thread 247280] Entry 33 added to table 'MyIngress.ipv4_lpm'
[06:04:56.407] [bmv2] [D] [thread 247280] Dumping entry 33
Match key:
* hdr.ipv4.dstAddr              : LPM       0a000919/32
* standard_metadata.ingress_port: EXACT     0005
Action entry: MyIngress.ipv4_forward - a000919,3,

[06:04:56.408] [bmv2] [T] [thread 247280] bm_table_add_entry
[06:04:56.408] [bmv2] [D] [thread 247280] Entry 34 added to table 'MyIngress.ipv4_lpm'
[06:04:56.408] [bmv2] [D] [thread 247280] Dumping entry 34
Match key:
* hdr.ipv4.dstAddr              : LPM       0a000919/32
* standard_metadata.ingress_port: EXACT     0006
Action entry: MyIngress.ipv4_forward - a000919,3,

[06:04:56.409] [bmv2] [T] [thread 247280] bm_table_add_entry
[06:04:56.409] [bmv2] [D] [thread 247280] Entry 35 added to table 'MyIngress.ipv4_lpm'
[06:04:56.409] [bmv2] [D] [thread 247280] Dumping entry 35
Match key:
* hdr.ipv4.dstAddr              : LPM       0a00091a/32
* standard_metadata.ingress_port: EXACT     0001
Action entry: MyIngress.ipv4_forward - a00091a,3,

[06:04:56.409] [bmv2] [T] [thread 247280] bm_table_add_entry
[06:04:56.409] [bmv2] [D] [thread 247280] Entry 36 added to table 'MyIngress.ipv4_lpm'
[06:04:56.409] [bmv2] [D] [thread 247280] Dumping entry 36
Match key:
* hdr.ipv4.dstAddr              : LPM       0a00091a/32
* standard_metadata.ingress_port: EXACT     0002
Action entry: MyIngress.ipv4_forward - a00091a,3,

[06:04:56.410] [bmv2] [T] [thread 247280] bm_table_add_entry
[06:04:56.410] [bmv2] [D] [thread 247280] Entry 37 added to table 'MyIngress.ipv4_lpm'
[06:04:56.410] [bmv2] [D] [thread 247280] Dumping entry 37
Match key:
* hdr.ipv4.dstAddr              : LPM       0a00091a/32
* standard_metadata.ingress_port: EXACT     0004
Action entry: MyIngress.ipv4_forward - a00091a,3,

[06:04:56.411] [bmv2] [T] [thread 247280] bm_table_add_entry
[06:04:56.411] [bmv2] [D] [thread 247280] Entry 38 added to table 'MyIngress.ipv4_lpm'
[06:04:56.411] [bmv2] [D] [thread 247280] Dumping entry 38
Match key:
* hdr.ipv4.dstAddr              : LPM       0a00091a/32
* standard_metadata.ingress_port: EXACT     0005
Action entry: MyIngress.ipv4_forward - a00091a,3,

[06:04:56.411] [bmv2] [T] [thread 247280] bm_table_add_entry
[06:04:56.412] [bmv2] [D] [thread 247280] Entry 39 added to table 'MyIngress.ipv4_lpm'
[06:04:56.412] [bmv2] [D] [thread 247280] Dumping entry 39
Match key:
* hdr.ipv4.dstAddr              : LPM       0a00091a/32
* standard_metadata.ingress_port: EXACT     0006
Action entry: MyIngress.ipv4_forward - a00091a,3,

[06:04:56.412] [bmv2] [T] [thread 247280] bm_table_add_entry
[06:04:56.412] [bmv2] [D] [thread 247280] Entry 40 added to table 'MyIngress.ipv4_lpm'
[06:04:56.412] [bmv2] [D] [thread 247280] Dumping entry 40
Match key:
* hdr.ipv4.dstAddr              : LPM       0a00091b/32
* standard_metadata.ingress_port: EXACT     0001
Action entry: MyIngress.ipv4_forward - a00091b,3,

[06:04:56.413] [bmv2] [T] [thread 247280] bm_table_add_entry
[06:04:56.413] [bmv2] [D] [thread 247280] Entry 41 added to table 'MyIngress.ipv4_lpm'
[06:04:56.413] [bmv2] [D] [thread 247280] Dumping entry 41
Match key:
* hdr.ipv4.dstAddr              : LPM       0a00091b/32
* standard_metadata.ingress_port: EXACT     0002
Action entry: MyIngress.ipv4_forward - a00091b,3,

[06:04:56.414] [bmv2] [T] [thread 247280] bm_table_add_entry
[06:04:56.414] [bmv2] [D] [thread 247280] Entry 42 added to table 'MyIngress.ipv4_lpm'
[06:04:56.414] [bmv2] [D] [thread 247280] Dumping entry 42
Match key:
* hdr.ipv4.dstAddr              : LPM       0a00091b/32
* standard_metadata.ingress_port: EXACT     0004
Action entry: MyIngress.ipv4_forward - a00091b,3,

[06:04:56.414] [bmv2] [T] [thread 247280] bm_table_add_entry
[06:04:56.415] [bmv2] [D] [thread 247280] Entry 43 added to table 'MyIngress.ipv4_lpm'
[06:04:56.415] [bmv2] [D] [thread 247280] Dumping entry 43
Match key:
* hdr.ipv4.dstAddr              : LPM       0a00091b/32
* standard_metadata.ingress_port: EXACT     0005
Action entry: MyIngress.ipv4_forward - a00091b,3,

[06:04:56.415] [bmv2] [T] [thread 247280] bm_table_add_entry
[06:04:56.415] [bmv2] [D] [thread 247280] Entry 44 added to table 'MyIngress.ipv4_lpm'
[06:04:56.415] [bmv2] [D] [thread 247280] Dumping entry 44
Match key:
* hdr.ipv4.dstAddr              : LPM       0a00091b/32
* standard_metadata.ingress_port: EXACT     0006
Action entry: MyIngress.ipv4_forward - a00091b,3,

[06:04:56.416] [bmv2] [T] [thread 247280] bm_table_add_entry
[06:04:56.416] [bmv2] [D] [thread 247280] Entry 45 added to table 'MyIngress.ipv4_lpm'
[06:04:56.416] [bmv2] [D] [thread 247280] Dumping entry 45
Match key:
* hdr.ipv4.dstAddr              : LPM       0a000101/32
* standard_metadata.ingress_port: EXACT     0001
Action entry: MyIngress.ipv4_forward - a000101,4,

[06:04:56.417] [bmv2] [T] [thread 247280] bm_table_add_entry
[06:04:56.417] [bmv2] [D] [thread 247280] Entry 46 added to table 'MyIngress.ipv4_lpm'
[06:04:56.417] [bmv2] [D] [thread 247280] Dumping entry 46
Match key:
* hdr.ipv4.dstAddr              : LPM       0a000102/32
* standard_metadata.ingress_port: EXACT     0001
Action entry: MyIngress.ipv4_forward - a000102,5,

[06:04:56.417] [bmv2] [T] [thread 247280] bm_table_add_entry
[06:04:56.418] [bmv2] [D] [thread 247280] Entry 47 added to table 'MyIngress.ipv4_lpm'
[06:04:56.418] [bmv2] [D] [thread 247280] Dumping entry 47
Match key:
* hdr.ipv4.dstAddr              : LPM       0a000103/32
* standard_metadata.ingress_port: EXACT     0001
Action entry: MyIngress.ipv4_forward - a000103,6,

[06:04:56.418] [bmv2] [T] [thread 247280] bm_table_add_entry
[06:04:56.418] [bmv2] [D] [thread 247280] Entry 48 added to table 'MyIngress.ipv4_lpm'
[06:04:56.418] [bmv2] [D] [thread 247280] Dumping entry 48
Match key:
* hdr.ipv4.dstAddr              : LPM       0a000204/32
* standard_metadata.ingress_port: EXACT     0001
Action entry: MyIngress.ipv4_forward - a000204,4,

[06:04:56.419] [bmv2] [T] [thread 247280] bm_table_add_entry
[06:04:56.419] [bmv2] [D] [thread 247280] Entry 49 added to table 'MyIngress.ipv4_lpm'
[06:04:56.419] [bmv2] [D] [thread 247280] Dumping entry 49
Match key:
* hdr.ipv4.dstAddr              : LPM       0a000205/32
* standard_metadata.ingress_port: EXACT     0001
Action entry: MyIngress.ipv4_forward - a000205,5,

[06:04:56.420] [bmv2] [T] [thread 247280] bm_table_add_entry
[06:04:56.420] [bmv2] [D] [thread 247280] Entry 50 added to table 'MyIngress.ipv4_lpm'
[06:04:56.420] [bmv2] [D] [thread 247280] Dumping entry 50
Match key:
* hdr.ipv4.dstAddr              : LPM       0a000206/32
* standard_metadata.ingress_port: EXACT     0001
Action entry: MyIngress.ipv4_forward - a000206,6,

[06:04:56.421] [bmv2] [T] [thread 247280] bm_table_add_entry
[06:04:56.421] [bmv2] [D] [thread 247280] Entry 51 added to table 'MyIngress.ipv4_lpm'
[06:04:56.421] [bmv2] [D] [thread 247280] Dumping entry 51
Match key:
* hdr.ipv4.dstAddr              : LPM       0a000307/32
* standard_metadata.ingress_port: EXACT     0001
Action entry: MyIngress.ipv4_forward - a000307,4,

[06:04:56.421] [bmv2] [T] [thread 247280] bm_table_add_entry
[06:04:56.422] [bmv2] [D] [thread 247280] Entry 52 added to table 'MyIngress.ipv4_lpm'
[06:04:56.422] [bmv2] [D] [thread 247280] Dumping entry 52
Match key:
* hdr.ipv4.dstAddr              : LPM       0a000308/32
* standard_metadata.ingress_port: EXACT     0001
Action entry: MyIngress.ipv4_forward - a000308,5,

[06:04:56.422] [bmv2] [T] [thread 247280] bm_table_add_entry
[06:04:56.422] [bmv2] [D] [thread 247280] Entry 53 added to table 'MyIngress.ipv4_lpm'
[06:04:56.422] [bmv2] [D] [thread 247280] Dumping entry 53
Match key:
* hdr.ipv4.dstAddr              : LPM       0a000309/32
* standard_metadata.ingress_port: EXACT     0001
Action entry: MyIngress.ipv4_forward - a000309,6,

[06:04:56.423] [bmv2] [T] [thread 247280] bm_table_add_entry
[06:04:56.423] [bmv2] [D] [thread 247280] Entry 54 added to table 'MyIngress.ipv4_lpm'
[06:04:56.423] [bmv2] [D] [thread 247280] Dumping entry 54
Match key:
* hdr.ipv4.dstAddr              : LPM       0a00040a/32
* standard_metadata.ingress_port: EXACT     0001
Action entry: MyIngress.ipv4_forward - a00040a,4,

[06:04:56.424] [bmv2] [T] [thread 247280] bm_table_add_entry
[06:04:56.424] [bmv2] [D] [thread 247280] Entry 55 added to table 'MyIngress.ipv4_lpm'
[06:04:56.424] [bmv2] [D] [thread 247280] Dumping entry 55
Match key:
* hdr.ipv4.dstAddr              : LPM       0a00040b/32
* standard_metadata.ingress_port: EXACT     0001
Action entry: MyIngress.ipv4_forward - a00040b,5,

[06:04:56.424] [bmv2] [T] [thread 247280] bm_table_add_entry
[06:04:56.424] [bmv2] [D] [thread 247280] Entry 56 added to table 'MyIngress.ipv4_lpm'
[06:04:56.424] [bmv2] [D] [thread 247280] Dumping entry 56
Match key:
* hdr.ipv4.dstAddr              : LPM       0a00040c/32
* standard_metadata.ingress_port: EXACT     0001
Action entry: MyIngress.ipv4_forward - a00040c,6,

[06:04:56.425] [bmv2] [T] [thread 247280] bm_table_add_entry
[06:04:56.425] [bmv2] [D] [thread 247280] Entry 57 added to table 'MyIngress.ipv4_lpm'
[06:04:56.425] [bmv2] [D] [thread 247280] Dumping entry 57
Match key:
* hdr.ipv4.dstAddr              : LPM       0a00050d/32
* standard_metadata.ingress_port: EXACT     0001
Action entry: MyIngress.ipv4_forward - a00050d,4,

[06:04:56.426] [bmv2] [T] [thread 247280] bm_table_add_entry
[06:04:56.426] [bmv2] [D] [thread 247280] Entry 58 added to table 'MyIngress.ipv4_lpm'
[06:04:56.426] [bmv2] [D] [thread 247280] Dumping entry 58
Match key:
* hdr.ipv4.dstAddr              : LPM       0a00050e/32
* standard_metadata.ingress_port: EXACT     0001
Action entry: MyIngress.ipv4_forward - a00050e,5,

[06:04:56.427] [bmv2] [T] [thread 247280] bm_table_add_entry
[06:04:56.427] [bmv2] [D] [thread 247280] Entry 59 added to table 'MyIngress.ipv4_lpm'
[06:04:56.427] [bmv2] [D] [thread 247280] Dumping entry 59
Match key:
* hdr.ipv4.dstAddr              : LPM       0a00050f/32
* standard_metadata.ingress_port: EXACT     0001
Action entry: MyIngress.ipv4_forward - a00050f,6,

[06:04:56.427] [bmv2] [T] [thread 247280] bm_table_add_entry
[06:04:56.428] [bmv2] [D] [thread 247280] Entry 60 added to table 'MyIngress.ipv4_lpm'
[06:04:56.428] [bmv2] [D] [thread 247280] Dumping entry 60
Match key:
* hdr.ipv4.dstAddr              : LPM       0a000610/32
* standard_metadata.ingress_port: EXACT     0001
Action entry: MyIngress.ipv4_forward - a000610,4,

[06:04:56.428] [bmv2] [T] [thread 247280] bm_table_add_entry
[06:04:56.428] [bmv2] [D] [thread 247280] Entry 61 added to table 'MyIngress.ipv4_lpm'
[06:04:56.428] [bmv2] [D] [thread 247280] Dumping entry 61
Match key:
* hdr.ipv4.dstAddr              : LPM       0a000611/32
* standard_metadata.ingress_port: EXACT     0001
Action entry: MyIngress.ipv4_forward - a000611,5,

[06:04:56.429] [bmv2] [T] [thread 247280] bm_table_add_entry
[06:04:56.429] [bmv2] [D] [thread 247280] Entry 62 added to table 'MyIngress.ipv4_lpm'
[06:04:56.429] [bmv2] [D] [thread 247280] Dumping entry 62
Match key:
* hdr.ipv4.dstAddr              : LPM       0a000612/32
* standard_metadata.ingress_port: EXACT     0001
Action entry: MyIngress.ipv4_forward - a000612,6,

[06:04:56.430] [bmv2] [T] [thread 247280] bm_table_add_entry
[06:04:56.430] [bmv2] [D] [thread 247280] Entry 63 added to table 'MyIngress.ipv4_lpm'
[06:04:56.430] [bmv2] [D] [thread 247280] Dumping entry 63
Match key:
* hdr.ipv4.dstAddr              : LPM       0a000713/32
* standard_metadata.ingress_port: EXACT     0001
Action entry: MyIngress.ipv4_forward - a000713,1,

[06:04:56.430] [bmv2] [T] [thread 247280] bm_table_add_entry
[06:04:56.431] [bmv2] [D] [thread 247280] Entry 64 added to table 'MyIngress.ipv4_lpm'
[06:04:56.431] [bmv2] [D] [thread 247280] Dumping entry 64
Match key:
* hdr.ipv4.dstAddr              : LPM       0a000714/32
* standard_metadata.ingress_port: EXACT     0001
Action entry: MyIngress.ipv4_forward - a000714,1,

[06:04:56.431] [bmv2] [T] [thread 247280] bm_table_add_entry
[06:04:56.431] [bmv2] [D] [thread 247280] Entry 65 added to table 'MyIngress.ipv4_lpm'
[06:04:56.431] [bmv2] [D] [thread 247280] Dumping entry 65
Match key:
* hdr.ipv4.dstAddr              : LPM       0a000715/32
* standard_metadata.ingress_port: EXACT     0001
Action entry: MyIngress.ipv4_forward - a000715,1,

[06:04:56.432] [bmv2] [T] [thread 247280] bm_table_add_entry
[06:04:56.432] [bmv2] [E] [thread 247280] Error when trying to add entry to table 'MyIngress.ipv4_lpm': DUPLICATE_ENTRY
[06:04:56.433] [bmv2] [T] [thread 247280] bm_table_add_entry
[06:04:56.433] [bmv2] [E] [thread 247280] Error when trying to add entry to table 'MyIngress.ipv4_lpm': DUPLICATE_ENTRY
[06:04:56.434] [bmv2] [T] [thread 247280] bm_table_add_entry
[06:04:56.434] [bmv2] [E] [thread 247280] Error when trying to add entry to table 'MyIngress.ipv4_lpm': DUPLICATE_ENTRY
[06:04:56.435] [bmv2] [T] [thread 247280] bm_table_add_entry
[06:04:56.435] [bmv2] [E] [thread 247280] Error when trying to add entry to table 'MyIngress.ipv4_lpm': DUPLICATE_ENTRY
[06:04:56.435] [bmv2] [T] [thread 247280] bm_table_add_entry
[06:04:56.436] [bmv2] [E] [thread 247280] Error when trying to add entry to table 'MyIngress.ipv4_lpm': DUPLICATE_ENTRY
[06:04:56.436] [bmv2] [T] [thread 247280] bm_table_add_entry
[06:04:56.436] [bmv2] [E] [thread 247280] Error when trying to add entry to table 'MyIngress.ipv4_lpm': DUPLICATE_ENTRY
[06:04:56.437] [bmv2] [T] [thread 247280] bm_table_add_entry
[06:04:56.437] [bmv2] [D] [thread 247280] Entry 66 added to table 'MyIngress.ipv4_lpm'
[06:04:56.437] [bmv2] [D] [thread 247280] Dumping entry 66
Match key:
* hdr.ipv4.dstAddr              : LPM       0a000a1c/32
* standard_metadata.ingress_port: EXACT     0001
Action entry: MyIngress.ipv4_forward - a000a1c,4,

[06:04:56.438] [bmv2] [T] [thread 247280] bm_table_add_entry
[06:04:56.438] [bmv2] [D] [thread 247280] Entry 67 added to table 'MyIngress.ipv4_lpm'
[06:04:56.438] [bmv2] [D] [thread 247280] Dumping entry 67
Match key:
* hdr.ipv4.dstAddr              : LPM       0a000a1d/32
* standard_metadata.ingress_port: EXACT     0001
Action entry: MyIngress.ipv4_forward - a000a1d,5,

[06:04:56.438] [bmv2] [T] [thread 247280] bm_table_add_entry
[06:04:56.438] [bmv2] [D] [thread 247280] Entry 68 added to table 'MyIngress.ipv4_lpm'
[06:04:56.439] [bmv2] [D] [thread 247280] Dumping entry 68
Match key:
* hdr.ipv4.dstAddr              : LPM       0a000a1e/32
* standard_metadata.ingress_port: EXACT     0001
Action entry: MyIngress.ipv4_forward - a000a1e,6,

[06:04:56.439] [bmv2] [T] [thread 247280] bm_table_add_entry
[06:04:56.439] [bmv2] [D] [thread 247280] Entry 69 added to table 'MyIngress.ipv4_lpm'
[06:04:56.439] [bmv2] [D] [thread 247280] Dumping entry 69
Match key:
* hdr.ipv4.dstAddr              : LPM       0a000b1f/32
* standard_metadata.ingress_port: EXACT     0001
Action entry: MyIngress.ipv4_forward - a000b1f,4,

[06:04:56.440] [bmv2] [T] [thread 247280] bm_table_add_entry
[06:04:56.440] [bmv2] [D] [thread 247280] Entry 70 added to table 'MyIngress.ipv4_lpm'
[06:04:56.440] [bmv2] [D] [thread 247280] Dumping entry 70
Match key:
* hdr.ipv4.dstAddr              : LPM       0a000b20/32
* standard_metadata.ingress_port: EXACT     0001
Action entry: MyIngress.ipv4_forward - a000b20,5,

[06:04:56.441] [bmv2] [T] [thread 247280] bm_table_add_entry
[06:04:56.441] [bmv2] [D] [thread 247280] Entry 71 added to table 'MyIngress.ipv4_lpm'
[06:04:56.441] [bmv2] [D] [thread 247280] Dumping entry 71
Match key:
* hdr.ipv4.dstAddr              : LPM       0a000b21/32
* standard_metadata.ingress_port: EXACT     0001
Action entry: MyIngress.ipv4_forward - a000b21,6,

[06:04:56.442] [bmv2] [T] [thread 247280] bm_table_add_entry
[06:04:56.442] [bmv2] [D] [thread 247280] Entry 72 added to table 'MyIngress.ipv4_lpm'
[06:04:56.442] [bmv2] [D] [thread 247280] Dumping entry 72
Match key:
* hdr.ipv4.dstAddr              : LPM       0a000c22/32
* standard_metadata.ingress_port: EXACT     0001
Action entry: MyIngress.ipv4_forward - a000c22,4,

[06:04:56.442] [bmv2] [T] [thread 247280] bm_table_add_entry
[06:04:56.442] [bmv2] [D] [thread 247280] Entry 73 added to table 'MyIngress.ipv4_lpm'
[06:04:56.442] [bmv2] [D] [thread 247280] Dumping entry 73
Match key:
* hdr.ipv4.dstAddr              : LPM       0a000c23/32
* standard_metadata.ingress_port: EXACT     0001
Action entry: MyIngress.ipv4_forward - a000c23,5,

[06:04:56.443] [bmv2] [T] [thread 247280] bm_table_add_entry
[06:04:56.443] [bmv2] [D] [thread 247280] Entry 74 added to table 'MyIngress.ipv4_lpm'
[06:04:56.443] [bmv2] [D] [thread 247280] Dumping entry 74
Match key:
* hdr.ipv4.dstAddr              : LPM       0a000c24/32
* standard_metadata.ingress_port: EXACT     0001
Action entry: MyIngress.ipv4_forward - a000c24,6,

[06:04:56.444] [bmv2] [T] [thread 247280] bm_table_add_entry
[06:04:56.444] [bmv2] [D] [thread 247280] Entry 75 added to table 'MyIngress.ipv4_lpm'
[06:04:56.444] [bmv2] [D] [thread 247280] Dumping entry 75
Match key:
* hdr.ipv4.dstAddr              : LPM       0a000d25/32
* standard_metadata.ingress_port: EXACT     0001
Action entry: MyIngress.ipv4_forward - a000d25,4,

[06:04:56.445] [bmv2] [T] [thread 247280] bm_table_add_entry
[06:04:56.445] [bmv2] [D] [thread 247280] Entry 76 added to table 'MyIngress.ipv4_lpm'
[06:04:56.445] [bmv2] [D] [thread 247280] Dumping entry 76
Match key:
* hdr.ipv4.dstAddr              : LPM       0a000d26/32
* standard_metadata.ingress_port: EXACT     0001
Action entry: MyIngress.ipv4_forward - a000d26,5,

[06:04:56.446] [bmv2] [T] [thread 247280] bm_table_add_entry
[06:04:56.446] [bmv2] [D] [thread 247280] Entry 77 added to table 'MyIngress.ipv4_lpm'
[06:04:56.446] [bmv2] [D] [thread 247280] Dumping entry 77
Match key:
* hdr.ipv4.dstAddr              : LPM       0a000d27/32
* standard_metadata.ingress_port: EXACT     0001
Action entry: MyIngress.ipv4_forward - a000d27,6,

[06:04:56.447] [bmv2] [T] [thread 247280] bm_table_add_entry
[06:04:56.447] [bmv2] [D] [thread 247280] Entry 78 added to table 'MyIngress.ipv4_lpm'
[06:04:56.447] [bmv2] [D] [thread 247280] Dumping entry 78
Match key:
* hdr.ipv4.dstAddr              : LPM       0a000e28/32
* standard_metadata.ingress_port: EXACT     0001
Action entry: MyIngress.ipv4_forward - a000e28,4,

[06:04:56.448] [bmv2] [T] [thread 247280] bm_table_add_entry
[06:04:56.448] [bmv2] [D] [thread 247280] Entry 79 added to table 'MyIngress.ipv4_lpm'
[06:04:56.448] [bmv2] [D] [thread 247280] Dumping entry 79
Match key:
* hdr.ipv4.dstAddr              : LPM       0a000e29/32
* standard_metadata.ingress_port: EXACT     0001
Action entry: MyIngress.ipv4_forward - a000e29,5,

[06:04:56.448] [bmv2] [T] [thread 247280] bm_table_add_entry
[06:04:56.449] [bmv2] [D] [thread 247280] Entry 80 added to table 'MyIngress.ipv4_lpm'
[06:04:56.449] [bmv2] [D] [thread 247280] Dumping entry 80
Match key:
* hdr.ipv4.dstAddr              : LPM       0a000e2a/32
* standard_metadata.ingress_port: EXACT     0001
Action entry: MyIngress.ipv4_forward - a000e2a,6,

[06:04:56.450] [bmv2] [T] [thread 247280] bm_table_add_entry
[06:04:56.450] [bmv2] [D] [thread 247280] Entry 81 added to table 'MyIngress.ipv4_lpm'
[06:04:56.450] [bmv2] [D] [thread 247280] Dumping entry 81
Match key:
* hdr.ipv4.dstAddr              : LPM       0a000f2b/32
* standard_metadata.ingress_port: EXACT     0001
Action entry: MyIngress.ipv4_forward - a000f2b,4,

[06:04:56.450] [bmv2] [T] [thread 247280] bm_table_add_entry
[06:04:56.450] [bmv2] [D] [thread 247280] Entry 82 added to table 'MyIngress.ipv4_lpm'
[06:04:56.450] [bmv2] [D] [thread 247280] Dumping entry 82
Match key:
* hdr.ipv4.dstAddr              : LPM       0a000f2c/32
* standard_metadata.ingress_port: EXACT     0001
Action entry: MyIngress.ipv4_forward - a000f2c,5,

[06:04:56.451] [bmv2] [T] [thread 247280] bm_table_add_entry
[06:04:56.451] [bmv2] [D] [thread 247280] Entry 83 added to table 'MyIngress.ipv4_lpm'
[06:04:56.451] [bmv2] [D] [thread 247280] Dumping entry 83
Match key:
* hdr.ipv4.dstAddr              : LPM       0a000f2d/32
* standard_metadata.ingress_port: EXACT     0001
Action entry: MyIngress.ipv4_forward - a000f2d,6,

[06:04:56.452] [bmv2] [T] [thread 247280] bm_table_add_entry
[06:04:56.452] [bmv2] [D] [thread 247280] Entry 84 added to table 'MyIngress.ipv4_lpm'
[06:04:56.452] [bmv2] [D] [thread 247280] Dumping entry 84
Match key:
* hdr.ipv4.dstAddr              : LPM       0a00102e/32
* standard_metadata.ingress_port: EXACT     0001
Action entry: MyIngress.ipv4_forward - a00102e,4,

[06:04:56.453] [bmv2] [T] [thread 247280] bm_table_add_entry
[06:04:56.453] [bmv2] [D] [thread 247280] Entry 85 added to table 'MyIngress.ipv4_lpm'
[06:04:56.453] [bmv2] [D] [thread 247280] Dumping entry 85
Match key:
* hdr.ipv4.dstAddr              : LPM       0a00102f/32
* standard_metadata.ingress_port: EXACT     0001
Action entry: MyIngress.ipv4_forward - a00102f,5,

[06:04:56.453] [bmv2] [T] [thread 247280] bm_table_add_entry
[06:04:56.454] [bmv2] [D] [thread 247280] Entry 86 added to table 'MyIngress.ipv4_lpm'
[06:04:56.454] [bmv2] [D] [thread 247280] Dumping entry 86
Match key:
* hdr.ipv4.dstAddr              : LPM       0a001030/32
* standard_metadata.ingress_port: EXACT     0001
Action entry: MyIngress.ipv4_forward - a001030,6,

[06:04:56.454] [bmv2] [T] [thread 247280] bm_table_add_entry
[06:04:56.454] [bmv2] [D] [thread 247280] Entry 87 added to table 'MyIngress.ipv4_lpm'
[06:04:56.454] [bmv2] [D] [thread 247280] Dumping entry 87
Match key:
* hdr.ipv4.dstAddr              : LPM       0a001131/32
* standard_metadata.ingress_port: EXACT     0001
Action entry: MyIngress.ipv4_forward - a001131,4,

[06:04:56.455] [bmv2] [T] [thread 247280] bm_table_add_entry
[06:04:56.455] [bmv2] [D] [thread 247280] Entry 88 added to table 'MyIngress.ipv4_lpm'
[06:04:56.455] [bmv2] [D] [thread 247280] Dumping entry 88
Match key:
* hdr.ipv4.dstAddr              : LPM       0a001132/32
* standard_metadata.ingress_port: EXACT     0001
Action entry: MyIngress.ipv4_forward - a001132,5,

[06:04:56.456] [bmv2] [T] [thread 247280] bm_table_add_entry
[06:04:56.456] [bmv2] [D] [thread 247280] Entry 89 added to table 'MyIngress.ipv4_lpm'
[06:04:56.456] [bmv2] [D] [thread 247280] Dumping entry 89
Match key:
* hdr.ipv4.dstAddr              : LPM       0a001133/32
* standard_metadata.ingress_port: EXACT     0001
Action entry: MyIngress.ipv4_forward - a001133,6,

[06:04:56.456] [bmv2] [T] [thread 247280] bm_table_add_entry
[06:04:56.457] [bmv2] [D] [thread 247280] Entry 90 added to table 'MyIngress.ipv4_lpm'
[06:04:56.457] [bmv2] [D] [thread 247280] Dumping entry 90
Match key:
* hdr.ipv4.dstAddr              : LPM       0a001234/32
* standard_metadata.ingress_port: EXACT     0001
Action entry: MyIngress.ipv4_forward - a001234,4,

[06:04:56.457] [bmv2] [T] [thread 247280] bm_table_add_entry
[06:04:56.457] [bmv2] [D] [thread 247280] Entry 91 added to table 'MyIngress.ipv4_lpm'
[06:04:56.457] [bmv2] [D] [thread 247280] Dumping entry 91
Match key:
* hdr.ipv4.dstAddr              : LPM       0a001235/32
* standard_metadata.ingress_port: EXACT     0001
Action entry: MyIngress.ipv4_forward - a001235,5,

[06:04:56.458] [bmv2] [T] [thread 247280] bm_table_add_entry
[06:04:56.458] [bmv2] [D] [thread 247280] Entry 92 added to table 'MyIngress.ipv4_lpm'
[06:04:56.458] [bmv2] [D] [thread 247280] Dumping entry 92
Match key:
* hdr.ipv4.dstAddr              : LPM       0a001236/32
* standard_metadata.ingress_port: EXACT     0001
Action entry: MyIngress.ipv4_forward - a001236,6,

[06:04:56.459] [bmv2] [T] [thread 247280] bm_table_add_entry
[06:04:56.459] [bmv2] [D] [thread 247280] Entry 93 added to table 'MyIngress.ipv4_lpm'
[06:04:56.459] [bmv2] [D] [thread 247280] Dumping entry 93
Match key:
* hdr.ipv4.dstAddr              : LPM       0a000101/32
* standard_metadata.ingress_port: EXACT     0002
Action entry: MyIngress.ipv4_forward - a000101,4,

[06:04:56.459] [bmv2] [T] [thread 247280] bm_table_add_entry
[06:04:56.460] [bmv2] [D] [thread 247280] Entry 94 added to table 'MyIngress.ipv4_lpm'
[06:04:56.460] [bmv2] [D] [thread 247280] Dumping entry 94
Match key:
* hdr.ipv4.dstAddr              : LPM       0a000102/32
* standard_metadata.ingress_port: EXACT     0002
Action entry: MyIngress.ipv4_forward - a000102,5,

[06:04:56.460] [bmv2] [T] [thread 247280] bm_table_add_entry
[06:04:56.460] [bmv2] [D] [thread 247280] Entry 95 added to table 'MyIngress.ipv4_lpm'
[06:04:56.460] [bmv2] [D] [thread 247280] Dumping entry 95
Match key:
* hdr.ipv4.dstAddr              : LPM       0a000103/32
* standard_metadata.ingress_port: EXACT     0002
Action entry: MyIngress.ipv4_forward - a000103,6,

[06:04:56.461] [bmv2] [T] [thread 247280] bm_table_add_entry
[06:04:56.461] [bmv2] [D] [thread 247280] Entry 96 added to table 'MyIngress.ipv4_lpm'
[06:04:56.461] [bmv2] [D] [thread 247280] Dumping entry 96
Match key:
* hdr.ipv4.dstAddr              : LPM       0a000204/32
* standard_metadata.ingress_port: EXACT     0002
Action entry: MyIngress.ipv4_forward - a000204,4,

[06:04:56.462] [bmv2] [T] [thread 247280] bm_table_add_entry
[06:04:56.462] [bmv2] [D] [thread 247280] Entry 97 added to table 'MyIngress.ipv4_lpm'
[06:04:56.462] [bmv2] [D] [thread 247280] Dumping entry 97
Match key:
* hdr.ipv4.dstAddr              : LPM       0a000205/32
* standard_metadata.ingress_port: EXACT     0002
Action entry: MyIngress.ipv4_forward - a000205,5,

[06:04:56.462] [bmv2] [T] [thread 247280] bm_table_add_entry
[06:04:56.463] [bmv2] [D] [thread 247280] Entry 98 added to table 'MyIngress.ipv4_lpm'
[06:04:56.463] [bmv2] [D] [thread 247280] Dumping entry 98
Match key:
* hdr.ipv4.dstAddr              : LPM       0a000206/32
* standard_metadata.ingress_port: EXACT     0002
Action entry: MyIngress.ipv4_forward - a000206,6,

[06:04:56.463] [bmv2] [T] [thread 247280] bm_table_add_entry
[06:04:56.463] [bmv2] [D] [thread 247280] Entry 99 added to table 'MyIngress.ipv4_lpm'
[06:04:56.463] [bmv2] [D] [thread 247280] Dumping entry 99
Match key:
* hdr.ipv4.dstAddr              : LPM       0a000307/32
* standard_metadata.ingress_port: EXACT     0002
Action entry: MyIngress.ipv4_forward - a000307,4,

[06:04:56.464] [bmv2] [T] [thread 247280] bm_table_add_entry
[06:04:56.464] [bmv2] [D] [thread 247280] Entry 100 added to table 'MyIngress.ipv4_lpm'
[06:04:56.464] [bmv2] [D] [thread 247280] Dumping entry 100
Match key:
* hdr.ipv4.dstAddr              : LPM       0a000308/32
* standard_metadata.ingress_port: EXACT     0002
Action entry: MyIngress.ipv4_forward - a000308,5,

[06:04:56.465] [bmv2] [T] [thread 247280] bm_table_add_entry
[06:04:56.465] [bmv2] [D] [thread 247280] Entry 101 added to table 'MyIngress.ipv4_lpm'
[06:04:56.465] [bmv2] [D] [thread 247280] Dumping entry 101
Match key:
* hdr.ipv4.dstAddr              : LPM       0a000309/32
* standard_metadata.ingress_port: EXACT     0002
Action entry: MyIngress.ipv4_forward - a000309,6,

[06:04:56.466] [bmv2] [T] [thread 247280] bm_table_add_entry
[06:04:56.466] [bmv2] [D] [thread 247280] Entry 102 added to table 'MyIngress.ipv4_lpm'
[06:04:56.466] [bmv2] [D] [thread 247280] Dumping entry 102
Match key:
* hdr.ipv4.dstAddr              : LPM       0a00040a/32
* standard_metadata.ingress_port: EXACT     0002
Action entry: MyIngress.ipv4_forward - a00040a,4,

[06:04:56.466] [bmv2] [T] [thread 247280] bm_table_add_entry
[06:04:56.466] [bmv2] [D] [thread 247280] Entry 103 added to table 'MyIngress.ipv4_lpm'
[06:04:56.466] [bmv2] [D] [thread 247280] Dumping entry 103
Match key:
* hdr.ipv4.dstAddr              : LPM       0a00040b/32
* standard_metadata.ingress_port: EXACT     0002
Action entry: MyIngress.ipv4_forward - a00040b,5,

[06:04:56.467] [bmv2] [T] [thread 247280] bm_table_add_entry
[06:04:56.467] [bmv2] [D] [thread 247280] Entry 104 added to table 'MyIngress.ipv4_lpm'
[06:04:56.467] [bmv2] [D] [thread 247280] Dumping entry 104
Match key:
* hdr.ipv4.dstAddr              : LPM       0a00040c/32
* standard_metadata.ingress_port: EXACT     0002
Action entry: MyIngress.ipv4_forward - a00040c,6,

[06:04:56.468] [bmv2] [T] [thread 247280] bm_table_add_entry
[06:04:56.468] [bmv2] [D] [thread 247280] Entry 105 added to table 'MyIngress.ipv4_lpm'
[06:04:56.468] [bmv2] [D] [thread 247280] Dumping entry 105
Match key:
* hdr.ipv4.dstAddr              : LPM       0a00050d/32
* standard_metadata.ingress_port: EXACT     0002
Action entry: MyIngress.ipv4_forward - a00050d,4,

[06:04:56.468] [bmv2] [T] [thread 247280] bm_table_add_entry
[06:04:56.469] [bmv2] [D] [thread 247280] Entry 106 added to table 'MyIngress.ipv4_lpm'
[06:04:56.469] [bmv2] [D] [thread 247280] Dumping entry 106
Match key:
* hdr.ipv4.dstAddr              : LPM       0a00050e/32
* standard_metadata.ingress_port: EXACT     0002
Action entry: MyIngress.ipv4_forward - a00050e,5,

[06:04:56.469] [bmv2] [T] [thread 247280] bm_table_add_entry
[06:04:56.469] [bmv2] [D] [thread 247280] Entry 107 added to table 'MyIngress.ipv4_lpm'
[06:04:56.469] [bmv2] [D] [thread 247280] Dumping entry 107
Match key:
* hdr.ipv4.dstAddr              : LPM       0a00050f/32
* standard_metadata.ingress_port: EXACT     0002
Action entry: MyIngress.ipv4_forward - a00050f,6,

[06:04:56.470] [bmv2] [T] [thread 247280] bm_table_add_entry
[06:04:56.470] [bmv2] [D] [thread 247280] Entry 108 added to table 'MyIngress.ipv4_lpm'
[06:04:56.470] [bmv2] [D] [thread 247280] Dumping entry 108
Match key:
* hdr.ipv4.dstAddr              : LPM       0a000610/32
* standard_metadata.ingress_port: EXACT     0002
Action entry: MyIngress.ipv4_forward - a000610,4,

[06:04:56.470] [bmv2] [T] [thread 247280] bm_table_add_entry
[06:04:56.471] [bmv2] [D] [thread 247280] Entry 109 added to table 'MyIngress.ipv4_lpm'
[06:04:56.471] [bmv2] [D] [thread 247280] Dumping entry 109
Match key:
* hdr.ipv4.dstAddr              : LPM       0a000611/32
* standard_metadata.ingress_port: EXACT     0002
Action entry: MyIngress.ipv4_forward - a000611,5,

[06:04:56.471] [bmv2] [T] [thread 247280] bm_table_add_entry
[06:04:56.471] [bmv2] [D] [thread 247280] Entry 110 added to table 'MyIngress.ipv4_lpm'
[06:04:56.471] [bmv2] [D] [thread 247280] Dumping entry 110
Match key:
* hdr.ipv4.dstAddr              : LPM       0a000612/32
* standard_metadata.ingress_port: EXACT     0002
Action entry: MyIngress.ipv4_forward - a000612,6,

[06:04:56.472] [bmv2] [T] [thread 247280] bm_table_add_entry
[06:04:56.472] [bmv2] [E] [thread 247280] Error when trying to add entry to table 'MyIngress.ipv4_lpm': DUPLICATE_ENTRY
[06:04:56.473] [bmv2] [T] [thread 247280] bm_table_add_entry
[06:04:56.473] [bmv2] [E] [thread 247280] Error when trying to add entry to table 'MyIngress.ipv4_lpm': DUPLICATE_ENTRY
[06:04:56.473] [bmv2] [T] [thread 247280] bm_table_add_entry
[06:04:56.474] [bmv2] [E] [thread 247280] Error when trying to add entry to table 'MyIngress.ipv4_lpm': DUPLICATE_ENTRY
[06:04:56.474] [bmv2] [T] [thread 247280] bm_table_add_entry
[06:04:56.474] [bmv2] [D] [thread 247280] Entry 111 added to table 'MyIngress.ipv4_lpm'
[06:04:56.474] [bmv2] [D] [thread 247280] Dumping entry 111
Match key:
* hdr.ipv4.dstAddr              : LPM       0a000816/32
* standard_metadata.ingress_port: EXACT     0002
Action entry: MyIngress.ipv4_forward - a000816,2,

[06:04:56.475] [bmv2] [T] [thread 247280] bm_table_add_entry
[06:04:56.475] [bmv2] [D] [thread 247280] Entry 112 added to table 'MyIngress.ipv4_lpm'
[06:04:56.475] [bmv2] [D] [thread 247280] Dumping entry 112
Match key:
* hdr.ipv4.dstAddr              : LPM       0a000817/32
* standard_metadata.ingress_port: EXACT     0002
Action entry: MyIngress.ipv4_forward - a000817,2,

[06:04:56.476] [bmv2] [T] [thread 247280] bm_table_add_entry
[06:04:56.476] [bmv2] [D] [thread 247280] Entry 113 added to table 'MyIngress.ipv4_lpm'
[06:04:56.476] [bmv2] [D] [thread 247280] Dumping entry 113
Match key:
* hdr.ipv4.dstAddr              : LPM       0a000818/32
* standard_metadata.ingress_port: EXACT     0002
Action entry: MyIngress.ipv4_forward - a000818,2,

[06:04:56.477] [bmv2] [T] [thread 247280] bm_table_add_entry
[06:04:56.477] [bmv2] [E] [thread 247280] Error when trying to add entry to table 'MyIngress.ipv4_lpm': DUPLICATE_ENTRY
[06:04:56.477] [bmv2] [T] [thread 247280] bm_table_add_entry
[06:04:56.478] [bmv2] [E] [thread 247280] Error when trying to add entry to table 'MyIngress.ipv4_lpm': DUPLICATE_ENTRY
[06:04:56.478] [bmv2] [T] [thread 247280] bm_table_add_entry
[06:04:56.478] [bmv2] [E] [thread 247280] Error when trying to add entry to table 'MyIngress.ipv4_lpm': DUPLICATE_ENTRY
[06:04:56.479] [bmv2] [T] [thread 247280] bm_table_add_entry
[06:04:56.479] [bmv2] [D] [thread 247280] Entry 114 added to table 'MyIngress.ipv4_lpm'
[06:04:56.479] [bmv2] [D] [thread 247280] Dumping entry 114
Match key:
* hdr.ipv4.dstAddr              : LPM       0a000a1c/32
* standard_metadata.ingress_port: EXACT     0002
Action entry: MyIngress.ipv4_forward - a000a1c,4,

[06:04:56.479] [bmv2] [T] [thread 247280] bm_table_add_entry
[06:04:56.480] [bmv2] [D] [thread 247280] Entry 115 added to table 'MyIngress.ipv4_lpm'
[06:04:56.480] [bmv2] [D] [thread 247280] Dumping entry 115
Match key:
* hdr.ipv4.dstAddr              : LPM       0a000a1d/32
* standard_metadata.ingress_port: EXACT     0002
Action entry: MyIngress.ipv4_forward - a000a1d,5,

[06:04:56.480] [bmv2] [T] [thread 247280] bm_table_add_entry
[06:04:56.480] [bmv2] [D] [thread 247280] Entry 116 added to table 'MyIngress.ipv4_lpm'
[06:04:56.481] [bmv2] [D] [thread 247280] Dumping entry 116
Match key:
* hdr.ipv4.dstAddr              : LPM       0a000a1e/32
* standard_metadata.ingress_port: EXACT     0002
Action entry: MyIngress.ipv4_forward - a000a1e,6,

[06:04:56.481] [bmv2] [T] [thread 247280] bm_table_add_entry
[06:04:56.481] [bmv2] [D] [thread 247280] Entry 117 added to table 'MyIngress.ipv4_lpm'
[06:04:56.481] [bmv2] [D] [thread 247280] Dumping entry 117
Match key:
* hdr.ipv4.dstAddr              : LPM       0a000b1f/32
* standard_metadata.ingress_port: EXACT     0002
Action entry: MyIngress.ipv4_forward - a000b1f,4,

[06:04:56.482] [bmv2] [T] [thread 247280] bm_table_add_entry
[06:04:56.482] [bmv2] [D] [thread 247280] Entry 118 added to table 'MyIngress.ipv4_lpm'
[06:04:56.482] [bmv2] [D] [thread 247280] Dumping entry 118
Match key:
* hdr.ipv4.dstAddr              : LPM       0a000b20/32
* standard_metadata.ingress_port: EXACT     0002
Action entry: MyIngress.ipv4_forward - a000b20,5,

[06:04:56.483] [bmv2] [T] [thread 247280] bm_table_add_entry
[06:04:56.483] [bmv2] [D] [thread 247280] Entry 119 added to table 'MyIngress.ipv4_lpm'
[06:04:56.483] [bmv2] [D] [thread 247280] Dumping entry 119
Match key:
* hdr.ipv4.dstAddr              : LPM       0a000b21/32
* standard_metadata.ingress_port: EXACT     0002
Action entry: MyIngress.ipv4_forward - a000b21,6,

[06:04:56.483] [bmv2] [T] [thread 247280] bm_table_add_entry
[06:04:56.483] [bmv2] [D] [thread 247280] Entry 120 added to table 'MyIngress.ipv4_lpm'
[06:04:56.483] [bmv2] [D] [thread 247280] Dumping entry 120
Match key:
* hdr.ipv4.dstAddr              : LPM       0a000c22/32
* standard_metadata.ingress_port: EXACT     0002
Action entry: MyIngress.ipv4_forward - a000c22,4,

[06:04:56.484] [bmv2] [T] [thread 247280] bm_table_add_entry
[06:04:56.484] [bmv2] [D] [thread 247280] Entry 121 added to table 'MyIngress.ipv4_lpm'
[06:04:56.484] [bmv2] [D] [thread 247280] Dumping entry 121
Match key:
* hdr.ipv4.dstAddr              : LPM       0a000c23/32
* standard_metadata.ingress_port: EXACT     0002
Action entry: MyIngress.ipv4_forward - a000c23,5,

[06:04:56.485] [bmv2] [T] [thread 247280] bm_table_add_entry
[06:04:56.485] [bmv2] [D] [thread 247280] Entry 122 added to table 'MyIngress.ipv4_lpm'
[06:04:56.485] [bmv2] [D] [thread 247280] Dumping entry 122
Match key:
* hdr.ipv4.dstAddr              : LPM       0a000c24/32
* standard_metadata.ingress_port: EXACT     0002
Action entry: MyIngress.ipv4_forward - a000c24,6,

[06:04:56.485] [bmv2] [T] [thread 247280] bm_table_add_entry
[06:04:56.485] [bmv2] [D] [thread 247280] Entry 123 added to table 'MyIngress.ipv4_lpm'
[06:04:56.486] [bmv2] [D] [thread 247280] Dumping entry 123
Match key:
* hdr.ipv4.dstAddr              : LPM       0a000d25/32
* standard_metadata.ingress_port: EXACT     0002
Action entry: MyIngress.ipv4_forward - a000d25,4,

[06:04:56.486] [bmv2] [T] [thread 247280] bm_table_add_entry
[06:04:56.486] [bmv2] [D] [thread 247280] Entry 124 added to table 'MyIngress.ipv4_lpm'
[06:04:56.486] [bmv2] [D] [thread 247280] Dumping entry 124
Match key:
* hdr.ipv4.dstAddr              : LPM       0a000d26/32
* standard_metadata.ingress_port: EXACT     0002
Action entry: MyIngress.ipv4_forward - a000d26,5,

[06:04:56.487] [bmv2] [T] [thread 247280] bm_table_add_entry
[06:04:56.487] [bmv2] [D] [thread 247280] Entry 125 added to table 'MyIngress.ipv4_lpm'
[06:04:56.487] [bmv2] [D] [thread 247280] Dumping entry 125
Match key:
* hdr.ipv4.dstAddr              : LPM       0a000d27/32
* standard_metadata.ingress_port: EXACT     0002
Action entry: MyIngress.ipv4_forward - a000d27,6,

[06:04:56.488] [bmv2] [T] [thread 247280] bm_table_add_entry
[06:04:56.488] [bmv2] [D] [thread 247280] Entry 126 added to table 'MyIngress.ipv4_lpm'
[06:04:56.488] [bmv2] [D] [thread 247280] Dumping entry 126
Match key:
* hdr.ipv4.dstAddr              : LPM       0a000e28/32
* standard_metadata.ingress_port: EXACT     0002
Action entry: MyIngress.ipv4_forward - a000e28,4,

[06:04:56.489] [bmv2] [T] [thread 247280] bm_table_add_entry
[06:04:56.489] [bmv2] [D] [thread 247280] Entry 127 added to table 'MyIngress.ipv4_lpm'
[06:04:56.489] [bmv2] [D] [thread 247280] Dumping entry 127
Match key:
* hdr.ipv4.dstAddr              : LPM       0a000e29/32
* standard_metadata.ingress_port: EXACT     0002
Action entry: MyIngress.ipv4_forward - a000e29,5,

[06:04:56.489] [bmv2] [T] [thread 247280] bm_table_add_entry
[06:04:56.490] [bmv2] [D] [thread 247280] Entry 128 added to table 'MyIngress.ipv4_lpm'
[06:04:56.490] [bmv2] [D] [thread 247280] Dumping entry 128
Match key:
* hdr.ipv4.dstAddr              : LPM       0a000e2a/32
* standard_metadata.ingress_port: EXACT     0002
Action entry: MyIngress.ipv4_forward - a000e2a,6,

[06:04:56.490] [bmv2] [T] [thread 247280] bm_table_add_entry
[06:04:56.490] [bmv2] [D] [thread 247280] Entry 129 added to table 'MyIngress.ipv4_lpm'
[06:04:56.490] [bmv2] [D] [thread 247280] Dumping entry 129
Match key:
* hdr.ipv4.dstAddr              : LPM       0a000f2b/32
* standard_metadata.ingress_port: EXACT     0002
Action entry: MyIngress.ipv4_forward - a000f2b,4,

[06:04:56.491] [bmv2] [T] [thread 247280] bm_table_add_entry
[06:04:56.491] [bmv2] [D] [thread 247280] Entry 130 added to table 'MyIngress.ipv4_lpm'
[06:04:56.491] [bmv2] [D] [thread 247280] Dumping entry 130
Match key:
* hdr.ipv4.dstAddr              : LPM       0a000f2c/32
* standard_metadata.ingress_port: EXACT     0002
Action entry: MyIngress.ipv4_forward - a000f2c,5,

[06:04:56.492] [bmv2] [T] [thread 247280] bm_table_add_entry
[06:04:56.492] [bmv2] [D] [thread 247280] Entry 131 added to table 'MyIngress.ipv4_lpm'
[06:04:56.492] [bmv2] [D] [thread 247280] Dumping entry 131
Match key:
* hdr.ipv4.dstAddr              : LPM       0a000f2d/32
* standard_metadata.ingress_port: EXACT     0002
Action entry: MyIngress.ipv4_forward - a000f2d,6,

[06:04:56.492] [bmv2] [T] [thread 247280] bm_table_add_entry
[06:04:56.492] [bmv2] [D] [thread 247280] Entry 132 added to table 'MyIngress.ipv4_lpm'
[06:04:56.493] [bmv2] [D] [thread 247280] Dumping entry 132
Match key:
* hdr.ipv4.dstAddr              : LPM       0a00102e/32
* standard_metadata.ingress_port: EXACT     0002
Action entry: MyIngress.ipv4_forward - a00102e,4,

[06:04:56.493] [bmv2] [T] [thread 247280] bm_table_add_entry
[06:04:56.493] [bmv2] [D] [thread 247280] Entry 133 added to table 'MyIngress.ipv4_lpm'
[06:04:56.493] [bmv2] [D] [thread 247280] Dumping entry 133
Match key:
* hdr.ipv4.dstAddr              : LPM       0a00102f/32
* standard_metadata.ingress_port: EXACT     0002
Action entry: MyIngress.ipv4_forward - a00102f,5,

[06:04:56.494] [bmv2] [T] [thread 247280] bm_table_add_entry
[06:04:56.494] [bmv2] [D] [thread 247280] Entry 134 added to table 'MyIngress.ipv4_lpm'
[06:04:56.494] [bmv2] [D] [thread 247280] Dumping entry 134
Match key:
* hdr.ipv4.dstAddr              : LPM       0a001030/32
* standard_metadata.ingress_port: EXACT     0002
Action entry: MyIngress.ipv4_forward - a001030,6,

[06:04:56.495] [bmv2] [T] [thread 247280] bm_table_add_entry
[06:04:56.495] [bmv2] [D] [thread 247280] Entry 135 added to table 'MyIngress.ipv4_lpm'
[06:04:56.495] [bmv2] [D] [thread 247280] Dumping entry 135
Match key:
* hdr.ipv4.dstAddr              : LPM       0a001131/32
* standard_metadata.ingress_port: EXACT     0002
Action entry: MyIngress.ipv4_forward - a001131,4,

[06:04:56.496] [bmv2] [T] [thread 247280] bm_table_add_entry
[06:04:56.496] [bmv2] [D] [thread 247280] Entry 136 added to table 'MyIngress.ipv4_lpm'
[06:04:56.496] [bmv2] [D] [thread 247280] Dumping entry 136
Match key:
* hdr.ipv4.dstAddr              : LPM       0a001132/32
* standard_metadata.ingress_port: EXACT     0002
Action entry: MyIngress.ipv4_forward - a001132,5,

[06:04:56.496] [bmv2] [T] [thread 247280] bm_table_add_entry
[06:04:56.497] [bmv2] [D] [thread 247280] Entry 137 added to table 'MyIngress.ipv4_lpm'
[06:04:56.497] [bmv2] [D] [thread 247280] Dumping entry 137
Match key:
* hdr.ipv4.dstAddr              : LPM       0a001133/32
* standard_metadata.ingress_port: EXACT     0002
Action entry: MyIngress.ipv4_forward - a001133,6,

[06:04:56.497] [bmv2] [T] [thread 247280] bm_table_add_entry
[06:04:56.498] [bmv2] [D] [thread 247280] Entry 138 added to table 'MyIngress.ipv4_lpm'
[06:04:56.498] [bmv2] [D] [thread 247280] Dumping entry 138
Match key:
* hdr.ipv4.dstAddr              : LPM       0a001234/32
* standard_metadata.ingress_port: EXACT     0002
Action entry: MyIngress.ipv4_forward - a001234,4,

[06:04:56.498] [bmv2] [T] [thread 247280] bm_table_add_entry
[06:04:56.499] [bmv2] [D] [thread 247280] Entry 139 added to table 'MyIngress.ipv4_lpm'
[06:04:56.499] [bmv2] [D] [thread 247280] Dumping entry 139
Match key:
* hdr.ipv4.dstAddr              : LPM       0a001235/32
* standard_metadata.ingress_port: EXACT     0002
Action entry: MyIngress.ipv4_forward - a001235,5,

[06:04:56.499] [bmv2] [T] [thread 247280] bm_table_add_entry
[06:04:56.499] [bmv2] [D] [thread 247280] Entry 140 added to table 'MyIngress.ipv4_lpm'
[06:04:56.499] [bmv2] [D] [thread 247280] Dumping entry 140
Match key:
* hdr.ipv4.dstAddr              : LPM       0a001236/32
* standard_metadata.ingress_port: EXACT     0002
Action entry: MyIngress.ipv4_forward - a001236,6,

[06:04:56.500] [bmv2] [T] [thread 247280] bm_table_add_entry
[06:04:56.500] [bmv2] [D] [thread 247280] Entry 141 added to table 'MyIngress.ipv4_lpm'
[06:04:56.500] [bmv2] [D] [thread 247280] Dumping entry 141
Match key:
* hdr.ipv4.dstAddr              : LPM       0a000101/32
* standard_metadata.ingress_port: EXACT     0003
Action entry: MyIngress.ipv4_forward - a000101,4,

[06:04:56.501] [bmv2] [T] [thread 247280] bm_table_add_entry
[06:04:56.501] [bmv2] [D] [thread 247280] Entry 142 added to table 'MyIngress.ipv4_lpm'
[06:04:56.501] [bmv2] [D] [thread 247280] Dumping entry 142
Match key:
* hdr.ipv4.dstAddr              : LPM       0a000102/32
* standard_metadata.ingress_port: EXACT     0003
Action entry: MyIngress.ipv4_forward - a000102,5,

[06:04:56.502] [bmv2] [T] [thread 247280] bm_table_add_entry
[06:04:56.502] [bmv2] [D] [thread 247280] Entry 143 added to table 'MyIngress.ipv4_lpm'
[06:04:56.502] [bmv2] [D] [thread 247280] Dumping entry 143
Match key:
* hdr.ipv4.dstAddr              : LPM       0a000103/32
* standard_metadata.ingress_port: EXACT     0003
Action entry: MyIngress.ipv4_forward - a000103,6,

[06:04:56.503] [bmv2] [T] [thread 247280] bm_table_add_entry
[06:04:56.503] [bmv2] [D] [thread 247280] Entry 144 added to table 'MyIngress.ipv4_lpm'
[06:04:56.503] [bmv2] [D] [thread 247280] Dumping entry 144
Match key:
* hdr.ipv4.dstAddr              : LPM       0a000204/32
* standard_metadata.ingress_port: EXACT     0003
Action entry: MyIngress.ipv4_forward - a000204,4,

[06:04:56.503] [bmv2] [T] [thread 247280] bm_table_add_entry
[06:04:56.504] [bmv2] [D] [thread 247280] Entry 145 added to table 'MyIngress.ipv4_lpm'
[06:04:56.504] [bmv2] [D] [thread 247280] Dumping entry 145
Match key:
* hdr.ipv4.dstAddr              : LPM       0a000205/32
* standard_metadata.ingress_port: EXACT     0003
Action entry: MyIngress.ipv4_forward - a000205,5,

[06:04:56.504] [bmv2] [T] [thread 247280] bm_table_add_entry
[06:04:56.504] [bmv2] [D] [thread 247280] Entry 146 added to table 'MyIngress.ipv4_lpm'
[06:04:56.504] [bmv2] [D] [thread 247280] Dumping entry 146
Match key:
* hdr.ipv4.dstAddr              : LPM       0a000206/32
* standard_metadata.ingress_port: EXACT     0003
Action entry: MyIngress.ipv4_forward - a000206,6,

[06:04:56.505] [bmv2] [T] [thread 247280] bm_table_add_entry
[06:04:56.505] [bmv2] [D] [thread 247280] Entry 147 added to table 'MyIngress.ipv4_lpm'
[06:04:56.505] [bmv2] [D] [thread 247280] Dumping entry 147
Match key:
* hdr.ipv4.dstAddr              : LPM       0a000307/32
* standard_metadata.ingress_port: EXACT     0003
Action entry: MyIngress.ipv4_forward - a000307,4,

[06:04:56.506] [bmv2] [T] [thread 247280] bm_table_add_entry
[06:04:56.506] [bmv2] [D] [thread 247280] Entry 148 added to table 'MyIngress.ipv4_lpm'
[06:04:56.506] [bmv2] [D] [thread 247280] Dumping entry 148
Match key:
* hdr.ipv4.dstAddr              : LPM       0a000308/32
* standard_metadata.ingress_port: EXACT     0003
Action entry: MyIngress.ipv4_forward - a000308,5,

[06:04:56.507] [bmv2] [T] [thread 247280] bm_table_add_entry
[06:04:56.507] [bmv2] [D] [thread 247280] Entry 149 added to table 'MyIngress.ipv4_lpm'
[06:04:56.507] [bmv2] [D] [thread 247280] Dumping entry 149
Match key:
* hdr.ipv4.dstAddr              : LPM       0a000309/32
* standard_metadata.ingress_port: EXACT     0003
Action entry: MyIngress.ipv4_forward - a000309,6,

[06:04:56.508] [bmv2] [T] [thread 247280] bm_table_add_entry
[06:04:56.508] [bmv2] [D] [thread 247280] Entry 150 added to table 'MyIngress.ipv4_lpm'
[06:04:56.508] [bmv2] [D] [thread 247280] Dumping entry 150
Match key:
* hdr.ipv4.dstAddr              : LPM       0a00040a/32
* standard_metadata.ingress_port: EXACT     0003
Action entry: MyIngress.ipv4_forward - a00040a,4,

[06:04:56.508] [bmv2] [T] [thread 247280] bm_table_add_entry
[06:04:56.509] [bmv2] [D] [thread 247280] Entry 151 added to table 'MyIngress.ipv4_lpm'
[06:04:56.509] [bmv2] [D] [thread 247280] Dumping entry 151
Match key:
* hdr.ipv4.dstAddr              : LPM       0a00040b/32
* standard_metadata.ingress_port: EXACT     0003
Action entry: MyIngress.ipv4_forward - a00040b,5,

[06:04:56.509] [bmv2] [T] [thread 247280] bm_table_add_entry
[06:04:56.509] [bmv2] [D] [thread 247280] Entry 152 added to table 'MyIngress.ipv4_lpm'
[06:04:56.509] [bmv2] [D] [thread 247280] Dumping entry 152
Match key:
* hdr.ipv4.dstAddr              : LPM       0a00040c/32
* standard_metadata.ingress_port: EXACT     0003
Action entry: MyIngress.ipv4_forward - a00040c,6,

[06:04:56.510] [bmv2] [T] [thread 247280] bm_table_add_entry
[06:04:56.510] [bmv2] [D] [thread 247280] Entry 153 added to table 'MyIngress.ipv4_lpm'
[06:04:56.510] [bmv2] [D] [thread 247280] Dumping entry 153
Match key:
* hdr.ipv4.dstAddr              : LPM       0a00050d/32
* standard_metadata.ingress_port: EXACT     0003
Action entry: MyIngress.ipv4_forward - a00050d,4,

[06:04:56.511] [bmv2] [T] [thread 247280] bm_table_add_entry
[06:04:56.511] [bmv2] [D] [thread 247280] Entry 154 added to table 'MyIngress.ipv4_lpm'
[06:04:56.511] [bmv2] [D] [thread 247280] Dumping entry 154
Match key:
* hdr.ipv4.dstAddr              : LPM       0a00050e/32
* standard_metadata.ingress_port: EXACT     0003
Action entry: MyIngress.ipv4_forward - a00050e,5,

[06:04:56.511] [bmv2] [T] [thread 247280] bm_table_add_entry
[06:04:56.512] [bmv2] [D] [thread 247280] Entry 155 added to table 'MyIngress.ipv4_lpm'
[06:04:56.512] [bmv2] [D] [thread 247280] Dumping entry 155
Match key:
* hdr.ipv4.dstAddr              : LPM       0a00050f/32
* standard_metadata.ingress_port: EXACT     0003
Action entry: MyIngress.ipv4_forward - a00050f,6,

[06:04:56.512] [bmv2] [T] [thread 247280] bm_table_add_entry
[06:04:56.513] [bmv2] [D] [thread 247280] Entry 156 added to table 'MyIngress.ipv4_lpm'
[06:04:56.513] [bmv2] [D] [thread 247280] Dumping entry 156
Match key:
* hdr.ipv4.dstAddr              : LPM       0a000610/32
* standard_metadata.ingress_port: EXACT     0003
Action entry: MyIngress.ipv4_forward - a000610,4,

[06:04:56.513] [bmv2] [T] [thread 247280] bm_table_add_entry
[06:04:56.513] [bmv2] [D] [thread 247280] Entry 157 added to table 'MyIngress.ipv4_lpm'
[06:04:56.513] [bmv2] [D] [thread 247280] Dumping entry 157
Match key:
* hdr.ipv4.dstAddr              : LPM       0a000611/32
* standard_metadata.ingress_port: EXACT     0003
Action entry: MyIngress.ipv4_forward - a000611,5,

[06:04:56.514] [bmv2] [T] [thread 247280] bm_table_add_entry
[06:04:56.514] [bmv2] [D] [thread 247280] Entry 158 added to table 'MyIngress.ipv4_lpm'
[06:04:56.514] [bmv2] [D] [thread 247280] Dumping entry 158
Match key:
* hdr.ipv4.dstAddr              : LPM       0a000612/32
* standard_metadata.ingress_port: EXACT     0003
Action entry: MyIngress.ipv4_forward - a000612,6,

[06:04:56.515] [bmv2] [T] [thread 247280] bm_table_add_entry
[06:04:56.515] [bmv2] [E] [thread 247280] Error when trying to add entry to table 'MyIngress.ipv4_lpm': DUPLICATE_ENTRY
[06:04:56.516] [bmv2] [T] [thread 247280] bm_table_add_entry
[06:04:56.516] [bmv2] [E] [thread 247280] Error when trying to add entry to table 'MyIngress.ipv4_lpm': DUPLICATE_ENTRY
[06:04:56.517] [bmv2] [T] [thread 247280] bm_table_add_entry
[06:04:56.517] [bmv2] [E] [thread 247280] Error when trying to add entry to table 'MyIngress.ipv4_lpm': DUPLICATE_ENTRY
[06:04:56.518] [bmv2] [T] [thread 247280] bm_table_add_entry
[06:04:56.518] [bmv2] [E] [thread 247280] Error when trying to add entry to table 'MyIngress.ipv4_lpm': DUPLICATE_ENTRY
[06:04:56.518] [bmv2] [T] [thread 247280] bm_table_add_entry
[06:04:56.519] [bmv2] [E] [thread 247280] Error when trying to add entry to table 'MyIngress.ipv4_lpm': DUPLICATE_ENTRY
[06:04:56.519] [bmv2] [T] [thread 247280] bm_table_add_entry
[06:04:56.519] [bmv2] [E] [thread 247280] Error when trying to add entry to table 'MyIngress.ipv4_lpm': DUPLICATE_ENTRY
[06:04:56.520] [bmv2] [T] [thread 247280] bm_table_add_entry
[06:04:56.520] [bmv2] [D] [thread 247280] Entry 159 added to table 'MyIngress.ipv4_lpm'
[06:04:56.520] [bmv2] [D] [thread 247280] Dumping entry 159
Match key:
* hdr.ipv4.dstAddr              : LPM       0a000919/32
* standard_metadata.ingress_port: EXACT     0003
Action entry: MyIngress.ipv4_forward - a000919,3,

[06:04:56.521] [bmv2] [T] [thread 247280] bm_table_add_entry
[06:04:56.521] [bmv2] [D] [thread 247280] Entry 160 added to table 'MyIngress.ipv4_lpm'
[06:04:56.521] [bmv2] [D] [thread 247280] Dumping entry 160
Match key:
* hdr.ipv4.dstAddr              : LPM       0a00091a/32
* standard_metadata.ingress_port: EXACT     0003
Action entry: MyIngress.ipv4_forward - a00091a,3,

[06:04:56.521] [bmv2] [T] [thread 247280] bm_table_add_entry
[06:04:56.522] [bmv2] [D] [thread 247280] Entry 161 added to table 'MyIngress.ipv4_lpm'
[06:04:56.522] [bmv2] [D] [thread 247280] Dumping entry 161
Match key:
* hdr.ipv4.dstAddr              : LPM       0a00091b/32
* standard_metadata.ingress_port: EXACT     0003
Action entry: MyIngress.ipv4_forward - a00091b,3,

[06:04:56.522] [bmv2] [T] [thread 247280] bm_table_add_entry
[06:04:56.522] [bmv2] [D] [thread 247280] Entry 162 added to table 'MyIngress.ipv4_lpm'
[06:04:56.522] [bmv2] [D] [thread 247280] Dumping entry 162
Match key:
* hdr.ipv4.dstAddr              : LPM       0a000a1c/32
* standard_metadata.ingress_port: EXACT     0003
Action entry: MyIngress.ipv4_forward - a000a1c,4,

[06:04:56.523] [bmv2] [T] [thread 247280] bm_table_add_entry
[06:04:56.523] [bmv2] [D] [thread 247280] Entry 163 added to table 'MyIngress.ipv4_lpm'
[06:04:56.523] [bmv2] [D] [thread 247280] Dumping entry 163
Match key:
* hdr.ipv4.dstAddr              : LPM       0a000a1d/32
* standard_metadata.ingress_port: EXACT     0003
Action entry: MyIngress.ipv4_forward - a000a1d,5,

[06:04:56.524] [bmv2] [T] [thread 247280] bm_table_add_entry
[06:04:56.524] [bmv2] [D] [thread 247280] Entry 164 added to table 'MyIngress.ipv4_lpm'
[06:04:56.524] [bmv2] [D] [thread 247280] Dumping entry 164
Match key:
* hdr.ipv4.dstAddr              : LPM       0a000a1e/32
* standard_metadata.ingress_port: EXACT     0003
Action entry: MyIngress.ipv4_forward - a000a1e,6,

[06:04:56.524] [bmv2] [T] [thread 247280] bm_table_add_entry
[06:04:56.524] [bmv2] [D] [thread 247280] Entry 165 added to table 'MyIngress.ipv4_lpm'
[06:04:56.524] [bmv2] [D] [thread 247280] Dumping entry 165
Match key:
* hdr.ipv4.dstAddr              : LPM       0a000b1f/32
* standard_metadata.ingress_port: EXACT     0003
Action entry: MyIngress.ipv4_forward - a000b1f,4,

[06:04:56.525] [bmv2] [T] [thread 247280] bm_table_add_entry
[06:04:56.525] [bmv2] [D] [thread 247280] Entry 166 added to table 'MyIngress.ipv4_lpm'
[06:04:56.525] [bmv2] [D] [thread 247280] Dumping entry 166
Match key:
* hdr.ipv4.dstAddr              : LPM       0a000b20/32
* standard_metadata.ingress_port: EXACT     0003
Action entry: MyIngress.ipv4_forward - a000b20,5,

[06:04:56.526] [bmv2] [T] [thread 247280] bm_table_add_entry
[06:04:56.526] [bmv2] [D] [thread 247280] Entry 167 added to table 'MyIngress.ipv4_lpm'
[06:04:56.526] [bmv2] [D] [thread 247280] Dumping entry 167
Match key:
* hdr.ipv4.dstAddr              : LPM       0a000b21/32
* standard_metadata.ingress_port: EXACT     0003
Action entry: MyIngress.ipv4_forward - a000b21,6,

[06:04:56.526] [bmv2] [T] [thread 247280] bm_table_add_entry
[06:04:56.527] [bmv2] [D] [thread 247280] Entry 168 added to table 'MyIngress.ipv4_lpm'
[06:04:56.527] [bmv2] [D] [thread 247280] Dumping entry 168
Match key:
* hdr.ipv4.dstAddr              : LPM       0a000c22/32
* standard_metadata.ingress_port: EXACT     0003
Action entry: MyIngress.ipv4_forward - a000c22,4,

[06:04:56.527] [bmv2] [T] [thread 247280] bm_table_add_entry
[06:04:56.527] [bmv2] [D] [thread 247280] Entry 169 added to table 'MyIngress.ipv4_lpm'
[06:04:56.527] [bmv2] [D] [thread 247280] Dumping entry 169
Match key:
* hdr.ipv4.dstAddr              : LPM       0a000c23/32
* standard_metadata.ingress_port: EXACT     0003
Action entry: MyIngress.ipv4_forward - a000c23,5,

[06:04:56.528] [bmv2] [T] [thread 247280] bm_table_add_entry
[06:04:56.528] [bmv2] [D] [thread 247280] Entry 170 added to table 'MyIngress.ipv4_lpm'
[06:04:56.528] [bmv2] [D] [thread 247280] Dumping entry 170
Match key:
* hdr.ipv4.dstAddr              : LPM       0a000c24/32
* standard_metadata.ingress_port: EXACT     0003
Action entry: MyIngress.ipv4_forward - a000c24,6,

[06:04:56.529] [bmv2] [T] [thread 247280] bm_table_add_entry
[06:04:56.529] [bmv2] [D] [thread 247280] Entry 171 added to table 'MyIngress.ipv4_lpm'
[06:04:56.529] [bmv2] [D] [thread 247280] Dumping entry 171
Match key:
* hdr.ipv4.dstAddr              : LPM       0a000d25/32
* standard_metadata.ingress_port: EXACT     0003
Action entry: MyIngress.ipv4_forward - a000d25,4,

[06:04:56.530] [bmv2] [T] [thread 247280] bm_table_add_entry
[06:04:56.530] [bmv2] [D] [thread 247280] Entry 172 added to table 'MyIngress.ipv4_lpm'
[06:04:56.530] [bmv2] [D] [thread 247280] Dumping entry 172
Match key:
* hdr.ipv4.dstAddr              : LPM       0a000d26/32
* standard_metadata.ingress_port: EXACT     0003
Action entry: MyIngress.ipv4_forward - a000d26,5,

[06:04:56.531] [bmv2] [T] [thread 247280] bm_table_add_entry
[06:04:56.531] [bmv2] [D] [thread 247280] Entry 173 added to table 'MyIngress.ipv4_lpm'
[06:04:56.531] [bmv2] [D] [thread 247280] Dumping entry 173
Match key:
* hdr.ipv4.dstAddr              : LPM       0a000d27/32
* standard_metadata.ingress_port: EXACT     0003
Action entry: MyIngress.ipv4_forward - a000d27,6,

[06:04:56.531] [bmv2] [T] [thread 247280] bm_table_add_entry
[06:04:56.532] [bmv2] [D] [thread 247280] Entry 174 added to table 'MyIngress.ipv4_lpm'
[06:04:56.532] [bmv2] [D] [thread 247280] Dumping entry 174
Match key:
* hdr.ipv4.dstAddr              : LPM       0a000e28/32
* standard_metadata.ingress_port: EXACT     0003
Action entry: MyIngress.ipv4_forward - a000e28,4,

[06:04:56.532] [bmv2] [T] [thread 247280] bm_table_add_entry
[06:04:56.532] [bmv2] [D] [thread 247280] Entry 175 added to table 'MyIngress.ipv4_lpm'
[06:04:56.532] [bmv2] [D] [thread 247280] Dumping entry 175
Match key:
* hdr.ipv4.dstAddr              : LPM       0a000e29/32
* standard_metadata.ingress_port: EXACT     0003
Action entry: MyIngress.ipv4_forward - a000e29,5,

[06:04:56.533] [bmv2] [T] [thread 247280] bm_table_add_entry
[06:04:56.533] [bmv2] [D] [thread 247280] Entry 176 added to table 'MyIngress.ipv4_lpm'
[06:04:56.533] [bmv2] [D] [thread 247280] Dumping entry 176
Match key:
* hdr.ipv4.dstAddr              : LPM       0a000e2a/32
* standard_metadata.ingress_port: EXACT     0003
Action entry: MyIngress.ipv4_forward - a000e2a,6,

[06:04:56.534] [bmv2] [T] [thread 247280] bm_table_add_entry
[06:04:56.534] [bmv2] [D] [thread 247280] Entry 177 added to table 'MyIngress.ipv4_lpm'
[06:04:56.534] [bmv2] [D] [thread 247280] Dumping entry 177
Match key:
* hdr.ipv4.dstAddr              : LPM       0a000f2b/32
* standard_metadata.ingress_port: EXACT     0003
Action entry: MyIngress.ipv4_forward - a000f2b,4,

[06:04:56.534] [bmv2] [T] [thread 247280] bm_table_add_entry
[06:04:56.534] [bmv2] [D] [thread 247280] Entry 178 added to table 'MyIngress.ipv4_lpm'
[06:04:56.534] [bmv2] [D] [thread 247280] Dumping entry 178
Match key:
* hdr.ipv4.dstAddr              : LPM       0a000f2c/32
* standard_metadata.ingress_port: EXACT     0003
Action entry: MyIngress.ipv4_forward - a000f2c,5,

[06:04:56.535] [bmv2] [T] [thread 247280] bm_table_add_entry
[06:04:56.535] [bmv2] [D] [thread 247280] Entry 179 added to table 'MyIngress.ipv4_lpm'
[06:04:56.535] [bmv2] [D] [thread 247280] Dumping entry 179
Match key:
* hdr.ipv4.dstAddr              : LPM       0a000f2d/32
* standard_metadata.ingress_port: EXACT     0003
Action entry: MyIngress.ipv4_forward - a000f2d,6,

[06:04:56.536] [bmv2] [T] [thread 247280] bm_table_add_entry
[06:04:56.536] [bmv2] [D] [thread 247280] Entry 180 added to table 'MyIngress.ipv4_lpm'
[06:04:56.536] [bmv2] [D] [thread 247280] Dumping entry 180
Match key:
* hdr.ipv4.dstAddr              : LPM       0a00102e/32
* standard_metadata.ingress_port: EXACT     0003
Action entry: MyIngress.ipv4_forward - a00102e,4,

[06:04:56.537] [bmv2] [T] [thread 247280] bm_table_add_entry
[06:04:56.537] [bmv2] [D] [thread 247280] Entry 181 added to table 'MyIngress.ipv4_lpm'
[06:04:56.537] [bmv2] [D] [thread 247280] Dumping entry 181
Match key:
* hdr.ipv4.dstAddr              : LPM       0a00102f/32
* standard_metadata.ingress_port: EXACT     0003
Action entry: MyIngress.ipv4_forward - a00102f,5,

[06:04:56.538] [bmv2] [T] [thread 247280] bm_table_add_entry
[06:04:56.538] [bmv2] [D] [thread 247280] Entry 182 added to table 'MyIngress.ipv4_lpm'
[06:04:56.538] [bmv2] [D] [thread 247280] Dumping entry 182
Match key:
* hdr.ipv4.dstAddr              : LPM       0a001030/32
* standard_metadata.ingress_port: EXACT     0003
Action entry: MyIngress.ipv4_forward - a001030,6,

[06:04:56.538] [bmv2] [T] [thread 247280] bm_table_add_entry
[06:04:56.538] [bmv2] [D] [thread 247280] Entry 183 added to table 'MyIngress.ipv4_lpm'
[06:04:56.538] [bmv2] [D] [thread 247280] Dumping entry 183
Match key:
* hdr.ipv4.dstAddr              : LPM       0a001131/32
* standard_metadata.ingress_port: EXACT     0003
Action entry: MyIngress.ipv4_forward - a001131,4,

[06:04:56.539] [bmv2] [T] [thread 247280] bm_table_add_entry
[06:04:56.539] [bmv2] [D] [thread 247280] Entry 184 added to table 'MyIngress.ipv4_lpm'
[06:04:56.539] [bmv2] [D] [thread 247280] Dumping entry 184
Match key:
* hdr.ipv4.dstAddr              : LPM       0a001132/32
* standard_metadata.ingress_port: EXACT     0003
Action entry: MyIngress.ipv4_forward - a001132,5,

[06:04:56.540] [bmv2] [T] [thread 247280] bm_table_add_entry
[06:04:56.540] [bmv2] [D] [thread 247280] Entry 185 added to table 'MyIngress.ipv4_lpm'
[06:04:56.541] [bmv2] [D] [thread 247280] Dumping entry 185
Match key:
* hdr.ipv4.dstAddr              : LPM       0a001133/32
* standard_metadata.ingress_port: EXACT     0003
Action entry: MyIngress.ipv4_forward - a001133,6,

[06:04:56.541] [bmv2] [T] [thread 247280] bm_table_add_entry
[06:04:56.541] [bmv2] [D] [thread 247280] Entry 186 added to table 'MyIngress.ipv4_lpm'
[06:04:56.541] [bmv2] [D] [thread 247280] Dumping entry 186
Match key:
* hdr.ipv4.dstAddr              : LPM       0a001234/32
* standard_metadata.ingress_port: EXACT     0003
Action entry: MyIngress.ipv4_forward - a001234,4,

[06:04:56.542] [bmv2] [T] [thread 247280] bm_table_add_entry
[06:04:56.542] [bmv2] [D] [thread 247280] Entry 187 added to table 'MyIngress.ipv4_lpm'
[06:04:56.542] [bmv2] [D] [thread 247280] Dumping entry 187
Match key:
* hdr.ipv4.dstAddr              : LPM       0a001235/32
* standard_metadata.ingress_port: EXACT     0003
Action entry: MyIngress.ipv4_forward - a001235,5,

[06:04:56.543] [bmv2] [T] [thread 247280] bm_table_add_entry
[06:04:56.543] [bmv2] [D] [thread 247280] Entry 188 added to table 'MyIngress.ipv4_lpm'
[06:04:56.543] [bmv2] [D] [thread 247280] Dumping entry 188
Match key:
* hdr.ipv4.dstAddr              : LPM       0a001236/32
* standard_metadata.ingress_port: EXACT     0003
Action entry: MyIngress.ipv4_forward - a001236,6,

[06:04:56.544] [bmv2] [T] [thread 247280] bm_set_default_action
[06:04:56.544] [bmv2] [D] [thread 247280] Set default entry for table 'MyEgress.tbl_prime': MyEgress.prime_multiply - 65,
[06:04:56.544] [bmv2] [T] [thread 247280] bm_set_default_action
[06:04:56.545] [bmv2] [D] [thread 247280] Set default entry for table 'MyEgress.swtrace': MyEgress.add_swtrace - 1a,
