Warning: you requested the nanomsg event logger, but bmv2 was compiled without -DBMELOG, and the event logger cannot be activated
Calling target program-options parser
[06:04:38.536] [bmv2] [D] [thread 245174] Set default default entry for table 'MyIngress.ipv4_lpm': MyIngress.drop - 
[06:04:38.536] [bmv2] [D] [thread 245174] Set default default entry for table 'MyIngress.tb_set_role': NoAction - 
[06:04:38.537] [bmv2] [D] [thread 245174] Set default default entry for table 'MyEgress.tbl_prime': NoAction - 
[06:04:38.537] [bmv2] [D] [thread 245174] Set default default entry for table 'MyEgress.swtrace': NoAction - 
Adding interface s28-eth1 as port 1
[06:04:38.539] [bmv2] [D] [thread 245174] Adding interface s28-eth1 as port 1
Adding interface s28-eth2 as port 2
[06:04:38.542] [bmv2] [D] [thread 245174] Adding interface s28-eth2 as port 2
Adding interface s28-eth3 as port 3
[06:04:38.545] [bmv2] [D] [thread 245174] Adding interface s28-eth3 as port 3
Adding interface s28-cpu-eth0 as port 4
[06:04:38.548] [bmv2] [D] [thread 245174] Adding interface s28-cpu-eth0 as port 4
Adding interface s28-eth5 as port 5
[06:04:38.551] [bmv2] [D] [thread 245174] Adding interface s28-eth5 as port 5
Adding interface s28-eth6 as port 6
[06:04:38.616] [bmv2] [D] [thread 245174] Adding interface s28-eth6 as port 6
Adding interface s28-eth7 as port 7
[06:04:38.681] [bmv2] [D] [thread 245174] Adding interface s28-eth7 as port 7
[06:04:38.745] [bmv2] [I] [thread 245174] Starting Thrift server on port 9117
[06:04:38.746] [bmv2] [I] [thread 245174] Thrift server was started
[06:04:49.177] [bmv2] [D] [thread 245180] [0.0] [cxt 0] Processing packet received on port 7
[06:04:49.177] [bmv2] [D] [thread 245180] [0.0] [cxt 0] Parser 'parser': start
[06:04:49.177] [bmv2] [D] [thread 245180] [0.0] [cxt 0] Parser 'parser' entering state 'start'
[06:04:49.178] [bmv2] [D] [thread 245180] [0.0] [cxt 0] Extracting header 'ethernet'
[06:04:49.178] [bmv2] [D] [thread 245180] [0.0] [cxt 0] Parser state 'start': key is 86dd
[06:04:49.178] [bmv2] [T] [thread 245180] [0.0] [cxt 0] Bytes parsed: 14
[06:04:49.178] [bmv2] [D] [thread 245180] [0.0] [cxt 0] Parser 'parser': end
[06:04:49.178] [bmv2] [D] [thread 245180] [0.0] [cxt 0] Pipeline 'ingress': start
[06:04:49.178] [bmv2] [T] [thread 245180] [0.0] [cxt 0] /home/p4/Desktop/html/p4src/switch.p4(291) Condition "hdr.ipv4.isValid()" (node_2) is false
[06:04:49.178] [bmv2] [T] [thread 245180] [0.0] [cxt 0] Applying table 'MyIngress.tb_set_role'
[06:04:49.178] [bmv2] [D] [thread 245180] [0.0] [cxt 0] Looking up key:
* standard_metadata.ingress_port: 0007

[06:04:49.178] [bmv2] [D] [thread 245180] [0.0] [cxt 0] Table 'MyIngress.tb_set_role': miss
[06:04:49.178] [bmv2] [D] [thread 245180] [0.0] [cxt 0] Action entry is NoAction - 
[06:04:49.178] [bmv2] [T] [thread 245180] [0.0] [cxt 0] Action NoAction
[06:04:49.178] [bmv2] [D] [thread 245180] [0.0] [cxt 0] Pipeline 'ingress': end
[06:04:49.178] [bmv2] [D] [thread 245180] [0.0] [cxt 0] Egress port is 0
[06:04:49.178] [bmv2] [D] [thread 245181] [0.0] [cxt 0] Pipeline 'egress': start
[06:04:49.178] [bmv2] [T] [thread 245181] [0.0] [cxt 0] /home/p4/Desktop/html/p4src/switch.p4(381) Condition "hdr.tag.isValid()" (node_7) is false
[06:04:49.178] [bmv2] [T] [thread 245181] [0.0] [cxt 0] /home/p4/Desktop/html/p4src/switch.p4(386) Condition "hdr.mri.isValid()" (node_9) is false
[06:04:49.178] [bmv2] [D] [thread 245181] [0.0] [cxt 0] Pipeline 'egress': end
[06:04:49.178] [bmv2] [D] [thread 245181] [0.0] [cxt 0] Deparser 'deparser': start
[06:04:49.178] [bmv2] [T] [thread 245181] [0.0] [cxt 0] Skipping checksum 'cksum' update because condition not met
[06:04:49.178] [bmv2] [D] [thread 245181] [0.0] [cxt 0] Deparsing header 'ethernet'
[06:04:49.178] [bmv2] [D] [thread 245181] [0.0] [cxt 0] Deparser 'deparser': end
[06:04:49.179] [bmv2] [D] [thread 245185] [0.0] [cxt 0] Transmitting packet of size 70 out of port 0
[06:04:56.823] [bmv2] [T] [thread 247291] bm_get_config
[06:04:56.825] [bmv2] [T] [thread 247291] bm_table_add_entry
[06:04:56.826] [bmv2] [D] [thread 247291] Entry 0 added to table 'MyIngress.ipv4_lpm'
[06:04:56.826] [bmv2] [D] [thread 247291] Dumping entry 0
Match key:
* hdr.ipv4.dstAddr              : LPM       0a000a1c/32
* standard_metadata.ingress_port: EXACT     0002
Action entry: MyIngress.ipv4_forward - a000a1c,1,

[06:04:56.827] [bmv2] [T] [thread 247291] bm_table_add_entry
[06:04:56.827] [bmv2] [D] [thread 247291] Entry 1 added to table 'MyIngress.ipv4_lpm'
[06:04:56.827] [bmv2] [D] [thread 247291] Dumping entry 1
Match key:
* hdr.ipv4.dstAddr              : LPM       0a000a1c/32
* standard_metadata.ingress_port: EXACT     0003
Action entry: MyIngress.ipv4_forward - a000a1c,1,

[06:04:56.828] [bmv2] [T] [thread 247291] bm_table_add_entry
[06:04:56.828] [bmv2] [D] [thread 247291] Entry 2 added to table 'MyIngress.ipv4_lpm'
[06:04:56.828] [bmv2] [D] [thread 247291] Dumping entry 2
Match key:
* hdr.ipv4.dstAddr              : LPM       0a000a1c/32
* standard_metadata.ingress_port: EXACT     0004
Action entry: MyIngress.ipv4_forward - a000a1c,1,

[06:04:56.829] [bmv2] [T] [thread 247291] bm_table_add_entry
[06:04:56.829] [bmv2] [D] [thread 247291] Entry 3 added to table 'MyIngress.ipv4_lpm'
[06:04:56.829] [bmv2] [D] [thread 247291] Dumping entry 3
Match key:
* hdr.ipv4.dstAddr              : LPM       0a000a1c/32
* standard_metadata.ingress_port: EXACT     0005
Action entry: MyIngress.ipv4_forward - a000a1c,1,

[06:04:56.830] [bmv2] [T] [thread 247291] bm_table_add_entry
[06:04:56.830] [bmv2] [D] [thread 247291] Entry 4 added to table 'MyIngress.ipv4_lpm'
[06:04:56.830] [bmv2] [D] [thread 247291] Dumping entry 4
Match key:
* hdr.ipv4.dstAddr              : LPM       0a000a1c/32
* standard_metadata.ingress_port: EXACT     0006
Action entry: MyIngress.ipv4_forward - a000a1c,1,

[06:04:56.831] [bmv2] [T] [thread 247291] bm_table_add_entry
[06:04:56.831] [bmv2] [D] [thread 247291] Entry 5 added to table 'MyIngress.ipv4_lpm'
[06:04:56.831] [bmv2] [D] [thread 247291] Dumping entry 5
Match key:
* hdr.ipv4.dstAddr              : LPM       0a000a1d/32
* standard_metadata.ingress_port: EXACT     0002
Action entry: MyIngress.ipv4_forward - a000a1d,1,

[06:04:56.832] [bmv2] [T] [thread 247291] bm_table_add_entry
[06:04:56.832] [bmv2] [D] [thread 247291] Entry 6 added to table 'MyIngress.ipv4_lpm'
[06:04:56.832] [bmv2] [D] [thread 247291] Dumping entry 6
Match key:
* hdr.ipv4.dstAddr              : LPM       0a000a1d/32
* standard_metadata.ingress_port: EXACT     0003
Action entry: MyIngress.ipv4_forward - a000a1d,1,

[06:04:56.832] [bmv2] [T] [thread 247291] bm_table_add_entry
[06:04:56.833] [bmv2] [D] [thread 247291] Entry 7 added to table 'MyIngress.ipv4_lpm'
[06:04:56.833] [bmv2] [D] [thread 247291] Dumping entry 7
Match key:
* hdr.ipv4.dstAddr              : LPM       0a000a1d/32
* standard_metadata.ingress_port: EXACT     0004
Action entry: MyIngress.ipv4_forward - a000a1d,1,

[06:04:56.833] [bmv2] [T] [thread 247291] bm_table_add_entry
[06:04:56.833] [bmv2] [D] [thread 247291] Entry 8 added to table 'MyIngress.ipv4_lpm'
[06:04:56.833] [bmv2] [D] [thread 247291] Dumping entry 8
Match key:
* hdr.ipv4.dstAddr              : LPM       0a000a1d/32
* standard_metadata.ingress_port: EXACT     0005
Action entry: MyIngress.ipv4_forward - a000a1d,1,

[06:04:56.834] [bmv2] [T] [thread 247291] bm_table_add_entry
[06:04:56.834] [bmv2] [D] [thread 247291] Entry 9 added to table 'MyIngress.ipv4_lpm'
[06:04:56.835] [bmv2] [D] [thread 247291] Dumping entry 9
Match key:
* hdr.ipv4.dstAddr              : LPM       0a000a1d/32
* standard_metadata.ingress_port: EXACT     0006
Action entry: MyIngress.ipv4_forward - a000a1d,1,

[06:04:56.836] [bmv2] [T] [thread 247291] bm_table_add_entry
[06:04:56.836] [bmv2] [D] [thread 247291] Entry 10 added to table 'MyIngress.ipv4_lpm'
[06:04:56.836] [bmv2] [D] [thread 247291] Dumping entry 10
Match key:
* hdr.ipv4.dstAddr              : LPM       0a000a1e/32
* standard_metadata.ingress_port: EXACT     0002
Action entry: MyIngress.ipv4_forward - a000a1e,1,

[06:04:56.837] [bmv2] [T] [thread 247291] bm_table_add_entry
[06:04:56.837] [bmv2] [D] [thread 247291] Entry 11 added to table 'MyIngress.ipv4_lpm'
[06:04:56.837] [bmv2] [D] [thread 247291] Dumping entry 11
Match key:
* hdr.ipv4.dstAddr              : LPM       0a000a1e/32
* standard_metadata.ingress_port: EXACT     0003
Action entry: MyIngress.ipv4_forward - a000a1e,1,

[06:04:56.837] [bmv2] [T] [thread 247291] bm_table_add_entry
[06:04:56.837] [bmv2] [D] [thread 247291] Entry 12 added to table 'MyIngress.ipv4_lpm'
[06:04:56.837] [bmv2] [D] [thread 247291] Dumping entry 12
Match key:
* hdr.ipv4.dstAddr              : LPM       0a000a1e/32
* standard_metadata.ingress_port: EXACT     0004
Action entry: MyIngress.ipv4_forward - a000a1e,1,

[06:04:56.838] [bmv2] [T] [thread 247291] bm_table_add_entry
[06:04:56.838] [bmv2] [D] [thread 247291] Entry 13 added to table 'MyIngress.ipv4_lpm'
[06:04:56.838] [bmv2] [D] [thread 247291] Dumping entry 13
Match key:
* hdr.ipv4.dstAddr              : LPM       0a000a1e/32
* standard_metadata.ingress_port: EXACT     0005
Action entry: MyIngress.ipv4_forward - a000a1e,1,

[06:04:56.839] [bmv2] [T] [thread 247291] bm_table_add_entry
[06:04:56.839] [bmv2] [D] [thread 247291] Entry 14 added to table 'MyIngress.ipv4_lpm'
[06:04:56.839] [bmv2] [D] [thread 247291] Dumping entry 14
Match key:
* hdr.ipv4.dstAddr              : LPM       0a000a1e/32
* standard_metadata.ingress_port: EXACT     0006
Action entry: MyIngress.ipv4_forward - a000a1e,1,

[06:04:56.840] [bmv2] [T] [thread 247291] bm_table_add_entry
[06:04:56.840] [bmv2] [D] [thread 247291] Entry 15 added to table 'MyIngress.ipv4_lpm'
[06:04:56.840] [bmv2] [D] [thread 247291] Dumping entry 15
Match key:
* hdr.ipv4.dstAddr              : LPM       0a000b1f/32
* standard_metadata.ingress_port: EXACT     0001
Action entry: MyIngress.ipv4_forward - a000b1f,2,

[06:04:56.841] [bmv2] [T] [thread 247291] bm_table_add_entry
[06:04:56.841] [bmv2] [D] [thread 247291] Entry 16 added to table 'MyIngress.ipv4_lpm'
[06:04:56.841] [bmv2] [D] [thread 247291] Dumping entry 16
Match key:
* hdr.ipv4.dstAddr              : LPM       0a000b1f/32
* standard_metadata.ingress_port: EXACT     0003
Action entry: MyIngress.ipv4_forward - a000b1f,2,

[06:04:56.841] [bmv2] [T] [thread 247291] bm_table_add_entry
[06:04:56.842] [bmv2] [D] [thread 247291] Entry 17 added to table 'MyIngress.ipv4_lpm'
[06:04:56.842] [bmv2] [D] [thread 247291] Dumping entry 17
Match key:
* hdr.ipv4.dstAddr              : LPM       0a000b1f/32
* standard_metadata.ingress_port: EXACT     0004
Action entry: MyIngress.ipv4_forward - a000b1f,2,

[06:04:56.842] [bmv2] [T] [thread 247291] bm_table_add_entry
[06:04:56.842] [bmv2] [D] [thread 247291] Entry 18 added to table 'MyIngress.ipv4_lpm'
[06:04:56.842] [bmv2] [D] [thread 247291] Dumping entry 18
Match key:
* hdr.ipv4.dstAddr              : LPM       0a000b1f/32
* standard_metadata.ingress_port: EXACT     0005
Action entry: MyIngress.ipv4_forward - a000b1f,2,

[06:04:56.843] [bmv2] [T] [thread 247291] bm_table_add_entry
[06:04:56.843] [bmv2] [D] [thread 247291] Entry 19 added to table 'MyIngress.ipv4_lpm'
[06:04:56.843] [bmv2] [D] [thread 247291] Dumping entry 19
Match key:
* hdr.ipv4.dstAddr              : LPM       0a000b1f/32
* standard_metadata.ingress_port: EXACT     0006
Action entry: MyIngress.ipv4_forward - a000b1f,2,

[06:04:56.844] [bmv2] [T] [thread 247291] bm_table_add_entry
[06:04:56.844] [bmv2] [D] [thread 247291] Entry 20 added to table 'MyIngress.ipv4_lpm'
[06:04:56.844] [bmv2] [D] [thread 247291] Dumping entry 20
Match key:
* hdr.ipv4.dstAddr              : LPM       0a000b20/32
* standard_metadata.ingress_port: EXACT     0001
Action entry: MyIngress.ipv4_forward - a000b20,2,

[06:04:56.845] [bmv2] [T] [thread 247291] bm_table_add_entry
[06:04:56.845] [bmv2] [D] [thread 247291] Entry 21 added to table 'MyIngress.ipv4_lpm'
[06:04:56.845] [bmv2] [D] [thread 247291] Dumping entry 21
Match key:
* hdr.ipv4.dstAddr              : LPM       0a000b20/32
* standard_metadata.ingress_port: EXACT     0003
Action entry: MyIngress.ipv4_forward - a000b20,2,

[06:04:56.846] [bmv2] [T] [thread 247291] bm_table_add_entry
[06:04:56.846] [bmv2] [D] [thread 247291] Entry 22 added to table 'MyIngress.ipv4_lpm'
[06:04:56.846] [bmv2] [D] [thread 247291] Dumping entry 22
Match key:
* hdr.ipv4.dstAddr              : LPM       0a000b20/32
* standard_metadata.ingress_port: EXACT     0004
Action entry: MyIngress.ipv4_forward - a000b20,2,

[06:04:56.846] [bmv2] [T] [thread 247291] bm_table_add_entry
[06:04:56.846] [bmv2] [D] [thread 247291] Entry 23 added to table 'MyIngress.ipv4_lpm'
[06:04:56.847] [bmv2] [D] [thread 247291] Dumping entry 23
Match key:
* hdr.ipv4.dstAddr              : LPM       0a000b20/32
* standard_metadata.ingress_port: EXACT     0005
Action entry: MyIngress.ipv4_forward - a000b20,2,

[06:04:56.847] [bmv2] [T] [thread 247291] bm_table_add_entry
[06:04:56.847] [bmv2] [D] [thread 247291] Entry 24 added to table 'MyIngress.ipv4_lpm'
[06:04:56.847] [bmv2] [D] [thread 247291] Dumping entry 24
Match key:
* hdr.ipv4.dstAddr              : LPM       0a000b20/32
* standard_metadata.ingress_port: EXACT     0006
Action entry: MyIngress.ipv4_forward - a000b20,2,

[06:04:56.848] [bmv2] [T] [thread 247291] bm_table_add_entry
[06:04:56.848] [bmv2] [D] [thread 247291] Entry 25 added to table 'MyIngress.ipv4_lpm'
[06:04:56.848] [bmv2] [D] [thread 247291] Dumping entry 25
Match key:
* hdr.ipv4.dstAddr              : LPM       0a000b21/32
* standard_metadata.ingress_port: EXACT     0001
Action entry: MyIngress.ipv4_forward - a000b21,2,

[06:04:56.849] [bmv2] [T] [thread 247291] bm_table_add_entry
[06:04:56.849] [bmv2] [D] [thread 247291] Entry 26 added to table 'MyIngress.ipv4_lpm'
[06:04:56.849] [bmv2] [D] [thread 247291] Dumping entry 26
Match key:
* hdr.ipv4.dstAddr              : LPM       0a000b21/32
* standard_metadata.ingress_port: EXACT     0003
Action entry: MyIngress.ipv4_forward - a000b21,2,

[06:04:56.849] [bmv2] [T] [thread 247291] bm_table_add_entry
[06:04:56.850] [bmv2] [D] [thread 247291] Entry 27 added to table 'MyIngress.ipv4_lpm'
[06:04:56.850] [bmv2] [D] [thread 247291] Dumping entry 27
Match key:
* hdr.ipv4.dstAddr              : LPM       0a000b21/32
* standard_metadata.ingress_port: EXACT     0004
Action entry: MyIngress.ipv4_forward - a000b21,2,

[06:04:56.850] [bmv2] [T] [thread 247291] bm_table_add_entry
[06:04:56.850] [bmv2] [D] [thread 247291] Entry 28 added to table 'MyIngress.ipv4_lpm'
[06:04:56.850] [bmv2] [D] [thread 247291] Dumping entry 28
Match key:
* hdr.ipv4.dstAddr              : LPM       0a000b21/32
* standard_metadata.ingress_port: EXACT     0005
Action entry: MyIngress.ipv4_forward - a000b21,2,

[06:04:56.851] [bmv2] [T] [thread 247291] bm_table_add_entry
[06:04:56.851] [bmv2] [D] [thread 247291] Entry 29 added to table 'MyIngress.ipv4_lpm'
[06:04:56.851] [bmv2] [D] [thread 247291] Dumping entry 29
Match key:
* hdr.ipv4.dstAddr              : LPM       0a000b21/32
* standard_metadata.ingress_port: EXACT     0006
Action entry: MyIngress.ipv4_forward - a000b21,2,

[06:04:56.852] [bmv2] [T] [thread 247291] bm_table_add_entry
[06:04:56.852] [bmv2] [D] [thread 247291] Entry 30 added to table 'MyIngress.ipv4_lpm'
[06:04:56.852] [bmv2] [D] [thread 247291] Dumping entry 30
Match key:
* hdr.ipv4.dstAddr              : LPM       0a000c22/32
* standard_metadata.ingress_port: EXACT     0001
Action entry: MyIngress.ipv4_forward - a000c22,3,

[06:04:56.853] [bmv2] [T] [thread 247291] bm_table_add_entry
[06:04:56.853] [bmv2] [D] [thread 247291] Entry 31 added to table 'MyIngress.ipv4_lpm'
[06:04:56.853] [bmv2] [D] [thread 247291] Dumping entry 31
Match key:
* hdr.ipv4.dstAddr              : LPM       0a000c22/32
* standard_metadata.ingress_port: EXACT     0002
Action entry: MyIngress.ipv4_forward - a000c22,3,

[06:04:56.853] [bmv2] [T] [thread 247291] bm_table_add_entry
[06:04:56.853] [bmv2] [D] [thread 247291] Entry 32 added to table 'MyIngress.ipv4_lpm'
[06:04:56.853] [bmv2] [D] [thread 247291] Dumping entry 32
Match key:
* hdr.ipv4.dstAddr              : LPM       0a000c22/32
* standard_metadata.ingress_port: EXACT     0004
Action entry: MyIngress.ipv4_forward - a000c22,3,

[06:04:56.854] [bmv2] [T] [thread 247291] bm_table_add_entry
[06:04:56.854] [bmv2] [D] [thread 247291] Entry 33 added to table 'MyIngress.ipv4_lpm'
[06:04:56.854] [bmv2] [D] [thread 247291] Dumping entry 33
Match key:
* hdr.ipv4.dstAddr              : LPM       0a000c22/32
* standard_metadata.ingress_port: EXACT     0005
Action entry: MyIngress.ipv4_forward - a000c22,3,

[06:04:56.855] [bmv2] [T] [thread 247291] bm_table_add_entry
[06:04:56.855] [bmv2] [D] [thread 247291] Entry 34 added to table 'MyIngress.ipv4_lpm'
[06:04:56.855] [bmv2] [D] [thread 247291] Dumping entry 34
Match key:
* hdr.ipv4.dstAddr              : LPM       0a000c22/32
* standard_metadata.ingress_port: EXACT     0006
Action entry: MyIngress.ipv4_forward - a000c22,3,

[06:04:56.856] [bmv2] [T] [thread 247291] bm_table_add_entry
[06:04:56.856] [bmv2] [D] [thread 247291] Entry 35 added to table 'MyIngress.ipv4_lpm'
[06:04:56.856] [bmv2] [D] [thread 247291] Dumping entry 35
Match key:
* hdr.ipv4.dstAddr              : LPM       0a000c23/32
* standard_metadata.ingress_port: EXACT     0001
Action entry: MyIngress.ipv4_forward - a000c23,3,

[06:04:56.856] [bmv2] [T] [thread 247291] bm_table_add_entry
[06:04:56.857] [bmv2] [D] [thread 247291] Entry 36 added to table 'MyIngress.ipv4_lpm'
[06:04:56.857] [bmv2] [D] [thread 247291] Dumping entry 36
Match key:
* hdr.ipv4.dstAddr              : LPM       0a000c23/32
* standard_metadata.ingress_port: EXACT     0002
Action entry: MyIngress.ipv4_forward - a000c23,3,

[06:04:56.858] [bmv2] [T] [thread 247291] bm_table_add_entry
[06:04:56.858] [bmv2] [D] [thread 247291] Entry 37 added to table 'MyIngress.ipv4_lpm'
[06:04:56.858] [bmv2] [D] [thread 247291] Dumping entry 37
Match key:
* hdr.ipv4.dstAddr              : LPM       0a000c23/32
* standard_metadata.ingress_port: EXACT     0004
Action entry: MyIngress.ipv4_forward - a000c23,3,

[06:04:56.858] [bmv2] [T] [thread 247291] bm_table_add_entry
[06:04:56.859] [bmv2] [D] [thread 247291] Entry 38 added to table 'MyIngress.ipv4_lpm'
[06:04:56.859] [bmv2] [D] [thread 247291] Dumping entry 38
Match key:
* hdr.ipv4.dstAddr              : LPM       0a000c23/32
* standard_metadata.ingress_port: EXACT     0005
Action entry: MyIngress.ipv4_forward - a000c23,3,

[06:04:56.859] [bmv2] [T] [thread 247291] bm_table_add_entry
[06:04:56.859] [bmv2] [D] [thread 247291] Entry 39 added to table 'MyIngress.ipv4_lpm'
[06:04:56.860] [bmv2] [D] [thread 247291] Dumping entry 39
Match key:
* hdr.ipv4.dstAddr              : LPM       0a000c23/32
* standard_metadata.ingress_port: EXACT     0006
Action entry: MyIngress.ipv4_forward - a000c23,3,

[06:04:56.860] [bmv2] [T] [thread 247291] bm_table_add_entry
[06:04:56.860] [bmv2] [D] [thread 247291] Entry 40 added to table 'MyIngress.ipv4_lpm'
[06:04:56.860] [bmv2] [D] [thread 247291] Dumping entry 40
Match key:
* hdr.ipv4.dstAddr              : LPM       0a000c24/32
* standard_metadata.ingress_port: EXACT     0001
Action entry: MyIngress.ipv4_forward - a000c24,3,

[06:04:56.861] [bmv2] [T] [thread 247291] bm_table_add_entry
[06:04:56.861] [bmv2] [D] [thread 247291] Entry 41 added to table 'MyIngress.ipv4_lpm'
[06:04:56.861] [bmv2] [D] [thread 247291] Dumping entry 41
Match key:
* hdr.ipv4.dstAddr              : LPM       0a000c24/32
* standard_metadata.ingress_port: EXACT     0002
Action entry: MyIngress.ipv4_forward - a000c24,3,

[06:04:56.862] [bmv2] [T] [thread 247291] bm_table_add_entry
[06:04:56.862] [bmv2] [D] [thread 247291] Entry 42 added to table 'MyIngress.ipv4_lpm'
[06:04:56.862] [bmv2] [D] [thread 247291] Dumping entry 42
Match key:
* hdr.ipv4.dstAddr              : LPM       0a000c24/32
* standard_metadata.ingress_port: EXACT     0004
Action entry: MyIngress.ipv4_forward - a000c24,3,

[06:04:56.863] [bmv2] [T] [thread 247291] bm_table_add_entry
[06:04:56.863] [bmv2] [D] [thread 247291] Entry 43 added to table 'MyIngress.ipv4_lpm'
[06:04:56.863] [bmv2] [D] [thread 247291] Dumping entry 43
Match key:
* hdr.ipv4.dstAddr              : LPM       0a000c24/32
* standard_metadata.ingress_port: EXACT     0005
Action entry: MyIngress.ipv4_forward - a000c24,3,

[06:04:56.863] [bmv2] [T] [thread 247291] bm_table_add_entry
[06:04:56.864] [bmv2] [D] [thread 247291] Entry 44 added to table 'MyIngress.ipv4_lpm'
[06:04:56.864] [bmv2] [D] [thread 247291] Dumping entry 44
Match key:
* hdr.ipv4.dstAddr              : LPM       0a000c24/32
* standard_metadata.ingress_port: EXACT     0006
Action entry: MyIngress.ipv4_forward - a000c24,3,

[06:04:56.864] [bmv2] [T] [thread 247291] bm_table_add_entry
[06:04:56.864] [bmv2] [D] [thread 247291] Entry 45 added to table 'MyIngress.ipv4_lpm'
[06:04:56.864] [bmv2] [D] [thread 247291] Dumping entry 45
Match key:
* hdr.ipv4.dstAddr              : LPM       0a000101/32
* standard_metadata.ingress_port: EXACT     0001
Action entry: MyIngress.ipv4_forward - a000101,4,

[06:04:56.865] [bmv2] [T] [thread 247291] bm_table_add_entry
[06:04:56.865] [bmv2] [D] [thread 247291] Entry 46 added to table 'MyIngress.ipv4_lpm'
[06:04:56.865] [bmv2] [D] [thread 247291] Dumping entry 46
Match key:
* hdr.ipv4.dstAddr              : LPM       0a000102/32
* standard_metadata.ingress_port: EXACT     0001
Action entry: MyIngress.ipv4_forward - a000102,5,

[06:04:56.866] [bmv2] [T] [thread 247291] bm_table_add_entry
[06:04:56.866] [bmv2] [D] [thread 247291] Entry 47 added to table 'MyIngress.ipv4_lpm'
[06:04:56.866] [bmv2] [D] [thread 247291] Dumping entry 47
Match key:
* hdr.ipv4.dstAddr              : LPM       0a000103/32
* standard_metadata.ingress_port: EXACT     0001
Action entry: MyIngress.ipv4_forward - a000103,6,

[06:04:56.867] [bmv2] [T] [thread 247291] bm_table_add_entry
[06:04:56.867] [bmv2] [D] [thread 247291] Entry 48 added to table 'MyIngress.ipv4_lpm'
[06:04:56.867] [bmv2] [D] [thread 247291] Dumping entry 48
Match key:
* hdr.ipv4.dstAddr              : LPM       0a000204/32
* standard_metadata.ingress_port: EXACT     0001
Action entry: MyIngress.ipv4_forward - a000204,4,

[06:04:56.867] [bmv2] [T] [thread 247291] bm_table_add_entry
[06:04:56.868] [bmv2] [D] [thread 247291] Entry 49 added to table 'MyIngress.ipv4_lpm'
[06:04:56.868] [bmv2] [D] [thread 247291] Dumping entry 49
Match key:
* hdr.ipv4.dstAddr              : LPM       0a000205/32
* standard_metadata.ingress_port: EXACT     0001
Action entry: MyIngress.ipv4_forward - a000205,5,

[06:04:56.868] [bmv2] [T] [thread 247291] bm_table_add_entry
[06:04:56.868] [bmv2] [D] [thread 247291] Entry 50 added to table 'MyIngress.ipv4_lpm'
[06:04:56.868] [bmv2] [D] [thread 247291] Dumping entry 50
Match key:
* hdr.ipv4.dstAddr              : LPM       0a000206/32
* standard_metadata.ingress_port: EXACT     0001
Action entry: MyIngress.ipv4_forward - a000206,6,

[06:04:56.869] [bmv2] [T] [thread 247291] bm_table_add_entry
[06:04:56.869] [bmv2] [D] [thread 247291] Entry 51 added to table 'MyIngress.ipv4_lpm'
[06:04:56.869] [bmv2] [D] [thread 247291] Dumping entry 51
Match key:
* hdr.ipv4.dstAddr              : LPM       0a000307/32
* standard_metadata.ingress_port: EXACT     0001
Action entry: MyIngress.ipv4_forward - a000307,4,

[06:04:56.870] [bmv2] [T] [thread 247291] bm_table_add_entry
[06:04:56.870] [bmv2] [D] [thread 247291] Entry 52 added to table 'MyIngress.ipv4_lpm'
[06:04:56.870] [bmv2] [D] [thread 247291] Dumping entry 52
Match key:
* hdr.ipv4.dstAddr              : LPM       0a000308/32
* standard_metadata.ingress_port: EXACT     0001
Action entry: MyIngress.ipv4_forward - a000308,5,

[06:04:56.871] [bmv2] [T] [thread 247291] bm_table_add_entry
[06:04:56.871] [bmv2] [D] [thread 247291] Entry 53 added to table 'MyIngress.ipv4_lpm'
[06:04:56.871] [bmv2] [D] [thread 247291] Dumping entry 53
Match key:
* hdr.ipv4.dstAddr              : LPM       0a000309/32
* standard_metadata.ingress_port: EXACT     0001
Action entry: MyIngress.ipv4_forward - a000309,6,

[06:04:56.871] [bmv2] [T] [thread 247291] bm_table_add_entry
[06:04:56.872] [bmv2] [D] [thread 247291] Entry 54 added to table 'MyIngress.ipv4_lpm'
[06:04:56.872] [bmv2] [D] [thread 247291] Dumping entry 54
Match key:
* hdr.ipv4.dstAddr              : LPM       0a00040a/32
* standard_metadata.ingress_port: EXACT     0001
Action entry: MyIngress.ipv4_forward - a00040a,4,

[06:04:56.872] [bmv2] [T] [thread 247291] bm_table_add_entry
[06:04:56.872] [bmv2] [D] [thread 247291] Entry 55 added to table 'MyIngress.ipv4_lpm'
[06:04:56.872] [bmv2] [D] [thread 247291] Dumping entry 55
Match key:
* hdr.ipv4.dstAddr              : LPM       0a00040b/32
* standard_metadata.ingress_port: EXACT     0001
Action entry: MyIngress.ipv4_forward - a00040b,5,

[06:04:56.873] [bmv2] [T] [thread 247291] bm_table_add_entry
[06:04:56.873] [bmv2] [D] [thread 247291] Entry 56 added to table 'MyIngress.ipv4_lpm'
[06:04:56.873] [bmv2] [D] [thread 247291] Dumping entry 56
Match key:
* hdr.ipv4.dstAddr              : LPM       0a00040c/32
* standard_metadata.ingress_port: EXACT     0001
Action entry: MyIngress.ipv4_forward - a00040c,6,

[06:04:56.874] [bmv2] [T] [thread 247291] bm_table_add_entry
[06:04:56.874] [bmv2] [D] [thread 247291] Entry 57 added to table 'MyIngress.ipv4_lpm'
[06:04:56.874] [bmv2] [D] [thread 247291] Dumping entry 57
Match key:
* hdr.ipv4.dstAddr              : LPM       0a00050d/32
* standard_metadata.ingress_port: EXACT     0001
Action entry: MyIngress.ipv4_forward - a00050d,4,

[06:04:56.874] [bmv2] [T] [thread 247291] bm_table_add_entry
[06:04:56.875] [bmv2] [D] [thread 247291] Entry 58 added to table 'MyIngress.ipv4_lpm'
[06:04:56.875] [bmv2] [D] [thread 247291] Dumping entry 58
Match key:
* hdr.ipv4.dstAddr              : LPM       0a00050e/32
* standard_metadata.ingress_port: EXACT     0001
Action entry: MyIngress.ipv4_forward - a00050e,5,

[06:04:56.875] [bmv2] [T] [thread 247291] bm_table_add_entry
[06:04:56.875] [bmv2] [D] [thread 247291] Entry 59 added to table 'MyIngress.ipv4_lpm'
[06:04:56.875] [bmv2] [D] [thread 247291] Dumping entry 59
Match key:
* hdr.ipv4.dstAddr              : LPM       0a00050f/32
* standard_metadata.ingress_port: EXACT     0001
Action entry: MyIngress.ipv4_forward - a00050f,6,

[06:04:56.876] [bmv2] [T] [thread 247291] bm_table_add_entry
[06:04:56.876] [bmv2] [D] [thread 247291] Entry 60 added to table 'MyIngress.ipv4_lpm'
[06:04:56.876] [bmv2] [D] [thread 247291] Dumping entry 60
Match key:
* hdr.ipv4.dstAddr              : LPM       0a000610/32
* standard_metadata.ingress_port: EXACT     0001
Action entry: MyIngress.ipv4_forward - a000610,4,

[06:04:56.877] [bmv2] [T] [thread 247291] bm_table_add_entry
[06:04:56.877] [bmv2] [D] [thread 247291] Entry 61 added to table 'MyIngress.ipv4_lpm'
[06:04:56.877] [bmv2] [D] [thread 247291] Dumping entry 61
Match key:
* hdr.ipv4.dstAddr              : LPM       0a000611/32
* standard_metadata.ingress_port: EXACT     0001
Action entry: MyIngress.ipv4_forward - a000611,5,

[06:04:56.878] [bmv2] [T] [thread 247291] bm_table_add_entry
[06:04:56.878] [bmv2] [D] [thread 247291] Entry 62 added to table 'MyIngress.ipv4_lpm'
[06:04:56.878] [bmv2] [D] [thread 247291] Dumping entry 62
Match key:
* hdr.ipv4.dstAddr              : LPM       0a000612/32
* standard_metadata.ingress_port: EXACT     0001
Action entry: MyIngress.ipv4_forward - a000612,6,

[06:04:56.879] [bmv2] [T] [thread 247291] bm_table_add_entry
[06:04:56.879] [bmv2] [D] [thread 247291] Entry 63 added to table 'MyIngress.ipv4_lpm'
[06:04:56.879] [bmv2] [D] [thread 247291] Dumping entry 63
Match key:
* hdr.ipv4.dstAddr              : LPM       0a000713/32
* standard_metadata.ingress_port: EXACT     0001
Action entry: MyIngress.ipv4_forward - a000713,4,

[06:04:56.880] [bmv2] [T] [thread 247291] bm_table_add_entry
[06:04:56.880] [bmv2] [D] [thread 247291] Entry 64 added to table 'MyIngress.ipv4_lpm'
[06:04:56.880] [bmv2] [D] [thread 247291] Dumping entry 64
Match key:
* hdr.ipv4.dstAddr              : LPM       0a000714/32
* standard_metadata.ingress_port: EXACT     0001
Action entry: MyIngress.ipv4_forward - a000714,5,

[06:04:56.880] [bmv2] [T] [thread 247291] bm_table_add_entry
[06:04:56.881] [bmv2] [D] [thread 247291] Entry 65 added to table 'MyIngress.ipv4_lpm'
[06:04:56.881] [bmv2] [D] [thread 247291] Dumping entry 65
Match key:
* hdr.ipv4.dstAddr              : LPM       0a000715/32
* standard_metadata.ingress_port: EXACT     0001
Action entry: MyIngress.ipv4_forward - a000715,6,

[06:04:56.881] [bmv2] [T] [thread 247291] bm_table_add_entry
[06:04:56.881] [bmv2] [D] [thread 247291] Entry 66 added to table 'MyIngress.ipv4_lpm'
[06:04:56.881] [bmv2] [D] [thread 247291] Dumping entry 66
Match key:
* hdr.ipv4.dstAddr              : LPM       0a000816/32
* standard_metadata.ingress_port: EXACT     0001
Action entry: MyIngress.ipv4_forward - a000816,4,

[06:04:56.882] [bmv2] [T] [thread 247291] bm_table_add_entry
[06:04:56.882] [bmv2] [D] [thread 247291] Entry 67 added to table 'MyIngress.ipv4_lpm'
[06:04:56.882] [bmv2] [D] [thread 247291] Dumping entry 67
Match key:
* hdr.ipv4.dstAddr              : LPM       0a000817/32
* standard_metadata.ingress_port: EXACT     0001
Action entry: MyIngress.ipv4_forward - a000817,5,

[06:04:56.883] [bmv2] [T] [thread 247291] bm_table_add_entry
[06:04:56.883] [bmv2] [D] [thread 247291] Entry 68 added to table 'MyIngress.ipv4_lpm'
[06:04:56.883] [bmv2] [D] [thread 247291] Dumping entry 68
Match key:
* hdr.ipv4.dstAddr              : LPM       0a000818/32
* standard_metadata.ingress_port: EXACT     0001
Action entry: MyIngress.ipv4_forward - a000818,6,

[06:04:56.883] [bmv2] [T] [thread 247291] bm_table_add_entry
[06:04:56.884] [bmv2] [D] [thread 247291] Entry 69 added to table 'MyIngress.ipv4_lpm'
[06:04:56.884] [bmv2] [D] [thread 247291] Dumping entry 69
Match key:
* hdr.ipv4.dstAddr              : LPM       0a000919/32
* standard_metadata.ingress_port: EXACT     0001
Action entry: MyIngress.ipv4_forward - a000919,4,

[06:04:56.884] [bmv2] [T] [thread 247291] bm_table_add_entry
[06:04:56.884] [bmv2] [D] [thread 247291] Entry 70 added to table 'MyIngress.ipv4_lpm'
[06:04:56.884] [bmv2] [D] [thread 247291] Dumping entry 70
Match key:
* hdr.ipv4.dstAddr              : LPM       0a00091a/32
* standard_metadata.ingress_port: EXACT     0001
Action entry: MyIngress.ipv4_forward - a00091a,5,

[06:04:56.885] [bmv2] [T] [thread 247291] bm_table_add_entry
[06:04:56.885] [bmv2] [D] [thread 247291] Entry 71 added to table 'MyIngress.ipv4_lpm'
[06:04:56.885] [bmv2] [D] [thread 247291] Dumping entry 71
Match key:
* hdr.ipv4.dstAddr              : LPM       0a00091b/32
* standard_metadata.ingress_port: EXACT     0001
Action entry: MyIngress.ipv4_forward - a00091b,6,

[06:04:56.886] [bmv2] [T] [thread 247291] bm_table_add_entry
[06:04:56.886] [bmv2] [D] [thread 247291] Entry 72 added to table 'MyIngress.ipv4_lpm'
[06:04:56.886] [bmv2] [D] [thread 247291] Dumping entry 72
Match key:
* hdr.ipv4.dstAddr              : LPM       0a000a1c/32
* standard_metadata.ingress_port: EXACT     0001
Action entry: MyIngress.ipv4_forward - a000a1c,1,

[06:04:56.887] [bmv2] [T] [thread 247291] bm_table_add_entry
[06:04:56.887] [bmv2] [D] [thread 247291] Entry 73 added to table 'MyIngress.ipv4_lpm'
[06:04:56.887] [bmv2] [D] [thread 247291] Dumping entry 73
Match key:
* hdr.ipv4.dstAddr              : LPM       0a000a1d/32
* standard_metadata.ingress_port: EXACT     0001
Action entry: MyIngress.ipv4_forward - a000a1d,1,

[06:04:56.888] [bmv2] [T] [thread 247291] bm_table_add_entry
[06:04:56.888] [bmv2] [D] [thread 247291] Entry 74 added to table 'MyIngress.ipv4_lpm'
[06:04:56.888] [bmv2] [D] [thread 247291] Dumping entry 74
Match key:
* hdr.ipv4.dstAddr              : LPM       0a000a1e/32
* standard_metadata.ingress_port: EXACT     0001
Action entry: MyIngress.ipv4_forward - a000a1e,1,

[06:04:56.889] [bmv2] [T] [thread 247291] bm_table_add_entry
[06:04:56.889] [bmv2] [E] [thread 247291] Error when trying to add entry to table 'MyIngress.ipv4_lpm': DUPLICATE_ENTRY
[06:04:56.889] [bmv2] [T] [thread 247291] bm_table_add_entry
[06:04:56.890] [bmv2] [E] [thread 247291] Error when trying to add entry to table 'MyIngress.ipv4_lpm': DUPLICATE_ENTRY
[06:04:56.890] [bmv2] [T] [thread 247291] bm_table_add_entry
[06:04:56.890] [bmv2] [E] [thread 247291] Error when trying to add entry to table 'MyIngress.ipv4_lpm': DUPLICATE_ENTRY
[06:04:56.891] [bmv2] [T] [thread 247291] bm_table_add_entry
[06:04:56.891] [bmv2] [E] [thread 247291] Error when trying to add entry to table 'MyIngress.ipv4_lpm': DUPLICATE_ENTRY
[06:04:56.892] [bmv2] [T] [thread 247291] bm_table_add_entry
[06:04:56.892] [bmv2] [E] [thread 247291] Error when trying to add entry to table 'MyIngress.ipv4_lpm': DUPLICATE_ENTRY
[06:04:56.892] [bmv2] [T] [thread 247291] bm_table_add_entry
[06:04:56.892] [bmv2] [E] [thread 247291] Error when trying to add entry to table 'MyIngress.ipv4_lpm': DUPLICATE_ENTRY
[06:04:56.893] [bmv2] [T] [thread 247291] bm_table_add_entry
[06:04:56.893] [bmv2] [D] [thread 247291] Entry 75 added to table 'MyIngress.ipv4_lpm'
[06:04:56.893] [bmv2] [D] [thread 247291] Dumping entry 75
Match key:
* hdr.ipv4.dstAddr              : LPM       0a000d25/32
* standard_metadata.ingress_port: EXACT     0001
Action entry: MyIngress.ipv4_forward - a000d25,4,

[06:04:56.894] [bmv2] [T] [thread 247291] bm_table_add_entry
[06:04:56.894] [bmv2] [D] [thread 247291] Entry 76 added to table 'MyIngress.ipv4_lpm'
[06:04:56.894] [bmv2] [D] [thread 247291] Dumping entry 76
Match key:
* hdr.ipv4.dstAddr              : LPM       0a000d26/32
* standard_metadata.ingress_port: EXACT     0001
Action entry: MyIngress.ipv4_forward - a000d26,5,

[06:04:56.895] [bmv2] [T] [thread 247291] bm_table_add_entry
[06:04:56.895] [bmv2] [D] [thread 247291] Entry 77 added to table 'MyIngress.ipv4_lpm'
[06:04:56.895] [bmv2] [D] [thread 247291] Dumping entry 77
Match key:
* hdr.ipv4.dstAddr              : LPM       0a000d27/32
* standard_metadata.ingress_port: EXACT     0001
Action entry: MyIngress.ipv4_forward - a000d27,6,

[06:04:56.896] [bmv2] [T] [thread 247291] bm_table_add_entry
[06:04:56.896] [bmv2] [D] [thread 247291] Entry 78 added to table 'MyIngress.ipv4_lpm'
[06:04:56.896] [bmv2] [D] [thread 247291] Dumping entry 78
Match key:
* hdr.ipv4.dstAddr              : LPM       0a000e28/32
* standard_metadata.ingress_port: EXACT     0001
Action entry: MyIngress.ipv4_forward - a000e28,4,

[06:04:56.896] [bmv2] [T] [thread 247291] bm_table_add_entry
[06:04:56.896] [bmv2] [D] [thread 247291] Entry 79 added to table 'MyIngress.ipv4_lpm'
[06:04:56.897] [bmv2] [D] [thread 247291] Dumping entry 79
Match key:
* hdr.ipv4.dstAddr              : LPM       0a000e29/32
* standard_metadata.ingress_port: EXACT     0001
Action entry: MyIngress.ipv4_forward - a000e29,5,

[06:04:56.897] [bmv2] [T] [thread 247291] bm_table_add_entry
[06:04:56.897] [bmv2] [D] [thread 247291] Entry 80 added to table 'MyIngress.ipv4_lpm'
[06:04:56.897] [bmv2] [D] [thread 247291] Dumping entry 80
Match key:
* hdr.ipv4.dstAddr              : LPM       0a000e2a/32
* standard_metadata.ingress_port: EXACT     0001
Action entry: MyIngress.ipv4_forward - a000e2a,6,

[06:04:56.898] [bmv2] [T] [thread 247291] bm_table_add_entry
[06:04:56.898] [bmv2] [D] [thread 247291] Entry 81 added to table 'MyIngress.ipv4_lpm'
[06:04:56.898] [bmv2] [D] [thread 247291] Dumping entry 81
Match key:
* hdr.ipv4.dstAddr              : LPM       0a000f2b/32
* standard_metadata.ingress_port: EXACT     0001
Action entry: MyIngress.ipv4_forward - a000f2b,4,

[06:04:56.899] [bmv2] [T] [thread 247291] bm_table_add_entry
[06:04:56.899] [bmv2] [D] [thread 247291] Entry 82 added to table 'MyIngress.ipv4_lpm'
[06:04:56.899] [bmv2] [D] [thread 247291] Dumping entry 82
Match key:
* hdr.ipv4.dstAddr              : LPM       0a000f2c/32
* standard_metadata.ingress_port: EXACT     0001
Action entry: MyIngress.ipv4_forward - a000f2c,5,

[06:04:56.900] [bmv2] [T] [thread 247291] bm_table_add_entry
[06:04:56.900] [bmv2] [D] [thread 247291] Entry 83 added to table 'MyIngress.ipv4_lpm'
[06:04:56.900] [bmv2] [D] [thread 247291] Dumping entry 83
Match key:
* hdr.ipv4.dstAddr              : LPM       0a000f2d/32
* standard_metadata.ingress_port: EXACT     0001
Action entry: MyIngress.ipv4_forward - a000f2d,6,

[06:04:56.901] [bmv2] [T] [thread 247291] bm_table_add_entry
[06:04:56.901] [bmv2] [D] [thread 247291] Entry 84 added to table 'MyIngress.ipv4_lpm'
[06:04:56.901] [bmv2] [D] [thread 247291] Dumping entry 84
Match key:
* hdr.ipv4.dstAddr              : LPM       0a00102e/32
* standard_metadata.ingress_port: EXACT     0001
Action entry: MyIngress.ipv4_forward - a00102e,4,

[06:04:56.901] [bmv2] [T] [thread 247291] bm_table_add_entry
[06:04:56.901] [bmv2] [D] [thread 247291] Entry 85 added to table 'MyIngress.ipv4_lpm'
[06:04:56.902] [bmv2] [D] [thread 247291] Dumping entry 85
Match key:
* hdr.ipv4.dstAddr              : LPM       0a00102f/32
* standard_metadata.ingress_port: EXACT     0001
Action entry: MyIngress.ipv4_forward - a00102f,5,

[06:04:56.902] [bmv2] [T] [thread 247291] bm_table_add_entry
[06:04:56.902] [bmv2] [D] [thread 247291] Entry 86 added to table 'MyIngress.ipv4_lpm'
[06:04:56.902] [bmv2] [D] [thread 247291] Dumping entry 86
Match key:
* hdr.ipv4.dstAddr              : LPM       0a001030/32
* standard_metadata.ingress_port: EXACT     0001
Action entry: MyIngress.ipv4_forward - a001030,6,

[06:04:56.903] [bmv2] [T] [thread 247291] bm_table_add_entry
[06:04:56.903] [bmv2] [D] [thread 247291] Entry 87 added to table 'MyIngress.ipv4_lpm'
[06:04:56.903] [bmv2] [D] [thread 247291] Dumping entry 87
Match key:
* hdr.ipv4.dstAddr              : LPM       0a001131/32
* standard_metadata.ingress_port: EXACT     0001
Action entry: MyIngress.ipv4_forward - a001131,4,

[06:04:56.904] [bmv2] [T] [thread 247291] bm_table_add_entry
[06:04:56.904] [bmv2] [D] [thread 247291] Entry 88 added to table 'MyIngress.ipv4_lpm'
[06:04:56.904] [bmv2] [D] [thread 247291] Dumping entry 88
Match key:
* hdr.ipv4.dstAddr              : LPM       0a001132/32
* standard_metadata.ingress_port: EXACT     0001
Action entry: MyIngress.ipv4_forward - a001132,5,

[06:04:56.904] [bmv2] [T] [thread 247291] bm_table_add_entry
[06:04:56.904] [bmv2] [D] [thread 247291] Entry 89 added to table 'MyIngress.ipv4_lpm'
[06:04:56.905] [bmv2] [D] [thread 247291] Dumping entry 89
Match key:
* hdr.ipv4.dstAddr              : LPM       0a001133/32
* standard_metadata.ingress_port: EXACT     0001
Action entry: MyIngress.ipv4_forward - a001133,6,

[06:04:56.905] [bmv2] [T] [thread 247291] bm_table_add_entry
[06:04:56.905] [bmv2] [D] [thread 247291] Entry 90 added to table 'MyIngress.ipv4_lpm'
[06:04:56.905] [bmv2] [D] [thread 247291] Dumping entry 90
Match key:
* hdr.ipv4.dstAddr              : LPM       0a001234/32
* standard_metadata.ingress_port: EXACT     0001
Action entry: MyIngress.ipv4_forward - a001234,4,

[06:04:56.906] [bmv2] [T] [thread 247291] bm_table_add_entry
[06:04:56.906] [bmv2] [D] [thread 247291] Entry 91 added to table 'MyIngress.ipv4_lpm'
[06:04:56.906] [bmv2] [D] [thread 247291] Dumping entry 91
Match key:
* hdr.ipv4.dstAddr              : LPM       0a001235/32
* standard_metadata.ingress_port: EXACT     0001
Action entry: MyIngress.ipv4_forward - a001235,5,

[06:04:56.907] [bmv2] [T] [thread 247291] bm_table_add_entry
[06:04:56.907] [bmv2] [D] [thread 247291] Entry 92 added to table 'MyIngress.ipv4_lpm'
[06:04:56.907] [bmv2] [D] [thread 247291] Dumping entry 92
Match key:
* hdr.ipv4.dstAddr              : LPM       0a001236/32
* standard_metadata.ingress_port: EXACT     0001
Action entry: MyIngress.ipv4_forward - a001236,6,

[06:04:56.907] [bmv2] [T] [thread 247291] bm_table_add_entry
[06:04:56.908] [bmv2] [D] [thread 247291] Entry 93 added to table 'MyIngress.ipv4_lpm'
[06:04:56.908] [bmv2] [D] [thread 247291] Dumping entry 93
Match key:
* hdr.ipv4.dstAddr              : LPM       0a000101/32
* standard_metadata.ingress_port: EXACT     0002
Action entry: MyIngress.ipv4_forward - a000101,4,

[06:04:56.908] [bmv2] [T] [thread 247291] bm_table_add_entry
[06:04:56.908] [bmv2] [D] [thread 247291] Entry 94 added to table 'MyIngress.ipv4_lpm'
[06:04:56.909] [bmv2] [D] [thread 247291] Dumping entry 94
Match key:
* hdr.ipv4.dstAddr              : LPM       0a000102/32
* standard_metadata.ingress_port: EXACT     0002
Action entry: MyIngress.ipv4_forward - a000102,5,

[06:04:56.909] [bmv2] [T] [thread 247291] bm_table_add_entry
[06:04:56.909] [bmv2] [D] [thread 247291] Entry 95 added to table 'MyIngress.ipv4_lpm'
[06:04:56.909] [bmv2] [D] [thread 247291] Dumping entry 95
Match key:
* hdr.ipv4.dstAddr              : LPM       0a000103/32
* standard_metadata.ingress_port: EXACT     0002
Action entry: MyIngress.ipv4_forward - a000103,6,

[06:04:56.910] [bmv2] [T] [thread 247291] bm_table_add_entry
[06:04:56.910] [bmv2] [D] [thread 247291] Entry 96 added to table 'MyIngress.ipv4_lpm'
[06:04:56.910] [bmv2] [D] [thread 247291] Dumping entry 96
Match key:
* hdr.ipv4.dstAddr              : LPM       0a000204/32
* standard_metadata.ingress_port: EXACT     0002
Action entry: MyIngress.ipv4_forward - a000204,4,

[06:04:56.911] [bmv2] [T] [thread 247291] bm_table_add_entry
[06:04:56.911] [bmv2] [D] [thread 247291] Entry 97 added to table 'MyIngress.ipv4_lpm'
[06:04:56.911] [bmv2] [D] [thread 247291] Dumping entry 97
Match key:
* hdr.ipv4.dstAddr              : LPM       0a000205/32
* standard_metadata.ingress_port: EXACT     0002
Action entry: MyIngress.ipv4_forward - a000205,5,

[06:04:56.912] [bmv2] [T] [thread 247291] bm_table_add_entry
[06:04:56.912] [bmv2] [D] [thread 247291] Entry 98 added to table 'MyIngress.ipv4_lpm'
[06:04:56.913] [bmv2] [D] [thread 247291] Dumping entry 98
Match key:
* hdr.ipv4.dstAddr              : LPM       0a000206/32
* standard_metadata.ingress_port: EXACT     0002
Action entry: MyIngress.ipv4_forward - a000206,6,

[06:04:56.913] [bmv2] [T] [thread 247291] bm_table_add_entry
[06:04:56.914] [bmv2] [D] [thread 247291] Entry 99 added to table 'MyIngress.ipv4_lpm'
[06:04:56.914] [bmv2] [D] [thread 247291] Dumping entry 99
Match key:
* hdr.ipv4.dstAddr              : LPM       0a000307/32
* standard_metadata.ingress_port: EXACT     0002
Action entry: MyIngress.ipv4_forward - a000307,4,

[06:04:56.914] [bmv2] [T] [thread 247291] bm_table_add_entry
[06:04:56.914] [bmv2] [D] [thread 247291] Entry 100 added to table 'MyIngress.ipv4_lpm'
[06:04:56.915] [bmv2] [D] [thread 247291] Dumping entry 100
Match key:
* hdr.ipv4.dstAddr              : LPM       0a000308/32
* standard_metadata.ingress_port: EXACT     0002
Action entry: MyIngress.ipv4_forward - a000308,5,

[06:04:56.915] [bmv2] [T] [thread 247291] bm_table_add_entry
[06:04:56.915] [bmv2] [D] [thread 247291] Entry 101 added to table 'MyIngress.ipv4_lpm'
[06:04:56.915] [bmv2] [D] [thread 247291] Dumping entry 101
Match key:
* hdr.ipv4.dstAddr              : LPM       0a000309/32
* standard_metadata.ingress_port: EXACT     0002
Action entry: MyIngress.ipv4_forward - a000309,6,

[06:04:56.916] [bmv2] [T] [thread 247291] bm_table_add_entry
[06:04:56.916] [bmv2] [D] [thread 247291] Entry 102 added to table 'MyIngress.ipv4_lpm'
[06:04:56.916] [bmv2] [D] [thread 247291] Dumping entry 102
Match key:
* hdr.ipv4.dstAddr              : LPM       0a00040a/32
* standard_metadata.ingress_port: EXACT     0002
Action entry: MyIngress.ipv4_forward - a00040a,4,

[06:04:56.917] [bmv2] [T] [thread 247291] bm_table_add_entry
[06:04:56.917] [bmv2] [D] [thread 247291] Entry 103 added to table 'MyIngress.ipv4_lpm'
[06:04:56.917] [bmv2] [D] [thread 247291] Dumping entry 103
Match key:
* hdr.ipv4.dstAddr              : LPM       0a00040b/32
* standard_metadata.ingress_port: EXACT     0002
Action entry: MyIngress.ipv4_forward - a00040b,5,

[06:04:56.918] [bmv2] [T] [thread 247291] bm_table_add_entry
[06:04:56.918] [bmv2] [D] [thread 247291] Entry 104 added to table 'MyIngress.ipv4_lpm'
[06:04:56.918] [bmv2] [D] [thread 247291] Dumping entry 104
Match key:
* hdr.ipv4.dstAddr              : LPM       0a00040c/32
* standard_metadata.ingress_port: EXACT     0002
Action entry: MyIngress.ipv4_forward - a00040c,6,

[06:04:56.919] [bmv2] [T] [thread 247291] bm_table_add_entry
[06:04:56.919] [bmv2] [D] [thread 247291] Entry 105 added to table 'MyIngress.ipv4_lpm'
[06:04:56.919] [bmv2] [D] [thread 247291] Dumping entry 105
Match key:
* hdr.ipv4.dstAddr              : LPM       0a00050d/32
* standard_metadata.ingress_port: EXACT     0002
Action entry: MyIngress.ipv4_forward - a00050d,4,

[06:04:56.920] [bmv2] [T] [thread 247291] bm_table_add_entry
[06:04:56.920] [bmv2] [D] [thread 247291] Entry 106 added to table 'MyIngress.ipv4_lpm'
[06:04:56.920] [bmv2] [D] [thread 247291] Dumping entry 106
Match key:
* hdr.ipv4.dstAddr              : LPM       0a00050e/32
* standard_metadata.ingress_port: EXACT     0002
Action entry: MyIngress.ipv4_forward - a00050e,5,

[06:04:56.921] [bmv2] [T] [thread 247291] bm_table_add_entry
[06:04:56.921] [bmv2] [D] [thread 247291] Entry 107 added to table 'MyIngress.ipv4_lpm'
[06:04:56.921] [bmv2] [D] [thread 247291] Dumping entry 107
Match key:
* hdr.ipv4.dstAddr              : LPM       0a00050f/32
* standard_metadata.ingress_port: EXACT     0002
Action entry: MyIngress.ipv4_forward - a00050f,6,

[06:04:56.922] [bmv2] [T] [thread 247291] bm_table_add_entry
[06:04:56.922] [bmv2] [D] [thread 247291] Entry 108 added to table 'MyIngress.ipv4_lpm'
[06:04:56.922] [bmv2] [D] [thread 247291] Dumping entry 108
Match key:
* hdr.ipv4.dstAddr              : LPM       0a000610/32
* standard_metadata.ingress_port: EXACT     0002
Action entry: MyIngress.ipv4_forward - a000610,4,

[06:04:56.923] [bmv2] [T] [thread 247291] bm_table_add_entry
[06:04:56.923] [bmv2] [D] [thread 247291] Entry 109 added to table 'MyIngress.ipv4_lpm'
[06:04:56.923] [bmv2] [D] [thread 247291] Dumping entry 109
Match key:
* hdr.ipv4.dstAddr              : LPM       0a000611/32
* standard_metadata.ingress_port: EXACT     0002
Action entry: MyIngress.ipv4_forward - a000611,5,

[06:04:56.924] [bmv2] [T] [thread 247291] bm_table_add_entry
[06:04:56.924] [bmv2] [D] [thread 247291] Entry 110 added to table 'MyIngress.ipv4_lpm'
[06:04:56.924] [bmv2] [D] [thread 247291] Dumping entry 110
Match key:
* hdr.ipv4.dstAddr              : LPM       0a000612/32
* standard_metadata.ingress_port: EXACT     0002
Action entry: MyIngress.ipv4_forward - a000612,6,

[06:04:56.925] [bmv2] [T] [thread 247291] bm_table_add_entry
[06:04:56.925] [bmv2] [D] [thread 247291] Entry 111 added to table 'MyIngress.ipv4_lpm'
[06:04:56.925] [bmv2] [D] [thread 247291] Dumping entry 111
Match key:
* hdr.ipv4.dstAddr              : LPM       0a000713/32
* standard_metadata.ingress_port: EXACT     0002
Action entry: MyIngress.ipv4_forward - a000713,4,

[06:04:56.925] [bmv2] [T] [thread 247291] bm_table_add_entry
[06:04:56.925] [bmv2] [D] [thread 247291] Entry 112 added to table 'MyIngress.ipv4_lpm'
[06:04:56.926] [bmv2] [D] [thread 247291] Dumping entry 112
Match key:
* hdr.ipv4.dstAddr              : LPM       0a000714/32
* standard_metadata.ingress_port: EXACT     0002
Action entry: MyIngress.ipv4_forward - a000714,5,

[06:04:56.926] [bmv2] [T] [thread 247291] bm_table_add_entry
[06:04:56.926] [bmv2] [D] [thread 247291] Entry 113 added to table 'MyIngress.ipv4_lpm'
[06:04:56.926] [bmv2] [D] [thread 247291] Dumping entry 113
Match key:
* hdr.ipv4.dstAddr              : LPM       0a000715/32
* standard_metadata.ingress_port: EXACT     0002
Action entry: MyIngress.ipv4_forward - a000715,6,

[06:04:56.927] [bmv2] [T] [thread 247291] bm_table_add_entry
[06:04:56.927] [bmv2] [D] [thread 247291] Entry 114 added to table 'MyIngress.ipv4_lpm'
[06:04:56.927] [bmv2] [D] [thread 247291] Dumping entry 114
Match key:
* hdr.ipv4.dstAddr              : LPM       0a000816/32
* standard_metadata.ingress_port: EXACT     0002
Action entry: MyIngress.ipv4_forward - a000816,4,

[06:04:56.928] [bmv2] [T] [thread 247291] bm_table_add_entry
[06:04:56.928] [bmv2] [D] [thread 247291] Entry 115 added to table 'MyIngress.ipv4_lpm'
[06:04:56.928] [bmv2] [D] [thread 247291] Dumping entry 115
Match key:
* hdr.ipv4.dstAddr              : LPM       0a000817/32
* standard_metadata.ingress_port: EXACT     0002
Action entry: MyIngress.ipv4_forward - a000817,5,

[06:04:56.929] [bmv2] [T] [thread 247291] bm_table_add_entry
[06:04:56.929] [bmv2] [D] [thread 247291] Entry 116 added to table 'MyIngress.ipv4_lpm'
[06:04:56.929] [bmv2] [D] [thread 247291] Dumping entry 116
Match key:
* hdr.ipv4.dstAddr              : LPM       0a000818/32
* standard_metadata.ingress_port: EXACT     0002
Action entry: MyIngress.ipv4_forward - a000818,6,

[06:04:56.929] [bmv2] [T] [thread 247291] bm_table_add_entry
[06:04:56.930] [bmv2] [D] [thread 247291] Entry 117 added to table 'MyIngress.ipv4_lpm'
[06:04:56.930] [bmv2] [D] [thread 247291] Dumping entry 117
Match key:
* hdr.ipv4.dstAddr              : LPM       0a000919/32
* standard_metadata.ingress_port: EXACT     0002
Action entry: MyIngress.ipv4_forward - a000919,4,

[06:04:56.930] [bmv2] [T] [thread 247291] bm_table_add_entry
[06:04:56.930] [bmv2] [D] [thread 247291] Entry 118 added to table 'MyIngress.ipv4_lpm'
[06:04:56.930] [bmv2] [D] [thread 247291] Dumping entry 118
Match key:
* hdr.ipv4.dstAddr              : LPM       0a00091a/32
* standard_metadata.ingress_port: EXACT     0002
Action entry: MyIngress.ipv4_forward - a00091a,5,

[06:04:56.931] [bmv2] [T] [thread 247291] bm_table_add_entry
[06:04:56.931] [bmv2] [D] [thread 247291] Entry 119 added to table 'MyIngress.ipv4_lpm'
[06:04:56.931] [bmv2] [D] [thread 247291] Dumping entry 119
Match key:
* hdr.ipv4.dstAddr              : LPM       0a00091b/32
* standard_metadata.ingress_port: EXACT     0002
Action entry: MyIngress.ipv4_forward - a00091b,6,

[06:04:56.932] [bmv2] [T] [thread 247291] bm_table_add_entry
[06:04:56.932] [bmv2] [E] [thread 247291] Error when trying to add entry to table 'MyIngress.ipv4_lpm': DUPLICATE_ENTRY
[06:04:56.933] [bmv2] [T] [thread 247291] bm_table_add_entry
[06:04:56.933] [bmv2] [E] [thread 247291] Error when trying to add entry to table 'MyIngress.ipv4_lpm': DUPLICATE_ENTRY
[06:04:56.933] [bmv2] [T] [thread 247291] bm_table_add_entry
[06:04:56.934] [bmv2] [E] [thread 247291] Error when trying to add entry to table 'MyIngress.ipv4_lpm': DUPLICATE_ENTRY
[06:04:56.934] [bmv2] [T] [thread 247291] bm_table_add_entry
[06:04:56.934] [bmv2] [D] [thread 247291] Entry 120 added to table 'MyIngress.ipv4_lpm'
[06:04:56.934] [bmv2] [D] [thread 247291] Dumping entry 120
Match key:
* hdr.ipv4.dstAddr              : LPM       0a000b1f/32
* standard_metadata.ingress_port: EXACT     0002
Action entry: MyIngress.ipv4_forward - a000b1f,2,

[06:04:56.935] [bmv2] [T] [thread 247291] bm_table_add_entry
[06:04:56.935] [bmv2] [D] [thread 247291] Entry 121 added to table 'MyIngress.ipv4_lpm'
[06:04:56.935] [bmv2] [D] [thread 247291] Dumping entry 121
Match key:
* hdr.ipv4.dstAddr              : LPM       0a000b20/32
* standard_metadata.ingress_port: EXACT     0002
Action entry: MyIngress.ipv4_forward - a000b20,2,

[06:04:56.936] [bmv2] [T] [thread 247291] bm_table_add_entry
[06:04:56.936] [bmv2] [D] [thread 247291] Entry 122 added to table 'MyIngress.ipv4_lpm'
[06:04:56.936] [bmv2] [D] [thread 247291] Dumping entry 122
Match key:
* hdr.ipv4.dstAddr              : LPM       0a000b21/32
* standard_metadata.ingress_port: EXACT     0002
Action entry: MyIngress.ipv4_forward - a000b21,2,

[06:04:56.936] [bmv2] [T] [thread 247291] bm_table_add_entry
[06:04:56.937] [bmv2] [E] [thread 247291] Error when trying to add entry to table 'MyIngress.ipv4_lpm': DUPLICATE_ENTRY
[06:04:56.937] [bmv2] [T] [thread 247291] bm_table_add_entry
[06:04:56.937] [bmv2] [E] [thread 247291] Error when trying to add entry to table 'MyIngress.ipv4_lpm': DUPLICATE_ENTRY
[06:04:56.938] [bmv2] [T] [thread 247291] bm_table_add_entry
[06:04:56.938] [bmv2] [E] [thread 247291] Error when trying to add entry to table 'MyIngress.ipv4_lpm': DUPLICATE_ENTRY
[06:04:56.939] [bmv2] [T] [thread 247291] bm_table_add_entry
[06:04:56.939] [bmv2] [D] [thread 247291] Entry 123 added to table 'MyIngress.ipv4_lpm'
[06:04:56.939] [bmv2] [D] [thread 247291] Dumping entry 123
Match key:
* hdr.ipv4.dstAddr              : LPM       0a000d25/32
* standard_metadata.ingress_port: EXACT     0002
Action entry: MyIngress.ipv4_forward - a000d25,4,

[06:04:56.939] [bmv2] [T] [thread 247291] bm_table_add_entry
[06:04:56.940] [bmv2] [D] [thread 247291] Entry 124 added to table 'MyIngress.ipv4_lpm'
[06:04:56.940] [bmv2] [D] [thread 247291] Dumping entry 124
Match key:
* hdr.ipv4.dstAddr              : LPM       0a000d26/32
* standard_metadata.ingress_port: EXACT     0002
Action entry: MyIngress.ipv4_forward - a000d26,5,

[06:04:56.940] [bmv2] [T] [thread 247291] bm_table_add_entry
[06:04:56.940] [bmv2] [D] [thread 247291] Entry 125 added to table 'MyIngress.ipv4_lpm'
[06:04:56.940] [bmv2] [D] [thread 247291] Dumping entry 125
Match key:
* hdr.ipv4.dstAddr              : LPM       0a000d27/32
* standard_metadata.ingress_port: EXACT     0002
Action entry: MyIngress.ipv4_forward - a000d27,6,

[06:04:56.941] [bmv2] [T] [thread 247291] bm_table_add_entry
[06:04:56.941] [bmv2] [D] [thread 247291] Entry 126 added to table 'MyIngress.ipv4_lpm'
[06:04:56.941] [bmv2] [D] [thread 247291] Dumping entry 126
Match key:
* hdr.ipv4.dstAddr              : LPM       0a000e28/32
* standard_metadata.ingress_port: EXACT     0002
Action entry: MyIngress.ipv4_forward - a000e28,4,

[06:04:56.942] [bmv2] [T] [thread 247291] bm_table_add_entry
[06:04:56.942] [bmv2] [D] [thread 247291] Entry 127 added to table 'MyIngress.ipv4_lpm'
[06:04:56.942] [bmv2] [D] [thread 247291] Dumping entry 127
Match key:
* hdr.ipv4.dstAddr              : LPM       0a000e29/32
* standard_metadata.ingress_port: EXACT     0002
Action entry: MyIngress.ipv4_forward - a000e29,5,

[06:04:56.943] [bmv2] [T] [thread 247291] bm_table_add_entry
[06:04:56.943] [bmv2] [D] [thread 247291] Entry 128 added to table 'MyIngress.ipv4_lpm'
[06:04:56.943] [bmv2] [D] [thread 247291] Dumping entry 128
Match key:
* hdr.ipv4.dstAddr              : LPM       0a000e2a/32
* standard_metadata.ingress_port: EXACT     0002
Action entry: MyIngress.ipv4_forward - a000e2a,6,

[06:04:56.943] [bmv2] [T] [thread 247291] bm_table_add_entry
[06:04:56.944] [bmv2] [D] [thread 247291] Entry 129 added to table 'MyIngress.ipv4_lpm'
[06:04:56.944] [bmv2] [D] [thread 247291] Dumping entry 129
Match key:
* hdr.ipv4.dstAddr              : LPM       0a000f2b/32
* standard_metadata.ingress_port: EXACT     0002
Action entry: MyIngress.ipv4_forward - a000f2b,4,

[06:04:56.944] [bmv2] [T] [thread 247291] bm_table_add_entry
[06:04:56.944] [bmv2] [D] [thread 247291] Entry 130 added to table 'MyIngress.ipv4_lpm'
[06:04:56.944] [bmv2] [D] [thread 247291] Dumping entry 130
Match key:
* hdr.ipv4.dstAddr              : LPM       0a000f2c/32
* standard_metadata.ingress_port: EXACT     0002
Action entry: MyIngress.ipv4_forward - a000f2c,5,

[06:04:56.945] [bmv2] [T] [thread 247291] bm_table_add_entry
[06:04:56.945] [bmv2] [D] [thread 247291] Entry 131 added to table 'MyIngress.ipv4_lpm'
[06:04:56.945] [bmv2] [D] [thread 247291] Dumping entry 131
Match key:
* hdr.ipv4.dstAddr              : LPM       0a000f2d/32
* standard_metadata.ingress_port: EXACT     0002
Action entry: MyIngress.ipv4_forward - a000f2d,6,

[06:04:56.946] [bmv2] [T] [thread 247291] bm_table_add_entry
[06:04:56.946] [bmv2] [D] [thread 247291] Entry 132 added to table 'MyIngress.ipv4_lpm'
[06:04:56.946] [bmv2] [D] [thread 247291] Dumping entry 132
Match key:
* hdr.ipv4.dstAddr              : LPM       0a00102e/32
* standard_metadata.ingress_port: EXACT     0002
Action entry: MyIngress.ipv4_forward - a00102e,4,

[06:04:56.947] [bmv2] [T] [thread 247291] bm_table_add_entry
[06:04:56.947] [bmv2] [D] [thread 247291] Entry 133 added to table 'MyIngress.ipv4_lpm'
[06:04:56.947] [bmv2] [D] [thread 247291] Dumping entry 133
Match key:
* hdr.ipv4.dstAddr              : LPM       0a00102f/32
* standard_metadata.ingress_port: EXACT     0002
Action entry: MyIngress.ipv4_forward - a00102f,5,

[06:04:56.947] [bmv2] [T] [thread 247291] bm_table_add_entry
[06:04:56.947] [bmv2] [D] [thread 247291] Entry 134 added to table 'MyIngress.ipv4_lpm'
[06:04:56.948] [bmv2] [D] [thread 247291] Dumping entry 134
Match key:
* hdr.ipv4.dstAddr              : LPM       0a001030/32
* standard_metadata.ingress_port: EXACT     0002
Action entry: MyIngress.ipv4_forward - a001030,6,

[06:04:56.948] [bmv2] [T] [thread 247291] bm_table_add_entry
[06:04:56.948] [bmv2] [D] [thread 247291] Entry 135 added to table 'MyIngress.ipv4_lpm'
[06:04:56.948] [bmv2] [D] [thread 247291] Dumping entry 135
Match key:
* hdr.ipv4.dstAddr              : LPM       0a001131/32
* standard_metadata.ingress_port: EXACT     0002
Action entry: MyIngress.ipv4_forward - a001131,4,

[06:04:56.949] [bmv2] [T] [thread 247291] bm_table_add_entry
[06:04:56.949] [bmv2] [D] [thread 247291] Entry 136 added to table 'MyIngress.ipv4_lpm'
[06:04:56.949] [bmv2] [D] [thread 247291] Dumping entry 136
Match key:
* hdr.ipv4.dstAddr              : LPM       0a001132/32
* standard_metadata.ingress_port: EXACT     0002
Action entry: MyIngress.ipv4_forward - a001132,5,

[06:04:56.950] [bmv2] [T] [thread 247291] bm_table_add_entry
[06:04:56.950] [bmv2] [D] [thread 247291] Entry 137 added to table 'MyIngress.ipv4_lpm'
[06:04:56.950] [bmv2] [D] [thread 247291] Dumping entry 137
Match key:
* hdr.ipv4.dstAddr              : LPM       0a001133/32
* standard_metadata.ingress_port: EXACT     0002
Action entry: MyIngress.ipv4_forward - a001133,6,

[06:04:56.950] [bmv2] [T] [thread 247291] bm_table_add_entry
[06:04:56.951] [bmv2] [D] [thread 247291] Entry 138 added to table 'MyIngress.ipv4_lpm'
[06:04:56.951] [bmv2] [D] [thread 247291] Dumping entry 138
Match key:
* hdr.ipv4.dstAddr              : LPM       0a001234/32
* standard_metadata.ingress_port: EXACT     0002
Action entry: MyIngress.ipv4_forward - a001234,4,

[06:04:56.951] [bmv2] [T] [thread 247291] bm_table_add_entry
[06:04:56.951] [bmv2] [D] [thread 247291] Entry 139 added to table 'MyIngress.ipv4_lpm'
[06:04:56.952] [bmv2] [D] [thread 247291] Dumping entry 139
Match key:
* hdr.ipv4.dstAddr              : LPM       0a001235/32
* standard_metadata.ingress_port: EXACT     0002
Action entry: MyIngress.ipv4_forward - a001235,5,

[06:04:56.952] [bmv2] [T] [thread 247291] bm_table_add_entry
[06:04:56.952] [bmv2] [D] [thread 247291] Entry 140 added to table 'MyIngress.ipv4_lpm'
[06:04:56.952] [bmv2] [D] [thread 247291] Dumping entry 140
Match key:
* hdr.ipv4.dstAddr              : LPM       0a001236/32
* standard_metadata.ingress_port: EXACT     0002
Action entry: MyIngress.ipv4_forward - a001236,6,

[06:04:56.953] [bmv2] [T] [thread 247291] bm_table_add_entry
[06:04:56.954] [bmv2] [D] [thread 247291] Entry 141 added to table 'MyIngress.ipv4_lpm'
[06:04:56.954] [bmv2] [D] [thread 247291] Dumping entry 141
Match key:
* hdr.ipv4.dstAddr              : LPM       0a000101/32
* standard_metadata.ingress_port: EXACT     0003
Action entry: MyIngress.ipv4_forward - a000101,4,

[06:04:56.954] [bmv2] [T] [thread 247291] bm_table_add_entry
[06:04:56.954] [bmv2] [D] [thread 247291] Entry 142 added to table 'MyIngress.ipv4_lpm'
[06:04:56.954] [bmv2] [D] [thread 247291] Dumping entry 142
Match key:
* hdr.ipv4.dstAddr              : LPM       0a000102/32
* standard_metadata.ingress_port: EXACT     0003
Action entry: MyIngress.ipv4_forward - a000102,5,

[06:04:56.955] [bmv2] [T] [thread 247291] bm_table_add_entry
[06:04:56.955] [bmv2] [D] [thread 247291] Entry 143 added to table 'MyIngress.ipv4_lpm'
[06:04:56.955] [bmv2] [D] [thread 247291] Dumping entry 143
Match key:
* hdr.ipv4.dstAddr              : LPM       0a000103/32
* standard_metadata.ingress_port: EXACT     0003
Action entry: MyIngress.ipv4_forward - a000103,6,

[06:04:56.956] [bmv2] [T] [thread 247291] bm_table_add_entry
[06:04:56.956] [bmv2] [D] [thread 247291] Entry 144 added to table 'MyIngress.ipv4_lpm'
[06:04:56.956] [bmv2] [D] [thread 247291] Dumping entry 144
Match key:
* hdr.ipv4.dstAddr              : LPM       0a000204/32
* standard_metadata.ingress_port: EXACT     0003
Action entry: MyIngress.ipv4_forward - a000204,4,

[06:04:56.957] [bmv2] [T] [thread 247291] bm_table_add_entry
[06:04:56.957] [bmv2] [D] [thread 247291] Entry 145 added to table 'MyIngress.ipv4_lpm'
[06:04:56.957] [bmv2] [D] [thread 247291] Dumping entry 145
Match key:
* hdr.ipv4.dstAddr              : LPM       0a000205/32
* standard_metadata.ingress_port: EXACT     0003
Action entry: MyIngress.ipv4_forward - a000205,5,

[06:04:56.957] [bmv2] [T] [thread 247291] bm_table_add_entry
[06:04:56.958] [bmv2] [D] [thread 247291] Entry 146 added to table 'MyIngress.ipv4_lpm'
[06:04:56.958] [bmv2] [D] [thread 247291] Dumping entry 146
Match key:
* hdr.ipv4.dstAddr              : LPM       0a000206/32
* standard_metadata.ingress_port: EXACT     0003
Action entry: MyIngress.ipv4_forward - a000206,6,

[06:04:56.958] [bmv2] [T] [thread 247291] bm_table_add_entry
[06:04:56.958] [bmv2] [D] [thread 247291] Entry 147 added to table 'MyIngress.ipv4_lpm'
[06:04:56.958] [bmv2] [D] [thread 247291] Dumping entry 147
Match key:
* hdr.ipv4.dstAddr              : LPM       0a000307/32
* standard_metadata.ingress_port: EXACT     0003
Action entry: MyIngress.ipv4_forward - a000307,4,

[06:04:56.959] [bmv2] [T] [thread 247291] bm_table_add_entry
[06:04:56.959] [bmv2] [D] [thread 247291] Entry 148 added to table 'MyIngress.ipv4_lpm'
[06:04:56.959] [bmv2] [D] [thread 247291] Dumping entry 148
Match key:
* hdr.ipv4.dstAddr              : LPM       0a000308/32
* standard_metadata.ingress_port: EXACT     0003
Action entry: MyIngress.ipv4_forward - a000308,5,

[06:04:56.960] [bmv2] [T] [thread 247291] bm_table_add_entry
[06:04:56.960] [bmv2] [D] [thread 247291] Entry 149 added to table 'MyIngress.ipv4_lpm'
[06:04:56.960] [bmv2] [D] [thread 247291] Dumping entry 149
Match key:
* hdr.ipv4.dstAddr              : LPM       0a000309/32
* standard_metadata.ingress_port: EXACT     0003
Action entry: MyIngress.ipv4_forward - a000309,6,

[06:04:56.961] [bmv2] [T] [thread 247291] bm_table_add_entry
[06:04:56.961] [bmv2] [D] [thread 247291] Entry 150 added to table 'MyIngress.ipv4_lpm'
[06:04:56.961] [bmv2] [D] [thread 247291] Dumping entry 150
Match key:
* hdr.ipv4.dstAddr              : LPM       0a00040a/32
* standard_metadata.ingress_port: EXACT     0003
Action entry: MyIngress.ipv4_forward - a00040a,4,

[06:04:56.961] [bmv2] [T] [thread 247291] bm_table_add_entry
[06:04:56.962] [bmv2] [D] [thread 247291] Entry 151 added to table 'MyIngress.ipv4_lpm'
[06:04:56.962] [bmv2] [D] [thread 247291] Dumping entry 151
Match key:
* hdr.ipv4.dstAddr              : LPM       0a00040b/32
* standard_metadata.ingress_port: EXACT     0003
Action entry: MyIngress.ipv4_forward - a00040b,5,

[06:04:56.962] [bmv2] [T] [thread 247291] bm_table_add_entry
[06:04:56.962] [bmv2] [D] [thread 247291] Entry 152 added to table 'MyIngress.ipv4_lpm'
[06:04:56.963] [bmv2] [D] [thread 247291] Dumping entry 152
Match key:
* hdr.ipv4.dstAddr              : LPM       0a00040c/32
* standard_metadata.ingress_port: EXACT     0003
Action entry: MyIngress.ipv4_forward - a00040c,6,

[06:04:56.963] [bmv2] [T] [thread 247291] bm_table_add_entry
[06:04:56.963] [bmv2] [D] [thread 247291] Entry 153 added to table 'MyIngress.ipv4_lpm'
[06:04:56.964] [bmv2] [D] [thread 247291] Dumping entry 153
Match key:
* hdr.ipv4.dstAddr              : LPM       0a00050d/32
* standard_metadata.ingress_port: EXACT     0003
Action entry: MyIngress.ipv4_forward - a00050d,4,

[06:04:56.964] [bmv2] [T] [thread 247291] bm_table_add_entry
[06:04:56.964] [bmv2] [D] [thread 247291] Entry 154 added to table 'MyIngress.ipv4_lpm'
[06:04:56.965] [bmv2] [D] [thread 247291] Dumping entry 154
Match key:
* hdr.ipv4.dstAddr              : LPM       0a00050e/32
* standard_metadata.ingress_port: EXACT     0003
Action entry: MyIngress.ipv4_forward - a00050e,5,

[06:04:56.965] [bmv2] [T] [thread 247291] bm_table_add_entry
[06:04:56.965] [bmv2] [D] [thread 247291] Entry 155 added to table 'MyIngress.ipv4_lpm'
[06:04:56.965] [bmv2] [D] [thread 247291] Dumping entry 155
Match key:
* hdr.ipv4.dstAddr              : LPM       0a00050f/32
* standard_metadata.ingress_port: EXACT     0003
Action entry: MyIngress.ipv4_forward - a00050f,6,

[06:04:56.966] [bmv2] [T] [thread 247291] bm_table_add_entry
[06:04:56.966] [bmv2] [D] [thread 247291] Entry 156 added to table 'MyIngress.ipv4_lpm'
[06:04:56.966] [bmv2] [D] [thread 247291] Dumping entry 156
Match key:
* hdr.ipv4.dstAddr              : LPM       0a000610/32
* standard_metadata.ingress_port: EXACT     0003
Action entry: MyIngress.ipv4_forward - a000610,4,

[06:04:56.967] [bmv2] [T] [thread 247291] bm_table_add_entry
[06:04:56.967] [bmv2] [D] [thread 247291] Entry 157 added to table 'MyIngress.ipv4_lpm'
[06:04:56.967] [bmv2] [D] [thread 247291] Dumping entry 157
Match key:
* hdr.ipv4.dstAddr              : LPM       0a000611/32
* standard_metadata.ingress_port: EXACT     0003
Action entry: MyIngress.ipv4_forward - a000611,5,

[06:04:56.967] [bmv2] [T] [thread 247291] bm_table_add_entry
[06:04:56.968] [bmv2] [D] [thread 247291] Entry 158 added to table 'MyIngress.ipv4_lpm'
[06:04:56.968] [bmv2] [D] [thread 247291] Dumping entry 158
Match key:
* hdr.ipv4.dstAddr              : LPM       0a000612/32
* standard_metadata.ingress_port: EXACT     0003
Action entry: MyIngress.ipv4_forward - a000612,6,

[06:04:56.968] [bmv2] [T] [thread 247291] bm_table_add_entry
[06:04:56.968] [bmv2] [D] [thread 247291] Entry 159 added to table 'MyIngress.ipv4_lpm'
[06:04:56.968] [bmv2] [D] [thread 247291] Dumping entry 159
Match key:
* hdr.ipv4.dstAddr              : LPM       0a000713/32
* standard_metadata.ingress_port: EXACT     0003
Action entry: MyIngress.ipv4_forward - a000713,4,

[06:04:56.969] [bmv2] [T] [thread 247291] bm_table_add_entry
[06:04:56.969] [bmv2] [D] [thread 247291] Entry 160 added to table 'MyIngress.ipv4_lpm'
[06:04:56.969] [bmv2] [D] [thread 247291] Dumping entry 160
Match key:
* hdr.ipv4.dstAddr              : LPM       0a000714/32
* standard_metadata.ingress_port: EXACT     0003
Action entry: MyIngress.ipv4_forward - a000714,5,

[06:04:56.970] [bmv2] [T] [thread 247291] bm_table_add_entry
[06:04:56.970] [bmv2] [D] [thread 247291] Entry 161 added to table 'MyIngress.ipv4_lpm'
[06:04:56.970] [bmv2] [D] [thread 247291] Dumping entry 161
Match key:
* hdr.ipv4.dstAddr              : LPM       0a000715/32
* standard_metadata.ingress_port: EXACT     0003
Action entry: MyIngress.ipv4_forward - a000715,6,

[06:04:56.971] [bmv2] [T] [thread 247291] bm_table_add_entry
[06:04:56.971] [bmv2] [D] [thread 247291] Entry 162 added to table 'MyIngress.ipv4_lpm'
[06:04:56.971] [bmv2] [D] [thread 247291] Dumping entry 162
Match key:
* hdr.ipv4.dstAddr              : LPM       0a000816/32
* standard_metadata.ingress_port: EXACT     0003
Action entry: MyIngress.ipv4_forward - a000816,4,

[06:04:56.971] [bmv2] [T] [thread 247291] bm_table_add_entry
[06:04:56.971] [bmv2] [D] [thread 247291] Entry 163 added to table 'MyIngress.ipv4_lpm'
[06:04:56.971] [bmv2] [D] [thread 247291] Dumping entry 163
Match key:
* hdr.ipv4.dstAddr              : LPM       0a000817/32
* standard_metadata.ingress_port: EXACT     0003
Action entry: MyIngress.ipv4_forward - a000817,5,

[06:04:56.972] [bmv2] [T] [thread 247291] bm_table_add_entry
[06:04:56.972] [bmv2] [D] [thread 247291] Entry 164 added to table 'MyIngress.ipv4_lpm'
[06:04:56.972] [bmv2] [D] [thread 247291] Dumping entry 164
Match key:
* hdr.ipv4.dstAddr              : LPM       0a000818/32
* standard_metadata.ingress_port: EXACT     0003
Action entry: MyIngress.ipv4_forward - a000818,6,

[06:04:56.973] [bmv2] [T] [thread 247291] bm_table_add_entry
[06:04:56.973] [bmv2] [D] [thread 247291] Entry 165 added to table 'MyIngress.ipv4_lpm'
[06:04:56.973] [bmv2] [D] [thread 247291] Dumping entry 165
Match key:
* hdr.ipv4.dstAddr              : LPM       0a000919/32
* standard_metadata.ingress_port: EXACT     0003
Action entry: MyIngress.ipv4_forward - a000919,4,

[06:04:56.974] [bmv2] [T] [thread 247291] bm_table_add_entry
[06:04:56.974] [bmv2] [D] [thread 247291] Entry 166 added to table 'MyIngress.ipv4_lpm'
[06:04:56.974] [bmv2] [D] [thread 247291] Dumping entry 166
Match key:
* hdr.ipv4.dstAddr              : LPM       0a00091a/32
* standard_metadata.ingress_port: EXACT     0003
Action entry: MyIngress.ipv4_forward - a00091a,5,

[06:04:56.974] [bmv2] [T] [thread 247291] bm_table_add_entry
[06:04:56.975] [bmv2] [D] [thread 247291] Entry 167 added to table 'MyIngress.ipv4_lpm'
[06:04:56.975] [bmv2] [D] [thread 247291] Dumping entry 167
Match key:
* hdr.ipv4.dstAddr              : LPM       0a00091b/32
* standard_metadata.ingress_port: EXACT     0003
Action entry: MyIngress.ipv4_forward - a00091b,6,

[06:04:56.975] [bmv2] [T] [thread 247291] bm_table_add_entry
[06:04:56.975] [bmv2] [E] [thread 247291] Error when trying to add entry to table 'MyIngress.ipv4_lpm': DUPLICATE_ENTRY
[06:04:56.976] [bmv2] [T] [thread 247291] bm_table_add_entry
[06:04:56.976] [bmv2] [E] [thread 247291] Error when trying to add entry to table 'MyIngress.ipv4_lpm': DUPLICATE_ENTRY
[06:04:56.977] [bmv2] [T] [thread 247291] bm_table_add_entry
[06:04:56.977] [bmv2] [E] [thread 247291] Error when trying to add entry to table 'MyIngress.ipv4_lpm': DUPLICATE_ENTRY
[06:04:56.977] [bmv2] [T] [thread 247291] bm_table_add_entry
[06:04:56.978] [bmv2] [E] [thread 247291] Error when trying to add entry to table 'MyIngress.ipv4_lpm': DUPLICATE_ENTRY
[06:04:56.978] [bmv2] [T] [thread 247291] bm_table_add_entry
[06:04:56.978] [bmv2] [E] [thread 247291] Error when trying to add entry to table 'MyIngress.ipv4_lpm': DUPLICATE_ENTRY
[06:04:56.979] [bmv2] [T] [thread 247291] bm_table_add_entry
[06:04:56.979] [bmv2] [E] [thread 247291] Error when trying to add entry to table 'MyIngress.ipv4_lpm': DUPLICATE_ENTRY
[06:04:56.980] [bmv2] [T] [thread 247291] bm_table_add_entry
[06:04:56.980] [bmv2] [D] [thread 247291] Entry 168 added to table 'MyIngress.ipv4_lpm'
[06:04:56.980] [bmv2] [D] [thread 247291] Dumping entry 168
Match key:
* hdr.ipv4.dstAddr              : LPM       0a000c22/32
* standard_metadata.ingress_port: EXACT     0003
Action entry: MyIngress.ipv4_forward - a000c22,3,

[06:04:56.980] [bmv2] [T] [thread 247291] bm_table_add_entry
[06:04:56.981] [bmv2] [D] [thread 247291] Entry 169 added to table 'MyIngress.ipv4_lpm'
[06:04:56.981] [bmv2] [D] [thread 247291] Dumping entry 169
Match key:
* hdr.ipv4.dstAddr              : LPM       0a000c23/32
* standard_metadata.ingress_port: EXACT     0003
Action entry: MyIngress.ipv4_forward - a000c23,3,

[06:04:56.981] [bmv2] [T] [thread 247291] bm_table_add_entry
[06:04:56.981] [bmv2] [D] [thread 247291] Entry 170 added to table 'MyIngress.ipv4_lpm'
[06:04:56.981] [bmv2] [D] [thread 247291] Dumping entry 170
Match key:
* hdr.ipv4.dstAddr              : LPM       0a000c24/32
* standard_metadata.ingress_port: EXACT     0003
Action entry: MyIngress.ipv4_forward - a000c24,3,

[06:04:56.982] [bmv2] [T] [thread 247291] bm_table_add_entry
[06:04:56.982] [bmv2] [D] [thread 247291] Entry 171 added to table 'MyIngress.ipv4_lpm'
[06:04:56.982] [bmv2] [D] [thread 247291] Dumping entry 171
Match key:
* hdr.ipv4.dstAddr              : LPM       0a000d25/32
* standard_metadata.ingress_port: EXACT     0003
Action entry: MyIngress.ipv4_forward - a000d25,4,

[06:04:56.983] [bmv2] [T] [thread 247291] bm_table_add_entry
[06:04:56.983] [bmv2] [D] [thread 247291] Entry 172 added to table 'MyIngress.ipv4_lpm'
[06:04:56.983] [bmv2] [D] [thread 247291] Dumping entry 172
Match key:
* hdr.ipv4.dstAddr              : LPM       0a000d26/32
* standard_metadata.ingress_port: EXACT     0003
Action entry: MyIngress.ipv4_forward - a000d26,5,

[06:04:56.983] [bmv2] [T] [thread 247291] bm_table_add_entry
[06:04:56.984] [bmv2] [D] [thread 247291] Entry 173 added to table 'MyIngress.ipv4_lpm'
[06:04:56.984] [bmv2] [D] [thread 247291] Dumping entry 173
Match key:
* hdr.ipv4.dstAddr              : LPM       0a000d27/32
* standard_metadata.ingress_port: EXACT     0003
Action entry: MyIngress.ipv4_forward - a000d27,6,

[06:04:56.984] [bmv2] [T] [thread 247291] bm_table_add_entry
[06:04:56.984] [bmv2] [D] [thread 247291] Entry 174 added to table 'MyIngress.ipv4_lpm'
[06:04:56.984] [bmv2] [D] [thread 247291] Dumping entry 174
Match key:
* hdr.ipv4.dstAddr              : LPM       0a000e28/32
* standard_metadata.ingress_port: EXACT     0003
Action entry: MyIngress.ipv4_forward - a000e28,4,

[06:04:56.985] [bmv2] [T] [thread 247291] bm_table_add_entry
[06:04:56.985] [bmv2] [D] [thread 247291] Entry 175 added to table 'MyIngress.ipv4_lpm'
[06:04:56.985] [bmv2] [D] [thread 247291] Dumping entry 175
Match key:
* hdr.ipv4.dstAddr              : LPM       0a000e29/32
* standard_metadata.ingress_port: EXACT     0003
Action entry: MyIngress.ipv4_forward - a000e29,5,

[06:04:56.986] [bmv2] [T] [thread 247291] bm_table_add_entry
[06:04:56.986] [bmv2] [D] [thread 247291] Entry 176 added to table 'MyIngress.ipv4_lpm'
[06:04:56.986] [bmv2] [D] [thread 247291] Dumping entry 176
Match key:
* hdr.ipv4.dstAddr              : LPM       0a000e2a/32
* standard_metadata.ingress_port: EXACT     0003
Action entry: MyIngress.ipv4_forward - a000e2a,6,

[06:04:56.986] [bmv2] [T] [thread 247291] bm_table_add_entry
[06:04:56.987] [bmv2] [D] [thread 247291] Entry 177 added to table 'MyIngress.ipv4_lpm'
[06:04:56.987] [bmv2] [D] [thread 247291] Dumping entry 177
Match key:
* hdr.ipv4.dstAddr              : LPM       0a000f2b/32
* standard_metadata.ingress_port: EXACT     0003
Action entry: MyIngress.ipv4_forward - a000f2b,4,

[06:04:56.987] [bmv2] [T] [thread 247291] bm_table_add_entry
[06:04:56.987] [bmv2] [D] [thread 247291] Entry 178 added to table 'MyIngress.ipv4_lpm'
[06:04:56.988] [bmv2] [D] [thread 247291] Dumping entry 178
Match key:
* hdr.ipv4.dstAddr              : LPM       0a000f2c/32
* standard_metadata.ingress_port: EXACT     0003
Action entry: MyIngress.ipv4_forward - a000f2c,5,

[06:04:56.988] [bmv2] [T] [thread 247291] bm_table_add_entry
[06:04:56.988] [bmv2] [D] [thread 247291] Entry 179 added to table 'MyIngress.ipv4_lpm'
[06:04:56.988] [bmv2] [D] [thread 247291] Dumping entry 179
Match key:
* hdr.ipv4.dstAddr              : LPM       0a000f2d/32
* standard_metadata.ingress_port: EXACT     0003
Action entry: MyIngress.ipv4_forward - a000f2d,6,

[06:04:56.989] [bmv2] [T] [thread 247291] bm_table_add_entry
[06:04:56.989] [bmv2] [D] [thread 247291] Entry 180 added to table 'MyIngress.ipv4_lpm'
[06:04:56.989] [bmv2] [D] [thread 247291] Dumping entry 180
Match key:
* hdr.ipv4.dstAddr              : LPM       0a00102e/32
* standard_metadata.ingress_port: EXACT     0003
Action entry: MyIngress.ipv4_forward - a00102e,4,

[06:04:56.990] [bmv2] [T] [thread 247291] bm_table_add_entry
[06:04:56.990] [bmv2] [D] [thread 247291] Entry 181 added to table 'MyIngress.ipv4_lpm'
[06:04:56.990] [bmv2] [D] [thread 247291] Dumping entry 181
Match key:
* hdr.ipv4.dstAddr              : LPM       0a00102f/32
* standard_metadata.ingress_port: EXACT     0003
Action entry: MyIngress.ipv4_forward - a00102f,5,

[06:04:56.990] [bmv2] [T] [thread 247291] bm_table_add_entry
[06:04:56.991] [bmv2] [D] [thread 247291] Entry 182 added to table 'MyIngress.ipv4_lpm'
[06:04:56.991] [bmv2] [D] [thread 247291] Dumping entry 182
Match key:
* hdr.ipv4.dstAddr              : LPM       0a001030/32
* standard_metadata.ingress_port: EXACT     0003
Action entry: MyIngress.ipv4_forward - a001030,6,

[06:04:56.991] [bmv2] [T] [thread 247291] bm_table_add_entry
[06:04:56.991] [bmv2] [D] [thread 247291] Entry 183 added to table 'MyIngress.ipv4_lpm'
[06:04:56.991] [bmv2] [D] [thread 247291] Dumping entry 183
Match key:
* hdr.ipv4.dstAddr              : LPM       0a001131/32
* standard_metadata.ingress_port: EXACT     0003
Action entry: MyIngress.ipv4_forward - a001131,4,

[06:04:56.992] [bmv2] [T] [thread 247291] bm_table_add_entry
[06:04:56.992] [bmv2] [D] [thread 247291] Entry 184 added to table 'MyIngress.ipv4_lpm'
[06:04:56.992] [bmv2] [D] [thread 247291] Dumping entry 184
Match key:
* hdr.ipv4.dstAddr              : LPM       0a001132/32
* standard_metadata.ingress_port: EXACT     0003
Action entry: MyIngress.ipv4_forward - a001132,5,

[06:04:56.993] [bmv2] [T] [thread 247291] bm_table_add_entry
[06:04:56.993] [bmv2] [D] [thread 247291] Entry 185 added to table 'MyIngress.ipv4_lpm'
[06:04:56.993] [bmv2] [D] [thread 247291] Dumping entry 185
Match key:
* hdr.ipv4.dstAddr              : LPM       0a001133/32
* standard_metadata.ingress_port: EXACT     0003
Action entry: MyIngress.ipv4_forward - a001133,6,

[06:04:56.994] [bmv2] [T] [thread 247291] bm_table_add_entry
[06:04:56.994] [bmv2] [D] [thread 247291] Entry 186 added to table 'MyIngress.ipv4_lpm'
[06:04:56.994] [bmv2] [D] [thread 247291] Dumping entry 186
Match key:
* hdr.ipv4.dstAddr              : LPM       0a001234/32
* standard_metadata.ingress_port: EXACT     0003
Action entry: MyIngress.ipv4_forward - a001234,4,

[06:04:56.995] [bmv2] [T] [thread 247291] bm_table_add_entry
[06:04:56.995] [bmv2] [D] [thread 247291] Entry 187 added to table 'MyIngress.ipv4_lpm'
[06:04:56.995] [bmv2] [D] [thread 247291] Dumping entry 187
Match key:
* hdr.ipv4.dstAddr              : LPM       0a001235/32
* standard_metadata.ingress_port: EXACT     0003
Action entry: MyIngress.ipv4_forward - a001235,5,

[06:04:56.996] [bmv2] [T] [thread 247291] bm_table_add_entry
[06:04:56.996] [bmv2] [D] [thread 247291] Entry 188 added to table 'MyIngress.ipv4_lpm'
[06:04:56.996] [bmv2] [D] [thread 247291] Dumping entry 188
Match key:
* hdr.ipv4.dstAddr              : LPM       0a001236/32
* standard_metadata.ingress_port: EXACT     0003
Action entry: MyIngress.ipv4_forward - a001236,6,

[06:04:56.997] [bmv2] [T] [thread 247291] bm_set_default_action
[06:04:56.997] [bmv2] [D] [thread 247291] Set default entry for table 'MyEgress.tbl_prime': MyEgress.prime_multiply - 6b,
[06:04:56.997] [bmv2] [T] [thread 247291] bm_set_default_action
[06:04:56.998] [bmv2] [D] [thread 247291] Set default entry for table 'MyEgress.swtrace': MyEgress.add_swtrace - 1c,
