Warning: you requested the nanomsg event logger, but bmv2 was compiled without -DBMELOG, and the event logger cannot be activated
Calling target program-options parser
[06:04:40.882] [bmv2] [D] [thread 245242] Set default default entry for table 'MyIngress.ipv4_lpm': MyIngress.drop - 
[06:04:40.882] [bmv2] [D] [thread 245242] Set default default entry for table 'MyIngress.tb_set_role': NoAction - 
[06:04:40.882] [bmv2] [D] [thread 245242] Set default default entry for table 'MyEgress.tbl_prime': NoAction - 
[06:04:40.882] [bmv2] [D] [thread 245242] Set default default entry for table 'MyEgress.swtrace': NoAction - 
Adding interface s33-eth1 as port 1
[06:04:40.884] [bmv2] [D] [thread 245242] Adding interface s33-eth1 as port 1
Adding interface s33-eth2 as port 2
[06:04:40.961] [bmv2] [D] [thread 245242] Adding interface s33-eth2 as port 2
Adding interface s33-eth3 as port 3
[06:04:41.025] [bmv2] [D] [thread 245242] Adding interface s33-eth3 as port 3
Adding interface s33-cpu-eth0 as port 4
[06:04:41.090] [bmv2] [D] [thread 245242] Adding interface s33-cpu-eth0 as port 4
Adding interface s33-eth5 as port 5
[06:04:41.184] [bmv2] [D] [thread 245242] Adding interface s33-eth5 as port 5
Adding interface s33-eth6 as port 6
[06:04:41.206] [bmv2] [D] [thread 245242] Adding interface s33-eth6 as port 6
Adding interface s33-eth7 as port 7
[06:04:41.209] [bmv2] [D] [thread 245242] Adding interface s33-eth7 as port 7
[06:04:41.212] [bmv2] [I] [thread 245242] Starting Thrift server on port 9122
[06:04:41.213] [bmv2] [I] [thread 245242] Thrift server was started
[06:04:47.898] [bmv2] [D] [thread 245248] [0.0] [cxt 0] Processing packet received on port 1
[06:04:47.898] [bmv2] [D] [thread 245248] [0.0] [cxt 0] Parser 'parser': start
[06:04:47.898] [bmv2] [D] [thread 245248] [0.0] [cxt 0] Parser 'parser' entering state 'start'
[06:04:47.898] [bmv2] [D] [thread 245248] [0.0] [cxt 0] Extracting header 'ethernet'
[06:04:47.898] [bmv2] [D] [thread 245248] [0.0] [cxt 0] Parser state 'start': key is 86dd
[06:04:47.898] [bmv2] [T] [thread 245248] [0.0] [cxt 0] Bytes parsed: 14
[06:04:47.898] [bmv2] [D] [thread 245248] [0.0] [cxt 0] Parser 'parser': end
[06:04:47.898] [bmv2] [D] [thread 245248] [0.0] [cxt 0] Pipeline 'ingress': start
[06:04:47.898] [bmv2] [T] [thread 245248] [0.0] [cxt 0] /home/p4/Desktop/html/p4src/switch.p4(291) Condition "hdr.ipv4.isValid()" (node_2) is false
[06:04:47.898] [bmv2] [T] [thread 245248] [0.0] [cxt 0] Applying table 'MyIngress.tb_set_role'
[06:04:47.898] [bmv2] [D] [thread 245248] [0.0] [cxt 0] Looking up key:
* standard_metadata.ingress_port: 0001

[06:04:47.898] [bmv2] [D] [thread 245248] [0.0] [cxt 0] Table 'MyIngress.tb_set_role': miss
[06:04:47.898] [bmv2] [D] [thread 245248] [0.0] [cxt 0] Action entry is NoAction - 
[06:04:47.898] [bmv2] [T] [thread 245248] [0.0] [cxt 0] Action NoAction
[06:04:47.898] [bmv2] [D] [thread 245248] [0.0] [cxt 0] Pipeline 'ingress': end
[06:04:47.898] [bmv2] [D] [thread 245248] [0.0] [cxt 0] Egress port is 0
[06:04:47.898] [bmv2] [D] [thread 245249] [0.0] [cxt 0] Pipeline 'egress': start
[06:04:47.899] [bmv2] [T] [thread 245249] [0.0] [cxt 0] /home/p4/Desktop/html/p4src/switch.p4(381) Condition "hdr.tag.isValid()" (node_7) is false
[06:04:47.899] [bmv2] [T] [thread 245249] [0.0] [cxt 0] /home/p4/Desktop/html/p4src/switch.p4(386) Condition "hdr.mri.isValid()" (node_9) is false
[06:04:47.899] [bmv2] [D] [thread 245249] [0.0] [cxt 0] Pipeline 'egress': end
[06:04:47.899] [bmv2] [D] [thread 245249] [0.0] [cxt 0] Deparser 'deparser': start
[06:04:47.899] [bmv2] [T] [thread 245249] [0.0] [cxt 0] Skipping checksum 'cksum' update because condition not met
[06:04:47.899] [bmv2] [D] [thread 245249] [0.0] [cxt 0] Deparsing header 'ethernet'
[06:04:47.899] [bmv2] [D] [thread 245249] [0.0] [cxt 0] Deparser 'deparser': end
[06:04:47.899] [bmv2] [D] [thread 245253] [0.0] [cxt 0] Transmitting packet of size 70 out of port 0
[06:04:48.153] [bmv2] [D] [thread 245248] [1.0] [cxt 0] Processing packet received on port 2
[06:04:48.153] [bmv2] [D] [thread 245248] [1.0] [cxt 0] Parser 'parser': start
[06:04:48.153] [bmv2] [D] [thread 245248] [1.0] [cxt 0] Parser 'parser' entering state 'start'
[06:04:48.153] [bmv2] [D] [thread 245248] [1.0] [cxt 0] Extracting header 'ethernet'
[06:04:48.153] [bmv2] [D] [thread 245248] [1.0] [cxt 0] Parser state 'start': key is 86dd
[06:04:48.154] [bmv2] [T] [thread 245248] [1.0] [cxt 0] Bytes parsed: 14
[06:04:48.154] [bmv2] [D] [thread 245248] [1.0] [cxt 0] Parser 'parser': end
[06:04:48.154] [bmv2] [D] [thread 245248] [1.0] [cxt 0] Pipeline 'ingress': start
[06:04:48.154] [bmv2] [T] [thread 245248] [1.0] [cxt 0] /home/p4/Desktop/html/p4src/switch.p4(291) Condition "hdr.ipv4.isValid()" (node_2) is false
[06:04:48.154] [bmv2] [T] [thread 245248] [1.0] [cxt 0] Applying table 'MyIngress.tb_set_role'
[06:04:48.154] [bmv2] [D] [thread 245248] [1.0] [cxt 0] Looking up key:
* standard_metadata.ingress_port: 0002

[06:04:48.154] [bmv2] [D] [thread 245248] [1.0] [cxt 0] Table 'MyIngress.tb_set_role': miss
[06:04:48.154] [bmv2] [D] [thread 245248] [1.0] [cxt 0] Action entry is NoAction - 
[06:04:48.154] [bmv2] [T] [thread 245248] [1.0] [cxt 0] Action NoAction
[06:04:48.154] [bmv2] [D] [thread 245248] [1.0] [cxt 0] Pipeline 'ingress': end
[06:04:48.154] [bmv2] [D] [thread 245248] [1.0] [cxt 0] Egress port is 0
[06:04:48.154] [bmv2] [D] [thread 245249] [1.0] [cxt 0] Pipeline 'egress': start
[06:04:48.154] [bmv2] [T] [thread 245249] [1.0] [cxt 0] /home/p4/Desktop/html/p4src/switch.p4(381) Condition "hdr.tag.isValid()" (node_7) is false
[06:04:48.154] [bmv2] [T] [thread 245249] [1.0] [cxt 0] /home/p4/Desktop/html/p4src/switch.p4(386) Condition "hdr.mri.isValid()" (node_9) is false
[06:04:48.154] [bmv2] [D] [thread 245249] [1.0] [cxt 0] Pipeline 'egress': end
[06:04:48.154] [bmv2] [D] [thread 245249] [1.0] [cxt 0] Deparser 'deparser': start
[06:04:48.154] [bmv2] [T] [thread 245249] [1.0] [cxt 0] Skipping checksum 'cksum' update because condition not met
[06:04:48.154] [bmv2] [D] [thread 245249] [1.0] [cxt 0] Deparsing header 'ethernet'
[06:04:48.154] [bmv2] [D] [thread 245249] [1.0] [cxt 0] Deparser 'deparser': end
[06:04:48.154] [bmv2] [D] [thread 245253] [1.0] [cxt 0] Transmitting packet of size 70 out of port 0
[06:04:57.973] [bmv2] [T] [thread 247309] bm_get_config
[06:04:57.975] [bmv2] [T] [thread 247309] bm_table_add_entry
[06:04:57.976] [bmv2] [D] [thread 247309] Entry 0 added to table 'MyIngress.ipv4_lpm'
[06:04:57.976] [bmv2] [D] [thread 247309] Dumping entry 0
Match key:
* hdr.ipv4.dstAddr              : LPM       0a000d25/32
* standard_metadata.ingress_port: EXACT     0002
Action entry: MyIngress.ipv4_forward - a000d25,1,

[06:04:57.977] [bmv2] [T] [thread 247309] bm_table_add_entry
[06:04:57.977] [bmv2] [D] [thread 247309] Entry 1 added to table 'MyIngress.ipv4_lpm'
[06:04:57.977] [bmv2] [D] [thread 247309] Dumping entry 1
Match key:
* hdr.ipv4.dstAddr              : LPM       0a000d25/32
* standard_metadata.ingress_port: EXACT     0003
Action entry: MyIngress.ipv4_forward - a000d25,1,

[06:04:57.977] [bmv2] [T] [thread 247309] bm_table_add_entry
[06:04:57.978] [bmv2] [D] [thread 247309] Entry 2 added to table 'MyIngress.ipv4_lpm'
[06:04:57.978] [bmv2] [D] [thread 247309] Dumping entry 2
Match key:
* hdr.ipv4.dstAddr              : LPM       0a000d25/32
* standard_metadata.ingress_port: EXACT     0004
Action entry: MyIngress.ipv4_forward - a000d25,1,

[06:04:57.978] [bmv2] [T] [thread 247309] bm_table_add_entry
[06:04:57.978] [bmv2] [D] [thread 247309] Entry 3 added to table 'MyIngress.ipv4_lpm'
[06:04:57.978] [bmv2] [D] [thread 247309] Dumping entry 3
Match key:
* hdr.ipv4.dstAddr              : LPM       0a000d25/32
* standard_metadata.ingress_port: EXACT     0005
Action entry: MyIngress.ipv4_forward - a000d25,1,

[06:04:57.979] [bmv2] [T] [thread 247309] bm_table_add_entry
[06:04:57.979] [bmv2] [D] [thread 247309] Entry 4 added to table 'MyIngress.ipv4_lpm'
[06:04:57.979] [bmv2] [D] [thread 247309] Dumping entry 4
Match key:
* hdr.ipv4.dstAddr              : LPM       0a000d25/32
* standard_metadata.ingress_port: EXACT     0006
Action entry: MyIngress.ipv4_forward - a000d25,1,

[06:04:57.980] [bmv2] [T] [thread 247309] bm_table_add_entry
[06:04:57.980] [bmv2] [D] [thread 247309] Entry 5 added to table 'MyIngress.ipv4_lpm'
[06:04:57.980] [bmv2] [D] [thread 247309] Dumping entry 5
Match key:
* hdr.ipv4.dstAddr              : LPM       0a000d26/32
* standard_metadata.ingress_port: EXACT     0002
Action entry: MyIngress.ipv4_forward - a000d26,1,

[06:04:57.980] [bmv2] [T] [thread 247309] bm_table_add_entry
[06:04:57.981] [bmv2] [D] [thread 247309] Entry 6 added to table 'MyIngress.ipv4_lpm'
[06:04:57.981] [bmv2] [D] [thread 247309] Dumping entry 6
Match key:
* hdr.ipv4.dstAddr              : LPM       0a000d26/32
* standard_metadata.ingress_port: EXACT     0003
Action entry: MyIngress.ipv4_forward - a000d26,1,

[06:04:57.981] [bmv2] [T] [thread 247309] bm_table_add_entry
[06:04:57.981] [bmv2] [D] [thread 247309] Entry 7 added to table 'MyIngress.ipv4_lpm'
[06:04:57.981] [bmv2] [D] [thread 247309] Dumping entry 7
Match key:
* hdr.ipv4.dstAddr              : LPM       0a000d26/32
* standard_metadata.ingress_port: EXACT     0004
Action entry: MyIngress.ipv4_forward - a000d26,1,

[06:04:57.982] [bmv2] [T] [thread 247309] bm_table_add_entry
[06:04:57.982] [bmv2] [D] [thread 247309] Entry 8 added to table 'MyIngress.ipv4_lpm'
[06:04:57.982] [bmv2] [D] [thread 247309] Dumping entry 8
Match key:
* hdr.ipv4.dstAddr              : LPM       0a000d26/32
* standard_metadata.ingress_port: EXACT     0005
Action entry: MyIngress.ipv4_forward - a000d26,1,

[06:04:57.983] [bmv2] [T] [thread 247309] bm_table_add_entry
[06:04:57.983] [bmv2] [D] [thread 247309] Entry 9 added to table 'MyIngress.ipv4_lpm'
[06:04:57.983] [bmv2] [D] [thread 247309] Dumping entry 9
Match key:
* hdr.ipv4.dstAddr              : LPM       0a000d26/32
* standard_metadata.ingress_port: EXACT     0006
Action entry: MyIngress.ipv4_forward - a000d26,1,

[06:04:57.983] [bmv2] [T] [thread 247309] bm_table_add_entry
[06:04:57.984] [bmv2] [D] [thread 247309] Entry 10 added to table 'MyIngress.ipv4_lpm'
[06:04:57.984] [bmv2] [D] [thread 247309] Dumping entry 10
Match key:
* hdr.ipv4.dstAddr              : LPM       0a000d27/32
* standard_metadata.ingress_port: EXACT     0002
Action entry: MyIngress.ipv4_forward - a000d27,1,

[06:04:57.984] [bmv2] [T] [thread 247309] bm_table_add_entry
[06:04:57.984] [bmv2] [D] [thread 247309] Entry 11 added to table 'MyIngress.ipv4_lpm'
[06:04:57.984] [bmv2] [D] [thread 247309] Dumping entry 11
Match key:
* hdr.ipv4.dstAddr              : LPM       0a000d27/32
* standard_metadata.ingress_port: EXACT     0003
Action entry: MyIngress.ipv4_forward - a000d27,1,

[06:04:57.985] [bmv2] [T] [thread 247309] bm_table_add_entry
[06:04:57.985] [bmv2] [D] [thread 247309] Entry 12 added to table 'MyIngress.ipv4_lpm'
[06:04:57.985] [bmv2] [D] [thread 247309] Dumping entry 12
Match key:
* hdr.ipv4.dstAddr              : LPM       0a000d27/32
* standard_metadata.ingress_port: EXACT     0004
Action entry: MyIngress.ipv4_forward - a000d27,1,

[06:04:57.986] [bmv2] [T] [thread 247309] bm_table_add_entry
[06:04:57.986] [bmv2] [D] [thread 247309] Entry 13 added to table 'MyIngress.ipv4_lpm'
[06:04:57.986] [bmv2] [D] [thread 247309] Dumping entry 13
Match key:
* hdr.ipv4.dstAddr              : LPM       0a000d27/32
* standard_metadata.ingress_port: EXACT     0005
Action entry: MyIngress.ipv4_forward - a000d27,1,

[06:04:57.987] [bmv2] [T] [thread 247309] bm_table_add_entry
[06:04:57.987] [bmv2] [D] [thread 247309] Entry 14 added to table 'MyIngress.ipv4_lpm'
[06:04:57.987] [bmv2] [D] [thread 247309] Dumping entry 14
Match key:
* hdr.ipv4.dstAddr              : LPM       0a000d27/32
* standard_metadata.ingress_port: EXACT     0006
Action entry: MyIngress.ipv4_forward - a000d27,1,

[06:04:57.988] [bmv2] [T] [thread 247309] bm_table_add_entry
[06:04:57.988] [bmv2] [D] [thread 247309] Entry 15 added to table 'MyIngress.ipv4_lpm'
[06:04:57.988] [bmv2] [D] [thread 247309] Dumping entry 15
Match key:
* hdr.ipv4.dstAddr              : LPM       0a000e28/32
* standard_metadata.ingress_port: EXACT     0001
Action entry: MyIngress.ipv4_forward - a000e28,2,

[06:04:57.988] [bmv2] [T] [thread 247309] bm_table_add_entry
[06:04:57.989] [bmv2] [D] [thread 247309] Entry 16 added to table 'MyIngress.ipv4_lpm'
[06:04:57.989] [bmv2] [D] [thread 247309] Dumping entry 16
Match key:
* hdr.ipv4.dstAddr              : LPM       0a000e28/32
* standard_metadata.ingress_port: EXACT     0003
Action entry: MyIngress.ipv4_forward - a000e28,2,

[06:04:57.989] [bmv2] [T] [thread 247309] bm_table_add_entry
[06:04:57.989] [bmv2] [D] [thread 247309] Entry 17 added to table 'MyIngress.ipv4_lpm'
[06:04:57.989] [bmv2] [D] [thread 247309] Dumping entry 17
Match key:
* hdr.ipv4.dstAddr              : LPM       0a000e28/32
* standard_metadata.ingress_port: EXACT     0004
Action entry: MyIngress.ipv4_forward - a000e28,2,

[06:04:57.990] [bmv2] [T] [thread 247309] bm_table_add_entry
[06:04:57.990] [bmv2] [D] [thread 247309] Entry 18 added to table 'MyIngress.ipv4_lpm'
[06:04:57.990] [bmv2] [D] [thread 247309] Dumping entry 18
Match key:
* hdr.ipv4.dstAddr              : LPM       0a000e28/32
* standard_metadata.ingress_port: EXACT     0005
Action entry: MyIngress.ipv4_forward - a000e28,2,

[06:04:57.991] [bmv2] [T] [thread 247309] bm_table_add_entry
[06:04:57.991] [bmv2] [D] [thread 247309] Entry 19 added to table 'MyIngress.ipv4_lpm'
[06:04:57.991] [bmv2] [D] [thread 247309] Dumping entry 19
Match key:
* hdr.ipv4.dstAddr              : LPM       0a000e28/32
* standard_metadata.ingress_port: EXACT     0006
Action entry: MyIngress.ipv4_forward - a000e28,2,

[06:04:57.991] [bmv2] [T] [thread 247309] bm_table_add_entry
[06:04:57.992] [bmv2] [D] [thread 247309] Entry 20 added to table 'MyIngress.ipv4_lpm'
[06:04:57.992] [bmv2] [D] [thread 247309] Dumping entry 20
Match key:
* hdr.ipv4.dstAddr              : LPM       0a000e29/32
* standard_metadata.ingress_port: EXACT     0001
Action entry: MyIngress.ipv4_forward - a000e29,2,

[06:04:57.992] [bmv2] [T] [thread 247309] bm_table_add_entry
[06:04:57.992] [bmv2] [D] [thread 247309] Entry 21 added to table 'MyIngress.ipv4_lpm'
[06:04:57.992] [bmv2] [D] [thread 247309] Dumping entry 21
Match key:
* hdr.ipv4.dstAddr              : LPM       0a000e29/32
* standard_metadata.ingress_port: EXACT     0003
Action entry: MyIngress.ipv4_forward - a000e29,2,

[06:04:57.993] [bmv2] [T] [thread 247309] bm_table_add_entry
[06:04:57.993] [bmv2] [D] [thread 247309] Entry 22 added to table 'MyIngress.ipv4_lpm'
[06:04:57.993] [bmv2] [D] [thread 247309] Dumping entry 22
Match key:
* hdr.ipv4.dstAddr              : LPM       0a000e29/32
* standard_metadata.ingress_port: EXACT     0004
Action entry: MyIngress.ipv4_forward - a000e29,2,

[06:04:57.994] [bmv2] [T] [thread 247309] bm_table_add_entry
[06:04:57.994] [bmv2] [D] [thread 247309] Entry 23 added to table 'MyIngress.ipv4_lpm'
[06:04:57.994] [bmv2] [D] [thread 247309] Dumping entry 23
Match key:
* hdr.ipv4.dstAddr              : LPM       0a000e29/32
* standard_metadata.ingress_port: EXACT     0005
Action entry: MyIngress.ipv4_forward - a000e29,2,

[06:04:57.995] [bmv2] [T] [thread 247309] bm_table_add_entry
[06:04:57.995] [bmv2] [D] [thread 247309] Entry 24 added to table 'MyIngress.ipv4_lpm'
[06:04:57.995] [bmv2] [D] [thread 247309] Dumping entry 24
Match key:
* hdr.ipv4.dstAddr              : LPM       0a000e29/32
* standard_metadata.ingress_port: EXACT     0006
Action entry: MyIngress.ipv4_forward - a000e29,2,

[06:04:57.996] [bmv2] [T] [thread 247309] bm_table_add_entry
[06:04:57.996] [bmv2] [D] [thread 247309] Entry 25 added to table 'MyIngress.ipv4_lpm'
[06:04:57.996] [bmv2] [D] [thread 247309] Dumping entry 25
Match key:
* hdr.ipv4.dstAddr              : LPM       0a000e2a/32
* standard_metadata.ingress_port: EXACT     0001
Action entry: MyIngress.ipv4_forward - a000e2a,2,

[06:04:57.996] [bmv2] [T] [thread 247309] bm_table_add_entry
[06:04:57.996] [bmv2] [D] [thread 247309] Entry 26 added to table 'MyIngress.ipv4_lpm'
[06:04:57.997] [bmv2] [D] [thread 247309] Dumping entry 26
Match key:
* hdr.ipv4.dstAddr              : LPM       0a000e2a/32
* standard_metadata.ingress_port: EXACT     0003
Action entry: MyIngress.ipv4_forward - a000e2a,2,

[06:04:57.997] [bmv2] [T] [thread 247309] bm_table_add_entry
[06:04:57.997] [bmv2] [D] [thread 247309] Entry 27 added to table 'MyIngress.ipv4_lpm'
[06:04:57.997] [bmv2] [D] [thread 247309] Dumping entry 27
Match key:
* hdr.ipv4.dstAddr              : LPM       0a000e2a/32
* standard_metadata.ingress_port: EXACT     0004
Action entry: MyIngress.ipv4_forward - a000e2a,2,

[06:04:57.998] [bmv2] [T] [thread 247309] bm_table_add_entry
[06:04:57.998] [bmv2] [D] [thread 247309] Entry 28 added to table 'MyIngress.ipv4_lpm'
[06:04:57.998] [bmv2] [D] [thread 247309] Dumping entry 28
Match key:
* hdr.ipv4.dstAddr              : LPM       0a000e2a/32
* standard_metadata.ingress_port: EXACT     0005
Action entry: MyIngress.ipv4_forward - a000e2a,2,

[06:04:57.999] [bmv2] [T] [thread 247309] bm_table_add_entry
[06:04:57.999] [bmv2] [D] [thread 247309] Entry 29 added to table 'MyIngress.ipv4_lpm'
[06:04:57.999] [bmv2] [D] [thread 247309] Dumping entry 29
Match key:
* hdr.ipv4.dstAddr              : LPM       0a000e2a/32
* standard_metadata.ingress_port: EXACT     0006
Action entry: MyIngress.ipv4_forward - a000e2a,2,

[06:04:57.999] [bmv2] [T] [thread 247309] bm_table_add_entry
[06:04:57.999] [bmv2] [D] [thread 247309] Entry 30 added to table 'MyIngress.ipv4_lpm'
[06:04:58.000] [bmv2] [D] [thread 247309] Dumping entry 30
Match key:
* hdr.ipv4.dstAddr              : LPM       0a000f2b/32
* standard_metadata.ingress_port: EXACT     0001
Action entry: MyIngress.ipv4_forward - a000f2b,3,

[06:04:58.000] [bmv2] [T] [thread 247309] bm_table_add_entry
[06:04:58.001] [bmv2] [D] [thread 247309] Entry 31 added to table 'MyIngress.ipv4_lpm'
[06:04:58.001] [bmv2] [D] [thread 247309] Dumping entry 31
Match key:
* hdr.ipv4.dstAddr              : LPM       0a000f2b/32
* standard_metadata.ingress_port: EXACT     0002
Action entry: MyIngress.ipv4_forward - a000f2b,3,

[06:04:58.002] [bmv2] [T] [thread 247309] bm_table_add_entry
[06:04:58.002] [bmv2] [D] [thread 247309] Entry 32 added to table 'MyIngress.ipv4_lpm'
[06:04:58.002] [bmv2] [D] [thread 247309] Dumping entry 32
Match key:
* hdr.ipv4.dstAddr              : LPM       0a000f2b/32
* standard_metadata.ingress_port: EXACT     0004
Action entry: MyIngress.ipv4_forward - a000f2b,3,

[06:04:58.003] [bmv2] [T] [thread 247309] bm_table_add_entry
[06:04:58.003] [bmv2] [D] [thread 247309] Entry 33 added to table 'MyIngress.ipv4_lpm'
[06:04:58.003] [bmv2] [D] [thread 247309] Dumping entry 33
Match key:
* hdr.ipv4.dstAddr              : LPM       0a000f2b/32
* standard_metadata.ingress_port: EXACT     0005
Action entry: MyIngress.ipv4_forward - a000f2b,3,

[06:04:58.003] [bmv2] [T] [thread 247309] bm_table_add_entry
[06:04:58.003] [bmv2] [D] [thread 247309] Entry 34 added to table 'MyIngress.ipv4_lpm'
[06:04:58.003] [bmv2] [D] [thread 247309] Dumping entry 34
Match key:
* hdr.ipv4.dstAddr              : LPM       0a000f2b/32
* standard_metadata.ingress_port: EXACT     0006
Action entry: MyIngress.ipv4_forward - a000f2b,3,

[06:04:58.004] [bmv2] [T] [thread 247309] bm_table_add_entry
[06:04:58.004] [bmv2] [D] [thread 247309] Entry 35 added to table 'MyIngress.ipv4_lpm'
[06:04:58.004] [bmv2] [D] [thread 247309] Dumping entry 35
Match key:
* hdr.ipv4.dstAddr              : LPM       0a000f2c/32
* standard_metadata.ingress_port: EXACT     0001
Action entry: MyIngress.ipv4_forward - a000f2c,3,

[06:04:58.005] [bmv2] [T] [thread 247309] bm_table_add_entry
[06:04:58.005] [bmv2] [D] [thread 247309] Entry 36 added to table 'MyIngress.ipv4_lpm'
[06:04:58.005] [bmv2] [D] [thread 247309] Dumping entry 36
Match key:
* hdr.ipv4.dstAddr              : LPM       0a000f2c/32
* standard_metadata.ingress_port: EXACT     0002
Action entry: MyIngress.ipv4_forward - a000f2c,3,

[06:04:58.006] [bmv2] [T] [thread 247309] bm_table_add_entry
[06:04:58.006] [bmv2] [D] [thread 247309] Entry 37 added to table 'MyIngress.ipv4_lpm'
[06:04:58.006] [bmv2] [D] [thread 247309] Dumping entry 37
Match key:
* hdr.ipv4.dstAddr              : LPM       0a000f2c/32
* standard_metadata.ingress_port: EXACT     0004
Action entry: MyIngress.ipv4_forward - a000f2c,3,

[06:04:58.006] [bmv2] [T] [thread 247309] bm_table_add_entry
[06:04:58.006] [bmv2] [D] [thread 247309] Entry 38 added to table 'MyIngress.ipv4_lpm'
[06:04:58.007] [bmv2] [D] [thread 247309] Dumping entry 38
Match key:
* hdr.ipv4.dstAddr              : LPM       0a000f2c/32
* standard_metadata.ingress_port: EXACT     0005
Action entry: MyIngress.ipv4_forward - a000f2c,3,

[06:04:58.007] [bmv2] [T] [thread 247309] bm_table_add_entry
[06:04:58.007] [bmv2] [D] [thread 247309] Entry 39 added to table 'MyIngress.ipv4_lpm'
[06:04:58.007] [bmv2] [D] [thread 247309] Dumping entry 39
Match key:
* hdr.ipv4.dstAddr              : LPM       0a000f2c/32
* standard_metadata.ingress_port: EXACT     0006
Action entry: MyIngress.ipv4_forward - a000f2c,3,

[06:04:58.008] [bmv2] [T] [thread 247309] bm_table_add_entry
[06:04:58.008] [bmv2] [D] [thread 247309] Entry 40 added to table 'MyIngress.ipv4_lpm'
[06:04:58.008] [bmv2] [D] [thread 247309] Dumping entry 40
Match key:
* hdr.ipv4.dstAddr              : LPM       0a000f2d/32
* standard_metadata.ingress_port: EXACT     0001
Action entry: MyIngress.ipv4_forward - a000f2d,3,

[06:04:58.009] [bmv2] [T] [thread 247309] bm_table_add_entry
[06:04:58.009] [bmv2] [D] [thread 247309] Entry 41 added to table 'MyIngress.ipv4_lpm'
[06:04:58.009] [bmv2] [D] [thread 247309] Dumping entry 41
Match key:
* hdr.ipv4.dstAddr              : LPM       0a000f2d/32
* standard_metadata.ingress_port: EXACT     0002
Action entry: MyIngress.ipv4_forward - a000f2d,3,

[06:04:58.009] [bmv2] [T] [thread 247309] bm_table_add_entry
[06:04:58.010] [bmv2] [D] [thread 247309] Entry 42 added to table 'MyIngress.ipv4_lpm'
[06:04:58.010] [bmv2] [D] [thread 247309] Dumping entry 42
Match key:
* hdr.ipv4.dstAddr              : LPM       0a000f2d/32
* standard_metadata.ingress_port: EXACT     0004
Action entry: MyIngress.ipv4_forward - a000f2d,3,

[06:04:58.010] [bmv2] [T] [thread 247309] bm_table_add_entry
[06:04:58.010] [bmv2] [D] [thread 247309] Entry 43 added to table 'MyIngress.ipv4_lpm'
[06:04:58.010] [bmv2] [D] [thread 247309] Dumping entry 43
Match key:
* hdr.ipv4.dstAddr              : LPM       0a000f2d/32
* standard_metadata.ingress_port: EXACT     0005
Action entry: MyIngress.ipv4_forward - a000f2d,3,

[06:04:58.011] [bmv2] [T] [thread 247309] bm_table_add_entry
[06:04:58.011] [bmv2] [D] [thread 247309] Entry 44 added to table 'MyIngress.ipv4_lpm'
[06:04:58.011] [bmv2] [D] [thread 247309] Dumping entry 44
Match key:
* hdr.ipv4.dstAddr              : LPM       0a000f2d/32
* standard_metadata.ingress_port: EXACT     0006
Action entry: MyIngress.ipv4_forward - a000f2d,3,

[06:04:58.012] [bmv2] [T] [thread 247309] bm_table_add_entry
[06:04:58.012] [bmv2] [D] [thread 247309] Entry 45 added to table 'MyIngress.ipv4_lpm'
[06:04:58.012] [bmv2] [D] [thread 247309] Dumping entry 45
Match key:
* hdr.ipv4.dstAddr              : LPM       0a000101/32
* standard_metadata.ingress_port: EXACT     0001
Action entry: MyIngress.ipv4_forward - a000101,4,

[06:04:58.013] [bmv2] [T] [thread 247309] bm_table_add_entry
[06:04:58.013] [bmv2] [D] [thread 247309] Entry 46 added to table 'MyIngress.ipv4_lpm'
[06:04:58.013] [bmv2] [D] [thread 247309] Dumping entry 46
Match key:
* hdr.ipv4.dstAddr              : LPM       0a000102/32
* standard_metadata.ingress_port: EXACT     0001
Action entry: MyIngress.ipv4_forward - a000102,5,

[06:04:58.014] [bmv2] [T] [thread 247309] bm_table_add_entry
[06:04:58.014] [bmv2] [D] [thread 247309] Entry 47 added to table 'MyIngress.ipv4_lpm'
[06:04:58.014] [bmv2] [D] [thread 247309] Dumping entry 47
Match key:
* hdr.ipv4.dstAddr              : LPM       0a000103/32
* standard_metadata.ingress_port: EXACT     0001
Action entry: MyIngress.ipv4_forward - a000103,6,

[06:04:58.015] [bmv2] [T] [thread 247309] bm_table_add_entry
[06:04:58.015] [bmv2] [D] [thread 247309] Entry 48 added to table 'MyIngress.ipv4_lpm'
[06:04:58.015] [bmv2] [D] [thread 247309] Dumping entry 48
Match key:
* hdr.ipv4.dstAddr              : LPM       0a000204/32
* standard_metadata.ingress_port: EXACT     0001
Action entry: MyIngress.ipv4_forward - a000204,4,

[06:04:58.015] [bmv2] [T] [thread 247309] bm_table_add_entry
[06:04:58.015] [bmv2] [D] [thread 247309] Entry 49 added to table 'MyIngress.ipv4_lpm'
[06:04:58.015] [bmv2] [D] [thread 247309] Dumping entry 49
Match key:
* hdr.ipv4.dstAddr              : LPM       0a000205/32
* standard_metadata.ingress_port: EXACT     0001
Action entry: MyIngress.ipv4_forward - a000205,5,

[06:04:58.016] [bmv2] [T] [thread 247309] bm_table_add_entry
[06:04:58.016] [bmv2] [D] [thread 247309] Entry 50 added to table 'MyIngress.ipv4_lpm'
[06:04:58.016] [bmv2] [D] [thread 247309] Dumping entry 50
Match key:
* hdr.ipv4.dstAddr              : LPM       0a000206/32
* standard_metadata.ingress_port: EXACT     0001
Action entry: MyIngress.ipv4_forward - a000206,6,

[06:04:58.017] [bmv2] [T] [thread 247309] bm_table_add_entry
[06:04:58.017] [bmv2] [D] [thread 247309] Entry 51 added to table 'MyIngress.ipv4_lpm'
[06:04:58.017] [bmv2] [D] [thread 247309] Dumping entry 51
Match key:
* hdr.ipv4.dstAddr              : LPM       0a000307/32
* standard_metadata.ingress_port: EXACT     0001
Action entry: MyIngress.ipv4_forward - a000307,4,

[06:04:58.017] [bmv2] [T] [thread 247309] bm_table_add_entry
[06:04:58.018] [bmv2] [D] [thread 247309] Entry 52 added to table 'MyIngress.ipv4_lpm'
[06:04:58.018] [bmv2] [D] [thread 247309] Dumping entry 52
Match key:
* hdr.ipv4.dstAddr              : LPM       0a000308/32
* standard_metadata.ingress_port: EXACT     0001
Action entry: MyIngress.ipv4_forward - a000308,5,

[06:04:58.018] [bmv2] [T] [thread 247309] bm_table_add_entry
[06:04:58.018] [bmv2] [D] [thread 247309] Entry 53 added to table 'MyIngress.ipv4_lpm'
[06:04:58.018] [bmv2] [D] [thread 247309] Dumping entry 53
Match key:
* hdr.ipv4.dstAddr              : LPM       0a000309/32
* standard_metadata.ingress_port: EXACT     0001
Action entry: MyIngress.ipv4_forward - a000309,6,

[06:04:58.019] [bmv2] [T] [thread 247309] bm_table_add_entry
[06:04:58.019] [bmv2] [D] [thread 247309] Entry 54 added to table 'MyIngress.ipv4_lpm'
[06:04:58.019] [bmv2] [D] [thread 247309] Dumping entry 54
Match key:
* hdr.ipv4.dstAddr              : LPM       0a00040a/32
* standard_metadata.ingress_port: EXACT     0001
Action entry: MyIngress.ipv4_forward - a00040a,4,

[06:04:58.020] [bmv2] [T] [thread 247309] bm_table_add_entry
[06:04:58.020] [bmv2] [D] [thread 247309] Entry 55 added to table 'MyIngress.ipv4_lpm'
[06:04:58.020] [bmv2] [D] [thread 247309] Dumping entry 55
Match key:
* hdr.ipv4.dstAddr              : LPM       0a00040b/32
* standard_metadata.ingress_port: EXACT     0001
Action entry: MyIngress.ipv4_forward - a00040b,5,

[06:04:58.021] [bmv2] [T] [thread 247309] bm_table_add_entry
[06:04:58.021] [bmv2] [D] [thread 247309] Entry 56 added to table 'MyIngress.ipv4_lpm'
[06:04:58.021] [bmv2] [D] [thread 247309] Dumping entry 56
Match key:
* hdr.ipv4.dstAddr              : LPM       0a00040c/32
* standard_metadata.ingress_port: EXACT     0001
Action entry: MyIngress.ipv4_forward - a00040c,6,

[06:04:58.021] [bmv2] [T] [thread 247309] bm_table_add_entry
[06:04:58.021] [bmv2] [D] [thread 247309] Entry 57 added to table 'MyIngress.ipv4_lpm'
[06:04:58.021] [bmv2] [D] [thread 247309] Dumping entry 57
Match key:
* hdr.ipv4.dstAddr              : LPM       0a00050d/32
* standard_metadata.ingress_port: EXACT     0001
Action entry: MyIngress.ipv4_forward - a00050d,4,

[06:04:58.022] [bmv2] [T] [thread 247309] bm_table_add_entry
[06:04:58.022] [bmv2] [D] [thread 247309] Entry 58 added to table 'MyIngress.ipv4_lpm'
[06:04:58.022] [bmv2] [D] [thread 247309] Dumping entry 58
Match key:
* hdr.ipv4.dstAddr              : LPM       0a00050e/32
* standard_metadata.ingress_port: EXACT     0001
Action entry: MyIngress.ipv4_forward - a00050e,5,

[06:04:58.023] [bmv2] [T] [thread 247309] bm_table_add_entry
[06:04:58.023] [bmv2] [D] [thread 247309] Entry 59 added to table 'MyIngress.ipv4_lpm'
[06:04:58.023] [bmv2] [D] [thread 247309] Dumping entry 59
Match key:
* hdr.ipv4.dstAddr              : LPM       0a00050f/32
* standard_metadata.ingress_port: EXACT     0001
Action entry: MyIngress.ipv4_forward - a00050f,6,

[06:04:58.024] [bmv2] [T] [thread 247309] bm_table_add_entry
[06:04:58.024] [bmv2] [D] [thread 247309] Entry 60 added to table 'MyIngress.ipv4_lpm'
[06:04:58.024] [bmv2] [D] [thread 247309] Dumping entry 60
Match key:
* hdr.ipv4.dstAddr              : LPM       0a000610/32
* standard_metadata.ingress_port: EXACT     0001
Action entry: MyIngress.ipv4_forward - a000610,4,

[06:04:58.024] [bmv2] [T] [thread 247309] bm_table_add_entry
[06:04:58.024] [bmv2] [D] [thread 247309] Entry 61 added to table 'MyIngress.ipv4_lpm'
[06:04:58.024] [bmv2] [D] [thread 247309] Dumping entry 61
Match key:
* hdr.ipv4.dstAddr              : LPM       0a000611/32
* standard_metadata.ingress_port: EXACT     0001
Action entry: MyIngress.ipv4_forward - a000611,5,

[06:04:58.025] [bmv2] [T] [thread 247309] bm_table_add_entry
[06:04:58.025] [bmv2] [D] [thread 247309] Entry 62 added to table 'MyIngress.ipv4_lpm'
[06:04:58.025] [bmv2] [D] [thread 247309] Dumping entry 62
Match key:
* hdr.ipv4.dstAddr              : LPM       0a000612/32
* standard_metadata.ingress_port: EXACT     0001
Action entry: MyIngress.ipv4_forward - a000612,6,

[06:04:58.026] [bmv2] [T] [thread 247309] bm_table_add_entry
[06:04:58.026] [bmv2] [D] [thread 247309] Entry 63 added to table 'MyIngress.ipv4_lpm'
[06:04:58.026] [bmv2] [D] [thread 247309] Dumping entry 63
Match key:
* hdr.ipv4.dstAddr              : LPM       0a000713/32
* standard_metadata.ingress_port: EXACT     0001
Action entry: MyIngress.ipv4_forward - a000713,4,

[06:04:58.026] [bmv2] [T] [thread 247309] bm_table_add_entry
[06:04:58.027] [bmv2] [D] [thread 247309] Entry 64 added to table 'MyIngress.ipv4_lpm'
[06:04:58.027] [bmv2] [D] [thread 247309] Dumping entry 64
Match key:
* hdr.ipv4.dstAddr              : LPM       0a000714/32
* standard_metadata.ingress_port: EXACT     0001
Action entry: MyIngress.ipv4_forward - a000714,5,

[06:04:58.027] [bmv2] [T] [thread 247309] bm_table_add_entry
[06:04:58.028] [bmv2] [D] [thread 247309] Entry 65 added to table 'MyIngress.ipv4_lpm'
[06:04:58.028] [bmv2] [D] [thread 247309] Dumping entry 65
Match key:
* hdr.ipv4.dstAddr              : LPM       0a000715/32
* standard_metadata.ingress_port: EXACT     0001
Action entry: MyIngress.ipv4_forward - a000715,6,

[06:04:58.028] [bmv2] [T] [thread 247309] bm_table_add_entry
[06:04:58.028] [bmv2] [D] [thread 247309] Entry 66 added to table 'MyIngress.ipv4_lpm'
[06:04:58.029] [bmv2] [D] [thread 247309] Dumping entry 66
Match key:
* hdr.ipv4.dstAddr              : LPM       0a000816/32
* standard_metadata.ingress_port: EXACT     0001
Action entry: MyIngress.ipv4_forward - a000816,4,

[06:04:58.029] [bmv2] [T] [thread 247309] bm_table_add_entry
[06:04:58.029] [bmv2] [D] [thread 247309] Entry 67 added to table 'MyIngress.ipv4_lpm'
[06:04:58.029] [bmv2] [D] [thread 247309] Dumping entry 67
Match key:
* hdr.ipv4.dstAddr              : LPM       0a000817/32
* standard_metadata.ingress_port: EXACT     0001
Action entry: MyIngress.ipv4_forward - a000817,5,

[06:04:58.030] [bmv2] [T] [thread 247309] bm_table_add_entry
[06:04:58.030] [bmv2] [D] [thread 247309] Entry 68 added to table 'MyIngress.ipv4_lpm'
[06:04:58.030] [bmv2] [D] [thread 247309] Dumping entry 68
Match key:
* hdr.ipv4.dstAddr              : LPM       0a000818/32
* standard_metadata.ingress_port: EXACT     0001
Action entry: MyIngress.ipv4_forward - a000818,6,

[06:04:58.031] [bmv2] [T] [thread 247309] bm_table_add_entry
[06:04:58.031] [bmv2] [D] [thread 247309] Entry 69 added to table 'MyIngress.ipv4_lpm'
[06:04:58.031] [bmv2] [D] [thread 247309] Dumping entry 69
Match key:
* hdr.ipv4.dstAddr              : LPM       0a000919/32
* standard_metadata.ingress_port: EXACT     0001
Action entry: MyIngress.ipv4_forward - a000919,4,

[06:04:58.031] [bmv2] [T] [thread 247309] bm_table_add_entry
[06:04:58.031] [bmv2] [D] [thread 247309] Entry 70 added to table 'MyIngress.ipv4_lpm'
[06:04:58.032] [bmv2] [D] [thread 247309] Dumping entry 70
Match key:
* hdr.ipv4.dstAddr              : LPM       0a00091a/32
* standard_metadata.ingress_port: EXACT     0001
Action entry: MyIngress.ipv4_forward - a00091a,5,

[06:04:58.033] [bmv2] [T] [thread 247309] bm_table_add_entry
[06:04:58.033] [bmv2] [D] [thread 247309] Entry 71 added to table 'MyIngress.ipv4_lpm'
[06:04:58.033] [bmv2] [D] [thread 247309] Dumping entry 71
Match key:
* hdr.ipv4.dstAddr              : LPM       0a00091b/32
* standard_metadata.ingress_port: EXACT     0001
Action entry: MyIngress.ipv4_forward - a00091b,6,

[06:04:58.034] [bmv2] [T] [thread 247309] bm_table_add_entry
[06:04:58.034] [bmv2] [D] [thread 247309] Entry 72 added to table 'MyIngress.ipv4_lpm'
[06:04:58.034] [bmv2] [D] [thread 247309] Dumping entry 72
Match key:
* hdr.ipv4.dstAddr              : LPM       0a000a1c/32
* standard_metadata.ingress_port: EXACT     0001
Action entry: MyIngress.ipv4_forward - a000a1c,4,

[06:04:58.034] [bmv2] [T] [thread 247309] bm_table_add_entry
[06:04:58.035] [bmv2] [D] [thread 247309] Entry 73 added to table 'MyIngress.ipv4_lpm'
[06:04:58.035] [bmv2] [D] [thread 247309] Dumping entry 73
Match key:
* hdr.ipv4.dstAddr              : LPM       0a000a1d/32
* standard_metadata.ingress_port: EXACT     0001
Action entry: MyIngress.ipv4_forward - a000a1d,5,

[06:04:58.035] [bmv2] [T] [thread 247309] bm_table_add_entry
[06:04:58.035] [bmv2] [D] [thread 247309] Entry 74 added to table 'MyIngress.ipv4_lpm'
[06:04:58.035] [bmv2] [D] [thread 247309] Dumping entry 74
Match key:
* hdr.ipv4.dstAddr              : LPM       0a000a1e/32
* standard_metadata.ingress_port: EXACT     0001
Action entry: MyIngress.ipv4_forward - a000a1e,6,

[06:04:58.036] [bmv2] [T] [thread 247309] bm_table_add_entry
[06:04:58.036] [bmv2] [D] [thread 247309] Entry 75 added to table 'MyIngress.ipv4_lpm'
[06:04:58.036] [bmv2] [D] [thread 247309] Dumping entry 75
Match key:
* hdr.ipv4.dstAddr              : LPM       0a000b1f/32
* standard_metadata.ingress_port: EXACT     0001
Action entry: MyIngress.ipv4_forward - a000b1f,4,

[06:04:58.037] [bmv2] [T] [thread 247309] bm_table_add_entry
[06:04:58.037] [bmv2] [D] [thread 247309] Entry 76 added to table 'MyIngress.ipv4_lpm'
[06:04:58.037] [bmv2] [D] [thread 247309] Dumping entry 76
Match key:
* hdr.ipv4.dstAddr              : LPM       0a000b20/32
* standard_metadata.ingress_port: EXACT     0001
Action entry: MyIngress.ipv4_forward - a000b20,5,

[06:04:58.038] [bmv2] [T] [thread 247309] bm_table_add_entry
[06:04:58.038] [bmv2] [D] [thread 247309] Entry 77 added to table 'MyIngress.ipv4_lpm'
[06:04:58.038] [bmv2] [D] [thread 247309] Dumping entry 77
Match key:
* hdr.ipv4.dstAddr              : LPM       0a000b21/32
* standard_metadata.ingress_port: EXACT     0001
Action entry: MyIngress.ipv4_forward - a000b21,6,

[06:04:58.039] [bmv2] [T] [thread 247309] bm_table_add_entry
[06:04:58.039] [bmv2] [D] [thread 247309] Entry 78 added to table 'MyIngress.ipv4_lpm'
[06:04:58.039] [bmv2] [D] [thread 247309] Dumping entry 78
Match key:
* hdr.ipv4.dstAddr              : LPM       0a000c22/32
* standard_metadata.ingress_port: EXACT     0001
Action entry: MyIngress.ipv4_forward - a000c22,4,

[06:04:58.040] [bmv2] [T] [thread 247309] bm_table_add_entry
[06:04:58.040] [bmv2] [D] [thread 247309] Entry 79 added to table 'MyIngress.ipv4_lpm'
[06:04:58.040] [bmv2] [D] [thread 247309] Dumping entry 79
Match key:
* hdr.ipv4.dstAddr              : LPM       0a000c23/32
* standard_metadata.ingress_port: EXACT     0001
Action entry: MyIngress.ipv4_forward - a000c23,5,

[06:04:58.040] [bmv2] [T] [thread 247309] bm_table_add_entry
[06:04:58.041] [bmv2] [D] [thread 247309] Entry 80 added to table 'MyIngress.ipv4_lpm'
[06:04:58.041] [bmv2] [D] [thread 247309] Dumping entry 80
Match key:
* hdr.ipv4.dstAddr              : LPM       0a000c24/32
* standard_metadata.ingress_port: EXACT     0001
Action entry: MyIngress.ipv4_forward - a000c24,6,

[06:04:58.041] [bmv2] [T] [thread 247309] bm_table_add_entry
[06:04:58.041] [bmv2] [D] [thread 247309] Entry 81 added to table 'MyIngress.ipv4_lpm'
[06:04:58.041] [bmv2] [D] [thread 247309] Dumping entry 81
Match key:
* hdr.ipv4.dstAddr              : LPM       0a000d25/32
* standard_metadata.ingress_port: EXACT     0001
Action entry: MyIngress.ipv4_forward - a000d25,1,

[06:04:58.042] [bmv2] [T] [thread 247309] bm_table_add_entry
[06:04:58.042] [bmv2] [D] [thread 247309] Entry 82 added to table 'MyIngress.ipv4_lpm'
[06:04:58.042] [bmv2] [D] [thread 247309] Dumping entry 82
Match key:
* hdr.ipv4.dstAddr              : LPM       0a000d26/32
* standard_metadata.ingress_port: EXACT     0001
Action entry: MyIngress.ipv4_forward - a000d26,1,

[06:04:58.043] [bmv2] [T] [thread 247309] bm_table_add_entry
[06:04:58.043] [bmv2] [D] [thread 247309] Entry 83 added to table 'MyIngress.ipv4_lpm'
[06:04:58.043] [bmv2] [D] [thread 247309] Dumping entry 83
Match key:
* hdr.ipv4.dstAddr              : LPM       0a000d27/32
* standard_metadata.ingress_port: EXACT     0001
Action entry: MyIngress.ipv4_forward - a000d27,1,

[06:04:58.043] [bmv2] [T] [thread 247309] bm_table_add_entry
[06:04:58.044] [bmv2] [E] [thread 247309] Error when trying to add entry to table 'MyIngress.ipv4_lpm': DUPLICATE_ENTRY
[06:04:58.044] [bmv2] [T] [thread 247309] bm_table_add_entry
[06:04:58.044] [bmv2] [E] [thread 247309] Error when trying to add entry to table 'MyIngress.ipv4_lpm': DUPLICATE_ENTRY
[06:04:58.045] [bmv2] [T] [thread 247309] bm_table_add_entry
[06:04:58.045] [bmv2] [E] [thread 247309] Error when trying to add entry to table 'MyIngress.ipv4_lpm': DUPLICATE_ENTRY
[06:04:58.046] [bmv2] [T] [thread 247309] bm_table_add_entry
[06:04:58.046] [bmv2] [E] [thread 247309] Error when trying to add entry to table 'MyIngress.ipv4_lpm': DUPLICATE_ENTRY
[06:04:58.046] [bmv2] [T] [thread 247309] bm_table_add_entry
[06:04:58.047] [bmv2] [E] [thread 247309] Error when trying to add entry to table 'MyIngress.ipv4_lpm': DUPLICATE_ENTRY
[06:04:58.047] [bmv2] [T] [thread 247309] bm_table_add_entry
[06:04:58.047] [bmv2] [E] [thread 247309] Error when trying to add entry to table 'MyIngress.ipv4_lpm': DUPLICATE_ENTRY
[06:04:58.048] [bmv2] [T] [thread 247309] bm_table_add_entry
[06:04:58.048] [bmv2] [D] [thread 247309] Entry 84 added to table 'MyIngress.ipv4_lpm'
[06:04:58.048] [bmv2] [D] [thread 247309] Dumping entry 84
Match key:
* hdr.ipv4.dstAddr              : LPM       0a00102e/32
* standard_metadata.ingress_port: EXACT     0001
Action entry: MyIngress.ipv4_forward - a00102e,4,

[06:04:58.049] [bmv2] [T] [thread 247309] bm_table_add_entry
[06:04:58.049] [bmv2] [D] [thread 247309] Entry 85 added to table 'MyIngress.ipv4_lpm'
[06:04:58.049] [bmv2] [D] [thread 247309] Dumping entry 85
Match key:
* hdr.ipv4.dstAddr              : LPM       0a00102f/32
* standard_metadata.ingress_port: EXACT     0001
Action entry: MyIngress.ipv4_forward - a00102f,5,

[06:04:58.049] [bmv2] [T] [thread 247309] bm_table_add_entry
[06:04:58.050] [bmv2] [D] [thread 247309] Entry 86 added to table 'MyIngress.ipv4_lpm'
[06:04:58.050] [bmv2] [D] [thread 247309] Dumping entry 86
Match key:
* hdr.ipv4.dstAddr              : LPM       0a001030/32
* standard_metadata.ingress_port: EXACT     0001
Action entry: MyIngress.ipv4_forward - a001030,6,

[06:04:58.050] [bmv2] [T] [thread 247309] bm_table_add_entry
[06:04:58.050] [bmv2] [D] [thread 247309] Entry 87 added to table 'MyIngress.ipv4_lpm'
[06:04:58.050] [bmv2] [D] [thread 247309] Dumping entry 87
Match key:
* hdr.ipv4.dstAddr              : LPM       0a001131/32
* standard_metadata.ingress_port: EXACT     0001
Action entry: MyIngress.ipv4_forward - a001131,4,

[06:04:58.051] [bmv2] [T] [thread 247309] bm_table_add_entry
[06:04:58.051] [bmv2] [D] [thread 247309] Entry 88 added to table 'MyIngress.ipv4_lpm'
[06:04:58.051] [bmv2] [D] [thread 247309] Dumping entry 88
Match key:
* hdr.ipv4.dstAddr              : LPM       0a001132/32
* standard_metadata.ingress_port: EXACT     0001
Action entry: MyIngress.ipv4_forward - a001132,5,

[06:04:58.052] [bmv2] [T] [thread 247309] bm_table_add_entry
[06:04:58.052] [bmv2] [D] [thread 247309] Entry 89 added to table 'MyIngress.ipv4_lpm'
[06:04:58.052] [bmv2] [D] [thread 247309] Dumping entry 89
Match key:
* hdr.ipv4.dstAddr              : LPM       0a001133/32
* standard_metadata.ingress_port: EXACT     0001
Action entry: MyIngress.ipv4_forward - a001133,6,

[06:04:58.052] [bmv2] [T] [thread 247309] bm_table_add_entry
[06:04:58.053] [bmv2] [D] [thread 247309] Entry 90 added to table 'MyIngress.ipv4_lpm'
[06:04:58.053] [bmv2] [D] [thread 247309] Dumping entry 90
Match key:
* hdr.ipv4.dstAddr              : LPM       0a001234/32
* standard_metadata.ingress_port: EXACT     0001
Action entry: MyIngress.ipv4_forward - a001234,4,

[06:04:58.053] [bmv2] [T] [thread 247309] bm_table_add_entry
[06:04:58.053] [bmv2] [D] [thread 247309] Entry 91 added to table 'MyIngress.ipv4_lpm'
[06:04:58.053] [bmv2] [D] [thread 247309] Dumping entry 91
Match key:
* hdr.ipv4.dstAddr              : LPM       0a001235/32
* standard_metadata.ingress_port: EXACT     0001
Action entry: MyIngress.ipv4_forward - a001235,5,

[06:04:58.054] [bmv2] [T] [thread 247309] bm_table_add_entry
[06:04:58.054] [bmv2] [D] [thread 247309] Entry 92 added to table 'MyIngress.ipv4_lpm'
[06:04:58.054] [bmv2] [D] [thread 247309] Dumping entry 92
Match key:
* hdr.ipv4.dstAddr              : LPM       0a001236/32
* standard_metadata.ingress_port: EXACT     0001
Action entry: MyIngress.ipv4_forward - a001236,6,

[06:04:58.055] [bmv2] [T] [thread 247309] bm_table_add_entry
[06:04:58.055] [bmv2] [D] [thread 247309] Entry 93 added to table 'MyIngress.ipv4_lpm'
[06:04:58.055] [bmv2] [D] [thread 247309] Dumping entry 93
Match key:
* hdr.ipv4.dstAddr              : LPM       0a000101/32
* standard_metadata.ingress_port: EXACT     0002
Action entry: MyIngress.ipv4_forward - a000101,4,

[06:04:58.055] [bmv2] [T] [thread 247309] bm_table_add_entry
[06:04:58.056] [bmv2] [D] [thread 247309] Entry 94 added to table 'MyIngress.ipv4_lpm'
[06:04:58.056] [bmv2] [D] [thread 247309] Dumping entry 94
Match key:
* hdr.ipv4.dstAddr              : LPM       0a000102/32
* standard_metadata.ingress_port: EXACT     0002
Action entry: MyIngress.ipv4_forward - a000102,5,

[06:04:58.056] [bmv2] [T] [thread 247309] bm_table_add_entry
[06:04:58.057] [bmv2] [D] [thread 247309] Entry 95 added to table 'MyIngress.ipv4_lpm'
[06:04:58.057] [bmv2] [D] [thread 247309] Dumping entry 95
Match key:
* hdr.ipv4.dstAddr              : LPM       0a000103/32
* standard_metadata.ingress_port: EXACT     0002
Action entry: MyIngress.ipv4_forward - a000103,6,

[06:04:58.058] [bmv2] [T] [thread 247309] bm_table_add_entry
[06:04:58.058] [bmv2] [D] [thread 247309] Entry 96 added to table 'MyIngress.ipv4_lpm'
[06:04:58.058] [bmv2] [D] [thread 247309] Dumping entry 96
Match key:
* hdr.ipv4.dstAddr              : LPM       0a000204/32
* standard_metadata.ingress_port: EXACT     0002
Action entry: MyIngress.ipv4_forward - a000204,4,

[06:04:58.058] [bmv2] [T] [thread 247309] bm_table_add_entry
[06:04:58.059] [bmv2] [D] [thread 247309] Entry 97 added to table 'MyIngress.ipv4_lpm'
[06:04:58.059] [bmv2] [D] [thread 247309] Dumping entry 97
Match key:
* hdr.ipv4.dstAddr              : LPM       0a000205/32
* standard_metadata.ingress_port: EXACT     0002
Action entry: MyIngress.ipv4_forward - a000205,5,

[06:04:58.059] [bmv2] [T] [thread 247309] bm_table_add_entry
[06:04:58.060] [bmv2] [D] [thread 247309] Entry 98 added to table 'MyIngress.ipv4_lpm'
[06:04:58.060] [bmv2] [D] [thread 247309] Dumping entry 98
Match key:
* hdr.ipv4.dstAddr              : LPM       0a000206/32
* standard_metadata.ingress_port: EXACT     0002
Action entry: MyIngress.ipv4_forward - a000206,6,

[06:04:58.061] [bmv2] [T] [thread 247309] bm_table_add_entry
[06:04:58.061] [bmv2] [D] [thread 247309] Entry 99 added to table 'MyIngress.ipv4_lpm'
[06:04:58.061] [bmv2] [D] [thread 247309] Dumping entry 99
Match key:
* hdr.ipv4.dstAddr              : LPM       0a000307/32
* standard_metadata.ingress_port: EXACT     0002
Action entry: MyIngress.ipv4_forward - a000307,4,

[06:04:58.061] [bmv2] [T] [thread 247309] bm_table_add_entry
[06:04:58.061] [bmv2] [D] [thread 247309] Entry 100 added to table 'MyIngress.ipv4_lpm'
[06:04:58.061] [bmv2] [D] [thread 247309] Dumping entry 100
Match key:
* hdr.ipv4.dstAddr              : LPM       0a000308/32
* standard_metadata.ingress_port: EXACT     0002
Action entry: MyIngress.ipv4_forward - a000308,5,

[06:04:58.062] [bmv2] [T] [thread 247309] bm_table_add_entry
[06:04:58.062] [bmv2] [D] [thread 247309] Entry 101 added to table 'MyIngress.ipv4_lpm'
[06:04:58.062] [bmv2] [D] [thread 247309] Dumping entry 101
Match key:
* hdr.ipv4.dstAddr              : LPM       0a000309/32
* standard_metadata.ingress_port: EXACT     0002
Action entry: MyIngress.ipv4_forward - a000309,6,

[06:04:58.063] [bmv2] [T] [thread 247309] bm_table_add_entry
[06:04:58.063] [bmv2] [D] [thread 247309] Entry 102 added to table 'MyIngress.ipv4_lpm'
[06:04:58.063] [bmv2] [D] [thread 247309] Dumping entry 102
Match key:
* hdr.ipv4.dstAddr              : LPM       0a00040a/32
* standard_metadata.ingress_port: EXACT     0002
Action entry: MyIngress.ipv4_forward - a00040a,4,

[06:04:58.063] [bmv2] [T] [thread 247309] bm_table_add_entry
[06:04:58.064] [bmv2] [D] [thread 247309] Entry 103 added to table 'MyIngress.ipv4_lpm'
[06:04:58.064] [bmv2] [D] [thread 247309] Dumping entry 103
Match key:
* hdr.ipv4.dstAddr              : LPM       0a00040b/32
* standard_metadata.ingress_port: EXACT     0002
Action entry: MyIngress.ipv4_forward - a00040b,5,

[06:04:58.064] [bmv2] [T] [thread 247309] bm_table_add_entry
[06:04:58.064] [bmv2] [D] [thread 247309] Entry 104 added to table 'MyIngress.ipv4_lpm'
[06:04:58.064] [bmv2] [D] [thread 247309] Dumping entry 104
Match key:
* hdr.ipv4.dstAddr              : LPM       0a00040c/32
* standard_metadata.ingress_port: EXACT     0002
Action entry: MyIngress.ipv4_forward - a00040c,6,

[06:04:58.065] [bmv2] [T] [thread 247309] bm_table_add_entry
[06:04:58.065] [bmv2] [D] [thread 247309] Entry 105 added to table 'MyIngress.ipv4_lpm'
[06:04:58.065] [bmv2] [D] [thread 247309] Dumping entry 105
Match key:
* hdr.ipv4.dstAddr              : LPM       0a00050d/32
* standard_metadata.ingress_port: EXACT     0002
Action entry: MyIngress.ipv4_forward - a00050d,4,

[06:04:58.065] [bmv2] [T] [thread 247309] bm_table_add_entry
[06:04:58.066] [bmv2] [D] [thread 247309] Entry 106 added to table 'MyIngress.ipv4_lpm'
[06:04:58.066] [bmv2] [D] [thread 247309] Dumping entry 106
Match key:
* hdr.ipv4.dstAddr              : LPM       0a00050e/32
* standard_metadata.ingress_port: EXACT     0002
Action entry: MyIngress.ipv4_forward - a00050e,5,

[06:04:58.066] [bmv2] [T] [thread 247309] bm_table_add_entry
[06:04:58.066] [bmv2] [D] [thread 247309] Entry 107 added to table 'MyIngress.ipv4_lpm'
[06:04:58.066] [bmv2] [D] [thread 247309] Dumping entry 107
Match key:
* hdr.ipv4.dstAddr              : LPM       0a00050f/32
* standard_metadata.ingress_port: EXACT     0002
Action entry: MyIngress.ipv4_forward - a00050f,6,

[06:04:58.067] [bmv2] [T] [thread 247309] bm_table_add_entry
[06:04:58.067] [bmv2] [D] [thread 247309] Entry 108 added to table 'MyIngress.ipv4_lpm'
[06:04:58.067] [bmv2] [D] [thread 247309] Dumping entry 108
Match key:
* hdr.ipv4.dstAddr              : LPM       0a000610/32
* standard_metadata.ingress_port: EXACT     0002
Action entry: MyIngress.ipv4_forward - a000610,4,

[06:04:58.068] [bmv2] [T] [thread 247309] bm_table_add_entry
[06:04:58.068] [bmv2] [D] [thread 247309] Entry 109 added to table 'MyIngress.ipv4_lpm'
[06:04:58.068] [bmv2] [D] [thread 247309] Dumping entry 109
Match key:
* hdr.ipv4.dstAddr              : LPM       0a000611/32
* standard_metadata.ingress_port: EXACT     0002
Action entry: MyIngress.ipv4_forward - a000611,5,

[06:04:58.068] [bmv2] [T] [thread 247309] bm_table_add_entry
[06:04:58.068] [bmv2] [D] [thread 247309] Entry 110 added to table 'MyIngress.ipv4_lpm'
[06:04:58.068] [bmv2] [D] [thread 247309] Dumping entry 110
Match key:
* hdr.ipv4.dstAddr              : LPM       0a000612/32
* standard_metadata.ingress_port: EXACT     0002
Action entry: MyIngress.ipv4_forward - a000612,6,

[06:04:58.069] [bmv2] [T] [thread 247309] bm_table_add_entry
[06:04:58.069] [bmv2] [D] [thread 247309] Entry 111 added to table 'MyIngress.ipv4_lpm'
[06:04:58.069] [bmv2] [D] [thread 247309] Dumping entry 111
Match key:
* hdr.ipv4.dstAddr              : LPM       0a000713/32
* standard_metadata.ingress_port: EXACT     0002
Action entry: MyIngress.ipv4_forward - a000713,4,

[06:04:58.070] [bmv2] [T] [thread 247309] bm_table_add_entry
[06:04:58.070] [bmv2] [D] [thread 247309] Entry 112 added to table 'MyIngress.ipv4_lpm'
[06:04:58.070] [bmv2] [D] [thread 247309] Dumping entry 112
Match key:
* hdr.ipv4.dstAddr              : LPM       0a000714/32
* standard_metadata.ingress_port: EXACT     0002
Action entry: MyIngress.ipv4_forward - a000714,5,

[06:04:58.071] [bmv2] [T] [thread 247309] bm_table_add_entry
[06:04:58.071] [bmv2] [D] [thread 247309] Entry 113 added to table 'MyIngress.ipv4_lpm'
[06:04:58.071] [bmv2] [D] [thread 247309] Dumping entry 113
Match key:
* hdr.ipv4.dstAddr              : LPM       0a000715/32
* standard_metadata.ingress_port: EXACT     0002
Action entry: MyIngress.ipv4_forward - a000715,6,

[06:04:58.071] [bmv2] [T] [thread 247309] bm_table_add_entry
[06:04:58.072] [bmv2] [D] [thread 247309] Entry 114 added to table 'MyIngress.ipv4_lpm'
[06:04:58.072] [bmv2] [D] [thread 247309] Dumping entry 114
Match key:
* hdr.ipv4.dstAddr              : LPM       0a000816/32
* standard_metadata.ingress_port: EXACT     0002
Action entry: MyIngress.ipv4_forward - a000816,4,

[06:04:58.072] [bmv2] [T] [thread 247309] bm_table_add_entry
[06:04:58.073] [bmv2] [D] [thread 247309] Entry 115 added to table 'MyIngress.ipv4_lpm'
[06:04:58.073] [bmv2] [D] [thread 247309] Dumping entry 115
Match key:
* hdr.ipv4.dstAddr              : LPM       0a000817/32
* standard_metadata.ingress_port: EXACT     0002
Action entry: MyIngress.ipv4_forward - a000817,5,

[06:04:58.073] [bmv2] [T] [thread 247309] bm_table_add_entry
[06:04:58.073] [bmv2] [D] [thread 247309] Entry 116 added to table 'MyIngress.ipv4_lpm'
[06:04:58.073] [bmv2] [D] [thread 247309] Dumping entry 116
Match key:
* hdr.ipv4.dstAddr              : LPM       0a000818/32
* standard_metadata.ingress_port: EXACT     0002
Action entry: MyIngress.ipv4_forward - a000818,6,

[06:04:58.074] [bmv2] [T] [thread 247309] bm_table_add_entry
[06:04:58.074] [bmv2] [D] [thread 247309] Entry 117 added to table 'MyIngress.ipv4_lpm'
[06:04:58.074] [bmv2] [D] [thread 247309] Dumping entry 117
Match key:
* hdr.ipv4.dstAddr              : LPM       0a000919/32
* standard_metadata.ingress_port: EXACT     0002
Action entry: MyIngress.ipv4_forward - a000919,4,

[06:04:58.075] [bmv2] [T] [thread 247309] bm_table_add_entry
[06:04:58.075] [bmv2] [D] [thread 247309] Entry 118 added to table 'MyIngress.ipv4_lpm'
[06:04:58.075] [bmv2] [D] [thread 247309] Dumping entry 118
Match key:
* hdr.ipv4.dstAddr              : LPM       0a00091a/32
* standard_metadata.ingress_port: EXACT     0002
Action entry: MyIngress.ipv4_forward - a00091a,5,

[06:04:58.075] [bmv2] [T] [thread 247309] bm_table_add_entry
[06:04:58.076] [bmv2] [D] [thread 247309] Entry 119 added to table 'MyIngress.ipv4_lpm'
[06:04:58.076] [bmv2] [D] [thread 247309] Dumping entry 119
Match key:
* hdr.ipv4.dstAddr              : LPM       0a00091b/32
* standard_metadata.ingress_port: EXACT     0002
Action entry: MyIngress.ipv4_forward - a00091b,6,

[06:04:58.076] [bmv2] [T] [thread 247309] bm_table_add_entry
[06:04:58.076] [bmv2] [D] [thread 247309] Entry 120 added to table 'MyIngress.ipv4_lpm'
[06:04:58.076] [bmv2] [D] [thread 247309] Dumping entry 120
Match key:
* hdr.ipv4.dstAddr              : LPM       0a000a1c/32
* standard_metadata.ingress_port: EXACT     0002
Action entry: MyIngress.ipv4_forward - a000a1c,4,

[06:04:58.077] [bmv2] [T] [thread 247309] bm_table_add_entry
[06:04:58.077] [bmv2] [D] [thread 247309] Entry 121 added to table 'MyIngress.ipv4_lpm'
[06:04:58.077] [bmv2] [D] [thread 247309] Dumping entry 121
Match key:
* hdr.ipv4.dstAddr              : LPM       0a000a1d/32
* standard_metadata.ingress_port: EXACT     0002
Action entry: MyIngress.ipv4_forward - a000a1d,5,

[06:04:58.078] [bmv2] [T] [thread 247309] bm_table_add_entry
[06:04:58.078] [bmv2] [D] [thread 247309] Entry 122 added to table 'MyIngress.ipv4_lpm'
[06:04:58.078] [bmv2] [D] [thread 247309] Dumping entry 122
Match key:
* hdr.ipv4.dstAddr              : LPM       0a000a1e/32
* standard_metadata.ingress_port: EXACT     0002
Action entry: MyIngress.ipv4_forward - a000a1e,6,

[06:04:58.078] [bmv2] [T] [thread 247309] bm_table_add_entry
[06:04:58.079] [bmv2] [D] [thread 247309] Entry 123 added to table 'MyIngress.ipv4_lpm'
[06:04:58.079] [bmv2] [D] [thread 247309] Dumping entry 123
Match key:
* hdr.ipv4.dstAddr              : LPM       0a000b1f/32
* standard_metadata.ingress_port: EXACT     0002
Action entry: MyIngress.ipv4_forward - a000b1f,4,

[06:04:58.079] [bmv2] [T] [thread 247309] bm_table_add_entry
[06:04:58.080] [bmv2] [D] [thread 247309] Entry 124 added to table 'MyIngress.ipv4_lpm'
[06:04:58.080] [bmv2] [D] [thread 247309] Dumping entry 124
Match key:
* hdr.ipv4.dstAddr              : LPM       0a000b20/32
* standard_metadata.ingress_port: EXACT     0002
Action entry: MyIngress.ipv4_forward - a000b20,5,

[06:04:58.080] [bmv2] [T] [thread 247309] bm_table_add_entry
[06:04:58.080] [bmv2] [D] [thread 247309] Entry 125 added to table 'MyIngress.ipv4_lpm'
[06:04:58.080] [bmv2] [D] [thread 247309] Dumping entry 125
Match key:
* hdr.ipv4.dstAddr              : LPM       0a000b21/32
* standard_metadata.ingress_port: EXACT     0002
Action entry: MyIngress.ipv4_forward - a000b21,6,

[06:04:58.081] [bmv2] [T] [thread 247309] bm_table_add_entry
[06:04:58.081] [bmv2] [D] [thread 247309] Entry 126 added to table 'MyIngress.ipv4_lpm'
[06:04:58.081] [bmv2] [D] [thread 247309] Dumping entry 126
Match key:
* hdr.ipv4.dstAddr              : LPM       0a000c22/32
* standard_metadata.ingress_port: EXACT     0002
Action entry: MyIngress.ipv4_forward - a000c22,4,

[06:04:58.082] [bmv2] [T] [thread 247309] bm_table_add_entry
[06:04:58.082] [bmv2] [D] [thread 247309] Entry 127 added to table 'MyIngress.ipv4_lpm'
[06:04:58.082] [bmv2] [D] [thread 247309] Dumping entry 127
Match key:
* hdr.ipv4.dstAddr              : LPM       0a000c23/32
* standard_metadata.ingress_port: EXACT     0002
Action entry: MyIngress.ipv4_forward - a000c23,5,

[06:04:58.082] [bmv2] [T] [thread 247309] bm_table_add_entry
[06:04:58.082] [bmv2] [D] [thread 247309] Entry 128 added to table 'MyIngress.ipv4_lpm'
[06:04:58.082] [bmv2] [D] [thread 247309] Dumping entry 128
Match key:
* hdr.ipv4.dstAddr              : LPM       0a000c24/32
* standard_metadata.ingress_port: EXACT     0002
Action entry: MyIngress.ipv4_forward - a000c24,6,

[06:04:58.083] [bmv2] [T] [thread 247309] bm_table_add_entry
[06:04:58.083] [bmv2] [E] [thread 247309] Error when trying to add entry to table 'MyIngress.ipv4_lpm': DUPLICATE_ENTRY
[06:04:58.084] [bmv2] [T] [thread 247309] bm_table_add_entry
[06:04:58.084] [bmv2] [E] [thread 247309] Error when trying to add entry to table 'MyIngress.ipv4_lpm': DUPLICATE_ENTRY
[06:04:58.084] [bmv2] [T] [thread 247309] bm_table_add_entry
[06:04:58.085] [bmv2] [E] [thread 247309] Error when trying to add entry to table 'MyIngress.ipv4_lpm': DUPLICATE_ENTRY
[06:04:58.085] [bmv2] [T] [thread 247309] bm_table_add_entry
[06:04:58.085] [bmv2] [D] [thread 247309] Entry 129 added to table 'MyIngress.ipv4_lpm'
[06:04:58.085] [bmv2] [D] [thread 247309] Dumping entry 129
Match key:
* hdr.ipv4.dstAddr              : LPM       0a000e28/32
* standard_metadata.ingress_port: EXACT     0002
Action entry: MyIngress.ipv4_forward - a000e28,2,

[06:04:58.086] [bmv2] [T] [thread 247309] bm_table_add_entry
[06:04:58.086] [bmv2] [D] [thread 247309] Entry 130 added to table 'MyIngress.ipv4_lpm'
[06:04:58.086] [bmv2] [D] [thread 247309] Dumping entry 130
Match key:
* hdr.ipv4.dstAddr              : LPM       0a000e29/32
* standard_metadata.ingress_port: EXACT     0002
Action entry: MyIngress.ipv4_forward - a000e29,2,

[06:04:58.087] [bmv2] [T] [thread 247309] bm_table_add_entry
[06:04:58.087] [bmv2] [D] [thread 247309] Entry 131 added to table 'MyIngress.ipv4_lpm'
[06:04:58.087] [bmv2] [D] [thread 247309] Dumping entry 131
Match key:
* hdr.ipv4.dstAddr              : LPM       0a000e2a/32
* standard_metadata.ingress_port: EXACT     0002
Action entry: MyIngress.ipv4_forward - a000e2a,2,

[06:04:58.087] [bmv2] [T] [thread 247309] bm_table_add_entry
[06:04:58.087] [bmv2] [E] [thread 247309] Error when trying to add entry to table 'MyIngress.ipv4_lpm': DUPLICATE_ENTRY
[06:04:58.088] [bmv2] [T] [thread 247309] bm_table_add_entry
[06:04:58.088] [bmv2] [E] [thread 247309] Error when trying to add entry to table 'MyIngress.ipv4_lpm': DUPLICATE_ENTRY
[06:04:58.089] [bmv2] [T] [thread 247309] bm_table_add_entry
[06:04:58.089] [bmv2] [E] [thread 247309] Error when trying to add entry to table 'MyIngress.ipv4_lpm': DUPLICATE_ENTRY
[06:04:58.089] [bmv2] [T] [thread 247309] bm_table_add_entry
[06:04:58.090] [bmv2] [D] [thread 247309] Entry 132 added to table 'MyIngress.ipv4_lpm'
[06:04:58.090] [bmv2] [D] [thread 247309] Dumping entry 132
Match key:
* hdr.ipv4.dstAddr              : LPM       0a00102e/32
* standard_metadata.ingress_port: EXACT     0002
Action entry: MyIngress.ipv4_forward - a00102e,4,

[06:04:58.090] [bmv2] [T] [thread 247309] bm_table_add_entry
[06:04:58.090] [bmv2] [D] [thread 247309] Entry 133 added to table 'MyIngress.ipv4_lpm'
[06:04:58.090] [bmv2] [D] [thread 247309] Dumping entry 133
Match key:
* hdr.ipv4.dstAddr              : LPM       0a00102f/32
* standard_metadata.ingress_port: EXACT     0002
Action entry: MyIngress.ipv4_forward - a00102f,5,

[06:04:58.091] [bmv2] [T] [thread 247309] bm_table_add_entry
[06:04:58.091] [bmv2] [D] [thread 247309] Entry 134 added to table 'MyIngress.ipv4_lpm'
[06:04:58.091] [bmv2] [D] [thread 247309] Dumping entry 134
Match key:
* hdr.ipv4.dstAddr              : LPM       0a001030/32
* standard_metadata.ingress_port: EXACT     0002
Action entry: MyIngress.ipv4_forward - a001030,6,

[06:04:58.092] [bmv2] [T] [thread 247309] bm_table_add_entry
[06:04:58.092] [bmv2] [D] [thread 247309] Entry 135 added to table 'MyIngress.ipv4_lpm'
[06:04:58.092] [bmv2] [D] [thread 247309] Dumping entry 135
Match key:
* hdr.ipv4.dstAddr              : LPM       0a001131/32
* standard_metadata.ingress_port: EXACT     0002
Action entry: MyIngress.ipv4_forward - a001131,4,

[06:04:58.092] [bmv2] [T] [thread 247309] bm_table_add_entry
[06:04:58.093] [bmv2] [D] [thread 247309] Entry 136 added to table 'MyIngress.ipv4_lpm'
[06:04:58.093] [bmv2] [D] [thread 247309] Dumping entry 136
Match key:
* hdr.ipv4.dstAddr              : LPM       0a001132/32
* standard_metadata.ingress_port: EXACT     0002
Action entry: MyIngress.ipv4_forward - a001132,5,

[06:04:58.093] [bmv2] [T] [thread 247309] bm_table_add_entry
[06:04:58.093] [bmv2] [D] [thread 247309] Entry 137 added to table 'MyIngress.ipv4_lpm'
[06:04:58.093] [bmv2] [D] [thread 247309] Dumping entry 137
Match key:
* hdr.ipv4.dstAddr              : LPM       0a001133/32
* standard_metadata.ingress_port: EXACT     0002
Action entry: MyIngress.ipv4_forward - a001133,6,

[06:04:58.094] [bmv2] [T] [thread 247309] bm_table_add_entry
[06:04:58.094] [bmv2] [D] [thread 247309] Entry 138 added to table 'MyIngress.ipv4_lpm'
[06:04:58.094] [bmv2] [D] [thread 247309] Dumping entry 138
Match key:
* hdr.ipv4.dstAddr              : LPM       0a001234/32
* standard_metadata.ingress_port: EXACT     0002
Action entry: MyIngress.ipv4_forward - a001234,4,

[06:04:58.095] [bmv2] [T] [thread 247309] bm_table_add_entry
[06:04:58.095] [bmv2] [D] [thread 247309] Entry 139 added to table 'MyIngress.ipv4_lpm'
[06:04:58.095] [bmv2] [D] [thread 247309] Dumping entry 139
Match key:
* hdr.ipv4.dstAddr              : LPM       0a001235/32
* standard_metadata.ingress_port: EXACT     0002
Action entry: MyIngress.ipv4_forward - a001235,5,

[06:04:58.095] [bmv2] [T] [thread 247309] bm_table_add_entry
[06:04:58.095] [bmv2] [D] [thread 247309] Entry 140 added to table 'MyIngress.ipv4_lpm'
[06:04:58.096] [bmv2] [D] [thread 247309] Dumping entry 140
Match key:
* hdr.ipv4.dstAddr              : LPM       0a001236/32
* standard_metadata.ingress_port: EXACT     0002
Action entry: MyIngress.ipv4_forward - a001236,6,

[06:04:58.096] [bmv2] [T] [thread 247309] bm_table_add_entry
[06:04:58.096] [bmv2] [D] [thread 247309] Entry 141 added to table 'MyIngress.ipv4_lpm'
[06:04:58.096] [bmv2] [D] [thread 247309] Dumping entry 141
Match key:
* hdr.ipv4.dstAddr              : LPM       0a000101/32
* standard_metadata.ingress_port: EXACT     0003
Action entry: MyIngress.ipv4_forward - a000101,4,

[06:04:58.097] [bmv2] [T] [thread 247309] bm_table_add_entry
[06:04:58.097] [bmv2] [D] [thread 247309] Entry 142 added to table 'MyIngress.ipv4_lpm'
[06:04:58.097] [bmv2] [D] [thread 247309] Dumping entry 142
Match key:
* hdr.ipv4.dstAddr              : LPM       0a000102/32
* standard_metadata.ingress_port: EXACT     0003
Action entry: MyIngress.ipv4_forward - a000102,5,

[06:04:58.098] [bmv2] [T] [thread 247309] bm_table_add_entry
[06:04:58.098] [bmv2] [D] [thread 247309] Entry 143 added to table 'MyIngress.ipv4_lpm'
[06:04:58.098] [bmv2] [D] [thread 247309] Dumping entry 143
Match key:
* hdr.ipv4.dstAddr              : LPM       0a000103/32
* standard_metadata.ingress_port: EXACT     0003
Action entry: MyIngress.ipv4_forward - a000103,6,

[06:04:58.098] [bmv2] [T] [thread 247309] bm_table_add_entry
[06:04:58.099] [bmv2] [D] [thread 247309] Entry 144 added to table 'MyIngress.ipv4_lpm'
[06:04:58.099] [bmv2] [D] [thread 247309] Dumping entry 144
Match key:
* hdr.ipv4.dstAddr              : LPM       0a000204/32
* standard_metadata.ingress_port: EXACT     0003
Action entry: MyIngress.ipv4_forward - a000204,4,

[06:04:58.099] [bmv2] [T] [thread 247309] bm_table_add_entry
[06:04:58.099] [bmv2] [D] [thread 247309] Entry 145 added to table 'MyIngress.ipv4_lpm'
[06:04:58.099] [bmv2] [D] [thread 247309] Dumping entry 145
Match key:
* hdr.ipv4.dstAddr              : LPM       0a000205/32
* standard_metadata.ingress_port: EXACT     0003
Action entry: MyIngress.ipv4_forward - a000205,5,

[06:04:58.100] [bmv2] [T] [thread 247309] bm_table_add_entry
[06:04:58.100] [bmv2] [D] [thread 247309] Entry 146 added to table 'MyIngress.ipv4_lpm'
[06:04:58.100] [bmv2] [D] [thread 247309] Dumping entry 146
Match key:
* hdr.ipv4.dstAddr              : LPM       0a000206/32
* standard_metadata.ingress_port: EXACT     0003
Action entry: MyIngress.ipv4_forward - a000206,6,

[06:04:58.101] [bmv2] [T] [thread 247309] bm_table_add_entry
[06:04:58.101] [bmv2] [D] [thread 247309] Entry 147 added to table 'MyIngress.ipv4_lpm'
[06:04:58.101] [bmv2] [D] [thread 247309] Dumping entry 147
Match key:
* hdr.ipv4.dstAddr              : LPM       0a000307/32
* standard_metadata.ingress_port: EXACT     0003
Action entry: MyIngress.ipv4_forward - a000307,4,

[06:04:58.102] [bmv2] [T] [thread 247309] bm_table_add_entry
[06:04:58.102] [bmv2] [D] [thread 247309] Entry 148 added to table 'MyIngress.ipv4_lpm'
[06:04:58.102] [bmv2] [D] [thread 247309] Dumping entry 148
Match key:
* hdr.ipv4.dstAddr              : LPM       0a000308/32
* standard_metadata.ingress_port: EXACT     0003
Action entry: MyIngress.ipv4_forward - a000308,5,

[06:04:58.102] [bmv2] [T] [thread 247309] bm_table_add_entry
[06:04:58.103] [bmv2] [D] [thread 247309] Entry 149 added to table 'MyIngress.ipv4_lpm'
[06:04:58.103] [bmv2] [D] [thread 247309] Dumping entry 149
Match key:
* hdr.ipv4.dstAddr              : LPM       0a000309/32
* standard_metadata.ingress_port: EXACT     0003
Action entry: MyIngress.ipv4_forward - a000309,6,

[06:04:58.103] [bmv2] [T] [thread 247309] bm_table_add_entry
[06:04:58.103] [bmv2] [D] [thread 247309] Entry 150 added to table 'MyIngress.ipv4_lpm'
[06:04:58.103] [bmv2] [D] [thread 247309] Dumping entry 150
Match key:
* hdr.ipv4.dstAddr              : LPM       0a00040a/32
* standard_metadata.ingress_port: EXACT     0003
Action entry: MyIngress.ipv4_forward - a00040a,4,

[06:04:58.104] [bmv2] [T] [thread 247309] bm_table_add_entry
[06:04:58.104] [bmv2] [D] [thread 247309] Entry 151 added to table 'MyIngress.ipv4_lpm'
[06:04:58.104] [bmv2] [D] [thread 247309] Dumping entry 151
Match key:
* hdr.ipv4.dstAddr              : LPM       0a00040b/32
* standard_metadata.ingress_port: EXACT     0003
Action entry: MyIngress.ipv4_forward - a00040b,5,

[06:04:58.105] [bmv2] [T] [thread 247309] bm_table_add_entry
[06:04:58.105] [bmv2] [D] [thread 247309] Entry 152 added to table 'MyIngress.ipv4_lpm'
[06:04:58.105] [bmv2] [D] [thread 247309] Dumping entry 152
Match key:
* hdr.ipv4.dstAddr              : LPM       0a00040c/32
* standard_metadata.ingress_port: EXACT     0003
Action entry: MyIngress.ipv4_forward - a00040c,6,

[06:04:58.106] [bmv2] [T] [thread 247309] bm_table_add_entry
[06:04:58.106] [bmv2] [D] [thread 247309] Entry 153 added to table 'MyIngress.ipv4_lpm'
[06:04:58.106] [bmv2] [D] [thread 247309] Dumping entry 153
Match key:
* hdr.ipv4.dstAddr              : LPM       0a00050d/32
* standard_metadata.ingress_port: EXACT     0003
Action entry: MyIngress.ipv4_forward - a00050d,4,

[06:04:58.107] [bmv2] [T] [thread 247309] bm_table_add_entry
[06:04:58.107] [bmv2] [D] [thread 247309] Entry 154 added to table 'MyIngress.ipv4_lpm'
[06:04:58.107] [bmv2] [D] [thread 247309] Dumping entry 154
Match key:
* hdr.ipv4.dstAddr              : LPM       0a00050e/32
* standard_metadata.ingress_port: EXACT     0003
Action entry: MyIngress.ipv4_forward - a00050e,5,

[06:04:58.108] [bmv2] [T] [thread 247309] bm_table_add_entry
[06:04:58.108] [bmv2] [D] [thread 247309] Entry 155 added to table 'MyIngress.ipv4_lpm'
[06:04:58.108] [bmv2] [D] [thread 247309] Dumping entry 155
Match key:
* hdr.ipv4.dstAddr              : LPM       0a00050f/32
* standard_metadata.ingress_port: EXACT     0003
Action entry: MyIngress.ipv4_forward - a00050f,6,

[06:04:58.108] [bmv2] [T] [thread 247309] bm_table_add_entry
[06:04:58.109] [bmv2] [D] [thread 247309] Entry 156 added to table 'MyIngress.ipv4_lpm'
[06:04:58.109] [bmv2] [D] [thread 247309] Dumping entry 156
Match key:
* hdr.ipv4.dstAddr              : LPM       0a000610/32
* standard_metadata.ingress_port: EXACT     0003
Action entry: MyIngress.ipv4_forward - a000610,4,

[06:04:58.109] [bmv2] [T] [thread 247309] bm_table_add_entry
[06:04:58.109] [bmv2] [D] [thread 247309] Entry 157 added to table 'MyIngress.ipv4_lpm'
[06:04:58.110] [bmv2] [D] [thread 247309] Dumping entry 157
Match key:
* hdr.ipv4.dstAddr              : LPM       0a000611/32
* standard_metadata.ingress_port: EXACT     0003
Action entry: MyIngress.ipv4_forward - a000611,5,

[06:04:58.110] [bmv2] [T] [thread 247309] bm_table_add_entry
[06:04:58.110] [bmv2] [D] [thread 247309] Entry 158 added to table 'MyIngress.ipv4_lpm'
[06:04:58.110] [bmv2] [D] [thread 247309] Dumping entry 158
Match key:
* hdr.ipv4.dstAddr              : LPM       0a000612/32
* standard_metadata.ingress_port: EXACT     0003
Action entry: MyIngress.ipv4_forward - a000612,6,

[06:04:58.111] [bmv2] [T] [thread 247309] bm_table_add_entry
[06:04:58.111] [bmv2] [D] [thread 247309] Entry 159 added to table 'MyIngress.ipv4_lpm'
[06:04:58.111] [bmv2] [D] [thread 247309] Dumping entry 159
Match key:
* hdr.ipv4.dstAddr              : LPM       0a000713/32
* standard_metadata.ingress_port: EXACT     0003
Action entry: MyIngress.ipv4_forward - a000713,4,

[06:04:58.112] [bmv2] [T] [thread 247309] bm_table_add_entry
[06:04:58.112] [bmv2] [D] [thread 247309] Entry 160 added to table 'MyIngress.ipv4_lpm'
[06:04:58.112] [bmv2] [D] [thread 247309] Dumping entry 160
Match key:
* hdr.ipv4.dstAddr              : LPM       0a000714/32
* standard_metadata.ingress_port: EXACT     0003
Action entry: MyIngress.ipv4_forward - a000714,5,

[06:04:58.112] [bmv2] [T] [thread 247309] bm_table_add_entry
[06:04:58.113] [bmv2] [D] [thread 247309] Entry 161 added to table 'MyIngress.ipv4_lpm'
[06:04:58.113] [bmv2] [D] [thread 247309] Dumping entry 161
Match key:
* hdr.ipv4.dstAddr              : LPM       0a000715/32
* standard_metadata.ingress_port: EXACT     0003
Action entry: MyIngress.ipv4_forward - a000715,6,

[06:04:58.114] [bmv2] [T] [thread 247309] bm_table_add_entry
[06:04:58.114] [bmv2] [D] [thread 247309] Entry 162 added to table 'MyIngress.ipv4_lpm'
[06:04:58.114] [bmv2] [D] [thread 247309] Dumping entry 162
Match key:
* hdr.ipv4.dstAddr              : LPM       0a000816/32
* standard_metadata.ingress_port: EXACT     0003
Action entry: MyIngress.ipv4_forward - a000816,4,

[06:04:58.114] [bmv2] [T] [thread 247309] bm_table_add_entry
[06:04:58.115] [bmv2] [D] [thread 247309] Entry 163 added to table 'MyIngress.ipv4_lpm'
[06:04:58.115] [bmv2] [D] [thread 247309] Dumping entry 163
Match key:
* hdr.ipv4.dstAddr              : LPM       0a000817/32
* standard_metadata.ingress_port: EXACT     0003
Action entry: MyIngress.ipv4_forward - a000817,5,

[06:04:58.116] [bmv2] [T] [thread 247309] bm_table_add_entry
[06:04:58.116] [bmv2] [D] [thread 247309] Entry 164 added to table 'MyIngress.ipv4_lpm'
[06:04:58.116] [bmv2] [D] [thread 247309] Dumping entry 164
Match key:
* hdr.ipv4.dstAddr              : LPM       0a000818/32
* standard_metadata.ingress_port: EXACT     0003
Action entry: MyIngress.ipv4_forward - a000818,6,

[06:04:58.117] [bmv2] [T] [thread 247309] bm_table_add_entry
[06:04:58.117] [bmv2] [D] [thread 247309] Entry 165 added to table 'MyIngress.ipv4_lpm'
[06:04:58.117] [bmv2] [D] [thread 247309] Dumping entry 165
Match key:
* hdr.ipv4.dstAddr              : LPM       0a000919/32
* standard_metadata.ingress_port: EXACT     0003
Action entry: MyIngress.ipv4_forward - a000919,4,

[06:04:58.117] [bmv2] [T] [thread 247309] bm_table_add_entry
[06:04:58.118] [bmv2] [D] [thread 247309] Entry 166 added to table 'MyIngress.ipv4_lpm'
[06:04:58.118] [bmv2] [D] [thread 247309] Dumping entry 166
Match key:
* hdr.ipv4.dstAddr              : LPM       0a00091a/32
* standard_metadata.ingress_port: EXACT     0003
Action entry: MyIngress.ipv4_forward - a00091a,5,

[06:04:58.118] [bmv2] [T] [thread 247309] bm_table_add_entry
[06:04:58.118] [bmv2] [D] [thread 247309] Entry 167 added to table 'MyIngress.ipv4_lpm'
[06:04:58.118] [bmv2] [D] [thread 247309] Dumping entry 167
Match key:
* hdr.ipv4.dstAddr              : LPM       0a00091b/32
* standard_metadata.ingress_port: EXACT     0003
Action entry: MyIngress.ipv4_forward - a00091b,6,

[06:04:58.119] [bmv2] [T] [thread 247309] bm_table_add_entry
[06:04:58.119] [bmv2] [D] [thread 247309] Entry 168 added to table 'MyIngress.ipv4_lpm'
[06:04:58.119] [bmv2] [D] [thread 247309] Dumping entry 168
Match key:
* hdr.ipv4.dstAddr              : LPM       0a000a1c/32
* standard_metadata.ingress_port: EXACT     0003
Action entry: MyIngress.ipv4_forward - a000a1c,4,

[06:04:58.120] [bmv2] [T] [thread 247309] bm_table_add_entry
[06:04:58.120] [bmv2] [D] [thread 247309] Entry 169 added to table 'MyIngress.ipv4_lpm'
[06:04:58.120] [bmv2] [D] [thread 247309] Dumping entry 169
Match key:
* hdr.ipv4.dstAddr              : LPM       0a000a1d/32
* standard_metadata.ingress_port: EXACT     0003
Action entry: MyIngress.ipv4_forward - a000a1d,5,

[06:04:58.121] [bmv2] [T] [thread 247309] bm_table_add_entry
[06:04:58.121] [bmv2] [D] [thread 247309] Entry 170 added to table 'MyIngress.ipv4_lpm'
[06:04:58.121] [bmv2] [D] [thread 247309] Dumping entry 170
Match key:
* hdr.ipv4.dstAddr              : LPM       0a000a1e/32
* standard_metadata.ingress_port: EXACT     0003
Action entry: MyIngress.ipv4_forward - a000a1e,6,

[06:04:58.122] [bmv2] [T] [thread 247309] bm_table_add_entry
[06:04:58.122] [bmv2] [D] [thread 247309] Entry 171 added to table 'MyIngress.ipv4_lpm'
[06:04:58.122] [bmv2] [D] [thread 247309] Dumping entry 171
Match key:
* hdr.ipv4.dstAddr              : LPM       0a000b1f/32
* standard_metadata.ingress_port: EXACT     0003
Action entry: MyIngress.ipv4_forward - a000b1f,4,

[06:04:58.122] [bmv2] [T] [thread 247309] bm_table_add_entry
[06:04:58.123] [bmv2] [D] [thread 247309] Entry 172 added to table 'MyIngress.ipv4_lpm'
[06:04:58.123] [bmv2] [D] [thread 247309] Dumping entry 172
Match key:
* hdr.ipv4.dstAddr              : LPM       0a000b20/32
* standard_metadata.ingress_port: EXACT     0003
Action entry: MyIngress.ipv4_forward - a000b20,5,

[06:04:58.123] [bmv2] [T] [thread 247309] bm_table_add_entry
[06:04:58.123] [bmv2] [D] [thread 247309] Entry 173 added to table 'MyIngress.ipv4_lpm'
[06:04:58.123] [bmv2] [D] [thread 247309] Dumping entry 173
Match key:
* hdr.ipv4.dstAddr              : LPM       0a000b21/32
* standard_metadata.ingress_port: EXACT     0003
Action entry: MyIngress.ipv4_forward - a000b21,6,

[06:04:58.124] [bmv2] [T] [thread 247309] bm_table_add_entry
[06:04:58.124] [bmv2] [D] [thread 247309] Entry 174 added to table 'MyIngress.ipv4_lpm'
[06:04:58.124] [bmv2] [D] [thread 247309] Dumping entry 174
Match key:
* hdr.ipv4.dstAddr              : LPM       0a000c22/32
* standard_metadata.ingress_port: EXACT     0003
Action entry: MyIngress.ipv4_forward - a000c22,4,

[06:04:58.125] [bmv2] [T] [thread 247309] bm_table_add_entry
[06:04:58.125] [bmv2] [D] [thread 247309] Entry 175 added to table 'MyIngress.ipv4_lpm'
[06:04:58.125] [bmv2] [D] [thread 247309] Dumping entry 175
Match key:
* hdr.ipv4.dstAddr              : LPM       0a000c23/32
* standard_metadata.ingress_port: EXACT     0003
Action entry: MyIngress.ipv4_forward - a000c23,5,

[06:04:58.125] [bmv2] [T] [thread 247309] bm_table_add_entry
[06:04:58.126] [bmv2] [D] [thread 247309] Entry 176 added to table 'MyIngress.ipv4_lpm'
[06:04:58.126] [bmv2] [D] [thread 247309] Dumping entry 176
Match key:
* hdr.ipv4.dstAddr              : LPM       0a000c24/32
* standard_metadata.ingress_port: EXACT     0003
Action entry: MyIngress.ipv4_forward - a000c24,6,

[06:04:58.126] [bmv2] [T] [thread 247309] bm_table_add_entry
[06:04:58.126] [bmv2] [E] [thread 247309] Error when trying to add entry to table 'MyIngress.ipv4_lpm': DUPLICATE_ENTRY
[06:04:58.127] [bmv2] [T] [thread 247309] bm_table_add_entry
[06:04:58.127] [bmv2] [E] [thread 247309] Error when trying to add entry to table 'MyIngress.ipv4_lpm': DUPLICATE_ENTRY
[06:04:58.128] [bmv2] [T] [thread 247309] bm_table_add_entry
[06:04:58.128] [bmv2] [E] [thread 247309] Error when trying to add entry to table 'MyIngress.ipv4_lpm': DUPLICATE_ENTRY
[06:04:58.129] [bmv2] [T] [thread 247309] bm_table_add_entry
[06:04:58.129] [bmv2] [E] [thread 247309] Error when trying to add entry to table 'MyIngress.ipv4_lpm': DUPLICATE_ENTRY
[06:04:58.129] [bmv2] [T] [thread 247309] bm_table_add_entry
[06:04:58.129] [bmv2] [E] [thread 247309] Error when trying to add entry to table 'MyIngress.ipv4_lpm': DUPLICATE_ENTRY
[06:04:58.130] [bmv2] [T] [thread 247309] bm_table_add_entry
[06:04:58.130] [bmv2] [E] [thread 247309] Error when trying to add entry to table 'MyIngress.ipv4_lpm': DUPLICATE_ENTRY
[06:04:58.131] [bmv2] [T] [thread 247309] bm_table_add_entry
[06:04:58.131] [bmv2] [D] [thread 247309] Entry 177 added to table 'MyIngress.ipv4_lpm'
[06:04:58.131] [bmv2] [D] [thread 247309] Dumping entry 177
Match key:
* hdr.ipv4.dstAddr              : LPM       0a000f2b/32
* standard_metadata.ingress_port: EXACT     0003
Action entry: MyIngress.ipv4_forward - a000f2b,3,

[06:04:58.132] [bmv2] [T] [thread 247309] bm_table_add_entry
[06:04:58.132] [bmv2] [D] [thread 247309] Entry 178 added to table 'MyIngress.ipv4_lpm'
[06:04:58.132] [bmv2] [D] [thread 247309] Dumping entry 178
Match key:
* hdr.ipv4.dstAddr              : LPM       0a000f2c/32
* standard_metadata.ingress_port: EXACT     0003
Action entry: MyIngress.ipv4_forward - a000f2c,3,

[06:04:58.133] [bmv2] [T] [thread 247309] bm_table_add_entry
[06:04:58.133] [bmv2] [D] [thread 247309] Entry 179 added to table 'MyIngress.ipv4_lpm'
[06:04:58.133] [bmv2] [D] [thread 247309] Dumping entry 179
Match key:
* hdr.ipv4.dstAddr              : LPM       0a000f2d/32
* standard_metadata.ingress_port: EXACT     0003
Action entry: MyIngress.ipv4_forward - a000f2d,3,

[06:04:58.134] [bmv2] [T] [thread 247309] bm_table_add_entry
[06:04:58.134] [bmv2] [D] [thread 247309] Entry 180 added to table 'MyIngress.ipv4_lpm'
[06:04:58.134] [bmv2] [D] [thread 247309] Dumping entry 180
Match key:
* hdr.ipv4.dstAddr              : LPM       0a00102e/32
* standard_metadata.ingress_port: EXACT     0003
Action entry: MyIngress.ipv4_forward - a00102e,4,

[06:04:58.135] [bmv2] [T] [thread 247309] bm_table_add_entry
[06:04:58.135] [bmv2] [D] [thread 247309] Entry 181 added to table 'MyIngress.ipv4_lpm'
[06:04:58.135] [bmv2] [D] [thread 247309] Dumping entry 181
Match key:
* hdr.ipv4.dstAddr              : LPM       0a00102f/32
* standard_metadata.ingress_port: EXACT     0003
Action entry: MyIngress.ipv4_forward - a00102f,5,

[06:04:58.136] [bmv2] [T] [thread 247309] bm_table_add_entry
[06:04:58.136] [bmv2] [D] [thread 247309] Entry 182 added to table 'MyIngress.ipv4_lpm'
[06:04:58.136] [bmv2] [D] [thread 247309] Dumping entry 182
Match key:
* hdr.ipv4.dstAddr              : LPM       0a001030/32
* standard_metadata.ingress_port: EXACT     0003
Action entry: MyIngress.ipv4_forward - a001030,6,

[06:04:58.137] [bmv2] [T] [thread 247309] bm_table_add_entry
[06:04:58.137] [bmv2] [D] [thread 247309] Entry 183 added to table 'MyIngress.ipv4_lpm'
[06:04:58.137] [bmv2] [D] [thread 247309] Dumping entry 183
Match key:
* hdr.ipv4.dstAddr              : LPM       0a001131/32
* standard_metadata.ingress_port: EXACT     0003
Action entry: MyIngress.ipv4_forward - a001131,4,

[06:04:58.137] [bmv2] [T] [thread 247309] bm_table_add_entry
[06:04:58.137] [bmv2] [D] [thread 247309] Entry 184 added to table 'MyIngress.ipv4_lpm'
[06:04:58.138] [bmv2] [D] [thread 247309] Dumping entry 184
Match key:
* hdr.ipv4.dstAddr              : LPM       0a001132/32
* standard_metadata.ingress_port: EXACT     0003
Action entry: MyIngress.ipv4_forward - a001132,5,

[06:04:58.138] [bmv2] [T] [thread 247309] bm_table_add_entry
[06:04:58.138] [bmv2] [D] [thread 247309] Entry 185 added to table 'MyIngress.ipv4_lpm'
[06:04:58.138] [bmv2] [D] [thread 247309] Dumping entry 185
Match key:
* hdr.ipv4.dstAddr              : LPM       0a001133/32
* standard_metadata.ingress_port: EXACT     0003
Action entry: MyIngress.ipv4_forward - a001133,6,

[06:04:58.139] [bmv2] [T] [thread 247309] bm_table_add_entry
[06:04:58.139] [bmv2] [D] [thread 247309] Entry 186 added to table 'MyIngress.ipv4_lpm'
[06:04:58.139] [bmv2] [D] [thread 247309] Dumping entry 186
Match key:
* hdr.ipv4.dstAddr              : LPM       0a001234/32
* standard_metadata.ingress_port: EXACT     0003
Action entry: MyIngress.ipv4_forward - a001234,4,

[06:04:58.140] [bmv2] [T] [thread 247309] bm_table_add_entry
[06:04:58.140] [bmv2] [D] [thread 247309] Entry 187 added to table 'MyIngress.ipv4_lpm'
[06:04:58.140] [bmv2] [D] [thread 247309] Dumping entry 187
Match key:
* hdr.ipv4.dstAddr              : LPM       0a001235/32
* standard_metadata.ingress_port: EXACT     0003
Action entry: MyIngress.ipv4_forward - a001235,5,

[06:04:58.141] [bmv2] [T] [thread 247309] bm_table_add_entry
[06:04:58.141] [bmv2] [D] [thread 247309] Entry 188 added to table 'MyIngress.ipv4_lpm'
[06:04:58.141] [bmv2] [D] [thread 247309] Dumping entry 188
Match key:
* hdr.ipv4.dstAddr              : LPM       0a001236/32
* standard_metadata.ingress_port: EXACT     0003
Action entry: MyIngress.ipv4_forward - a001236,6,

[06:04:58.142] [bmv2] [T] [thread 247309] bm_set_default_action
[06:04:58.142] [bmv2] [D] [thread 247309] Set default entry for table 'MyEgress.tbl_prime': MyEgress.prime_multiply - 89,
[06:04:58.143] [bmv2] [T] [thread 247309] bm_set_default_action
[06:04:58.143] [bmv2] [D] [thread 247309] Set default entry for table 'MyEgress.swtrace': MyEgress.add_swtrace - 21,
