Warning: you requested the nanomsg event logger, but bmv2 was compiled without -DBMELOG, and the event logger cannot be activated
Calling target program-options parser
[06:04:29.382] [bmv2] [D] [thread 244896] Set default default entry for table 'MyIngress.ipv4_lpm': MyIngress.drop - 
[06:04:29.382] [bmv2] [D] [thread 244896] Set default default entry for table 'MyIngress.tb_set_role': NoAction - 
[06:04:29.383] [bmv2] [D] [thread 244896] Set default default entry for table 'MyEgress.tbl_prime': NoAction - 
[06:04:29.383] [bmv2] [D] [thread 244896] Set default default entry for table 'MyEgress.swtrace': NoAction - 
Adding interface s7-eth1 as port 1
[06:04:29.385] [bmv2] [D] [thread 244896] Adding interface s7-eth1 as port 1
Adding interface s7-eth2 as port 2
[06:04:29.457] [bmv2] [D] [thread 244896] Adding interface s7-eth2 as port 2
Adding interface s7-eth3 as port 3
[06:04:29.521] [bmv2] [D] [thread 244896] Adding interface s7-eth3 as port 3
Adding interface s7-cpu-eth0 as port 4
[06:04:29.585] [bmv2] [D] [thread 244896] Adding interface s7-cpu-eth0 as port 4
Adding interface s7-eth5 as port 5
[06:04:29.652] [bmv2] [D] [thread 244896] Adding interface s7-eth5 as port 5
Adding interface s7-eth6 as port 6
[06:04:29.717] [bmv2] [D] [thread 244896] Adding interface s7-eth6 as port 6
Adding interface s7-eth7 as port 7
[06:04:29.773] [bmv2] [D] [thread 244896] Adding interface s7-eth7 as port 7
[06:04:29.829] [bmv2] [I] [thread 244896] Starting Thrift server on port 9096
[06:04:29.829] [bmv2] [I] [thread 244896] Thrift server was started
[06:04:32.025] [bmv2] [D] [thread 244902] [0.0] [cxt 0] Processing packet received on port 4
[06:04:32.025] [bmv2] [D] [thread 244902] [0.0] [cxt 0] Parser 'parser': start
[06:04:32.025] [bmv2] [D] [thread 244902] [0.0] [cxt 0] Parser 'parser' entering state 'start'
[06:04:32.025] [bmv2] [D] [thread 244902] [0.0] [cxt 0] Extracting header 'ethernet'
[06:04:32.026] [bmv2] [D] [thread 244902] [0.0] [cxt 0] Parser state 'start': key is 86dd
[06:04:32.026] [bmv2] [T] [thread 244902] [0.0] [cxt 0] Bytes parsed: 14
[06:04:32.026] [bmv2] [D] [thread 244902] [0.0] [cxt 0] Parser 'parser': end
[06:04:32.026] [bmv2] [D] [thread 244902] [0.0] [cxt 0] Pipeline 'ingress': start
[06:04:32.026] [bmv2] [T] [thread 244902] [0.0] [cxt 0] /home/p4/Desktop/html/p4src/switch.p4(291) Condition "hdr.ipv4.isValid()" (node_2) is false
[06:04:32.026] [bmv2] [T] [thread 244902] [0.0] [cxt 0] Applying table 'MyIngress.tb_set_role'
[06:04:32.026] [bmv2] [D] [thread 244902] [0.0] [cxt 0] Looking up key:
* standard_metadata.ingress_port: 0004

[06:04:32.026] [bmv2] [D] [thread 244902] [0.0] [cxt 0] Table 'MyIngress.tb_set_role': miss
[06:04:32.026] [bmv2] [D] [thread 244902] [0.0] [cxt 0] Action entry is NoAction - 
[06:04:32.026] [bmv2] [T] [thread 244902] [0.0] [cxt 0] Action NoAction
[06:04:32.026] [bmv2] [D] [thread 244902] [0.0] [cxt 0] Pipeline 'ingress': end
[06:04:32.026] [bmv2] [D] [thread 244902] [0.0] [cxt 0] Egress port is 0
[06:04:32.026] [bmv2] [D] [thread 244903] [0.0] [cxt 0] Pipeline 'egress': start
[06:04:32.026] [bmv2] [T] [thread 244903] [0.0] [cxt 0] /home/p4/Desktop/html/p4src/switch.p4(381) Condition "hdr.tag.isValid()" (node_7) is false
[06:04:32.026] [bmv2] [T] [thread 244903] [0.0] [cxt 0] /home/p4/Desktop/html/p4src/switch.p4(386) Condition "hdr.mri.isValid()" (node_9) is false
[06:04:32.026] [bmv2] [D] [thread 244903] [0.0] [cxt 0] Pipeline 'egress': end
[06:04:32.026] [bmv2] [D] [thread 244903] [0.0] [cxt 0] Deparser 'deparser': start
[06:04:32.026] [bmv2] [T] [thread 244903] [0.0] [cxt 0] Skipping checksum 'cksum' update because condition not met
[06:04:32.026] [bmv2] [D] [thread 244903] [0.0] [cxt 0] Deparsing header 'ethernet'
[06:04:32.026] [bmv2] [D] [thread 244903] [0.0] [cxt 0] Deparser 'deparser': end
[06:04:32.026] [bmv2] [D] [thread 244907] [0.0] [cxt 0] Transmitting packet of size 70 out of port 0
[06:04:32.285] [bmv2] [D] [thread 244902] [1.0] [cxt 0] Processing packet received on port 4
[06:04:32.285] [bmv2] [D] [thread 244902] [1.0] [cxt 0] Parser 'parser': start
[06:04:32.285] [bmv2] [D] [thread 244902] [1.0] [cxt 0] Parser 'parser' entering state 'start'
[06:04:32.285] [bmv2] [D] [thread 244902] [1.0] [cxt 0] Extracting header 'ethernet'
[06:04:32.285] [bmv2] [D] [thread 244902] [1.0] [cxt 0] Parser state 'start': key is 86dd
[06:04:32.285] [bmv2] [T] [thread 244902] [1.0] [cxt 0] Bytes parsed: 14
[06:04:32.285] [bmv2] [D] [thread 244902] [1.0] [cxt 0] Parser 'parser': end
[06:04:32.285] [bmv2] [D] [thread 244902] [1.0] [cxt 0] Pipeline 'ingress': start
[06:04:32.285] [bmv2] [T] [thread 244902] [1.0] [cxt 0] /home/p4/Desktop/html/p4src/switch.p4(291) Condition "hdr.ipv4.isValid()" (node_2) is false
[06:04:32.285] [bmv2] [T] [thread 244902] [1.0] [cxt 0] Applying table 'MyIngress.tb_set_role'
[06:04:32.285] [bmv2] [D] [thread 244902] [1.0] [cxt 0] Looking up key:
* standard_metadata.ingress_port: 0004

[06:04:32.285] [bmv2] [D] [thread 244902] [1.0] [cxt 0] Table 'MyIngress.tb_set_role': miss
[06:04:32.285] [bmv2] [D] [thread 244902] [1.0] [cxt 0] Action entry is NoAction - 
[06:04:32.285] [bmv2] [T] [thread 244902] [1.0] [cxt 0] Action NoAction
[06:04:32.285] [bmv2] [D] [thread 244902] [1.0] [cxt 0] Pipeline 'ingress': end
[06:04:32.285] [bmv2] [D] [thread 244902] [1.0] [cxt 0] Egress port is 0
[06:04:32.285] [bmv2] [D] [thread 244903] [1.0] [cxt 0] Pipeline 'egress': start
[06:04:32.286] [bmv2] [T] [thread 244903] [1.0] [cxt 0] /home/p4/Desktop/html/p4src/switch.p4(381) Condition "hdr.tag.isValid()" (node_7) is false
[06:04:32.286] [bmv2] [T] [thread 244903] [1.0] [cxt 0] /home/p4/Desktop/html/p4src/switch.p4(386) Condition "hdr.mri.isValid()" (node_9) is false
[06:04:32.286] [bmv2] [D] [thread 244903] [1.0] [cxt 0] Pipeline 'egress': end
[06:04:32.286] [bmv2] [D] [thread 244903] [1.0] [cxt 0] Deparser 'deparser': start
[06:04:32.286] [bmv2] [T] [thread 244903] [1.0] [cxt 0] Skipping checksum 'cksum' update because condition not met
[06:04:32.286] [bmv2] [D] [thread 244903] [1.0] [cxt 0] Deparsing header 'ethernet'
[06:04:32.286] [bmv2] [D] [thread 244903] [1.0] [cxt 0] Deparser 'deparser': end
[06:04:32.286] [bmv2] [D] [thread 244907] [1.0] [cxt 0] Transmitting packet of size 70 out of port 0
[06:04:32.794] [bmv2] [D] [thread 244902] [2.0] [cxt 0] Processing packet received on port 2
[06:04:32.794] [bmv2] [D] [thread 244902] [2.0] [cxt 0] Parser 'parser': start
[06:04:32.794] [bmv2] [D] [thread 244902] [2.0] [cxt 0] Parser 'parser' entering state 'start'
[06:04:32.794] [bmv2] [D] [thread 244902] [2.0] [cxt 0] Extracting header 'ethernet'
[06:04:32.794] [bmv2] [D] [thread 244902] [2.0] [cxt 0] Parser state 'start': key is 86dd
[06:04:32.794] [bmv2] [T] [thread 244902] [2.0] [cxt 0] Bytes parsed: 14
[06:04:32.794] [bmv2] [D] [thread 244902] [2.0] [cxt 0] Parser 'parser': end
[06:04:32.794] [bmv2] [D] [thread 244902] [2.0] [cxt 0] Pipeline 'ingress': start
[06:04:32.794] [bmv2] [T] [thread 244902] [2.0] [cxt 0] /home/p4/Desktop/html/p4src/switch.p4(291) Condition "hdr.ipv4.isValid()" (node_2) is false
[06:04:32.794] [bmv2] [T] [thread 244902] [2.0] [cxt 0] Applying table 'MyIngress.tb_set_role'
[06:04:32.794] [bmv2] [D] [thread 244902] [2.0] [cxt 0] Looking up key:
* standard_metadata.ingress_port: 0002

[06:04:32.794] [bmv2] [D] [thread 244902] [2.0] [cxt 0] Table 'MyIngress.tb_set_role': miss
[06:04:32.794] [bmv2] [D] [thread 244902] [2.0] [cxt 0] Action entry is NoAction - 
[06:04:32.794] [bmv2] [T] [thread 244902] [2.0] [cxt 0] Action NoAction
[06:04:32.794] [bmv2] [D] [thread 244902] [2.0] [cxt 0] Pipeline 'ingress': end
[06:04:32.794] [bmv2] [D] [thread 244902] [2.0] [cxt 0] Egress port is 0
[06:04:32.794] [bmv2] [D] [thread 244903] [2.0] [cxt 0] Pipeline 'egress': start
[06:04:32.794] [bmv2] [T] [thread 244903] [2.0] [cxt 0] /home/p4/Desktop/html/p4src/switch.p4(381) Condition "hdr.tag.isValid()" (node_7) is false
[06:04:32.794] [bmv2] [T] [thread 244903] [2.0] [cxt 0] /home/p4/Desktop/html/p4src/switch.p4(386) Condition "hdr.mri.isValid()" (node_9) is false
[06:04:32.794] [bmv2] [D] [thread 244903] [2.0] [cxt 0] Pipeline 'egress': end
[06:04:32.794] [bmv2] [D] [thread 244903] [2.0] [cxt 0] Deparser 'deparser': start
[06:04:32.795] [bmv2] [T] [thread 244903] [2.0] [cxt 0] Skipping checksum 'cksum' update because condition not met
[06:04:32.795] [bmv2] [D] [thread 244903] [2.0] [cxt 0] Deparsing header 'ethernet'
[06:04:32.795] [bmv2] [D] [thread 244903] [2.0] [cxt 0] Deparser 'deparser': end
[06:04:32.795] [bmv2] [D] [thread 244907] [2.0] [cxt 0] Transmitting packet of size 70 out of port 0
[06:04:34.073] [bmv2] [D] [thread 244902] [3.0] [cxt 0] Processing packet received on port 1
[06:04:34.073] [bmv2] [D] [thread 244902] [3.0] [cxt 0] Parser 'parser': start
[06:04:34.073] [bmv2] [D] [thread 244902] [3.0] [cxt 0] Parser 'parser' entering state 'start'
[06:04:34.073] [bmv2] [D] [thread 244902] [3.0] [cxt 0] Extracting header 'ethernet'
[06:04:34.074] [bmv2] [D] [thread 244902] [3.0] [cxt 0] Parser state 'start': key is 86dd
[06:04:34.074] [bmv2] [T] [thread 244902] [3.0] [cxt 0] Bytes parsed: 14
[06:04:34.074] [bmv2] [D] [thread 244902] [3.0] [cxt 0] Parser 'parser': end
[06:04:34.074] [bmv2] [D] [thread 244902] [3.0] [cxt 0] Pipeline 'ingress': start
[06:04:34.074] [bmv2] [T] [thread 244902] [3.0] [cxt 0] /home/p4/Desktop/html/p4src/switch.p4(291) Condition "hdr.ipv4.isValid()" (node_2) is false
[06:04:34.074] [bmv2] [T] [thread 244902] [3.0] [cxt 0] Applying table 'MyIngress.tb_set_role'
[06:04:34.074] [bmv2] [D] [thread 244902] [3.0] [cxt 0] Looking up key:
* standard_metadata.ingress_port: 0001

[06:04:34.074] [bmv2] [D] [thread 244902] [3.0] [cxt 0] Table 'MyIngress.tb_set_role': miss
[06:04:34.074] [bmv2] [D] [thread 244902] [3.0] [cxt 0] Action entry is NoAction - 
[06:04:34.074] [bmv2] [T] [thread 244902] [3.0] [cxt 0] Action NoAction
[06:04:34.074] [bmv2] [D] [thread 244902] [3.0] [cxt 0] Pipeline 'ingress': end
[06:04:34.074] [bmv2] [D] [thread 244902] [3.0] [cxt 0] Egress port is 0
[06:04:34.074] [bmv2] [D] [thread 244902] [4.0] [cxt 0] Processing packet received on port 7
[06:04:34.074] [bmv2] [D] [thread 244902] [4.0] [cxt 0] Parser 'parser': start
[06:04:34.074] [bmv2] [D] [thread 244902] [4.0] [cxt 0] Parser 'parser' entering state 'start'
[06:04:34.074] [bmv2] [D] [thread 244902] [4.0] [cxt 0] Extracting header 'ethernet'
[06:04:34.074] [bmv2] [D] [thread 244902] [4.0] [cxt 0] Parser state 'start': key is 86dd
[06:04:34.074] [bmv2] [T] [thread 244902] [4.0] [cxt 0] Bytes parsed: 14
[06:04:34.074] [bmv2] [D] [thread 244902] [4.0] [cxt 0] Parser 'parser': end
[06:04:34.074] [bmv2] [D] [thread 244902] [4.0] [cxt 0] Pipeline 'ingress': start
[06:04:34.074] [bmv2] [T] [thread 244902] [4.0] [cxt 0] /home/p4/Desktop/html/p4src/switch.p4(291) Condition "hdr.ipv4.isValid()" (node_2) is false
[06:04:34.074] [bmv2] [T] [thread 244902] [4.0] [cxt 0] Applying table 'MyIngress.tb_set_role'
[06:04:34.074] [bmv2] [D] [thread 244902] [4.0] [cxt 0] Looking up key:
* standard_metadata.ingress_port: 0007

[06:04:34.074] [bmv2] [D] [thread 244902] [4.0] [cxt 0] Table 'MyIngress.tb_set_role': miss
[06:04:34.074] [bmv2] [D] [thread 244902] [4.0] [cxt 0] Action entry is NoAction - 
[06:04:34.075] [bmv2] [T] [thread 244902] [4.0] [cxt 0] Action NoAction
[06:04:34.075] [bmv2] [D] [thread 244902] [4.0] [cxt 0] Pipeline 'ingress': end
[06:04:34.075] [bmv2] [D] [thread 244902] [4.0] [cxt 0] Egress port is 0
[06:04:34.074] [bmv2] [D] [thread 244903] [3.0] [cxt 0] Pipeline 'egress': start
[06:04:34.075] [bmv2] [T] [thread 244903] [3.0] [cxt 0] /home/p4/Desktop/html/p4src/switch.p4(381) Condition "hdr.tag.isValid()" (node_7) is false
[06:04:34.075] [bmv2] [T] [thread 244903] [3.0] [cxt 0] /home/p4/Desktop/html/p4src/switch.p4(386) Condition "hdr.mri.isValid()" (node_9) is false
[06:04:34.075] [bmv2] [D] [thread 244903] [3.0] [cxt 0] Pipeline 'egress': end
[06:04:34.075] [bmv2] [D] [thread 244903] [3.0] [cxt 0] Deparser 'deparser': start
[06:04:34.075] [bmv2] [T] [thread 244903] [3.0] [cxt 0] Skipping checksum 'cksum' update because condition not met
[06:04:34.075] [bmv2] [D] [thread 244903] [3.0] [cxt 0] Deparsing header 'ethernet'
[06:04:34.075] [bmv2] [D] [thread 244903] [3.0] [cxt 0] Deparser 'deparser': end
[06:04:34.075] [bmv2] [D] [thread 244903] [4.0] [cxt 0] Pipeline 'egress': start
[06:04:34.075] [bmv2] [T] [thread 244903] [4.0] [cxt 0] /home/p4/Desktop/html/p4src/switch.p4(381) Condition "hdr.tag.isValid()" (node_7) is false
[06:04:34.075] [bmv2] [T] [thread 244903] [4.0] [cxt 0] /home/p4/Desktop/html/p4src/switch.p4(386) Condition "hdr.mri.isValid()" (node_9) is false
[06:04:34.075] [bmv2] [D] [thread 244903] [4.0] [cxt 0] Pipeline 'egress': end
[06:04:34.075] [bmv2] [D] [thread 244903] [4.0] [cxt 0] Deparser 'deparser': start
[06:04:34.075] [bmv2] [T] [thread 244903] [4.0] [cxt 0] Skipping checksum 'cksum' update because condition not met
[06:04:34.075] [bmv2] [D] [thread 244903] [4.0] [cxt 0] Deparsing header 'ethernet'
[06:04:34.075] [bmv2] [D] [thread 244907] [3.0] [cxt 0] Transmitting packet of size 70 out of port 0
[06:04:34.075] [bmv2] [D] [thread 244903] [4.0] [cxt 0] Deparser 'deparser': end
[06:04:34.075] [bmv2] [D] [thread 244907] [4.0] [cxt 0] Transmitting packet of size 70 out of port 0
[06:04:34.329] [bmv2] [D] [thread 244902] [5.0] [cxt 0] Processing packet received on port 3
[06:04:34.329] [bmv2] [D] [thread 244902] [5.0] [cxt 0] Parser 'parser': start
[06:04:34.329] [bmv2] [D] [thread 244902] [5.0] [cxt 0] Parser 'parser' entering state 'start'
[06:04:34.329] [bmv2] [D] [thread 244902] [5.0] [cxt 0] Extracting header 'ethernet'
[06:04:34.329] [bmv2] [D] [thread 244902] [5.0] [cxt 0] Parser state 'start': key is 86dd
[06:04:34.329] [bmv2] [T] [thread 244902] [5.0] [cxt 0] Bytes parsed: 14
[06:04:34.330] [bmv2] [D] [thread 244902] [5.0] [cxt 0] Parser 'parser': end
[06:04:34.330] [bmv2] [D] [thread 244902] [5.0] [cxt 0] Pipeline 'ingress': start
[06:04:34.330] [bmv2] [T] [thread 244902] [5.0] [cxt 0] /home/p4/Desktop/html/p4src/switch.p4(291) Condition "hdr.ipv4.isValid()" (node_2) is false
[06:04:34.330] [bmv2] [T] [thread 244902] [5.0] [cxt 0] Applying table 'MyIngress.tb_set_role'
[06:04:34.330] [bmv2] [D] [thread 244902] [5.0] [cxt 0] Looking up key:
* standard_metadata.ingress_port: 0003

[06:04:34.330] [bmv2] [D] [thread 244902] [5.0] [cxt 0] Table 'MyIngress.tb_set_role': miss
[06:04:34.330] [bmv2] [D] [thread 244902] [5.0] [cxt 0] Action entry is NoAction - 
[06:04:34.330] [bmv2] [T] [thread 244902] [5.0] [cxt 0] Action NoAction
[06:04:34.330] [bmv2] [D] [thread 244902] [5.0] [cxt 0] Pipeline 'ingress': end
[06:04:34.330] [bmv2] [D] [thread 244902] [5.0] [cxt 0] Egress port is 0
[06:04:34.330] [bmv2] [D] [thread 244903] [5.0] [cxt 0] Pipeline 'egress': start
[06:04:34.330] [bmv2] [T] [thread 244903] [5.0] [cxt 0] /home/p4/Desktop/html/p4src/switch.p4(381) Condition "hdr.tag.isValid()" (node_7) is false
[06:04:34.330] [bmv2] [T] [thread 244903] [5.0] [cxt 0] /home/p4/Desktop/html/p4src/switch.p4(386) Condition "hdr.mri.isValid()" (node_9) is false
[06:04:34.330] [bmv2] [D] [thread 244903] [5.0] [cxt 0] Pipeline 'egress': end
[06:04:34.330] [bmv2] [D] [thread 244903] [5.0] [cxt 0] Deparser 'deparser': start
[06:04:34.330] [bmv2] [T] [thread 244903] [5.0] [cxt 0] Skipping checksum 'cksum' update because condition not met
[06:04:34.330] [bmv2] [D] [thread 244903] [5.0] [cxt 0] Deparsing header 'ethernet'
[06:04:34.330] [bmv2] [D] [thread 244903] [5.0] [cxt 0] Deparser 'deparser': end
[06:04:34.330] [bmv2] [D] [thread 244907] [5.0] [cxt 0] Transmitting packet of size 70 out of port 0
[06:04:34.585] [bmv2] [D] [thread 244902] [6.0] [cxt 0] Processing packet received on port 6
[06:04:34.585] [bmv2] [D] [thread 244902] [6.0] [cxt 0] Parser 'parser': start
[06:04:34.585] [bmv2] [D] [thread 244902] [6.0] [cxt 0] Parser 'parser' entering state 'start'
[06:04:34.585] [bmv2] [D] [thread 244902] [6.0] [cxt 0] Extracting header 'ethernet'
[06:04:34.585] [bmv2] [D] [thread 244902] [6.0] [cxt 0] Parser state 'start': key is 86dd
[06:04:34.585] [bmv2] [T] [thread 244902] [6.0] [cxt 0] Bytes parsed: 14
[06:04:34.585] [bmv2] [D] [thread 244902] [6.0] [cxt 0] Parser 'parser': end
[06:04:34.586] [bmv2] [D] [thread 244902] [6.0] [cxt 0] Pipeline 'ingress': start
[06:04:34.586] [bmv2] [T] [thread 244902] [6.0] [cxt 0] /home/p4/Desktop/html/p4src/switch.p4(291) Condition "hdr.ipv4.isValid()" (node_2) is false
[06:04:34.586] [bmv2] [T] [thread 244902] [6.0] [cxt 0] Applying table 'MyIngress.tb_set_role'
[06:04:34.586] [bmv2] [D] [thread 244902] [6.0] [cxt 0] Looking up key:
* standard_metadata.ingress_port: 0006

[06:04:34.586] [bmv2] [D] [thread 244902] [6.0] [cxt 0] Table 'MyIngress.tb_set_role': miss
[06:04:34.586] [bmv2] [D] [thread 244902] [6.0] [cxt 0] Action entry is NoAction - 
[06:04:34.586] [bmv2] [T] [thread 244902] [6.0] [cxt 0] Action NoAction
[06:04:34.586] [bmv2] [D] [thread 244902] [6.0] [cxt 0] Pipeline 'ingress': end
[06:04:34.586] [bmv2] [D] [thread 244902] [6.0] [cxt 0] Egress port is 0
[06:04:34.587] [bmv2] [D] [thread 244903] [6.0] [cxt 0] Pipeline 'egress': start
[06:04:34.587] [bmv2] [T] [thread 244903] [6.0] [cxt 0] /home/p4/Desktop/html/p4src/switch.p4(381) Condition "hdr.tag.isValid()" (node_7) is false
[06:04:34.587] [bmv2] [T] [thread 244903] [6.0] [cxt 0] /home/p4/Desktop/html/p4src/switch.p4(386) Condition "hdr.mri.isValid()" (node_9) is false
[06:04:34.587] [bmv2] [D] [thread 244903] [6.0] [cxt 0] Pipeline 'egress': end
[06:04:34.587] [bmv2] [D] [thread 244903] [6.0] [cxt 0] Deparser 'deparser': start
[06:04:34.587] [bmv2] [T] [thread 244903] [6.0] [cxt 0] Skipping checksum 'cksum' update because condition not met
[06:04:34.587] [bmv2] [D] [thread 244903] [6.0] [cxt 0] Deparsing header 'ethernet'
[06:04:34.587] [bmv2] [D] [thread 244903] [6.0] [cxt 0] Deparser 'deparser': end
[06:04:34.587] [bmv2] [D] [thread 244907] [6.0] [cxt 0] Transmitting packet of size 70 out of port 0
[06:04:35.097] [bmv2] [D] [thread 244902] [7.0] [cxt 0] Processing packet received on port 6
[06:04:35.097] [bmv2] [D] [thread 244902] [7.0] [cxt 0] Parser 'parser': start
[06:04:35.097] [bmv2] [D] [thread 244902] [7.0] [cxt 0] Parser 'parser' entering state 'start'
[06:04:35.097] [bmv2] [D] [thread 244902] [7.0] [cxt 0] Extracting header 'ethernet'
[06:04:35.097] [bmv2] [D] [thread 244902] [7.0] [cxt 0] Parser state 'start': key is 86dd
[06:04:35.097] [bmv2] [T] [thread 244902] [7.0] [cxt 0] Bytes parsed: 14
[06:04:35.097] [bmv2] [D] [thread 244902] [7.0] [cxt 0] Parser 'parser': end
[06:04:35.097] [bmv2] [D] [thread 244902] [7.0] [cxt 0] Pipeline 'ingress': start
[06:04:35.097] [bmv2] [T] [thread 244902] [7.0] [cxt 0] /home/p4/Desktop/html/p4src/switch.p4(291) Condition "hdr.ipv4.isValid()" (node_2) is false
[06:04:35.097] [bmv2] [T] [thread 244902] [7.0] [cxt 0] Applying table 'MyIngress.tb_set_role'
[06:04:35.098] [bmv2] [D] [thread 244902] [7.0] [cxt 0] Looking up key:
* standard_metadata.ingress_port: 0006

[06:04:35.098] [bmv2] [D] [thread 244902] [7.0] [cxt 0] Table 'MyIngress.tb_set_role': miss
[06:04:35.098] [bmv2] [D] [thread 244902] [7.0] [cxt 0] Action entry is NoAction - 
[06:04:35.098] [bmv2] [T] [thread 244902] [7.0] [cxt 0] Action NoAction
[06:04:35.098] [bmv2] [D] [thread 244902] [7.0] [cxt 0] Pipeline 'ingress': end
[06:04:35.098] [bmv2] [D] [thread 244902] [7.0] [cxt 0] Egress port is 0
[06:04:35.098] [bmv2] [D] [thread 244902] [8.0] [cxt 0] Processing packet received on port 5
[06:04:35.098] [bmv2] [D] [thread 244902] [8.0] [cxt 0] Parser 'parser': start
[06:04:35.098] [bmv2] [D] [thread 244902] [8.0] [cxt 0] Parser 'parser' entering state 'start'
[06:04:35.098] [bmv2] [D] [thread 244902] [8.0] [cxt 0] Extracting header 'ethernet'
[06:04:35.098] [bmv2] [D] [thread 244902] [8.0] [cxt 0] Parser state 'start': key is 86dd
[06:04:35.098] [bmv2] [T] [thread 244902] [8.0] [cxt 0] Bytes parsed: 14
[06:04:35.098] [bmv2] [D] [thread 244902] [8.0] [cxt 0] Parser 'parser': end
[06:04:35.098] [bmv2] [D] [thread 244903] [7.0] [cxt 0] Pipeline 'egress': start
[06:04:35.098] [bmv2] [D] [thread 244902] [8.0] [cxt 0] Pipeline 'ingress': start
[06:04:35.098] [bmv2] [T] [thread 244903] [7.0] [cxt 0] /home/p4/Desktop/html/p4src/switch.p4(381) Condition "hdr.tag.isValid()" (node_7) is false
[06:04:35.098] [bmv2] [T] [thread 244902] [8.0] [cxt 0] /home/p4/Desktop/html/p4src/switch.p4(291) Condition "hdr.ipv4.isValid()" (node_2) is false
[06:04:35.098] [bmv2] [T] [thread 244902] [8.0] [cxt 0] Applying table 'MyIngress.tb_set_role'
[06:04:35.098] [bmv2] [D] [thread 244902] [8.0] [cxt 0] Looking up key:
* standard_metadata.ingress_port: 0005

[06:04:35.098] [bmv2] [D] [thread 244902] [8.0] [cxt 0] Table 'MyIngress.tb_set_role': miss
[06:04:35.098] [bmv2] [D] [thread 244902] [8.0] [cxt 0] Action entry is NoAction - 
[06:04:35.099] [bmv2] [T] [thread 244902] [8.0] [cxt 0] Action NoAction
[06:04:35.099] [bmv2] [D] [thread 244902] [8.0] [cxt 0] Pipeline 'ingress': end
[06:04:35.099] [bmv2] [D] [thread 244902] [8.0] [cxt 0] Egress port is 0
[06:04:35.098] [bmv2] [T] [thread 244903] [7.0] [cxt 0] /home/p4/Desktop/html/p4src/switch.p4(386) Condition "hdr.mri.isValid()" (node_9) is false
[06:04:35.099] [bmv2] [D] [thread 244903] [7.0] [cxt 0] Pipeline 'egress': end
[06:04:35.099] [bmv2] [D] [thread 244903] [7.0] [cxt 0] Deparser 'deparser': start
[06:04:35.099] [bmv2] [T] [thread 244903] [7.0] [cxt 0] Skipping checksum 'cksum' update because condition not met
[06:04:35.099] [bmv2] [D] [thread 244903] [7.0] [cxt 0] Deparsing header 'ethernet'
[06:04:35.099] [bmv2] [D] [thread 244903] [7.0] [cxt 0] Deparser 'deparser': end
[06:04:35.099] [bmv2] [D] [thread 244903] [8.0] [cxt 0] Pipeline 'egress': start
[06:04:35.099] [bmv2] [D] [thread 244907] [7.0] [cxt 0] Transmitting packet of size 70 out of port 0
[06:04:35.099] [bmv2] [T] [thread 244903] [8.0] [cxt 0] /home/p4/Desktop/html/p4src/switch.p4(381) Condition "hdr.tag.isValid()" (node_7) is false
[06:04:35.099] [bmv2] [T] [thread 244903] [8.0] [cxt 0] /home/p4/Desktop/html/p4src/switch.p4(386) Condition "hdr.mri.isValid()" (node_9) is false
[06:04:35.099] [bmv2] [D] [thread 244903] [8.0] [cxt 0] Pipeline 'egress': end
[06:04:35.099] [bmv2] [D] [thread 244903] [8.0] [cxt 0] Deparser 'deparser': start
[06:04:35.099] [bmv2] [T] [thread 244903] [8.0] [cxt 0] Skipping checksum 'cksum' update because condition not met
[06:04:35.099] [bmv2] [D] [thread 244903] [8.0] [cxt 0] Deparsing header 'ethernet'
[06:04:35.099] [bmv2] [D] [thread 244903] [8.0] [cxt 0] Deparser 'deparser': end
[06:04:35.099] [bmv2] [D] [thread 244907] [8.0] [cxt 0] Transmitting packet of size 70 out of port 0
[06:04:35.610] [bmv2] [D] [thread 244902] [9.0] [cxt 0] Processing packet received on port 5
[06:04:35.610] [bmv2] [D] [thread 244902] [9.0] [cxt 0] Parser 'parser': start
[06:04:35.610] [bmv2] [D] [thread 244902] [9.0] [cxt 0] Parser 'parser' entering state 'start'
[06:04:35.610] [bmv2] [D] [thread 244902] [9.0] [cxt 0] Extracting header 'ethernet'
[06:04:35.610] [bmv2] [D] [thread 244902] [9.0] [cxt 0] Parser state 'start': key is 86dd
[06:04:35.610] [bmv2] [T] [thread 244902] [9.0] [cxt 0] Bytes parsed: 14
[06:04:35.610] [bmv2] [D] [thread 244902] [9.0] [cxt 0] Parser 'parser': end
[06:04:35.610] [bmv2] [D] [thread 244902] [9.0] [cxt 0] Pipeline 'ingress': start
[06:04:35.610] [bmv2] [T] [thread 244902] [9.0] [cxt 0] /home/p4/Desktop/html/p4src/switch.p4(291) Condition "hdr.ipv4.isValid()" (node_2) is false
[06:04:35.610] [bmv2] [T] [thread 244902] [9.0] [cxt 0] Applying table 'MyIngress.tb_set_role'
[06:04:35.610] [bmv2] [D] [thread 244902] [9.0] [cxt 0] Looking up key:
* standard_metadata.ingress_port: 0005

[06:04:35.610] [bmv2] [D] [thread 244902] [9.0] [cxt 0] Table 'MyIngress.tb_set_role': miss
[06:04:35.610] [bmv2] [D] [thread 244902] [9.0] [cxt 0] Action entry is NoAction - 
[06:04:35.610] [bmv2] [T] [thread 244902] [9.0] [cxt 0] Action NoAction
[06:04:35.610] [bmv2] [D] [thread 244902] [9.0] [cxt 0] Pipeline 'ingress': end
[06:04:35.610] [bmv2] [D] [thread 244902] [9.0] [cxt 0] Egress port is 0
[06:04:35.610] [bmv2] [D] [thread 244903] [9.0] [cxt 0] Pipeline 'egress': start
[06:04:35.610] [bmv2] [T] [thread 244903] [9.0] [cxt 0] /home/p4/Desktop/html/p4src/switch.p4(381) Condition "hdr.tag.isValid()" (node_7) is false
[06:04:35.610] [bmv2] [T] [thread 244903] [9.0] [cxt 0] /home/p4/Desktop/html/p4src/switch.p4(386) Condition "hdr.mri.isValid()" (node_9) is false
[06:04:35.610] [bmv2] [D] [thread 244903] [9.0] [cxt 0] Pipeline 'egress': end
[06:04:35.610] [bmv2] [D] [thread 244903] [9.0] [cxt 0] Deparser 'deparser': start
[06:04:35.610] [bmv2] [T] [thread 244903] [9.0] [cxt 0] Skipping checksum 'cksum' update because condition not met
[06:04:35.610] [bmv2] [D] [thread 244903] [9.0] [cxt 0] Deparsing header 'ethernet'
[06:04:35.610] [bmv2] [D] [thread 244903] [9.0] [cxt 0] Deparser 'deparser': end
[06:04:35.611] [bmv2] [D] [thread 244907] [9.0] [cxt 0] Transmitting packet of size 70 out of port 0
[06:04:35.865] [bmv2] [D] [thread 244902] [10.0] [cxt 0] Processing packet received on port 7
[06:04:35.865] [bmv2] [D] [thread 244902] [10.0] [cxt 0] Parser 'parser': start
[06:04:35.865] [bmv2] [D] [thread 244902] [10.0] [cxt 0] Parser 'parser' entering state 'start'
[06:04:35.865] [bmv2] [D] [thread 244902] [10.0] [cxt 0] Extracting header 'ethernet'
[06:04:35.865] [bmv2] [D] [thread 244902] [10.0] [cxt 0] Parser state 'start': key is 86dd
[06:04:35.865] [bmv2] [T] [thread 244902] [10.0] [cxt 0] Bytes parsed: 14
[06:04:35.866] [bmv2] [D] [thread 244902] [10.0] [cxt 0] Parser 'parser': end
[06:04:35.866] [bmv2] [D] [thread 244902] [10.0] [cxt 0] Pipeline 'ingress': start
[06:04:35.866] [bmv2] [T] [thread 244902] [10.0] [cxt 0] /home/p4/Desktop/html/p4src/switch.p4(291) Condition "hdr.ipv4.isValid()" (node_2) is false
[06:04:35.866] [bmv2] [T] [thread 244902] [10.0] [cxt 0] Applying table 'MyIngress.tb_set_role'
[06:04:35.866] [bmv2] [D] [thread 244902] [10.0] [cxt 0] Looking up key:
* standard_metadata.ingress_port: 0007

[06:04:35.866] [bmv2] [D] [thread 244902] [10.0] [cxt 0] Table 'MyIngress.tb_set_role': miss
[06:04:35.866] [bmv2] [D] [thread 244902] [10.0] [cxt 0] Action entry is NoAction - 
[06:04:35.866] [bmv2] [T] [thread 244902] [10.0] [cxt 0] Action NoAction
[06:04:35.866] [bmv2] [D] [thread 244902] [10.0] [cxt 0] Pipeline 'ingress': end
[06:04:35.866] [bmv2] [D] [thread 244902] [10.0] [cxt 0] Egress port is 0
[06:04:35.866] [bmv2] [D] [thread 244903] [10.0] [cxt 0] Pipeline 'egress': start
[06:04:35.866] [bmv2] [T] [thread 244903] [10.0] [cxt 0] /home/p4/Desktop/html/p4src/switch.p4(381) Condition "hdr.tag.isValid()" (node_7) is false
[06:04:35.866] [bmv2] [T] [thread 244903] [10.0] [cxt 0] /home/p4/Desktop/html/p4src/switch.p4(386) Condition "hdr.mri.isValid()" (node_9) is false
[06:04:35.866] [bmv2] [D] [thread 244903] [10.0] [cxt 0] Pipeline 'egress': end
[06:04:35.866] [bmv2] [D] [thread 244903] [10.0] [cxt 0] Deparser 'deparser': start
[06:04:35.866] [bmv2] [T] [thread 244903] [10.0] [cxt 0] Skipping checksum 'cksum' update because condition not met
[06:04:35.866] [bmv2] [D] [thread 244903] [10.0] [cxt 0] Deparsing header 'ethernet'
[06:04:35.866] [bmv2] [D] [thread 244903] [10.0] [cxt 0] Deparser 'deparser': end
[06:04:35.866] [bmv2] [D] [thread 244907] [10.0] [cxt 0] Transmitting packet of size 70 out of port 0
[06:04:46.873] [bmv2] [D] [thread 244902] [11.0] [cxt 0] Processing packet received on port 4
[06:04:46.874] [bmv2] [D] [thread 244902] [11.0] [cxt 0] Parser 'parser': start
[06:04:46.874] [bmv2] [D] [thread 244902] [11.0] [cxt 0] Parser 'parser' entering state 'start'
[06:04:46.874] [bmv2] [D] [thread 244902] [11.0] [cxt 0] Extracting header 'ethernet'
[06:04:46.874] [bmv2] [D] [thread 244902] [11.0] [cxt 0] Parser state 'start': key is 86dd
[06:04:46.874] [bmv2] [T] [thread 244902] [11.0] [cxt 0] Bytes parsed: 14
[06:04:46.874] [bmv2] [D] [thread 244902] [11.0] [cxt 0] Parser 'parser': end
[06:04:46.874] [bmv2] [D] [thread 244902] [11.0] [cxt 0] Pipeline 'ingress': start
[06:04:46.874] [bmv2] [T] [thread 244902] [11.0] [cxt 0] /home/p4/Desktop/html/p4src/switch.p4(291) Condition "hdr.ipv4.isValid()" (node_2) is false
[06:04:46.874] [bmv2] [T] [thread 244902] [11.0] [cxt 0] Applying table 'MyIngress.tb_set_role'
[06:04:46.874] [bmv2] [D] [thread 244902] [11.0] [cxt 0] Looking up key:
* standard_metadata.ingress_port: 0004

[06:04:46.874] [bmv2] [D] [thread 244902] [11.0] [cxt 0] Table 'MyIngress.tb_set_role': miss
[06:04:46.874] [bmv2] [D] [thread 244902] [11.0] [cxt 0] Action entry is NoAction - 
[06:04:46.874] [bmv2] [T] [thread 244902] [11.0] [cxt 0] Action NoAction
[06:04:46.874] [bmv2] [D] [thread 244902] [11.0] [cxt 0] Pipeline 'ingress': end
[06:04:46.874] [bmv2] [D] [thread 244902] [11.0] [cxt 0] Egress port is 0
[06:04:46.874] [bmv2] [D] [thread 244903] [11.0] [cxt 0] Pipeline 'egress': start
[06:04:46.874] [bmv2] [T] [thread 244903] [11.0] [cxt 0] /home/p4/Desktop/html/p4src/switch.p4(381) Condition "hdr.tag.isValid()" (node_7) is false
[06:04:46.874] [bmv2] [T] [thread 244903] [11.0] [cxt 0] /home/p4/Desktop/html/p4src/switch.p4(386) Condition "hdr.mri.isValid()" (node_9) is false
[06:04:46.874] [bmv2] [D] [thread 244903] [11.0] [cxt 0] Pipeline 'egress': end
[06:04:46.874] [bmv2] [D] [thread 244903] [11.0] [cxt 0] Deparser 'deparser': start
[06:04:46.874] [bmv2] [T] [thread 244903] [11.0] [cxt 0] Skipping checksum 'cksum' update because condition not met
[06:04:46.874] [bmv2] [D] [thread 244903] [11.0] [cxt 0] Deparsing header 'ethernet'
[06:04:46.874] [bmv2] [D] [thread 244903] [11.0] [cxt 0] Deparser 'deparser': end
[06:04:46.875] [bmv2] [D] [thread 244907] [11.0] [cxt 0] Transmitting packet of size 70 out of port 0
[06:04:47.129] [bmv2] [D] [thread 244902] [12.0] [cxt 0] Processing packet received on port 4
[06:04:47.129] [bmv2] [D] [thread 244902] [12.0] [cxt 0] Parser 'parser': start
[06:04:47.129] [bmv2] [D] [thread 244902] [12.0] [cxt 0] Parser 'parser' entering state 'start'
[06:04:47.129] [bmv2] [D] [thread 244902] [12.0] [cxt 0] Extracting header 'ethernet'
[06:04:47.130] [bmv2] [D] [thread 244902] [12.0] [cxt 0] Parser state 'start': key is 86dd
[06:04:47.130] [bmv2] [T] [thread 244902] [12.0] [cxt 0] Bytes parsed: 14
[06:04:47.130] [bmv2] [D] [thread 244902] [12.0] [cxt 0] Parser 'parser': end
[06:04:47.130] [bmv2] [D] [thread 244902] [12.0] [cxt 0] Pipeline 'ingress': start
[06:04:47.130] [bmv2] [T] [thread 244902] [12.0] [cxt 0] /home/p4/Desktop/html/p4src/switch.p4(291) Condition "hdr.ipv4.isValid()" (node_2) is false
[06:04:47.130] [bmv2] [T] [thread 244902] [12.0] [cxt 0] Applying table 'MyIngress.tb_set_role'
[06:04:47.130] [bmv2] [D] [thread 244902] [12.0] [cxt 0] Looking up key:
* standard_metadata.ingress_port: 0004

[06:04:47.130] [bmv2] [D] [thread 244902] [12.0] [cxt 0] Table 'MyIngress.tb_set_role': miss
[06:04:47.130] [bmv2] [D] [thread 244902] [12.0] [cxt 0] Action entry is NoAction - 
[06:04:47.130] [bmv2] [T] [thread 244902] [12.0] [cxt 0] Action NoAction
[06:04:47.130] [bmv2] [D] [thread 244902] [12.0] [cxt 0] Pipeline 'ingress': end
[06:04:47.130] [bmv2] [D] [thread 244902] [12.0] [cxt 0] Egress port is 0
[06:04:47.130] [bmv2] [D] [thread 244903] [12.0] [cxt 0] Pipeline 'egress': start
[06:04:47.130] [bmv2] [T] [thread 244903] [12.0] [cxt 0] /home/p4/Desktop/html/p4src/switch.p4(381) Condition "hdr.tag.isValid()" (node_7) is false
[06:04:47.130] [bmv2] [T] [thread 244903] [12.0] [cxt 0] /home/p4/Desktop/html/p4src/switch.p4(386) Condition "hdr.mri.isValid()" (node_9) is false
[06:04:47.130] [bmv2] [D] [thread 244903] [12.0] [cxt 0] Pipeline 'egress': end
[06:04:47.130] [bmv2] [D] [thread 244903] [12.0] [cxt 0] Deparser 'deparser': start
[06:04:47.130] [bmv2] [T] [thread 244903] [12.0] [cxt 0] Skipping checksum 'cksum' update because condition not met
[06:04:47.130] [bmv2] [D] [thread 244903] [12.0] [cxt 0] Deparsing header 'ethernet'
[06:04:47.130] [bmv2] [D] [thread 244903] [12.0] [cxt 0] Deparser 'deparser': end
[06:04:47.130] [bmv2] [D] [thread 244907] [12.0] [cxt 0] Transmitting packet of size 70 out of port 0
[06:04:52.368] [bmv2] [T] [thread 247212] bm_get_config
[06:04:52.370] [bmv2] [T] [thread 247212] bm_table_add_entry
[06:04:52.370] [bmv2] [D] [thread 247212] Entry 0 added to table 'MyIngress.ipv4_lpm'
[06:04:52.370] [bmv2] [D] [thread 247212] Dumping entry 0
Match key:
* hdr.ipv4.dstAddr              : LPM       0a000713/32
* standard_metadata.ingress_port: EXACT     0002
Action entry: MyIngress.ipv4_forward - a000713,1,

[06:04:52.371] [bmv2] [T] [thread 247212] bm_table_add_entry
[06:04:52.371] [bmv2] [D] [thread 247212] Entry 1 added to table 'MyIngress.ipv4_lpm'
[06:04:52.371] [bmv2] [D] [thread 247212] Dumping entry 1
Match key:
* hdr.ipv4.dstAddr              : LPM       0a000713/32
* standard_metadata.ingress_port: EXACT     0003
Action entry: MyIngress.ipv4_forward - a000713,1,

[06:04:52.372] [bmv2] [T] [thread 247212] bm_table_add_entry
[06:04:52.372] [bmv2] [D] [thread 247212] Entry 2 added to table 'MyIngress.ipv4_lpm'
[06:04:52.372] [bmv2] [D] [thread 247212] Dumping entry 2
Match key:
* hdr.ipv4.dstAddr              : LPM       0a000713/32
* standard_metadata.ingress_port: EXACT     0004
Action entry: MyIngress.ipv4_forward - a000713,1,

[06:04:52.373] [bmv2] [T] [thread 247212] bm_table_add_entry
[06:04:52.373] [bmv2] [D] [thread 247212] Entry 3 added to table 'MyIngress.ipv4_lpm'
[06:04:52.373] [bmv2] [D] [thread 247212] Dumping entry 3
Match key:
* hdr.ipv4.dstAddr              : LPM       0a000713/32
* standard_metadata.ingress_port: EXACT     0005
Action entry: MyIngress.ipv4_forward - a000713,1,

[06:04:52.374] [bmv2] [T] [thread 247212] bm_table_add_entry
[06:04:52.374] [bmv2] [D] [thread 247212] Entry 4 added to table 'MyIngress.ipv4_lpm'
[06:04:52.374] [bmv2] [D] [thread 247212] Dumping entry 4
Match key:
* hdr.ipv4.dstAddr              : LPM       0a000713/32
* standard_metadata.ingress_port: EXACT     0006
Action entry: MyIngress.ipv4_forward - a000713,1,

[06:04:52.375] [bmv2] [T] [thread 247212] bm_table_add_entry
[06:04:52.375] [bmv2] [D] [thread 247212] Entry 5 added to table 'MyIngress.ipv4_lpm'
[06:04:52.375] [bmv2] [D] [thread 247212] Dumping entry 5
Match key:
* hdr.ipv4.dstAddr              : LPM       0a000714/32
* standard_metadata.ingress_port: EXACT     0001
Action entry: MyIngress.ipv4_forward - a000714,2,

[06:04:52.376] [bmv2] [T] [thread 247212] bm_table_add_entry
[06:04:52.376] [bmv2] [D] [thread 247212] Entry 6 added to table 'MyIngress.ipv4_lpm'
[06:04:52.376] [bmv2] [D] [thread 247212] Dumping entry 6
Match key:
* hdr.ipv4.dstAddr              : LPM       0a000714/32
* standard_metadata.ingress_port: EXACT     0003
Action entry: MyIngress.ipv4_forward - a000714,2,

[06:04:52.377] [bmv2] [T] [thread 247212] bm_table_add_entry
[06:04:52.377] [bmv2] [D] [thread 247212] Entry 7 added to table 'MyIngress.ipv4_lpm'
[06:04:52.377] [bmv2] [D] [thread 247212] Dumping entry 7
Match key:
* hdr.ipv4.dstAddr              : LPM       0a000714/32
* standard_metadata.ingress_port: EXACT     0004
Action entry: MyIngress.ipv4_forward - a000714,2,

[06:04:52.378] [bmv2] [T] [thread 247212] bm_table_add_entry
[06:04:52.378] [bmv2] [D] [thread 247212] Entry 8 added to table 'MyIngress.ipv4_lpm'
[06:04:52.378] [bmv2] [D] [thread 247212] Dumping entry 8
Match key:
* hdr.ipv4.dstAddr              : LPM       0a000714/32
* standard_metadata.ingress_port: EXACT     0005
Action entry: MyIngress.ipv4_forward - a000714,2,

[06:04:52.378] [bmv2] [T] [thread 247212] bm_table_add_entry
[06:04:52.379] [bmv2] [D] [thread 247212] Entry 9 added to table 'MyIngress.ipv4_lpm'
[06:04:52.379] [bmv2] [D] [thread 247212] Dumping entry 9
Match key:
* hdr.ipv4.dstAddr              : LPM       0a000714/32
* standard_metadata.ingress_port: EXACT     0006
Action entry: MyIngress.ipv4_forward - a000714,2,

[06:04:52.379] [bmv2] [T] [thread 247212] bm_table_add_entry
[06:04:52.379] [bmv2] [D] [thread 247212] Entry 10 added to table 'MyIngress.ipv4_lpm'
[06:04:52.379] [bmv2] [D] [thread 247212] Dumping entry 10
Match key:
* hdr.ipv4.dstAddr              : LPM       0a000715/32
* standard_metadata.ingress_port: EXACT     0001
Action entry: MyIngress.ipv4_forward - a000715,3,

[06:04:52.380] [bmv2] [T] [thread 247212] bm_table_add_entry
[06:04:52.380] [bmv2] [D] [thread 247212] Entry 11 added to table 'MyIngress.ipv4_lpm'
[06:04:52.380] [bmv2] [D] [thread 247212] Dumping entry 11
Match key:
* hdr.ipv4.dstAddr              : LPM       0a000715/32
* standard_metadata.ingress_port: EXACT     0002
Action entry: MyIngress.ipv4_forward - a000715,3,

[06:04:52.381] [bmv2] [T] [thread 247212] bm_table_add_entry
[06:04:52.381] [bmv2] [D] [thread 247212] Entry 12 added to table 'MyIngress.ipv4_lpm'
[06:04:52.381] [bmv2] [D] [thread 247212] Dumping entry 12
Match key:
* hdr.ipv4.dstAddr              : LPM       0a000715/32
* standard_metadata.ingress_port: EXACT     0004
Action entry: MyIngress.ipv4_forward - a000715,3,

[06:04:52.382] [bmv2] [T] [thread 247212] bm_table_add_entry
[06:04:52.382] [bmv2] [D] [thread 247212] Entry 13 added to table 'MyIngress.ipv4_lpm'
[06:04:52.382] [bmv2] [D] [thread 247212] Dumping entry 13
Match key:
* hdr.ipv4.dstAddr              : LPM       0a000715/32
* standard_metadata.ingress_port: EXACT     0005
Action entry: MyIngress.ipv4_forward - a000715,3,

[06:04:52.382] [bmv2] [T] [thread 247212] bm_table_add_entry
[06:04:52.383] [bmv2] [D] [thread 247212] Entry 14 added to table 'MyIngress.ipv4_lpm'
[06:04:52.383] [bmv2] [D] [thread 247212] Dumping entry 14
Match key:
* hdr.ipv4.dstAddr              : LPM       0a000715/32
* standard_metadata.ingress_port: EXACT     0006
Action entry: MyIngress.ipv4_forward - a000715,3,

[06:04:52.383] [bmv2] [T] [thread 247212] bm_table_add_entry
[06:04:52.383] [bmv2] [D] [thread 247212] Entry 15 added to table 'MyIngress.ipv4_lpm'
[06:04:52.383] [bmv2] [D] [thread 247212] Dumping entry 15
Match key:
* hdr.ipv4.dstAddr              : LPM       0a000101/32
* standard_metadata.ingress_port: EXACT     0001
Action entry: MyIngress.ipv4_forward - a000101,4,

[06:04:52.384] [bmv2] [T] [thread 247212] bm_table_add_entry
[06:04:52.384] [bmv2] [D] [thread 247212] Entry 16 added to table 'MyIngress.ipv4_lpm'
[06:04:52.384] [bmv2] [D] [thread 247212] Dumping entry 16
Match key:
* hdr.ipv4.dstAddr              : LPM       0a000102/32
* standard_metadata.ingress_port: EXACT     0001
Action entry: MyIngress.ipv4_forward - a000102,5,

[06:04:52.385] [bmv2] [T] [thread 247212] bm_table_add_entry
[06:04:52.385] [bmv2] [D] [thread 247212] Entry 17 added to table 'MyIngress.ipv4_lpm'
[06:04:52.385] [bmv2] [D] [thread 247212] Dumping entry 17
Match key:
* hdr.ipv4.dstAddr              : LPM       0a000103/32
* standard_metadata.ingress_port: EXACT     0001
Action entry: MyIngress.ipv4_forward - a000103,6,

[06:04:52.386] [bmv2] [T] [thread 247212] bm_table_add_entry
[06:04:52.386] [bmv2] [D] [thread 247212] Entry 18 added to table 'MyIngress.ipv4_lpm'
[06:04:52.386] [bmv2] [D] [thread 247212] Dumping entry 18
Match key:
* hdr.ipv4.dstAddr              : LPM       0a000204/32
* standard_metadata.ingress_port: EXACT     0001
Action entry: MyIngress.ipv4_forward - a000204,4,

[06:04:52.386] [bmv2] [T] [thread 247212] bm_table_add_entry
[06:04:52.386] [bmv2] [D] [thread 247212] Entry 19 added to table 'MyIngress.ipv4_lpm'
[06:04:52.386] [bmv2] [D] [thread 247212] Dumping entry 19
Match key:
* hdr.ipv4.dstAddr              : LPM       0a000205/32
* standard_metadata.ingress_port: EXACT     0001
Action entry: MyIngress.ipv4_forward - a000205,5,

[06:04:52.387] [bmv2] [T] [thread 247212] bm_table_add_entry
[06:04:52.387] [bmv2] [D] [thread 247212] Entry 20 added to table 'MyIngress.ipv4_lpm'
[06:04:52.387] [bmv2] [D] [thread 247212] Dumping entry 20
Match key:
* hdr.ipv4.dstAddr              : LPM       0a000206/32
* standard_metadata.ingress_port: EXACT     0001
Action entry: MyIngress.ipv4_forward - a000206,6,

[06:04:52.388] [bmv2] [T] [thread 247212] bm_table_add_entry
[06:04:52.388] [bmv2] [D] [thread 247212] Entry 21 added to table 'MyIngress.ipv4_lpm'
[06:04:52.388] [bmv2] [D] [thread 247212] Dumping entry 21
Match key:
* hdr.ipv4.dstAddr              : LPM       0a000307/32
* standard_metadata.ingress_port: EXACT     0001
Action entry: MyIngress.ipv4_forward - a000307,4,

[06:04:52.389] [bmv2] [T] [thread 247212] bm_table_add_entry
[06:04:52.389] [bmv2] [D] [thread 247212] Entry 22 added to table 'MyIngress.ipv4_lpm'
[06:04:52.389] [bmv2] [D] [thread 247212] Dumping entry 22
Match key:
* hdr.ipv4.dstAddr              : LPM       0a000308/32
* standard_metadata.ingress_port: EXACT     0001
Action entry: MyIngress.ipv4_forward - a000308,5,

[06:04:52.390] [bmv2] [T] [thread 247212] bm_table_add_entry
[06:04:52.390] [bmv2] [D] [thread 247212] Entry 23 added to table 'MyIngress.ipv4_lpm'
[06:04:52.390] [bmv2] [D] [thread 247212] Dumping entry 23
Match key:
* hdr.ipv4.dstAddr              : LPM       0a000309/32
* standard_metadata.ingress_port: EXACT     0001
Action entry: MyIngress.ipv4_forward - a000309,6,

[06:04:52.391] [bmv2] [T] [thread 247212] bm_table_add_entry
[06:04:52.391] [bmv2] [D] [thread 247212] Entry 24 added to table 'MyIngress.ipv4_lpm'
[06:04:52.391] [bmv2] [D] [thread 247212] Dumping entry 24
Match key:
* hdr.ipv4.dstAddr              : LPM       0a00040a/32
* standard_metadata.ingress_port: EXACT     0001
Action entry: MyIngress.ipv4_forward - a00040a,4,

[06:04:52.391] [bmv2] [T] [thread 247212] bm_table_add_entry
[06:04:52.392] [bmv2] [D] [thread 247212] Entry 25 added to table 'MyIngress.ipv4_lpm'
[06:04:52.392] [bmv2] [D] [thread 247212] Dumping entry 25
Match key:
* hdr.ipv4.dstAddr              : LPM       0a00040b/32
* standard_metadata.ingress_port: EXACT     0001
Action entry: MyIngress.ipv4_forward - a00040b,5,

[06:04:52.392] [bmv2] [T] [thread 247212] bm_table_add_entry
[06:04:52.392] [bmv2] [D] [thread 247212] Entry 26 added to table 'MyIngress.ipv4_lpm'
[06:04:52.392] [bmv2] [D] [thread 247212] Dumping entry 26
Match key:
* hdr.ipv4.dstAddr              : LPM       0a00040c/32
* standard_metadata.ingress_port: EXACT     0001
Action entry: MyIngress.ipv4_forward - a00040c,6,

[06:04:52.393] [bmv2] [T] [thread 247212] bm_table_add_entry
[06:04:52.393] [bmv2] [D] [thread 247212] Entry 27 added to table 'MyIngress.ipv4_lpm'
[06:04:52.393] [bmv2] [D] [thread 247212] Dumping entry 27
Match key:
* hdr.ipv4.dstAddr              : LPM       0a00050d/32
* standard_metadata.ingress_port: EXACT     0001
Action entry: MyIngress.ipv4_forward - a00050d,4,

[06:04:52.394] [bmv2] [T] [thread 247212] bm_table_add_entry
[06:04:52.394] [bmv2] [D] [thread 247212] Entry 28 added to table 'MyIngress.ipv4_lpm'
[06:04:52.394] [bmv2] [D] [thread 247212] Dumping entry 28
Match key:
* hdr.ipv4.dstAddr              : LPM       0a00050e/32
* standard_metadata.ingress_port: EXACT     0001
Action entry: MyIngress.ipv4_forward - a00050e,5,

[06:04:52.394] [bmv2] [T] [thread 247212] bm_table_add_entry
[06:04:52.394] [bmv2] [D] [thread 247212] Entry 29 added to table 'MyIngress.ipv4_lpm'
[06:04:52.394] [bmv2] [D] [thread 247212] Dumping entry 29
Match key:
* hdr.ipv4.dstAddr              : LPM       0a00050f/32
* standard_metadata.ingress_port: EXACT     0001
Action entry: MyIngress.ipv4_forward - a00050f,6,

[06:04:52.395] [bmv2] [T] [thread 247212] bm_table_add_entry
[06:04:52.395] [bmv2] [D] [thread 247212] Entry 30 added to table 'MyIngress.ipv4_lpm'
[06:04:52.395] [bmv2] [D] [thread 247212] Dumping entry 30
Match key:
* hdr.ipv4.dstAddr              : LPM       0a000610/32
* standard_metadata.ingress_port: EXACT     0001
Action entry: MyIngress.ipv4_forward - a000610,4,

[06:04:52.396] [bmv2] [T] [thread 247212] bm_table_add_entry
[06:04:52.396] [bmv2] [D] [thread 247212] Entry 31 added to table 'MyIngress.ipv4_lpm'
[06:04:52.396] [bmv2] [D] [thread 247212] Dumping entry 31
Match key:
* hdr.ipv4.dstAddr              : LPM       0a000611/32
* standard_metadata.ingress_port: EXACT     0001
Action entry: MyIngress.ipv4_forward - a000611,5,

[06:04:52.397] [bmv2] [T] [thread 247212] bm_table_add_entry
[06:04:52.397] [bmv2] [D] [thread 247212] Entry 32 added to table 'MyIngress.ipv4_lpm'
[06:04:52.397] [bmv2] [D] [thread 247212] Dumping entry 32
Match key:
* hdr.ipv4.dstAddr              : LPM       0a000612/32
* standard_metadata.ingress_port: EXACT     0001
Action entry: MyIngress.ipv4_forward - a000612,6,

[06:04:52.397] [bmv2] [T] [thread 247212] bm_table_add_entry
[06:04:52.398] [bmv2] [D] [thread 247212] Entry 33 added to table 'MyIngress.ipv4_lpm'
[06:04:52.398] [bmv2] [D] [thread 247212] Dumping entry 33
Match key:
* hdr.ipv4.dstAddr              : LPM       0a000713/32
* standard_metadata.ingress_port: EXACT     0001
Action entry: MyIngress.ipv4_forward - a000713,1,

[06:04:52.398] [bmv2] [T] [thread 247212] bm_table_add_entry
[06:04:52.398] [bmv2] [E] [thread 247212] Error when trying to add entry to table 'MyIngress.ipv4_lpm': DUPLICATE_ENTRY
[06:04:52.399] [bmv2] [T] [thread 247212] bm_table_add_entry
[06:04:52.399] [bmv2] [E] [thread 247212] Error when trying to add entry to table 'MyIngress.ipv4_lpm': DUPLICATE_ENTRY
[06:04:52.400] [bmv2] [T] [thread 247212] bm_table_add_entry
[06:04:52.400] [bmv2] [D] [thread 247212] Entry 34 added to table 'MyIngress.ipv4_lpm'
[06:04:52.400] [bmv2] [D] [thread 247212] Dumping entry 34
Match key:
* hdr.ipv4.dstAddr              : LPM       0a000816/32
* standard_metadata.ingress_port: EXACT     0001
Action entry: MyIngress.ipv4_forward - a000816,4,

[06:04:52.400] [bmv2] [T] [thread 247212] bm_table_add_entry
[06:04:52.401] [bmv2] [D] [thread 247212] Entry 35 added to table 'MyIngress.ipv4_lpm'
[06:04:52.401] [bmv2] [D] [thread 247212] Dumping entry 35
Match key:
* hdr.ipv4.dstAddr              : LPM       0a000817/32
* standard_metadata.ingress_port: EXACT     0001
Action entry: MyIngress.ipv4_forward - a000817,5,

[06:04:52.401] [bmv2] [T] [thread 247212] bm_table_add_entry
[06:04:52.401] [bmv2] [D] [thread 247212] Entry 36 added to table 'MyIngress.ipv4_lpm'
[06:04:52.401] [bmv2] [D] [thread 247212] Dumping entry 36
Match key:
* hdr.ipv4.dstAddr              : LPM       0a000818/32
* standard_metadata.ingress_port: EXACT     0001
Action entry: MyIngress.ipv4_forward - a000818,6,

[06:04:52.402] [bmv2] [T] [thread 247212] bm_table_add_entry
[06:04:52.402] [bmv2] [D] [thread 247212] Entry 37 added to table 'MyIngress.ipv4_lpm'
[06:04:52.402] [bmv2] [D] [thread 247212] Dumping entry 37
Match key:
* hdr.ipv4.dstAddr              : LPM       0a000919/32
* standard_metadata.ingress_port: EXACT     0001
Action entry: MyIngress.ipv4_forward - a000919,4,

[06:04:52.403] [bmv2] [T] [thread 247212] bm_table_add_entry
[06:04:52.403] [bmv2] [D] [thread 247212] Entry 38 added to table 'MyIngress.ipv4_lpm'
[06:04:52.403] [bmv2] [D] [thread 247212] Dumping entry 38
Match key:
* hdr.ipv4.dstAddr              : LPM       0a00091a/32
* standard_metadata.ingress_port: EXACT     0001
Action entry: MyIngress.ipv4_forward - a00091a,5,

[06:04:52.403] [bmv2] [T] [thread 247212] bm_table_add_entry
[06:04:52.403] [bmv2] [D] [thread 247212] Entry 39 added to table 'MyIngress.ipv4_lpm'
[06:04:52.403] [bmv2] [D] [thread 247212] Dumping entry 39
Match key:
* hdr.ipv4.dstAddr              : LPM       0a00091b/32
* standard_metadata.ingress_port: EXACT     0001
Action entry: MyIngress.ipv4_forward - a00091b,6,

[06:04:52.404] [bmv2] [T] [thread 247212] bm_table_add_entry
[06:04:52.404] [bmv2] [D] [thread 247212] Entry 40 added to table 'MyIngress.ipv4_lpm'
[06:04:52.404] [bmv2] [D] [thread 247212] Dumping entry 40
Match key:
* hdr.ipv4.dstAddr              : LPM       0a000a1c/32
* standard_metadata.ingress_port: EXACT     0001
Action entry: MyIngress.ipv4_forward - a000a1c,4,

[06:04:52.405] [bmv2] [T] [thread 247212] bm_table_add_entry
[06:04:52.405] [bmv2] [D] [thread 247212] Entry 41 added to table 'MyIngress.ipv4_lpm'
[06:04:52.405] [bmv2] [D] [thread 247212] Dumping entry 41
Match key:
* hdr.ipv4.dstAddr              : LPM       0a000a1d/32
* standard_metadata.ingress_port: EXACT     0001
Action entry: MyIngress.ipv4_forward - a000a1d,5,

[06:04:52.406] [bmv2] [T] [thread 247212] bm_table_add_entry
[06:04:52.406] [bmv2] [D] [thread 247212] Entry 42 added to table 'MyIngress.ipv4_lpm'
[06:04:52.406] [bmv2] [D] [thread 247212] Dumping entry 42
Match key:
* hdr.ipv4.dstAddr              : LPM       0a000a1e/32
* standard_metadata.ingress_port: EXACT     0001
Action entry: MyIngress.ipv4_forward - a000a1e,6,

[06:04:52.407] [bmv2] [T] [thread 247212] bm_table_add_entry
[06:04:52.407] [bmv2] [D] [thread 247212] Entry 43 added to table 'MyIngress.ipv4_lpm'
[06:04:52.407] [bmv2] [D] [thread 247212] Dumping entry 43
Match key:
* hdr.ipv4.dstAddr              : LPM       0a000b1f/32
* standard_metadata.ingress_port: EXACT     0001
Action entry: MyIngress.ipv4_forward - a000b1f,4,

[06:04:52.408] [bmv2] [T] [thread 247212] bm_table_add_entry
[06:04:52.409] [bmv2] [D] [thread 247212] Entry 44 added to table 'MyIngress.ipv4_lpm'
[06:04:52.409] [bmv2] [D] [thread 247212] Dumping entry 44
Match key:
* hdr.ipv4.dstAddr              : LPM       0a000b20/32
* standard_metadata.ingress_port: EXACT     0001
Action entry: MyIngress.ipv4_forward - a000b20,5,

[06:04:52.409] [bmv2] [T] [thread 247212] bm_table_add_entry
[06:04:52.409] [bmv2] [D] [thread 247212] Entry 45 added to table 'MyIngress.ipv4_lpm'
[06:04:52.409] [bmv2] [D] [thread 247212] Dumping entry 45
Match key:
* hdr.ipv4.dstAddr              : LPM       0a000b21/32
* standard_metadata.ingress_port: EXACT     0001
Action entry: MyIngress.ipv4_forward - a000b21,6,

[06:04:52.410] [bmv2] [T] [thread 247212] bm_table_add_entry
[06:04:52.410] [bmv2] [D] [thread 247212] Entry 46 added to table 'MyIngress.ipv4_lpm'
[06:04:52.410] [bmv2] [D] [thread 247212] Dumping entry 46
Match key:
* hdr.ipv4.dstAddr              : LPM       0a000c22/32
* standard_metadata.ingress_port: EXACT     0001
Action entry: MyIngress.ipv4_forward - a000c22,4,

[06:04:52.411] [bmv2] [T] [thread 247212] bm_table_add_entry
[06:04:52.411] [bmv2] [D] [thread 247212] Entry 47 added to table 'MyIngress.ipv4_lpm'
[06:04:52.411] [bmv2] [D] [thread 247212] Dumping entry 47
Match key:
* hdr.ipv4.dstAddr              : LPM       0a000c23/32
* standard_metadata.ingress_port: EXACT     0001
Action entry: MyIngress.ipv4_forward - a000c23,5,

[06:04:52.412] [bmv2] [T] [thread 247212] bm_table_add_entry
[06:04:52.412] [bmv2] [D] [thread 247212] Entry 48 added to table 'MyIngress.ipv4_lpm'
[06:04:52.412] [bmv2] [D] [thread 247212] Dumping entry 48
Match key:
* hdr.ipv4.dstAddr              : LPM       0a000c24/32
* standard_metadata.ingress_port: EXACT     0001
Action entry: MyIngress.ipv4_forward - a000c24,6,

[06:04:52.413] [bmv2] [T] [thread 247212] bm_table_add_entry
[06:04:52.413] [bmv2] [D] [thread 247212] Entry 49 added to table 'MyIngress.ipv4_lpm'
[06:04:52.413] [bmv2] [D] [thread 247212] Dumping entry 49
Match key:
* hdr.ipv4.dstAddr              : LPM       0a000d25/32
* standard_metadata.ingress_port: EXACT     0001
Action entry: MyIngress.ipv4_forward - a000d25,4,

[06:04:52.414] [bmv2] [T] [thread 247212] bm_table_add_entry
[06:04:52.414] [bmv2] [D] [thread 247212] Entry 50 added to table 'MyIngress.ipv4_lpm'
[06:04:52.414] [bmv2] [D] [thread 247212] Dumping entry 50
Match key:
* hdr.ipv4.dstAddr              : LPM       0a000d26/32
* standard_metadata.ingress_port: EXACT     0001
Action entry: MyIngress.ipv4_forward - a000d26,5,

[06:04:52.414] [bmv2] [T] [thread 247212] bm_table_add_entry
[06:04:52.415] [bmv2] [D] [thread 247212] Entry 51 added to table 'MyIngress.ipv4_lpm'
[06:04:52.415] [bmv2] [D] [thread 247212] Dumping entry 51
Match key:
* hdr.ipv4.dstAddr              : LPM       0a000d27/32
* standard_metadata.ingress_port: EXACT     0001
Action entry: MyIngress.ipv4_forward - a000d27,6,

[06:04:52.415] [bmv2] [T] [thread 247212] bm_table_add_entry
[06:04:52.415] [bmv2] [D] [thread 247212] Entry 52 added to table 'MyIngress.ipv4_lpm'
[06:04:52.415] [bmv2] [D] [thread 247212] Dumping entry 52
Match key:
* hdr.ipv4.dstAddr              : LPM       0a000e28/32
* standard_metadata.ingress_port: EXACT     0001
Action entry: MyIngress.ipv4_forward - a000e28,4,

[06:04:52.416] [bmv2] [T] [thread 247212] bm_table_add_entry
[06:04:52.416] [bmv2] [D] [thread 247212] Entry 53 added to table 'MyIngress.ipv4_lpm'
[06:04:52.416] [bmv2] [D] [thread 247212] Dumping entry 53
Match key:
* hdr.ipv4.dstAddr              : LPM       0a000e29/32
* standard_metadata.ingress_port: EXACT     0001
Action entry: MyIngress.ipv4_forward - a000e29,5,

[06:04:52.417] [bmv2] [T] [thread 247212] bm_table_add_entry
[06:04:52.417] [bmv2] [D] [thread 247212] Entry 54 added to table 'MyIngress.ipv4_lpm'
[06:04:52.417] [bmv2] [D] [thread 247212] Dumping entry 54
Match key:
* hdr.ipv4.dstAddr              : LPM       0a000e2a/32
* standard_metadata.ingress_port: EXACT     0001
Action entry: MyIngress.ipv4_forward - a000e2a,6,

[06:04:52.417] [bmv2] [T] [thread 247212] bm_table_add_entry
[06:04:52.417] [bmv2] [D] [thread 247212] Entry 55 added to table 'MyIngress.ipv4_lpm'
[06:04:52.417] [bmv2] [D] [thread 247212] Dumping entry 55
Match key:
* hdr.ipv4.dstAddr              : LPM       0a000f2b/32
* standard_metadata.ingress_port: EXACT     0001
Action entry: MyIngress.ipv4_forward - a000f2b,4,

[06:04:52.418] [bmv2] [T] [thread 247212] bm_table_add_entry
[06:04:52.418] [bmv2] [D] [thread 247212] Entry 56 added to table 'MyIngress.ipv4_lpm'
[06:04:52.418] [bmv2] [D] [thread 247212] Dumping entry 56
Match key:
* hdr.ipv4.dstAddr              : LPM       0a000f2c/32
* standard_metadata.ingress_port: EXACT     0001
Action entry: MyIngress.ipv4_forward - a000f2c,5,

[06:04:52.419] [bmv2] [T] [thread 247212] bm_table_add_entry
[06:04:52.419] [bmv2] [D] [thread 247212] Entry 57 added to table 'MyIngress.ipv4_lpm'
[06:04:52.419] [bmv2] [D] [thread 247212] Dumping entry 57
Match key:
* hdr.ipv4.dstAddr              : LPM       0a000f2d/32
* standard_metadata.ingress_port: EXACT     0001
Action entry: MyIngress.ipv4_forward - a000f2d,6,

[06:04:52.419] [bmv2] [T] [thread 247212] bm_table_add_entry
[06:04:52.420] [bmv2] [D] [thread 247212] Entry 58 added to table 'MyIngress.ipv4_lpm'
[06:04:52.420] [bmv2] [D] [thread 247212] Dumping entry 58
Match key:
* hdr.ipv4.dstAddr              : LPM       0a00102e/32
* standard_metadata.ingress_port: EXACT     0001
Action entry: MyIngress.ipv4_forward - a00102e,4,

[06:04:52.420] [bmv2] [T] [thread 247212] bm_table_add_entry
[06:04:52.420] [bmv2] [D] [thread 247212] Entry 59 added to table 'MyIngress.ipv4_lpm'
[06:04:52.420] [bmv2] [D] [thread 247212] Dumping entry 59
Match key:
* hdr.ipv4.dstAddr              : LPM       0a00102f/32
* standard_metadata.ingress_port: EXACT     0001
Action entry: MyIngress.ipv4_forward - a00102f,5,

[06:04:52.421] [bmv2] [T] [thread 247212] bm_table_add_entry
[06:04:52.421] [bmv2] [D] [thread 247212] Entry 60 added to table 'MyIngress.ipv4_lpm'
[06:04:52.421] [bmv2] [D] [thread 247212] Dumping entry 60
Match key:
* hdr.ipv4.dstAddr              : LPM       0a001030/32
* standard_metadata.ingress_port: EXACT     0001
Action entry: MyIngress.ipv4_forward - a001030,6,

[06:04:52.422] [bmv2] [T] [thread 247212] bm_table_add_entry
[06:04:52.422] [bmv2] [D] [thread 247212] Entry 61 added to table 'MyIngress.ipv4_lpm'
[06:04:52.422] [bmv2] [D] [thread 247212] Dumping entry 61
Match key:
* hdr.ipv4.dstAddr              : LPM       0a001131/32
* standard_metadata.ingress_port: EXACT     0001
Action entry: MyIngress.ipv4_forward - a001131,4,

[06:04:52.423] [bmv2] [T] [thread 247212] bm_table_add_entry
[06:04:52.423] [bmv2] [D] [thread 247212] Entry 62 added to table 'MyIngress.ipv4_lpm'
[06:04:52.423] [bmv2] [D] [thread 247212] Dumping entry 62
Match key:
* hdr.ipv4.dstAddr              : LPM       0a001132/32
* standard_metadata.ingress_port: EXACT     0001
Action entry: MyIngress.ipv4_forward - a001132,5,

[06:04:52.423] [bmv2] [T] [thread 247212] bm_table_add_entry
[06:04:52.424] [bmv2] [D] [thread 247212] Entry 63 added to table 'MyIngress.ipv4_lpm'
[06:04:52.424] [bmv2] [D] [thread 247212] Dumping entry 63
Match key:
* hdr.ipv4.dstAddr              : LPM       0a001133/32
* standard_metadata.ingress_port: EXACT     0001
Action entry: MyIngress.ipv4_forward - a001133,6,

[06:04:52.424] [bmv2] [T] [thread 247212] bm_table_add_entry
[06:04:52.425] [bmv2] [D] [thread 247212] Entry 64 added to table 'MyIngress.ipv4_lpm'
[06:04:52.425] [bmv2] [D] [thread 247212] Dumping entry 64
Match key:
* hdr.ipv4.dstAddr              : LPM       0a001234/32
* standard_metadata.ingress_port: EXACT     0001
Action entry: MyIngress.ipv4_forward - a001234,4,

[06:04:52.425] [bmv2] [T] [thread 247212] bm_table_add_entry
[06:04:52.425] [bmv2] [D] [thread 247212] Entry 65 added to table 'MyIngress.ipv4_lpm'
[06:04:52.425] [bmv2] [D] [thread 247212] Dumping entry 65
Match key:
* hdr.ipv4.dstAddr              : LPM       0a001235/32
* standard_metadata.ingress_port: EXACT     0001
Action entry: MyIngress.ipv4_forward - a001235,5,

[06:04:52.426] [bmv2] [T] [thread 247212] bm_table_add_entry
[06:04:52.426] [bmv2] [D] [thread 247212] Entry 66 added to table 'MyIngress.ipv4_lpm'
[06:04:52.426] [bmv2] [D] [thread 247212] Dumping entry 66
Match key:
* hdr.ipv4.dstAddr              : LPM       0a001236/32
* standard_metadata.ingress_port: EXACT     0001
Action entry: MyIngress.ipv4_forward - a001236,6,

[06:04:52.427] [bmv2] [T] [thread 247212] bm_table_add_entry
[06:04:52.427] [bmv2] [D] [thread 247212] Entry 67 added to table 'MyIngress.ipv4_lpm'
[06:04:52.427] [bmv2] [D] [thread 247212] Dumping entry 67
Match key:
* hdr.ipv4.dstAddr              : LPM       0a000101/32
* standard_metadata.ingress_port: EXACT     0002
Action entry: MyIngress.ipv4_forward - a000101,4,

[06:04:52.428] [bmv2] [T] [thread 247212] bm_table_add_entry
[06:04:52.428] [bmv2] [D] [thread 247212] Entry 68 added to table 'MyIngress.ipv4_lpm'
[06:04:52.428] [bmv2] [D] [thread 247212] Dumping entry 68
Match key:
* hdr.ipv4.dstAddr              : LPM       0a000102/32
* standard_metadata.ingress_port: EXACT     0002
Action entry: MyIngress.ipv4_forward - a000102,5,

[06:04:52.429] [bmv2] [T] [thread 247212] bm_table_add_entry
[06:04:52.429] [bmv2] [D] [thread 247212] Entry 69 added to table 'MyIngress.ipv4_lpm'
[06:04:52.429] [bmv2] [D] [thread 247212] Dumping entry 69
Match key:
* hdr.ipv4.dstAddr              : LPM       0a000103/32
* standard_metadata.ingress_port: EXACT     0002
Action entry: MyIngress.ipv4_forward - a000103,6,

[06:04:52.430] [bmv2] [T] [thread 247212] bm_table_add_entry
[06:04:52.430] [bmv2] [D] [thread 247212] Entry 70 added to table 'MyIngress.ipv4_lpm'
[06:04:52.430] [bmv2] [D] [thread 247212] Dumping entry 70
Match key:
* hdr.ipv4.dstAddr              : LPM       0a000204/32
* standard_metadata.ingress_port: EXACT     0002
Action entry: MyIngress.ipv4_forward - a000204,4,

[06:04:52.430] [bmv2] [T] [thread 247212] bm_table_add_entry
[06:04:52.431] [bmv2] [D] [thread 247212] Entry 71 added to table 'MyIngress.ipv4_lpm'
[06:04:52.431] [bmv2] [D] [thread 247212] Dumping entry 71
Match key:
* hdr.ipv4.dstAddr              : LPM       0a000205/32
* standard_metadata.ingress_port: EXACT     0002
Action entry: MyIngress.ipv4_forward - a000205,5,

[06:04:52.431] [bmv2] [T] [thread 247212] bm_table_add_entry
[06:04:52.431] [bmv2] [D] [thread 247212] Entry 72 added to table 'MyIngress.ipv4_lpm'
[06:04:52.431] [bmv2] [D] [thread 247212] Dumping entry 72
Match key:
* hdr.ipv4.dstAddr              : LPM       0a000206/32
* standard_metadata.ingress_port: EXACT     0002
Action entry: MyIngress.ipv4_forward - a000206,6,

[06:04:52.432] [bmv2] [T] [thread 247212] bm_table_add_entry
[06:04:52.432] [bmv2] [D] [thread 247212] Entry 73 added to table 'MyIngress.ipv4_lpm'
[06:04:52.432] [bmv2] [D] [thread 247212] Dumping entry 73
Match key:
* hdr.ipv4.dstAddr              : LPM       0a000307/32
* standard_metadata.ingress_port: EXACT     0002
Action entry: MyIngress.ipv4_forward - a000307,4,

[06:04:52.433] [bmv2] [T] [thread 247212] bm_table_add_entry
[06:04:52.433] [bmv2] [D] [thread 247212] Entry 74 added to table 'MyIngress.ipv4_lpm'
[06:04:52.433] [bmv2] [D] [thread 247212] Dumping entry 74
Match key:
* hdr.ipv4.dstAddr              : LPM       0a000308/32
* standard_metadata.ingress_port: EXACT     0002
Action entry: MyIngress.ipv4_forward - a000308,5,

[06:04:52.434] [bmv2] [T] [thread 247212] bm_table_add_entry
[06:04:52.434] [bmv2] [D] [thread 247212] Entry 75 added to table 'MyIngress.ipv4_lpm'
[06:04:52.434] [bmv2] [D] [thread 247212] Dumping entry 75
Match key:
* hdr.ipv4.dstAddr              : LPM       0a000309/32
* standard_metadata.ingress_port: EXACT     0002
Action entry: MyIngress.ipv4_forward - a000309,6,

[06:04:52.435] [bmv2] [T] [thread 247212] bm_table_add_entry
[06:04:52.435] [bmv2] [D] [thread 247212] Entry 76 added to table 'MyIngress.ipv4_lpm'
[06:04:52.435] [bmv2] [D] [thread 247212] Dumping entry 76
Match key:
* hdr.ipv4.dstAddr              : LPM       0a00040a/32
* standard_metadata.ingress_port: EXACT     0002
Action entry: MyIngress.ipv4_forward - a00040a,4,

[06:04:52.435] [bmv2] [T] [thread 247212] bm_table_add_entry
[06:04:52.435] [bmv2] [D] [thread 247212] Entry 77 added to table 'MyIngress.ipv4_lpm'
[06:04:52.436] [bmv2] [D] [thread 247212] Dumping entry 77
Match key:
* hdr.ipv4.dstAddr              : LPM       0a00040b/32
* standard_metadata.ingress_port: EXACT     0002
Action entry: MyIngress.ipv4_forward - a00040b,5,

[06:04:52.436] [bmv2] [T] [thread 247212] bm_table_add_entry
[06:04:52.436] [bmv2] [D] [thread 247212] Entry 78 added to table 'MyIngress.ipv4_lpm'
[06:04:52.436] [bmv2] [D] [thread 247212] Dumping entry 78
Match key:
* hdr.ipv4.dstAddr              : LPM       0a00040c/32
* standard_metadata.ingress_port: EXACT     0002
Action entry: MyIngress.ipv4_forward - a00040c,6,

[06:04:52.437] [bmv2] [T] [thread 247212] bm_table_add_entry
[06:04:52.437] [bmv2] [D] [thread 247212] Entry 79 added to table 'MyIngress.ipv4_lpm'
[06:04:52.437] [bmv2] [D] [thread 247212] Dumping entry 79
Match key:
* hdr.ipv4.dstAddr              : LPM       0a00050d/32
* standard_metadata.ingress_port: EXACT     0002
Action entry: MyIngress.ipv4_forward - a00050d,4,

[06:04:52.438] [bmv2] [T] [thread 247212] bm_table_add_entry
[06:04:52.438] [bmv2] [D] [thread 247212] Entry 80 added to table 'MyIngress.ipv4_lpm'
[06:04:52.438] [bmv2] [D] [thread 247212] Dumping entry 80
Match key:
* hdr.ipv4.dstAddr              : LPM       0a00050e/32
* standard_metadata.ingress_port: EXACT     0002
Action entry: MyIngress.ipv4_forward - a00050e,5,

[06:04:52.438] [bmv2] [T] [thread 247212] bm_table_add_entry
[06:04:52.439] [bmv2] [D] [thread 247212] Entry 81 added to table 'MyIngress.ipv4_lpm'
[06:04:52.439] [bmv2] [D] [thread 247212] Dumping entry 81
Match key:
* hdr.ipv4.dstAddr              : LPM       0a00050f/32
* standard_metadata.ingress_port: EXACT     0002
Action entry: MyIngress.ipv4_forward - a00050f,6,

[06:04:52.439] [bmv2] [T] [thread 247212] bm_table_add_entry
[06:04:52.439] [bmv2] [D] [thread 247212] Entry 82 added to table 'MyIngress.ipv4_lpm'
[06:04:52.439] [bmv2] [D] [thread 247212] Dumping entry 82
Match key:
* hdr.ipv4.dstAddr              : LPM       0a000610/32
* standard_metadata.ingress_port: EXACT     0002
Action entry: MyIngress.ipv4_forward - a000610,4,

[06:04:52.440] [bmv2] [T] [thread 247212] bm_table_add_entry
[06:04:52.441] [bmv2] [D] [thread 247212] Entry 83 added to table 'MyIngress.ipv4_lpm'
[06:04:52.441] [bmv2] [D] [thread 247212] Dumping entry 83
Match key:
* hdr.ipv4.dstAddr              : LPM       0a000611/32
* standard_metadata.ingress_port: EXACT     0002
Action entry: MyIngress.ipv4_forward - a000611,5,

[06:04:52.441] [bmv2] [T] [thread 247212] bm_table_add_entry
[06:04:52.441] [bmv2] [D] [thread 247212] Entry 84 added to table 'MyIngress.ipv4_lpm'
[06:04:52.442] [bmv2] [D] [thread 247212] Dumping entry 84
Match key:
* hdr.ipv4.dstAddr              : LPM       0a000612/32
* standard_metadata.ingress_port: EXACT     0002
Action entry: MyIngress.ipv4_forward - a000612,6,

[06:04:52.442] [bmv2] [T] [thread 247212] bm_table_add_entry
[06:04:52.442] [bmv2] [E] [thread 247212] Error when trying to add entry to table 'MyIngress.ipv4_lpm': DUPLICATE_ENTRY
[06:04:52.443] [bmv2] [T] [thread 247212] bm_table_add_entry
[06:04:52.443] [bmv2] [D] [thread 247212] Entry 85 added to table 'MyIngress.ipv4_lpm'
[06:04:52.443] [bmv2] [D] [thread 247212] Dumping entry 85
Match key:
* hdr.ipv4.dstAddr              : LPM       0a000714/32
* standard_metadata.ingress_port: EXACT     0002
Action entry: MyIngress.ipv4_forward - a000714,2,

[06:04:52.444] [bmv2] [T] [thread 247212] bm_table_add_entry
[06:04:52.444] [bmv2] [E] [thread 247212] Error when trying to add entry to table 'MyIngress.ipv4_lpm': DUPLICATE_ENTRY
[06:04:52.445] [bmv2] [T] [thread 247212] bm_table_add_entry
[06:04:52.445] [bmv2] [D] [thread 247212] Entry 86 added to table 'MyIngress.ipv4_lpm'
[06:04:52.445] [bmv2] [D] [thread 247212] Dumping entry 86
Match key:
* hdr.ipv4.dstAddr              : LPM       0a000816/32
* standard_metadata.ingress_port: EXACT     0002
Action entry: MyIngress.ipv4_forward - a000816,4,

[06:04:52.446] [bmv2] [T] [thread 247212] bm_table_add_entry
[06:04:52.446] [bmv2] [D] [thread 247212] Entry 87 added to table 'MyIngress.ipv4_lpm'
[06:04:52.446] [bmv2] [D] [thread 247212] Dumping entry 87
Match key:
* hdr.ipv4.dstAddr              : LPM       0a000817/32
* standard_metadata.ingress_port: EXACT     0002
Action entry: MyIngress.ipv4_forward - a000817,5,

[06:04:52.446] [bmv2] [T] [thread 247212] bm_table_add_entry
[06:04:52.446] [bmv2] [D] [thread 247212] Entry 88 added to table 'MyIngress.ipv4_lpm'
[06:04:52.447] [bmv2] [D] [thread 247212] Dumping entry 88
Match key:
* hdr.ipv4.dstAddr              : LPM       0a000818/32
* standard_metadata.ingress_port: EXACT     0002
Action entry: MyIngress.ipv4_forward - a000818,6,

[06:04:52.447] [bmv2] [T] [thread 247212] bm_table_add_entry
[06:04:52.447] [bmv2] [D] [thread 247212] Entry 89 added to table 'MyIngress.ipv4_lpm'
[06:04:52.447] [bmv2] [D] [thread 247212] Dumping entry 89
Match key:
* hdr.ipv4.dstAddr              : LPM       0a000919/32
* standard_metadata.ingress_port: EXACT     0002
Action entry: MyIngress.ipv4_forward - a000919,4,

[06:04:52.448] [bmv2] [T] [thread 247212] bm_table_add_entry
[06:04:52.448] [bmv2] [D] [thread 247212] Entry 90 added to table 'MyIngress.ipv4_lpm'
[06:04:52.448] [bmv2] [D] [thread 247212] Dumping entry 90
Match key:
* hdr.ipv4.dstAddr              : LPM       0a00091a/32
* standard_metadata.ingress_port: EXACT     0002
Action entry: MyIngress.ipv4_forward - a00091a,5,

[06:04:52.449] [bmv2] [T] [thread 247212] bm_table_add_entry
[06:04:52.449] [bmv2] [D] [thread 247212] Entry 91 added to table 'MyIngress.ipv4_lpm'
[06:04:52.449] [bmv2] [D] [thread 247212] Dumping entry 91
Match key:
* hdr.ipv4.dstAddr              : LPM       0a00091b/32
* standard_metadata.ingress_port: EXACT     0002
Action entry: MyIngress.ipv4_forward - a00091b,6,

[06:04:52.449] [bmv2] [T] [thread 247212] bm_table_add_entry
[06:04:52.450] [bmv2] [D] [thread 247212] Entry 92 added to table 'MyIngress.ipv4_lpm'
[06:04:52.450] [bmv2] [D] [thread 247212] Dumping entry 92
Match key:
* hdr.ipv4.dstAddr              : LPM       0a000a1c/32
* standard_metadata.ingress_port: EXACT     0002
Action entry: MyIngress.ipv4_forward - a000a1c,4,

[06:04:52.450] [bmv2] [T] [thread 247212] bm_table_add_entry
[06:04:52.450] [bmv2] [D] [thread 247212] Entry 93 added to table 'MyIngress.ipv4_lpm'
[06:04:52.451] [bmv2] [D] [thread 247212] Dumping entry 93
Match key:
* hdr.ipv4.dstAddr              : LPM       0a000a1d/32
* standard_metadata.ingress_port: EXACT     0002
Action entry: MyIngress.ipv4_forward - a000a1d,5,

[06:04:52.451] [bmv2] [T] [thread 247212] bm_table_add_entry
[06:04:52.451] [bmv2] [D] [thread 247212] Entry 94 added to table 'MyIngress.ipv4_lpm'
[06:04:52.451] [bmv2] [D] [thread 247212] Dumping entry 94
Match key:
* hdr.ipv4.dstAddr              : LPM       0a000a1e/32
* standard_metadata.ingress_port: EXACT     0002
Action entry: MyIngress.ipv4_forward - a000a1e,6,

[06:04:52.452] [bmv2] [T] [thread 247212] bm_table_add_entry
[06:04:52.452] [bmv2] [D] [thread 247212] Entry 95 added to table 'MyIngress.ipv4_lpm'
[06:04:52.452] [bmv2] [D] [thread 247212] Dumping entry 95
Match key:
* hdr.ipv4.dstAddr              : LPM       0a000b1f/32
* standard_metadata.ingress_port: EXACT     0002
Action entry: MyIngress.ipv4_forward - a000b1f,4,

[06:04:52.453] [bmv2] [T] [thread 247212] bm_table_add_entry
[06:04:52.453] [bmv2] [D] [thread 247212] Entry 96 added to table 'MyIngress.ipv4_lpm'
[06:04:52.453] [bmv2] [D] [thread 247212] Dumping entry 96
Match key:
* hdr.ipv4.dstAddr              : LPM       0a000b20/32
* standard_metadata.ingress_port: EXACT     0002
Action entry: MyIngress.ipv4_forward - a000b20,5,

[06:04:52.454] [bmv2] [T] [thread 247212] bm_table_add_entry
[06:04:52.454] [bmv2] [D] [thread 247212] Entry 97 added to table 'MyIngress.ipv4_lpm'
[06:04:52.454] [bmv2] [D] [thread 247212] Dumping entry 97
Match key:
* hdr.ipv4.dstAddr              : LPM       0a000b21/32
* standard_metadata.ingress_port: EXACT     0002
Action entry: MyIngress.ipv4_forward - a000b21,6,

[06:04:52.455] [bmv2] [T] [thread 247212] bm_table_add_entry
[06:04:52.455] [bmv2] [D] [thread 247212] Entry 98 added to table 'MyIngress.ipv4_lpm'
[06:04:52.455] [bmv2] [D] [thread 247212] Dumping entry 98
Match key:
* hdr.ipv4.dstAddr              : LPM       0a000c22/32
* standard_metadata.ingress_port: EXACT     0002
Action entry: MyIngress.ipv4_forward - a000c22,4,

[06:04:52.455] [bmv2] [T] [thread 247212] bm_table_add_entry
[06:04:52.455] [bmv2] [D] [thread 247212] Entry 99 added to table 'MyIngress.ipv4_lpm'
[06:04:52.456] [bmv2] [D] [thread 247212] Dumping entry 99
Match key:
* hdr.ipv4.dstAddr              : LPM       0a000c23/32
* standard_metadata.ingress_port: EXACT     0002
Action entry: MyIngress.ipv4_forward - a000c23,5,

[06:04:52.456] [bmv2] [T] [thread 247212] bm_table_add_entry
[06:04:52.456] [bmv2] [D] [thread 247212] Entry 100 added to table 'MyIngress.ipv4_lpm'
[06:04:52.456] [bmv2] [D] [thread 247212] Dumping entry 100
Match key:
* hdr.ipv4.dstAddr              : LPM       0a000c24/32
* standard_metadata.ingress_port: EXACT     0002
Action entry: MyIngress.ipv4_forward - a000c24,6,

[06:04:52.457] [bmv2] [T] [thread 247212] bm_table_add_entry
[06:04:52.457] [bmv2] [D] [thread 247212] Entry 101 added to table 'MyIngress.ipv4_lpm'
[06:04:52.457] [bmv2] [D] [thread 247212] Dumping entry 101
Match key:
* hdr.ipv4.dstAddr              : LPM       0a000d25/32
* standard_metadata.ingress_port: EXACT     0002
Action entry: MyIngress.ipv4_forward - a000d25,4,

[06:04:52.458] [bmv2] [T] [thread 247212] bm_table_add_entry
[06:04:52.458] [bmv2] [D] [thread 247212] Entry 102 added to table 'MyIngress.ipv4_lpm'
[06:04:52.458] [bmv2] [D] [thread 247212] Dumping entry 102
Match key:
* hdr.ipv4.dstAddr              : LPM       0a000d26/32
* standard_metadata.ingress_port: EXACT     0002
Action entry: MyIngress.ipv4_forward - a000d26,5,

[06:04:52.458] [bmv2] [T] [thread 247212] bm_table_add_entry
[06:04:52.459] [bmv2] [D] [thread 247212] Entry 103 added to table 'MyIngress.ipv4_lpm'
[06:04:52.459] [bmv2] [D] [thread 247212] Dumping entry 103
Match key:
* hdr.ipv4.dstAddr              : LPM       0a000d27/32
* standard_metadata.ingress_port: EXACT     0002
Action entry: MyIngress.ipv4_forward - a000d27,6,

[06:04:52.459] [bmv2] [T] [thread 247212] bm_table_add_entry
[06:04:52.459] [bmv2] [D] [thread 247212] Entry 104 added to table 'MyIngress.ipv4_lpm'
[06:04:52.459] [bmv2] [D] [thread 247212] Dumping entry 104
Match key:
* hdr.ipv4.dstAddr              : LPM       0a000e28/32
* standard_metadata.ingress_port: EXACT     0002
Action entry: MyIngress.ipv4_forward - a000e28,4,

[06:04:52.460] [bmv2] [T] [thread 247212] bm_table_add_entry
[06:04:52.460] [bmv2] [D] [thread 247212] Entry 105 added to table 'MyIngress.ipv4_lpm'
[06:04:52.460] [bmv2] [D] [thread 247212] Dumping entry 105
Match key:
* hdr.ipv4.dstAddr              : LPM       0a000e29/32
* standard_metadata.ingress_port: EXACT     0002
Action entry: MyIngress.ipv4_forward - a000e29,5,

[06:04:52.461] [bmv2] [T] [thread 247212] bm_table_add_entry
[06:04:52.461] [bmv2] [D] [thread 247212] Entry 106 added to table 'MyIngress.ipv4_lpm'
[06:04:52.461] [bmv2] [D] [thread 247212] Dumping entry 106
Match key:
* hdr.ipv4.dstAddr              : LPM       0a000e2a/32
* standard_metadata.ingress_port: EXACT     0002
Action entry: MyIngress.ipv4_forward - a000e2a,6,

[06:04:52.462] [bmv2] [T] [thread 247212] bm_table_add_entry
[06:04:52.462] [bmv2] [D] [thread 247212] Entry 107 added to table 'MyIngress.ipv4_lpm'
[06:04:52.462] [bmv2] [D] [thread 247212] Dumping entry 107
Match key:
* hdr.ipv4.dstAddr              : LPM       0a000f2b/32
* standard_metadata.ingress_port: EXACT     0002
Action entry: MyIngress.ipv4_forward - a000f2b,4,

[06:04:52.462] [bmv2] [T] [thread 247212] bm_table_add_entry
[06:04:52.462] [bmv2] [D] [thread 247212] Entry 108 added to table 'MyIngress.ipv4_lpm'
[06:04:52.463] [bmv2] [D] [thread 247212] Dumping entry 108
Match key:
* hdr.ipv4.dstAddr              : LPM       0a000f2c/32
* standard_metadata.ingress_port: EXACT     0002
Action entry: MyIngress.ipv4_forward - a000f2c,5,

[06:04:52.463] [bmv2] [T] [thread 247212] bm_table_add_entry
[06:04:52.463] [bmv2] [D] [thread 247212] Entry 109 added to table 'MyIngress.ipv4_lpm'
[06:04:52.463] [bmv2] [D] [thread 247212] Dumping entry 109
Match key:
* hdr.ipv4.dstAddr              : LPM       0a000f2d/32
* standard_metadata.ingress_port: EXACT     0002
Action entry: MyIngress.ipv4_forward - a000f2d,6,

[06:04:52.464] [bmv2] [T] [thread 247212] bm_table_add_entry
[06:04:52.464] [bmv2] [D] [thread 247212] Entry 110 added to table 'MyIngress.ipv4_lpm'
[06:04:52.465] [bmv2] [D] [thread 247212] Dumping entry 110
Match key:
* hdr.ipv4.dstAddr              : LPM       0a00102e/32
* standard_metadata.ingress_port: EXACT     0002
Action entry: MyIngress.ipv4_forward - a00102e,4,

[06:04:52.465] [bmv2] [T] [thread 247212] bm_table_add_entry
[06:04:52.465] [bmv2] [D] [thread 247212] Entry 111 added to table 'MyIngress.ipv4_lpm'
[06:04:52.465] [bmv2] [D] [thread 247212] Dumping entry 111
Match key:
* hdr.ipv4.dstAddr              : LPM       0a00102f/32
* standard_metadata.ingress_port: EXACT     0002
Action entry: MyIngress.ipv4_forward - a00102f,5,

[06:04:52.466] [bmv2] [T] [thread 247212] bm_table_add_entry
[06:04:52.466] [bmv2] [D] [thread 247212] Entry 112 added to table 'MyIngress.ipv4_lpm'
[06:04:52.466] [bmv2] [D] [thread 247212] Dumping entry 112
Match key:
* hdr.ipv4.dstAddr              : LPM       0a001030/32
* standard_metadata.ingress_port: EXACT     0002
Action entry: MyIngress.ipv4_forward - a001030,6,

[06:04:52.467] [bmv2] [T] [thread 247212] bm_table_add_entry
[06:04:52.467] [bmv2] [D] [thread 247212] Entry 113 added to table 'MyIngress.ipv4_lpm'
[06:04:52.467] [bmv2] [D] [thread 247212] Dumping entry 113
Match key:
* hdr.ipv4.dstAddr              : LPM       0a001131/32
* standard_metadata.ingress_port: EXACT     0002
Action entry: MyIngress.ipv4_forward - a001131,4,

[06:04:52.468] [bmv2] [T] [thread 247212] bm_table_add_entry
[06:04:52.468] [bmv2] [D] [thread 247212] Entry 114 added to table 'MyIngress.ipv4_lpm'
[06:04:52.468] [bmv2] [D] [thread 247212] Dumping entry 114
Match key:
* hdr.ipv4.dstAddr              : LPM       0a001132/32
* standard_metadata.ingress_port: EXACT     0002
Action entry: MyIngress.ipv4_forward - a001132,5,

[06:04:52.469] [bmv2] [T] [thread 247212] bm_table_add_entry
[06:04:52.469] [bmv2] [D] [thread 247212] Entry 115 added to table 'MyIngress.ipv4_lpm'
[06:04:52.469] [bmv2] [D] [thread 247212] Dumping entry 115
Match key:
* hdr.ipv4.dstAddr              : LPM       0a001133/32
* standard_metadata.ingress_port: EXACT     0002
Action entry: MyIngress.ipv4_forward - a001133,6,

[06:04:52.470] [bmv2] [T] [thread 247212] bm_table_add_entry
[06:04:52.470] [bmv2] [D] [thread 247212] Entry 116 added to table 'MyIngress.ipv4_lpm'
[06:04:52.470] [bmv2] [D] [thread 247212] Dumping entry 116
Match key:
* hdr.ipv4.dstAddr              : LPM       0a001234/32
* standard_metadata.ingress_port: EXACT     0002
Action entry: MyIngress.ipv4_forward - a001234,4,

[06:04:52.470] [bmv2] [T] [thread 247212] bm_table_add_entry
[06:04:52.470] [bmv2] [D] [thread 247212] Entry 117 added to table 'MyIngress.ipv4_lpm'
[06:04:52.470] [bmv2] [D] [thread 247212] Dumping entry 117
Match key:
* hdr.ipv4.dstAddr              : LPM       0a001235/32
* standard_metadata.ingress_port: EXACT     0002
Action entry: MyIngress.ipv4_forward - a001235,5,

[06:04:52.471] [bmv2] [T] [thread 247212] bm_table_add_entry
[06:04:52.472] [bmv2] [D] [thread 247212] Entry 118 added to table 'MyIngress.ipv4_lpm'
[06:04:52.472] [bmv2] [D] [thread 247212] Dumping entry 118
Match key:
* hdr.ipv4.dstAddr              : LPM       0a001236/32
* standard_metadata.ingress_port: EXACT     0002
Action entry: MyIngress.ipv4_forward - a001236,6,

[06:04:52.472] [bmv2] [T] [thread 247212] bm_table_add_entry
[06:04:52.472] [bmv2] [D] [thread 247212] Entry 119 added to table 'MyIngress.ipv4_lpm'
[06:04:52.472] [bmv2] [D] [thread 247212] Dumping entry 119
Match key:
* hdr.ipv4.dstAddr              : LPM       0a000101/32
* standard_metadata.ingress_port: EXACT     0003
Action entry: MyIngress.ipv4_forward - a000101,4,

[06:04:52.473] [bmv2] [T] [thread 247212] bm_table_add_entry
[06:04:52.473] [bmv2] [D] [thread 247212] Entry 120 added to table 'MyIngress.ipv4_lpm'
[06:04:52.473] [bmv2] [D] [thread 247212] Dumping entry 120
Match key:
* hdr.ipv4.dstAddr              : LPM       0a000102/32
* standard_metadata.ingress_port: EXACT     0003
Action entry: MyIngress.ipv4_forward - a000102,5,

[06:04:52.474] [bmv2] [T] [thread 247212] bm_table_add_entry
[06:04:52.474] [bmv2] [D] [thread 247212] Entry 121 added to table 'MyIngress.ipv4_lpm'
[06:04:52.475] [bmv2] [D] [thread 247212] Dumping entry 121
Match key:
* hdr.ipv4.dstAddr              : LPM       0a000103/32
* standard_metadata.ingress_port: EXACT     0003
Action entry: MyIngress.ipv4_forward - a000103,6,

[06:04:52.475] [bmv2] [T] [thread 247212] bm_table_add_entry
[06:04:52.475] [bmv2] [D] [thread 247212] Entry 122 added to table 'MyIngress.ipv4_lpm'
[06:04:52.475] [bmv2] [D] [thread 247212] Dumping entry 122
Match key:
* hdr.ipv4.dstAddr              : LPM       0a000204/32
* standard_metadata.ingress_port: EXACT     0003
Action entry: MyIngress.ipv4_forward - a000204,4,

[06:04:52.476] [bmv2] [T] [thread 247212] bm_table_add_entry
[06:04:52.476] [bmv2] [D] [thread 247212] Entry 123 added to table 'MyIngress.ipv4_lpm'
[06:04:52.476] [bmv2] [D] [thread 247212] Dumping entry 123
Match key:
* hdr.ipv4.dstAddr              : LPM       0a000205/32
* standard_metadata.ingress_port: EXACT     0003
Action entry: MyIngress.ipv4_forward - a000205,5,

[06:04:52.477] [bmv2] [T] [thread 247212] bm_table_add_entry
[06:04:52.477] [bmv2] [D] [thread 247212] Entry 124 added to table 'MyIngress.ipv4_lpm'
[06:04:52.477] [bmv2] [D] [thread 247212] Dumping entry 124
Match key:
* hdr.ipv4.dstAddr              : LPM       0a000206/32
* standard_metadata.ingress_port: EXACT     0003
Action entry: MyIngress.ipv4_forward - a000206,6,

[06:04:52.478] [bmv2] [T] [thread 247212] bm_table_add_entry
[06:04:52.478] [bmv2] [D] [thread 247212] Entry 125 added to table 'MyIngress.ipv4_lpm'
[06:04:52.478] [bmv2] [D] [thread 247212] Dumping entry 125
Match key:
* hdr.ipv4.dstAddr              : LPM       0a000307/32
* standard_metadata.ingress_port: EXACT     0003
Action entry: MyIngress.ipv4_forward - a000307,4,

[06:04:52.478] [bmv2] [T] [thread 247212] bm_table_add_entry
[06:04:52.479] [bmv2] [D] [thread 247212] Entry 126 added to table 'MyIngress.ipv4_lpm'
[06:04:52.479] [bmv2] [D] [thread 247212] Dumping entry 126
Match key:
* hdr.ipv4.dstAddr              : LPM       0a000308/32
* standard_metadata.ingress_port: EXACT     0003
Action entry: MyIngress.ipv4_forward - a000308,5,

[06:04:52.479] [bmv2] [T] [thread 247212] bm_table_add_entry
[06:04:52.479] [bmv2] [D] [thread 247212] Entry 127 added to table 'MyIngress.ipv4_lpm'
[06:04:52.479] [bmv2] [D] [thread 247212] Dumping entry 127
Match key:
* hdr.ipv4.dstAddr              : LPM       0a000309/32
* standard_metadata.ingress_port: EXACT     0003
Action entry: MyIngress.ipv4_forward - a000309,6,

[06:04:52.480] [bmv2] [T] [thread 247212] bm_table_add_entry
[06:04:52.480] [bmv2] [D] [thread 247212] Entry 128 added to table 'MyIngress.ipv4_lpm'
[06:04:52.480] [bmv2] [D] [thread 247212] Dumping entry 128
Match key:
* hdr.ipv4.dstAddr              : LPM       0a00040a/32
* standard_metadata.ingress_port: EXACT     0003
Action entry: MyIngress.ipv4_forward - a00040a,4,

[06:04:52.481] [bmv2] [T] [thread 247212] bm_table_add_entry
[06:04:52.481] [bmv2] [D] [thread 247212] Entry 129 added to table 'MyIngress.ipv4_lpm'
[06:04:52.481] [bmv2] [D] [thread 247212] Dumping entry 129
Match key:
* hdr.ipv4.dstAddr              : LPM       0a00040b/32
* standard_metadata.ingress_port: EXACT     0003
Action entry: MyIngress.ipv4_forward - a00040b,5,

[06:04:52.482] [bmv2] [T] [thread 247212] bm_table_add_entry
[06:04:52.482] [bmv2] [D] [thread 247212] Entry 130 added to table 'MyIngress.ipv4_lpm'
[06:04:52.482] [bmv2] [D] [thread 247212] Dumping entry 130
Match key:
* hdr.ipv4.dstAddr              : LPM       0a00040c/32
* standard_metadata.ingress_port: EXACT     0003
Action entry: MyIngress.ipv4_forward - a00040c,6,

[06:04:52.482] [bmv2] [T] [thread 247212] bm_table_add_entry
[06:04:52.483] [bmv2] [D] [thread 247212] Entry 131 added to table 'MyIngress.ipv4_lpm'
[06:04:52.483] [bmv2] [D] [thread 247212] Dumping entry 131
Match key:
* hdr.ipv4.dstAddr              : LPM       0a00050d/32
* standard_metadata.ingress_port: EXACT     0003
Action entry: MyIngress.ipv4_forward - a00050d,4,

[06:04:52.483] [bmv2] [T] [thread 247212] bm_table_add_entry
[06:04:52.483] [bmv2] [D] [thread 247212] Entry 132 added to table 'MyIngress.ipv4_lpm'
[06:04:52.484] [bmv2] [D] [thread 247212] Dumping entry 132
Match key:
* hdr.ipv4.dstAddr              : LPM       0a00050e/32
* standard_metadata.ingress_port: EXACT     0003
Action entry: MyIngress.ipv4_forward - a00050e,5,

[06:04:52.484] [bmv2] [T] [thread 247212] bm_table_add_entry
[06:04:52.485] [bmv2] [D] [thread 247212] Entry 133 added to table 'MyIngress.ipv4_lpm'
[06:04:52.485] [bmv2] [D] [thread 247212] Dumping entry 133
Match key:
* hdr.ipv4.dstAddr              : LPM       0a00050f/32
* standard_metadata.ingress_port: EXACT     0003
Action entry: MyIngress.ipv4_forward - a00050f,6,

[06:04:52.485] [bmv2] [T] [thread 247212] bm_table_add_entry
[06:04:52.485] [bmv2] [D] [thread 247212] Entry 134 added to table 'MyIngress.ipv4_lpm'
[06:04:52.485] [bmv2] [D] [thread 247212] Dumping entry 134
Match key:
* hdr.ipv4.dstAddr              : LPM       0a000610/32
* standard_metadata.ingress_port: EXACT     0003
Action entry: MyIngress.ipv4_forward - a000610,4,

[06:04:52.486] [bmv2] [T] [thread 247212] bm_table_add_entry
[06:04:52.486] [bmv2] [D] [thread 247212] Entry 135 added to table 'MyIngress.ipv4_lpm'
[06:04:52.486] [bmv2] [D] [thread 247212] Dumping entry 135
Match key:
* hdr.ipv4.dstAddr              : LPM       0a000611/32
* standard_metadata.ingress_port: EXACT     0003
Action entry: MyIngress.ipv4_forward - a000611,5,

[06:04:52.487] [bmv2] [T] [thread 247212] bm_table_add_entry
[06:04:52.487] [bmv2] [D] [thread 247212] Entry 136 added to table 'MyIngress.ipv4_lpm'
[06:04:52.487] [bmv2] [D] [thread 247212] Dumping entry 136
Match key:
* hdr.ipv4.dstAddr              : LPM       0a000612/32
* standard_metadata.ingress_port: EXACT     0003
Action entry: MyIngress.ipv4_forward - a000612,6,

[06:04:52.488] [bmv2] [T] [thread 247212] bm_table_add_entry
[06:04:52.488] [bmv2] [E] [thread 247212] Error when trying to add entry to table 'MyIngress.ipv4_lpm': DUPLICATE_ENTRY
[06:04:52.488] [bmv2] [T] [thread 247212] bm_table_add_entry
[06:04:52.488] [bmv2] [E] [thread 247212] Error when trying to add entry to table 'MyIngress.ipv4_lpm': DUPLICATE_ENTRY
[06:04:52.489] [bmv2] [T] [thread 247212] bm_table_add_entry
[06:04:52.489] [bmv2] [D] [thread 247212] Entry 137 added to table 'MyIngress.ipv4_lpm'
[06:04:52.489] [bmv2] [D] [thread 247212] Dumping entry 137
Match key:
* hdr.ipv4.dstAddr              : LPM       0a000715/32
* standard_metadata.ingress_port: EXACT     0003
Action entry: MyIngress.ipv4_forward - a000715,3,

[06:04:52.490] [bmv2] [T] [thread 247212] bm_table_add_entry
[06:04:52.490] [bmv2] [D] [thread 247212] Entry 138 added to table 'MyIngress.ipv4_lpm'
[06:04:52.490] [bmv2] [D] [thread 247212] Dumping entry 138
Match key:
* hdr.ipv4.dstAddr              : LPM       0a000816/32
* standard_metadata.ingress_port: EXACT     0003
Action entry: MyIngress.ipv4_forward - a000816,4,

[06:04:52.490] [bmv2] [T] [thread 247212] bm_table_add_entry
[06:04:52.491] [bmv2] [D] [thread 247212] Entry 139 added to table 'MyIngress.ipv4_lpm'
[06:04:52.491] [bmv2] [D] [thread 247212] Dumping entry 139
Match key:
* hdr.ipv4.dstAddr              : LPM       0a000817/32
* standard_metadata.ingress_port: EXACT     0003
Action entry: MyIngress.ipv4_forward - a000817,5,

[06:04:52.491] [bmv2] [T] [thread 247212] bm_table_add_entry
[06:04:52.491] [bmv2] [D] [thread 247212] Entry 140 added to table 'MyIngress.ipv4_lpm'
[06:04:52.491] [bmv2] [D] [thread 247212] Dumping entry 140
Match key:
* hdr.ipv4.dstAddr              : LPM       0a000818/32
* standard_metadata.ingress_port: EXACT     0003
Action entry: MyIngress.ipv4_forward - a000818,6,

[06:04:52.492] [bmv2] [T] [thread 247212] bm_table_add_entry
[06:04:52.492] [bmv2] [D] [thread 247212] Entry 141 added to table 'MyIngress.ipv4_lpm'
[06:04:52.492] [bmv2] [D] [thread 247212] Dumping entry 141
Match key:
* hdr.ipv4.dstAddr              : LPM       0a000919/32
* standard_metadata.ingress_port: EXACT     0003
Action entry: MyIngress.ipv4_forward - a000919,4,

[06:04:52.493] [bmv2] [T] [thread 247212] bm_table_add_entry
[06:04:52.493] [bmv2] [D] [thread 247212] Entry 142 added to table 'MyIngress.ipv4_lpm'
[06:04:52.493] [bmv2] [D] [thread 247212] Dumping entry 142
Match key:
* hdr.ipv4.dstAddr              : LPM       0a00091a/32
* standard_metadata.ingress_port: EXACT     0003
Action entry: MyIngress.ipv4_forward - a00091a,5,

[06:04:52.493] [bmv2] [T] [thread 247212] bm_table_add_entry
[06:04:52.494] [bmv2] [D] [thread 247212] Entry 143 added to table 'MyIngress.ipv4_lpm'
[06:04:52.494] [bmv2] [D] [thread 247212] Dumping entry 143
Match key:
* hdr.ipv4.dstAddr              : LPM       0a00091b/32
* standard_metadata.ingress_port: EXACT     0003
Action entry: MyIngress.ipv4_forward - a00091b,6,

[06:04:52.494] [bmv2] [T] [thread 247212] bm_table_add_entry
[06:04:52.494] [bmv2] [D] [thread 247212] Entry 144 added to table 'MyIngress.ipv4_lpm'
[06:04:52.494] [bmv2] [D] [thread 247212] Dumping entry 144
Match key:
* hdr.ipv4.dstAddr              : LPM       0a000a1c/32
* standard_metadata.ingress_port: EXACT     0003
Action entry: MyIngress.ipv4_forward - a000a1c,4,

[06:04:52.495] [bmv2] [T] [thread 247212] bm_table_add_entry
[06:04:52.495] [bmv2] [D] [thread 247212] Entry 145 added to table 'MyIngress.ipv4_lpm'
[06:04:52.495] [bmv2] [D] [thread 247212] Dumping entry 145
Match key:
* hdr.ipv4.dstAddr              : LPM       0a000a1d/32
* standard_metadata.ingress_port: EXACT     0003
Action entry: MyIngress.ipv4_forward - a000a1d,5,

[06:04:52.496] [bmv2] [T] [thread 247212] bm_table_add_entry
[06:04:52.496] [bmv2] [D] [thread 247212] Entry 146 added to table 'MyIngress.ipv4_lpm'
[06:04:52.496] [bmv2] [D] [thread 247212] Dumping entry 146
Match key:
* hdr.ipv4.dstAddr              : LPM       0a000a1e/32
* standard_metadata.ingress_port: EXACT     0003
Action entry: MyIngress.ipv4_forward - a000a1e,6,

[06:04:52.497] [bmv2] [T] [thread 247212] bm_table_add_entry
[06:04:52.497] [bmv2] [D] [thread 247212] Entry 147 added to table 'MyIngress.ipv4_lpm'
[06:04:52.497] [bmv2] [D] [thread 247212] Dumping entry 147
Match key:
* hdr.ipv4.dstAddr              : LPM       0a000b1f/32
* standard_metadata.ingress_port: EXACT     0003
Action entry: MyIngress.ipv4_forward - a000b1f,4,

[06:04:52.498] [bmv2] [T] [thread 247212] bm_table_add_entry
[06:04:52.498] [bmv2] [D] [thread 247212] Entry 148 added to table 'MyIngress.ipv4_lpm'
[06:04:52.498] [bmv2] [D] [thread 247212] Dumping entry 148
Match key:
* hdr.ipv4.dstAddr              : LPM       0a000b20/32
* standard_metadata.ingress_port: EXACT     0003
Action entry: MyIngress.ipv4_forward - a000b20,5,

[06:04:52.498] [bmv2] [T] [thread 247212] bm_table_add_entry
[06:04:52.498] [bmv2] [D] [thread 247212] Entry 149 added to table 'MyIngress.ipv4_lpm'
[06:04:52.499] [bmv2] [D] [thread 247212] Dumping entry 149
Match key:
* hdr.ipv4.dstAddr              : LPM       0a000b21/32
* standard_metadata.ingress_port: EXACT     0003
Action entry: MyIngress.ipv4_forward - a000b21,6,

[06:04:52.499] [bmv2] [T] [thread 247212] bm_table_add_entry
[06:04:52.499] [bmv2] [D] [thread 247212] Entry 150 added to table 'MyIngress.ipv4_lpm'
[06:04:52.499] [bmv2] [D] [thread 247212] Dumping entry 150
Match key:
* hdr.ipv4.dstAddr              : LPM       0a000c22/32
* standard_metadata.ingress_port: EXACT     0003
Action entry: MyIngress.ipv4_forward - a000c22,4,

[06:04:52.500] [bmv2] [T] [thread 247212] bm_table_add_entry
[06:04:52.500] [bmv2] [D] [thread 247212] Entry 151 added to table 'MyIngress.ipv4_lpm'
[06:04:52.500] [bmv2] [D] [thread 247212] Dumping entry 151
Match key:
* hdr.ipv4.dstAddr              : LPM       0a000c23/32
* standard_metadata.ingress_port: EXACT     0003
Action entry: MyIngress.ipv4_forward - a000c23,5,

[06:04:52.501] [bmv2] [T] [thread 247212] bm_table_add_entry
[06:04:52.501] [bmv2] [D] [thread 247212] Entry 152 added to table 'MyIngress.ipv4_lpm'
[06:04:52.501] [bmv2] [D] [thread 247212] Dumping entry 152
Match key:
* hdr.ipv4.dstAddr              : LPM       0a000c24/32
* standard_metadata.ingress_port: EXACT     0003
Action entry: MyIngress.ipv4_forward - a000c24,6,

[06:04:52.502] [bmv2] [T] [thread 247212] bm_table_add_entry
[06:04:52.502] [bmv2] [D] [thread 247212] Entry 153 added to table 'MyIngress.ipv4_lpm'
[06:04:52.502] [bmv2] [D] [thread 247212] Dumping entry 153
Match key:
* hdr.ipv4.dstAddr              : LPM       0a000d25/32
* standard_metadata.ingress_port: EXACT     0003
Action entry: MyIngress.ipv4_forward - a000d25,4,

[06:04:52.503] [bmv2] [T] [thread 247212] bm_table_add_entry
[06:04:52.503] [bmv2] [D] [thread 247212] Entry 154 added to table 'MyIngress.ipv4_lpm'
[06:04:52.503] [bmv2] [D] [thread 247212] Dumping entry 154
Match key:
* hdr.ipv4.dstAddr              : LPM       0a000d26/32
* standard_metadata.ingress_port: EXACT     0003
Action entry: MyIngress.ipv4_forward - a000d26,5,

[06:04:52.503] [bmv2] [T] [thread 247212] bm_table_add_entry
[06:04:52.504] [bmv2] [D] [thread 247212] Entry 155 added to table 'MyIngress.ipv4_lpm'
[06:04:52.504] [bmv2] [D] [thread 247212] Dumping entry 155
Match key:
* hdr.ipv4.dstAddr              : LPM       0a000d27/32
* standard_metadata.ingress_port: EXACT     0003
Action entry: MyIngress.ipv4_forward - a000d27,6,

[06:04:52.504] [bmv2] [T] [thread 247212] bm_table_add_entry
[06:04:52.504] [bmv2] [D] [thread 247212] Entry 156 added to table 'MyIngress.ipv4_lpm'
[06:04:52.504] [bmv2] [D] [thread 247212] Dumping entry 156
Match key:
* hdr.ipv4.dstAddr              : LPM       0a000e28/32
* standard_metadata.ingress_port: EXACT     0003
Action entry: MyIngress.ipv4_forward - a000e28,4,

[06:04:52.505] [bmv2] [T] [thread 247212] bm_table_add_entry
[06:04:52.505] [bmv2] [D] [thread 247212] Entry 157 added to table 'MyIngress.ipv4_lpm'
[06:04:52.505] [bmv2] [D] [thread 247212] Dumping entry 157
Match key:
* hdr.ipv4.dstAddr              : LPM       0a000e29/32
* standard_metadata.ingress_port: EXACT     0003
Action entry: MyIngress.ipv4_forward - a000e29,5,

[06:04:52.506] [bmv2] [T] [thread 247212] bm_table_add_entry
[06:04:52.506] [bmv2] [D] [thread 247212] Entry 158 added to table 'MyIngress.ipv4_lpm'
[06:04:52.506] [bmv2] [D] [thread 247212] Dumping entry 158
Match key:
* hdr.ipv4.dstAddr              : LPM       0a000e2a/32
* standard_metadata.ingress_port: EXACT     0003
Action entry: MyIngress.ipv4_forward - a000e2a,6,

[06:04:52.507] [bmv2] [T] [thread 247212] bm_table_add_entry
[06:04:52.507] [bmv2] [D] [thread 247212] Entry 159 added to table 'MyIngress.ipv4_lpm'
[06:04:52.507] [bmv2] [D] [thread 247212] Dumping entry 159
Match key:
* hdr.ipv4.dstAddr              : LPM       0a000f2b/32
* standard_metadata.ingress_port: EXACT     0003
Action entry: MyIngress.ipv4_forward - a000f2b,4,

[06:04:52.507] [bmv2] [T] [thread 247212] bm_table_add_entry
[06:04:52.507] [bmv2] [D] [thread 247212] Entry 160 added to table 'MyIngress.ipv4_lpm'
[06:04:52.507] [bmv2] [D] [thread 247212] Dumping entry 160
Match key:
* hdr.ipv4.dstAddr              : LPM       0a000f2c/32
* standard_metadata.ingress_port: EXACT     0003
Action entry: MyIngress.ipv4_forward - a000f2c,5,

[06:04:52.508] [bmv2] [T] [thread 247212] bm_table_add_entry
[06:04:52.508] [bmv2] [D] [thread 247212] Entry 161 added to table 'MyIngress.ipv4_lpm'
[06:04:52.508] [bmv2] [D] [thread 247212] Dumping entry 161
Match key:
* hdr.ipv4.dstAddr              : LPM       0a000f2d/32
* standard_metadata.ingress_port: EXACT     0003
Action entry: MyIngress.ipv4_forward - a000f2d,6,

[06:04:52.509] [bmv2] [T] [thread 247212] bm_table_add_entry
[06:04:52.509] [bmv2] [D] [thread 247212] Entry 162 added to table 'MyIngress.ipv4_lpm'
[06:04:52.509] [bmv2] [D] [thread 247212] Dumping entry 162
Match key:
* hdr.ipv4.dstAddr              : LPM       0a00102e/32
* standard_metadata.ingress_port: EXACT     0003
Action entry: MyIngress.ipv4_forward - a00102e,4,

[06:04:52.510] [bmv2] [T] [thread 247212] bm_table_add_entry
[06:04:52.510] [bmv2] [D] [thread 247212] Entry 163 added to table 'MyIngress.ipv4_lpm'
[06:04:52.510] [bmv2] [D] [thread 247212] Dumping entry 163
Match key:
* hdr.ipv4.dstAddr              : LPM       0a00102f/32
* standard_metadata.ingress_port: EXACT     0003
Action entry: MyIngress.ipv4_forward - a00102f,5,

[06:04:52.510] [bmv2] [T] [thread 247212] bm_table_add_entry
[06:04:52.510] [bmv2] [D] [thread 247212] Entry 164 added to table 'MyIngress.ipv4_lpm'
[06:04:52.510] [bmv2] [D] [thread 247212] Dumping entry 164
Match key:
* hdr.ipv4.dstAddr              : LPM       0a001030/32
* standard_metadata.ingress_port: EXACT     0003
Action entry: MyIngress.ipv4_forward - a001030,6,

[06:04:52.511] [bmv2] [T] [thread 247212] bm_table_add_entry
[06:04:52.511] [bmv2] [D] [thread 247212] Entry 165 added to table 'MyIngress.ipv4_lpm'
[06:04:52.511] [bmv2] [D] [thread 247212] Dumping entry 165
Match key:
* hdr.ipv4.dstAddr              : LPM       0a001131/32
* standard_metadata.ingress_port: EXACT     0003
Action entry: MyIngress.ipv4_forward - a001131,4,

[06:04:52.512] [bmv2] [T] [thread 247212] bm_table_add_entry
[06:04:52.512] [bmv2] [D] [thread 247212] Entry 166 added to table 'MyIngress.ipv4_lpm'
[06:04:52.512] [bmv2] [D] [thread 247212] Dumping entry 166
Match key:
* hdr.ipv4.dstAddr              : LPM       0a001132/32
* standard_metadata.ingress_port: EXACT     0003
Action entry: MyIngress.ipv4_forward - a001132,5,

[06:04:52.512] [bmv2] [T] [thread 247212] bm_table_add_entry
[06:04:52.512] [bmv2] [D] [thread 247212] Entry 167 added to table 'MyIngress.ipv4_lpm'
[06:04:52.513] [bmv2] [D] [thread 247212] Dumping entry 167
Match key:
* hdr.ipv4.dstAddr              : LPM       0a001133/32
* standard_metadata.ingress_port: EXACT     0003
Action entry: MyIngress.ipv4_forward - a001133,6,

[06:04:52.513] [bmv2] [T] [thread 247212] bm_table_add_entry
[06:04:52.513] [bmv2] [D] [thread 247212] Entry 168 added to table 'MyIngress.ipv4_lpm'
[06:04:52.513] [bmv2] [D] [thread 247212] Dumping entry 168
Match key:
* hdr.ipv4.dstAddr              : LPM       0a001234/32
* standard_metadata.ingress_port: EXACT     0003
Action entry: MyIngress.ipv4_forward - a001234,4,

[06:04:52.514] [bmv2] [T] [thread 247212] bm_table_add_entry
[06:04:52.514] [bmv2] [D] [thread 247212] Entry 169 added to table 'MyIngress.ipv4_lpm'
[06:04:52.514] [bmv2] [D] [thread 247212] Dumping entry 169
Match key:
* hdr.ipv4.dstAddr              : LPM       0a001235/32
* standard_metadata.ingress_port: EXACT     0003
Action entry: MyIngress.ipv4_forward - a001235,5,

[06:04:52.514] [bmv2] [T] [thread 247212] bm_table_add_entry
[06:04:52.515] [bmv2] [D] [thread 247212] Entry 170 added to table 'MyIngress.ipv4_lpm'
[06:04:52.515] [bmv2] [D] [thread 247212] Dumping entry 170
Match key:
* hdr.ipv4.dstAddr              : LPM       0a001236/32
* standard_metadata.ingress_port: EXACT     0003
Action entry: MyIngress.ipv4_forward - a001236,6,

[06:04:52.515] [bmv2] [T] [thread 247212] bm_set_default_action
[06:04:52.515] [bmv2] [D] [thread 247212] Set default entry for table 'MyEgress.tbl_prime': MyEgress.prime_multiply - 11,
[06:04:52.516] [bmv2] [T] [thread 247212] bm_set_default_action
[06:04:52.516] [bmv2] [D] [thread 247212] Set default entry for table 'MyEgress.swtrace': MyEgress.add_swtrace - 7,
