Warning: you requested the nanomsg event logger, but bmv2 was compiled without -DBMELOG, and the event logger cannot be activated
Calling target program-options parser
[06:04:31.648] [bmv2] [D] [thread 244964] Set default default entry for table 'MyIngress.ipv4_lpm': MyIngress.drop - 
[06:04:31.648] [bmv2] [D] [thread 244964] Set default default entry for table 'MyIngress.tb_set_role': NoAction - 
[06:04:31.649] [bmv2] [D] [thread 244964] Set default default entry for table 'MyEgress.tbl_prime': NoAction - 
[06:04:31.649] [bmv2] [D] [thread 244964] Set default default entry for table 'MyEgress.swtrace': NoAction - 
Adding interface s12-eth1 as port 1
[06:04:31.650] [bmv2] [D] [thread 244964] Adding interface s12-eth1 as port 1
Adding interface s12-eth2 as port 2
[06:04:31.700] [bmv2] [D] [thread 244964] Adding interface s12-eth2 as port 2
Adding interface s12-eth3 as port 3
[06:04:31.765] [bmv2] [D] [thread 244964] Adding interface s12-eth3 as port 3
Adding interface s12-cpu-eth0 as port 4
[06:04:31.813] [bmv2] [D] [thread 244964] Adding interface s12-cpu-eth0 as port 4
Adding interface s12-eth5 as port 5
[06:04:31.865] [bmv2] [D] [thread 244964] Adding interface s12-eth5 as port 5
Adding interface s12-eth6 as port 6
[06:04:31.921] [bmv2] [D] [thread 244964] Adding interface s12-eth6 as port 6
Adding interface s12-eth7 as port 7
[06:04:31.985] [bmv2] [D] [thread 244964] Adding interface s12-eth7 as port 7
[06:04:32.049] [bmv2] [I] [thread 244964] Starting Thrift server on port 9101
[06:04:32.050] [bmv2] [I] [thread 244964] Thrift server was started
[06:04:33.049] [bmv2] [D] [thread 244970] [0.0] [cxt 0] Processing packet received on port 4
[06:04:33.049] [bmv2] [D] [thread 244970] [0.0] [cxt 0] Parser 'parser': start
[06:04:33.049] [bmv2] [D] [thread 244970] [0.0] [cxt 0] Parser 'parser' entering state 'start'
[06:04:33.049] [bmv2] [D] [thread 244970] [0.0] [cxt 0] Extracting header 'ethernet'
[06:04:33.049] [bmv2] [D] [thread 244970] [0.0] [cxt 0] Parser state 'start': key is 86dd
[06:04:33.049] [bmv2] [T] [thread 244970] [0.0] [cxt 0] Bytes parsed: 14
[06:04:33.049] [bmv2] [D] [thread 244970] [0.0] [cxt 0] Parser 'parser': end
[06:04:33.049] [bmv2] [D] [thread 244970] [0.0] [cxt 0] Pipeline 'ingress': start
[06:04:33.050] [bmv2] [T] [thread 244970] [0.0] [cxt 0] /home/p4/Desktop/html/p4src/switch.p4(291) Condition "hdr.ipv4.isValid()" (node_2) is false
[06:04:33.050] [bmv2] [T] [thread 244970] [0.0] [cxt 0] Applying table 'MyIngress.tb_set_role'
[06:04:33.050] [bmv2] [D] [thread 244970] [0.0] [cxt 0] Looking up key:
* standard_metadata.ingress_port: 0004

[06:04:33.050] [bmv2] [D] [thread 244970] [0.0] [cxt 0] Table 'MyIngress.tb_set_role': miss
[06:04:33.050] [bmv2] [D] [thread 244970] [0.0] [cxt 0] Action entry is NoAction - 
[06:04:33.050] [bmv2] [T] [thread 244970] [0.0] [cxt 0] Action NoAction
[06:04:33.050] [bmv2] [D] [thread 244970] [0.0] [cxt 0] Pipeline 'ingress': end
[06:04:33.050] [bmv2] [D] [thread 244970] [0.0] [cxt 0] Egress port is 0
[06:04:33.050] [bmv2] [D] [thread 244971] [0.0] [cxt 0] Pipeline 'egress': start
[06:04:33.050] [bmv2] [T] [thread 244971] [0.0] [cxt 0] /home/p4/Desktop/html/p4src/switch.p4(381) Condition "hdr.tag.isValid()" (node_7) is false
[06:04:33.050] [bmv2] [T] [thread 244971] [0.0] [cxt 0] /home/p4/Desktop/html/p4src/switch.p4(386) Condition "hdr.mri.isValid()" (node_9) is false
[06:04:33.050] [bmv2] [D] [thread 244971] [0.0] [cxt 0] Pipeline 'egress': end
[06:04:33.050] [bmv2] [D] [thread 244971] [0.0] [cxt 0] Deparser 'deparser': start
[06:04:33.050] [bmv2] [T] [thread 244971] [0.0] [cxt 0] Skipping checksum 'cksum' update because condition not met
[06:04:33.050] [bmv2] [D] [thread 244971] [0.0] [cxt 0] Deparsing header 'ethernet'
[06:04:33.050] [bmv2] [D] [thread 244971] [0.0] [cxt 0] Deparser 'deparser': end
[06:04:33.050] [bmv2] [D] [thread 244975] [0.0] [cxt 0] Transmitting packet of size 70 out of port 0
[06:04:33.305] [bmv2] [D] [thread 244970] [1.0] [cxt 0] Processing packet received on port 2
[06:04:33.306] [bmv2] [D] [thread 244970] [1.0] [cxt 0] Parser 'parser': start
[06:04:33.306] [bmv2] [D] [thread 244970] [1.0] [cxt 0] Parser 'parser' entering state 'start'
[06:04:33.306] [bmv2] [D] [thread 244970] [1.0] [cxt 0] Extracting header 'ethernet'
[06:04:33.306] [bmv2] [D] [thread 244970] [1.0] [cxt 0] Parser state 'start': key is 86dd
[06:04:33.306] [bmv2] [T] [thread 244970] [1.0] [cxt 0] Bytes parsed: 14
[06:04:33.306] [bmv2] [D] [thread 244970] [1.0] [cxt 0] Parser 'parser': end
[06:04:33.306] [bmv2] [D] [thread 244970] [1.0] [cxt 0] Pipeline 'ingress': start
[06:04:33.306] [bmv2] [T] [thread 244970] [1.0] [cxt 0] /home/p4/Desktop/html/p4src/switch.p4(291) Condition "hdr.ipv4.isValid()" (node_2) is false
[06:04:33.306] [bmv2] [T] [thread 244970] [1.0] [cxt 0] Applying table 'MyIngress.tb_set_role'
[06:04:33.306] [bmv2] [D] [thread 244970] [1.0] [cxt 0] Looking up key:
* standard_metadata.ingress_port: 0002

[06:04:33.306] [bmv2] [D] [thread 244970] [1.0] [cxt 0] Table 'MyIngress.tb_set_role': miss
[06:04:33.306] [bmv2] [D] [thread 244970] [1.0] [cxt 0] Action entry is NoAction - 
[06:04:33.306] [bmv2] [T] [thread 244970] [1.0] [cxt 0] Action NoAction
[06:04:33.306] [bmv2] [D] [thread 244970] [1.0] [cxt 0] Pipeline 'ingress': end
[06:04:33.306] [bmv2] [D] [thread 244970] [1.0] [cxt 0] Egress port is 0
[06:04:33.306] [bmv2] [D] [thread 244970] [2.0] [cxt 0] Processing packet received on port 3
[06:04:33.306] [bmv2] [D] [thread 244970] [2.0] [cxt 0] Parser 'parser': start
[06:04:33.306] [bmv2] [D] [thread 244970] [2.0] [cxt 0] Parser 'parser' entering state 'start'
[06:04:33.306] [bmv2] [D] [thread 244970] [2.0] [cxt 0] Extracting header 'ethernet'
[06:04:33.306] [bmv2] [D] [thread 244970] [2.0] [cxt 0] Parser state 'start': key is 86dd
[06:04:33.306] [bmv2] [T] [thread 244970] [2.0] [cxt 0] Bytes parsed: 14
[06:04:33.306] [bmv2] [D] [thread 244971] [1.0] [cxt 0] Pipeline 'egress': start
[06:04:33.306] [bmv2] [D] [thread 244970] [2.0] [cxt 0] Parser 'parser': end
[06:04:33.306] [bmv2] [T] [thread 244971] [1.0] [cxt 0] /home/p4/Desktop/html/p4src/switch.p4(381) Condition "hdr.tag.isValid()" (node_7) is false
[06:04:33.306] [bmv2] [D] [thread 244970] [2.0] [cxt 0] Pipeline 'ingress': start
[06:04:33.306] [bmv2] [T] [thread 244971] [1.0] [cxt 0] /home/p4/Desktop/html/p4src/switch.p4(386) Condition "hdr.mri.isValid()" (node_9) is false
[06:04:33.306] [bmv2] [T] [thread 244970] [2.0] [cxt 0] /home/p4/Desktop/html/p4src/switch.p4(291) Condition "hdr.ipv4.isValid()" (node_2) is false
[06:04:33.306] [bmv2] [D] [thread 244971] [1.0] [cxt 0] Pipeline 'egress': end
[06:04:33.306] [bmv2] [D] [thread 244971] [1.0] [cxt 0] Deparser 'deparser': start
[06:04:33.307] [bmv2] [T] [thread 244971] [1.0] [cxt 0] Skipping checksum 'cksum' update because condition not met
[06:04:33.306] [bmv2] [T] [thread 244970] [2.0] [cxt 0] Applying table 'MyIngress.tb_set_role'
[06:04:33.307] [bmv2] [D] [thread 244971] [1.0] [cxt 0] Deparsing header 'ethernet'
[06:04:33.307] [bmv2] [D] [thread 244970] [2.0] [cxt 0] Looking up key:
* standard_metadata.ingress_port: 0003

[06:04:33.307] [bmv2] [D] [thread 244970] [2.0] [cxt 0] Table 'MyIngress.tb_set_role': miss
[06:04:33.307] [bmv2] [D] [thread 244970] [2.0] [cxt 0] Action entry is NoAction - 
[06:04:33.307] [bmv2] [T] [thread 244970] [2.0] [cxt 0] Action NoAction
[06:04:33.307] [bmv2] [D] [thread 244970] [2.0] [cxt 0] Pipeline 'ingress': end
[06:04:33.307] [bmv2] [D] [thread 244971] [1.0] [cxt 0] Deparser 'deparser': end
[06:04:33.307] [bmv2] [D] [thread 244970] [2.0] [cxt 0] Egress port is 0
[06:04:33.307] [bmv2] [D] [thread 244971] [2.0] [cxt 0] Pipeline 'egress': start
[06:04:33.307] [bmv2] [T] [thread 244971] [2.0] [cxt 0] /home/p4/Desktop/html/p4src/switch.p4(381) Condition "hdr.tag.isValid()" (node_7) is false
[06:04:33.307] [bmv2] [D] [thread 244975] [1.0] [cxt 0] Transmitting packet of size 70 out of port 0
[06:04:33.307] [bmv2] [T] [thread 244971] [2.0] [cxt 0] /home/p4/Desktop/html/p4src/switch.p4(386) Condition "hdr.mri.isValid()" (node_9) is false
[06:04:33.307] [bmv2] [D] [thread 244971] [2.0] [cxt 0] Pipeline 'egress': end
[06:04:33.307] [bmv2] [D] [thread 244971] [2.0] [cxt 0] Deparser 'deparser': start
[06:04:33.307] [bmv2] [T] [thread 244971] [2.0] [cxt 0] Skipping checksum 'cksum' update because condition not met
[06:04:33.307] [bmv2] [D] [thread 244971] [2.0] [cxt 0] Deparsing header 'ethernet'
[06:04:33.307] [bmv2] [D] [thread 244971] [2.0] [cxt 0] Deparser 'deparser': end
[06:04:33.307] [bmv2] [D] [thread 244975] [2.0] [cxt 0] Transmitting packet of size 70 out of port 0
[06:04:33.563] [bmv2] [D] [thread 244970] [3.0] [cxt 0] Processing packet received on port 1
[06:04:33.563] [bmv2] [D] [thread 244970] [3.0] [cxt 0] Parser 'parser': start
[06:04:33.563] [bmv2] [D] [thread 244970] [3.0] [cxt 0] Parser 'parser' entering state 'start'
[06:04:33.563] [bmv2] [D] [thread 244970] [3.0] [cxt 0] Extracting header 'ethernet'
[06:04:33.563] [bmv2] [D] [thread 244970] [3.0] [cxt 0] Parser state 'start': key is 86dd
[06:04:33.563] [bmv2] [T] [thread 244970] [3.0] [cxt 0] Bytes parsed: 14
[06:04:33.563] [bmv2] [D] [thread 244970] [3.0] [cxt 0] Parser 'parser': end
[06:04:33.563] [bmv2] [D] [thread 244970] [3.0] [cxt 0] Pipeline 'ingress': start
[06:04:33.563] [bmv2] [T] [thread 244970] [3.0] [cxt 0] /home/p4/Desktop/html/p4src/switch.p4(291) Condition "hdr.ipv4.isValid()" (node_2) is false
[06:04:33.563] [bmv2] [T] [thread 244970] [3.0] [cxt 0] Applying table 'MyIngress.tb_set_role'
[06:04:33.563] [bmv2] [D] [thread 244970] [3.0] [cxt 0] Looking up key:
* standard_metadata.ingress_port: 0001

[06:04:33.563] [bmv2] [D] [thread 244970] [3.0] [cxt 0] Table 'MyIngress.tb_set_role': miss
[06:04:33.563] [bmv2] [D] [thread 244970] [3.0] [cxt 0] Action entry is NoAction - 
[06:04:33.563] [bmv2] [T] [thread 244970] [3.0] [cxt 0] Action NoAction
[06:04:33.563] [bmv2] [D] [thread 244970] [3.0] [cxt 0] Pipeline 'ingress': end
[06:04:33.563] [bmv2] [D] [thread 244970] [3.0] [cxt 0] Egress port is 0
[06:04:33.563] [bmv2] [D] [thread 244971] [3.0] [cxt 0] Pipeline 'egress': start
[06:04:33.563] [bmv2] [T] [thread 244971] [3.0] [cxt 0] /home/p4/Desktop/html/p4src/switch.p4(381) Condition "hdr.tag.isValid()" (node_7) is false
[06:04:33.563] [bmv2] [T] [thread 244971] [3.0] [cxt 0] /home/p4/Desktop/html/p4src/switch.p4(386) Condition "hdr.mri.isValid()" (node_9) is false
[06:04:33.563] [bmv2] [D] [thread 244971] [3.0] [cxt 0] Pipeline 'egress': end
[06:04:33.563] [bmv2] [D] [thread 244971] [3.0] [cxt 0] Deparser 'deparser': start
[06:04:33.563] [bmv2] [T] [thread 244971] [3.0] [cxt 0] Skipping checksum 'cksum' update because condition not met
[06:04:33.563] [bmv2] [D] [thread 244971] [3.0] [cxt 0] Deparsing header 'ethernet'
[06:04:33.563] [bmv2] [D] [thread 244971] [3.0] [cxt 0] Deparser 'deparser': end
[06:04:33.564] [bmv2] [D] [thread 244975] [3.0] [cxt 0] Transmitting packet of size 70 out of port 0
[06:04:34.329] [bmv2] [D] [thread 244970] [4.0] [cxt 0] Processing packet received on port 7
[06:04:34.329] [bmv2] [D] [thread 244970] [4.0] [cxt 0] Parser 'parser': start
[06:04:34.329] [bmv2] [D] [thread 244970] [4.0] [cxt 0] Parser 'parser' entering state 'start'
[06:04:34.329] [bmv2] [D] [thread 244970] [4.0] [cxt 0] Extracting header 'ethernet'
[06:04:34.329] [bmv2] [D] [thread 244970] [4.0] [cxt 0] Parser state 'start': key is 86dd
[06:04:34.330] [bmv2] [T] [thread 244970] [4.0] [cxt 0] Bytes parsed: 14
[06:04:34.330] [bmv2] [D] [thread 244970] [4.0] [cxt 0] Parser 'parser': end
[06:04:34.330] [bmv2] [D] [thread 244970] [4.0] [cxt 0] Pipeline 'ingress': start
[06:04:34.330] [bmv2] [T] [thread 244970] [4.0] [cxt 0] /home/p4/Desktop/html/p4src/switch.p4(291) Condition "hdr.ipv4.isValid()" (node_2) is false
[06:04:34.330] [bmv2] [T] [thread 244970] [4.0] [cxt 0] Applying table 'MyIngress.tb_set_role'
[06:04:34.330] [bmv2] [D] [thread 244970] [4.0] [cxt 0] Looking up key:
* standard_metadata.ingress_port: 0007

[06:04:34.330] [bmv2] [D] [thread 244970] [4.0] [cxt 0] Table 'MyIngress.tb_set_role': miss
[06:04:34.330] [bmv2] [D] [thread 244970] [4.0] [cxt 0] Action entry is NoAction - 
[06:04:34.330] [bmv2] [T] [thread 244970] [4.0] [cxt 0] Action NoAction
[06:04:34.330] [bmv2] [D] [thread 244970] [4.0] [cxt 0] Pipeline 'ingress': end
[06:04:34.330] [bmv2] [D] [thread 244970] [4.0] [cxt 0] Egress port is 0
[06:04:34.330] [bmv2] [D] [thread 244971] [4.0] [cxt 0] Pipeline 'egress': start
[06:04:34.330] [bmv2] [T] [thread 244971] [4.0] [cxt 0] /home/p4/Desktop/html/p4src/switch.p4(381) Condition "hdr.tag.isValid()" (node_7) is false
[06:04:34.330] [bmv2] [T] [thread 244971] [4.0] [cxt 0] /home/p4/Desktop/html/p4src/switch.p4(386) Condition "hdr.mri.isValid()" (node_9) is false
[06:04:34.330] [bmv2] [D] [thread 244971] [4.0] [cxt 0] Pipeline 'egress': end
[06:04:34.330] [bmv2] [D] [thread 244971] [4.0] [cxt 0] Deparser 'deparser': start
[06:04:34.330] [bmv2] [T] [thread 244971] [4.0] [cxt 0] Skipping checksum 'cksum' update because condition not met
[06:04:34.330] [bmv2] [D] [thread 244971] [4.0] [cxt 0] Deparsing header 'ethernet'
[06:04:34.330] [bmv2] [D] [thread 244971] [4.0] [cxt 0] Deparser 'deparser': end
[06:04:34.331] [bmv2] [D] [thread 244975] [4.0] [cxt 0] Transmitting packet of size 70 out of port 0
[06:04:34.585] [bmv2] [D] [thread 244970] [5.0] [cxt 0] Processing packet received on port 5
[06:04:34.585] [bmv2] [D] [thread 244970] [5.0] [cxt 0] Parser 'parser': start
[06:04:34.585] [bmv2] [D] [thread 244970] [5.0] [cxt 0] Parser 'parser' entering state 'start'
[06:04:34.585] [bmv2] [D] [thread 244970] [5.0] [cxt 0] Extracting header 'ethernet'
[06:04:34.585] [bmv2] [D] [thread 244970] [5.0] [cxt 0] Parser state 'start': key is 86dd
[06:04:34.585] [bmv2] [T] [thread 244970] [5.0] [cxt 0] Bytes parsed: 14
[06:04:34.585] [bmv2] [D] [thread 244970] [5.0] [cxt 0] Parser 'parser': end
[06:04:34.585] [bmv2] [D] [thread 244970] [5.0] [cxt 0] Pipeline 'ingress': start
[06:04:34.585] [bmv2] [T] [thread 244970] [5.0] [cxt 0] /home/p4/Desktop/html/p4src/switch.p4(291) Condition "hdr.ipv4.isValid()" (node_2) is false
[06:04:34.585] [bmv2] [T] [thread 244970] [5.0] [cxt 0] Applying table 'MyIngress.tb_set_role'
[06:04:34.586] [bmv2] [D] [thread 244970] [5.0] [cxt 0] Looking up key:
* standard_metadata.ingress_port: 0005

[06:04:34.586] [bmv2] [D] [thread 244970] [5.0] [cxt 0] Table 'MyIngress.tb_set_role': miss
[06:04:34.586] [bmv2] [D] [thread 244970] [5.0] [cxt 0] Action entry is NoAction - 
[06:04:34.586] [bmv2] [T] [thread 244970] [5.0] [cxt 0] Action NoAction
[06:04:34.586] [bmv2] [D] [thread 244970] [5.0] [cxt 0] Pipeline 'ingress': end
[06:04:34.586] [bmv2] [D] [thread 244970] [5.0] [cxt 0] Egress port is 0
[06:04:34.586] [bmv2] [D] [thread 244971] [5.0] [cxt 0] Pipeline 'egress': start
[06:04:34.586] [bmv2] [T] [thread 244971] [5.0] [cxt 0] /home/p4/Desktop/html/p4src/switch.p4(381) Condition "hdr.tag.isValid()" (node_7) is false
[06:04:34.586] [bmv2] [T] [thread 244971] [5.0] [cxt 0] /home/p4/Desktop/html/p4src/switch.p4(386) Condition "hdr.mri.isValid()" (node_9) is false
[06:04:34.586] [bmv2] [D] [thread 244971] [5.0] [cxt 0] Pipeline 'egress': end
[06:04:34.586] [bmv2] [D] [thread 244971] [5.0] [cxt 0] Deparser 'deparser': start
[06:04:34.586] [bmv2] [T] [thread 244971] [5.0] [cxt 0] Skipping checksum 'cksum' update because condition not met
[06:04:34.586] [bmv2] [D] [thread 244971] [5.0] [cxt 0] Deparsing header 'ethernet'
[06:04:34.586] [bmv2] [D] [thread 244971] [5.0] [cxt 0] Deparser 'deparser': end
[06:04:34.586] [bmv2] [D] [thread 244975] [5.0] [cxt 0] Transmitting packet of size 70 out of port 0
[06:04:34.841] [bmv2] [D] [thread 244970] [6.0] [cxt 0] Processing packet received on port 4
[06:04:34.841] [bmv2] [D] [thread 244970] [6.0] [cxt 0] Parser 'parser': start
[06:04:34.841] [bmv2] [D] [thread 244970] [6.0] [cxt 0] Parser 'parser' entering state 'start'
[06:04:34.841] [bmv2] [D] [thread 244970] [6.0] [cxt 0] Extracting header 'ethernet'
[06:04:34.841] [bmv2] [D] [thread 244970] [6.0] [cxt 0] Parser state 'start': key is 86dd
[06:04:34.841] [bmv2] [T] [thread 244970] [6.0] [cxt 0] Bytes parsed: 14
[06:04:34.841] [bmv2] [D] [thread 244970] [6.0] [cxt 0] Parser 'parser': end
[06:04:34.842] [bmv2] [D] [thread 244970] [6.0] [cxt 0] Pipeline 'ingress': start
[06:04:34.842] [bmv2] [T] [thread 244970] [6.0] [cxt 0] /home/p4/Desktop/html/p4src/switch.p4(291) Condition "hdr.ipv4.isValid()" (node_2) is false
[06:04:34.842] [bmv2] [T] [thread 244970] [6.0] [cxt 0] Applying table 'MyIngress.tb_set_role'
[06:04:34.842] [bmv2] [D] [thread 244970] [6.0] [cxt 0] Looking up key:
* standard_metadata.ingress_port: 0004

[06:04:34.842] [bmv2] [D] [thread 244970] [6.0] [cxt 0] Table 'MyIngress.tb_set_role': miss
[06:04:34.842] [bmv2] [D] [thread 244970] [6.0] [cxt 0] Action entry is NoAction - 
[06:04:34.842] [bmv2] [T] [thread 244970] [6.0] [cxt 0] Action NoAction
[06:04:34.842] [bmv2] [D] [thread 244970] [6.0] [cxt 0] Pipeline 'ingress': end
[06:04:34.842] [bmv2] [D] [thread 244970] [6.0] [cxt 0] Egress port is 0
[06:04:34.842] [bmv2] [D] [thread 244971] [6.0] [cxt 0] Pipeline 'egress': start
[06:04:34.842] [bmv2] [T] [thread 244971] [6.0] [cxt 0] /home/p4/Desktop/html/p4src/switch.p4(381) Condition "hdr.tag.isValid()" (node_7) is false
[06:04:34.842] [bmv2] [T] [thread 244971] [6.0] [cxt 0] /home/p4/Desktop/html/p4src/switch.p4(386) Condition "hdr.mri.isValid()" (node_9) is false
[06:04:34.843] [bmv2] [D] [thread 244971] [6.0] [cxt 0] Pipeline 'egress': end
[06:04:34.843] [bmv2] [D] [thread 244971] [6.0] [cxt 0] Deparser 'deparser': start
[06:04:34.843] [bmv2] [T] [thread 244971] [6.0] [cxt 0] Skipping checksum 'cksum' update because condition not met
[06:04:34.843] [bmv2] [D] [thread 244971] [6.0] [cxt 0] Deparsing header 'ethernet'
[06:04:34.843] [bmv2] [D] [thread 244971] [6.0] [cxt 0] Deparser 'deparser': end
[06:04:34.843] [bmv2] [D] [thread 244975] [6.0] [cxt 0] Transmitting packet of size 70 out of port 0
[06:04:35.097] [bmv2] [D] [thread 244970] [7.0] [cxt 0] Processing packet received on port 5
[06:04:35.097] [bmv2] [D] [thread 244970] [7.0] [cxt 0] Parser 'parser': start
[06:04:35.097] [bmv2] [D] [thread 244970] [7.0] [cxt 0] Parser 'parser' entering state 'start'
[06:04:35.097] [bmv2] [D] [thread 244970] [7.0] [cxt 0] Extracting header 'ethernet'
[06:04:35.097] [bmv2] [D] [thread 244970] [7.0] [cxt 0] Parser state 'start': key is 86dd
[06:04:35.097] [bmv2] [T] [thread 244970] [7.0] [cxt 0] Bytes parsed: 14
[06:04:35.097] [bmv2] [D] [thread 244970] [7.0] [cxt 0] Parser 'parser': end
[06:04:35.097] [bmv2] [D] [thread 244970] [7.0] [cxt 0] Pipeline 'ingress': start
[06:04:35.098] [bmv2] [T] [thread 244970] [7.0] [cxt 0] /home/p4/Desktop/html/p4src/switch.p4(291) Condition "hdr.ipv4.isValid()" (node_2) is false
[06:04:35.098] [bmv2] [T] [thread 244970] [7.0] [cxt 0] Applying table 'MyIngress.tb_set_role'
[06:04:35.098] [bmv2] [D] [thread 244970] [7.0] [cxt 0] Looking up key:
* standard_metadata.ingress_port: 0005

[06:04:35.098] [bmv2] [D] [thread 244970] [7.0] [cxt 0] Table 'MyIngress.tb_set_role': miss
[06:04:35.098] [bmv2] [D] [thread 244970] [7.0] [cxt 0] Action entry is NoAction - 
[06:04:35.098] [bmv2] [T] [thread 244970] [7.0] [cxt 0] Action NoAction
[06:04:35.098] [bmv2] [D] [thread 244970] [7.0] [cxt 0] Pipeline 'ingress': end
[06:04:35.098] [bmv2] [D] [thread 244970] [7.0] [cxt 0] Egress port is 0
[06:04:35.098] [bmv2] [D] [thread 244971] [7.0] [cxt 0] Pipeline 'egress': start
[06:04:35.098] [bmv2] [T] [thread 244971] [7.0] [cxt 0] /home/p4/Desktop/html/p4src/switch.p4(381) Condition "hdr.tag.isValid()" (node_7) is false
[06:04:35.098] [bmv2] [T] [thread 244971] [7.0] [cxt 0] /home/p4/Desktop/html/p4src/switch.p4(386) Condition "hdr.mri.isValid()" (node_9) is false
[06:04:35.098] [bmv2] [D] [thread 244971] [7.0] [cxt 0] Pipeline 'egress': end
[06:04:35.098] [bmv2] [D] [thread 244971] [7.0] [cxt 0] Deparser 'deparser': start
[06:04:35.098] [bmv2] [T] [thread 244971] [7.0] [cxt 0] Skipping checksum 'cksum' update because condition not met
[06:04:35.098] [bmv2] [D] [thread 244971] [7.0] [cxt 0] Deparsing header 'ethernet'
[06:04:35.098] [bmv2] [D] [thread 244971] [7.0] [cxt 0] Deparser 'deparser': end
[06:04:35.098] [bmv2] [D] [thread 244975] [7.0] [cxt 0] Transmitting packet of size 70 out of port 0
[06:04:35.609] [bmv2] [D] [thread 244970] [8.0] [cxt 0] Processing packet received on port 6
[06:04:35.609] [bmv2] [D] [thread 244970] [8.0] [cxt 0] Parser 'parser': start
[06:04:35.609] [bmv2] [D] [thread 244970] [8.0] [cxt 0] Parser 'parser' entering state 'start'
[06:04:35.609] [bmv2] [D] [thread 244970] [8.0] [cxt 0] Extracting header 'ethernet'
[06:04:35.609] [bmv2] [D] [thread 244970] [8.0] [cxt 0] Parser state 'start': key is 86dd
[06:04:35.609] [bmv2] [T] [thread 244970] [8.0] [cxt 0] Bytes parsed: 14
[06:04:35.609] [bmv2] [D] [thread 244970] [8.0] [cxt 0] Parser 'parser': end
[06:04:35.609] [bmv2] [D] [thread 244970] [8.0] [cxt 0] Pipeline 'ingress': start
[06:04:35.610] [bmv2] [T] [thread 244970] [8.0] [cxt 0] /home/p4/Desktop/html/p4src/switch.p4(291) Condition "hdr.ipv4.isValid()" (node_2) is false
[06:04:35.610] [bmv2] [T] [thread 244970] [8.0] [cxt 0] Applying table 'MyIngress.tb_set_role'
[06:04:35.610] [bmv2] [D] [thread 244970] [8.0] [cxt 0] Looking up key:
* standard_metadata.ingress_port: 0006

[06:04:35.610] [bmv2] [D] [thread 244970] [8.0] [cxt 0] Table 'MyIngress.tb_set_role': miss
[06:04:35.610] [bmv2] [D] [thread 244970] [8.0] [cxt 0] Action entry is NoAction - 
[06:04:35.610] [bmv2] [T] [thread 244970] [8.0] [cxt 0] Action NoAction
[06:04:35.610] [bmv2] [D] [thread 244970] [8.0] [cxt 0] Pipeline 'ingress': end
[06:04:35.610] [bmv2] [D] [thread 244970] [8.0] [cxt 0] Egress port is 0
[06:04:35.610] [bmv2] [D] [thread 244970] [9.0] [cxt 0] Processing packet received on port 7
[06:04:35.610] [bmv2] [D] [thread 244970] [9.0] [cxt 0] Parser 'parser': start
[06:04:35.610] [bmv2] [D] [thread 244970] [9.0] [cxt 0] Parser 'parser' entering state 'start'
[06:04:35.610] [bmv2] [D] [thread 244970] [9.0] [cxt 0] Extracting header 'ethernet'
[06:04:35.610] [bmv2] [D] [thread 244970] [9.0] [cxt 0] Parser state 'start': key is 86dd
[06:04:35.610] [bmv2] [D] [thread 244971] [8.0] [cxt 0] Pipeline 'egress': start
[06:04:35.610] [bmv2] [T] [thread 244971] [8.0] [cxt 0] /home/p4/Desktop/html/p4src/switch.p4(381) Condition "hdr.tag.isValid()" (node_7) is false
[06:04:35.610] [bmv2] [T] [thread 244970] [9.0] [cxt 0] Bytes parsed: 14
[06:04:35.610] [bmv2] [D] [thread 244970] [9.0] [cxt 0] Parser 'parser': end
[06:04:35.610] [bmv2] [D] [thread 244970] [9.0] [cxt 0] Pipeline 'ingress': start
[06:04:35.610] [bmv2] [T] [thread 244970] [9.0] [cxt 0] /home/p4/Desktop/html/p4src/switch.p4(291) Condition "hdr.ipv4.isValid()" (node_2) is false
[06:04:35.610] [bmv2] [T] [thread 244970] [9.0] [cxt 0] Applying table 'MyIngress.tb_set_role'
[06:04:35.610] [bmv2] [T] [thread 244971] [8.0] [cxt 0] /home/p4/Desktop/html/p4src/switch.p4(386) Condition "hdr.mri.isValid()" (node_9) is false
[06:04:35.610] [bmv2] [D] [thread 244971] [8.0] [cxt 0] Pipeline 'egress': end
[06:04:35.610] [bmv2] [D] [thread 244970] [9.0] [cxt 0] Looking up key:
* standard_metadata.ingress_port: 0007

[06:04:35.610] [bmv2] [D] [thread 244971] [8.0] [cxt 0] Deparser 'deparser': start
[06:04:35.610] [bmv2] [D] [thread 244970] [9.0] [cxt 0] Table 'MyIngress.tb_set_role': miss
[06:04:35.610] [bmv2] [T] [thread 244971] [8.0] [cxt 0] Skipping checksum 'cksum' update because condition not met
[06:04:35.610] [bmv2] [D] [thread 244970] [9.0] [cxt 0] Action entry is NoAction - 
[06:04:35.610] [bmv2] [D] [thread 244971] [8.0] [cxt 0] Deparsing header 'ethernet'
[06:04:35.611] [bmv2] [T] [thread 244970] [9.0] [cxt 0] Action NoAction
[06:04:35.611] [bmv2] [D] [thread 244971] [8.0] [cxt 0] Deparser 'deparser': end
[06:04:35.611] [bmv2] [D] [thread 244970] [9.0] [cxt 0] Pipeline 'ingress': end
[06:04:35.611] [bmv2] [D] [thread 244970] [9.0] [cxt 0] Egress port is 0
[06:04:35.611] [bmv2] [D] [thread 244971] [9.0] [cxt 0] Pipeline 'egress': start
[06:04:35.611] [bmv2] [T] [thread 244971] [9.0] [cxt 0] /home/p4/Desktop/html/p4src/switch.p4(381) Condition "hdr.tag.isValid()" (node_7) is false
[06:04:35.611] [bmv2] [T] [thread 244971] [9.0] [cxt 0] /home/p4/Desktop/html/p4src/switch.p4(386) Condition "hdr.mri.isValid()" (node_9) is false
[06:04:35.611] [bmv2] [D] [thread 244975] [8.0] [cxt 0] Transmitting packet of size 70 out of port 0
[06:04:35.611] [bmv2] [D] [thread 244971] [9.0] [cxt 0] Pipeline 'egress': end
[06:04:35.611] [bmv2] [D] [thread 244971] [9.0] [cxt 0] Deparser 'deparser': start
[06:04:35.611] [bmv2] [T] [thread 244971] [9.0] [cxt 0] Skipping checksum 'cksum' update because condition not met
[06:04:35.611] [bmv2] [D] [thread 244971] [9.0] [cxt 0] Deparsing header 'ethernet'
[06:04:35.611] [bmv2] [D] [thread 244971] [9.0] [cxt 0] Deparser 'deparser': end
[06:04:35.611] [bmv2] [D] [thread 244975] [9.0] [cxt 0] Transmitting packet of size 70 out of port 0
[06:04:36.121] [bmv2] [D] [thread 244970] [10.0] [cxt 0] Processing packet received on port 6
[06:04:36.121] [bmv2] [D] [thread 244970] [10.0] [cxt 0] Parser 'parser': start
[06:04:36.121] [bmv2] [D] [thread 244970] [10.0] [cxt 0] Parser 'parser' entering state 'start'
[06:04:36.121] [bmv2] [D] [thread 244970] [10.0] [cxt 0] Extracting header 'ethernet'
[06:04:36.121] [bmv2] [D] [thread 244970] [10.0] [cxt 0] Parser state 'start': key is 86dd
[06:04:36.121] [bmv2] [T] [thread 244970] [10.0] [cxt 0] Bytes parsed: 14
[06:04:36.121] [bmv2] [D] [thread 244970] [10.0] [cxt 0] Parser 'parser': end
[06:04:36.121] [bmv2] [D] [thread 244970] [10.0] [cxt 0] Pipeline 'ingress': start
[06:04:36.121] [bmv2] [T] [thread 244970] [10.0] [cxt 0] /home/p4/Desktop/html/p4src/switch.p4(291) Condition "hdr.ipv4.isValid()" (node_2) is false
[06:04:36.121] [bmv2] [T] [thread 244970] [10.0] [cxt 0] Applying table 'MyIngress.tb_set_role'
[06:04:36.121] [bmv2] [D] [thread 244970] [10.0] [cxt 0] Looking up key:
* standard_metadata.ingress_port: 0006

[06:04:36.121] [bmv2] [D] [thread 244970] [10.0] [cxt 0] Table 'MyIngress.tb_set_role': miss
[06:04:36.121] [bmv2] [D] [thread 244970] [10.0] [cxt 0] Action entry is NoAction - 
[06:04:36.121] [bmv2] [T] [thread 244970] [10.0] [cxt 0] Action NoAction
[06:04:36.121] [bmv2] [D] [thread 244970] [10.0] [cxt 0] Pipeline 'ingress': end
[06:04:36.121] [bmv2] [D] [thread 244970] [10.0] [cxt 0] Egress port is 0
[06:04:36.122] [bmv2] [D] [thread 244971] [10.0] [cxt 0] Pipeline 'egress': start
[06:04:36.122] [bmv2] [T] [thread 244971] [10.0] [cxt 0] /home/p4/Desktop/html/p4src/switch.p4(381) Condition "hdr.tag.isValid()" (node_7) is false
[06:04:36.122] [bmv2] [T] [thread 244971] [10.0] [cxt 0] /home/p4/Desktop/html/p4src/switch.p4(386) Condition "hdr.mri.isValid()" (node_9) is false
[06:04:36.122] [bmv2] [D] [thread 244971] [10.0] [cxt 0] Pipeline 'egress': end
[06:04:36.122] [bmv2] [D] [thread 244971] [10.0] [cxt 0] Deparser 'deparser': start
[06:04:36.122] [bmv2] [T] [thread 244971] [10.0] [cxt 0] Skipping checksum 'cksum' update because condition not met
[06:04:36.122] [bmv2] [D] [thread 244971] [10.0] [cxt 0] Deparsing header 'ethernet'
[06:04:36.122] [bmv2] [D] [thread 244971] [10.0] [cxt 0] Deparser 'deparser': end
[06:04:36.122] [bmv2] [D] [thread 244975] [10.0] [cxt 0] Transmitting packet of size 70 out of port 0
[06:04:53.407] [bmv2] [T] [thread 247233] bm_get_config
[06:04:53.409] [bmv2] [T] [thread 247233] bm_table_add_entry
[06:04:53.410] [bmv2] [D] [thread 247233] Entry 0 added to table 'MyIngress.ipv4_lpm'
[06:04:53.410] [bmv2] [D] [thread 247233] Dumping entry 0
Match key:
* hdr.ipv4.dstAddr              : LPM       0a000c22/32
* standard_metadata.ingress_port: EXACT     0002
Action entry: MyIngress.ipv4_forward - a000c22,1,

[06:04:53.411] [bmv2] [T] [thread 247233] bm_table_add_entry
[06:04:53.411] [bmv2] [D] [thread 247233] Entry 1 added to table 'MyIngress.ipv4_lpm'
[06:04:53.411] [bmv2] [D] [thread 247233] Dumping entry 1
Match key:
* hdr.ipv4.dstAddr              : LPM       0a000c22/32
* standard_metadata.ingress_port: EXACT     0003
Action entry: MyIngress.ipv4_forward - a000c22,1,

[06:04:53.412] [bmv2] [T] [thread 247233] bm_table_add_entry
[06:04:53.412] [bmv2] [D] [thread 247233] Entry 2 added to table 'MyIngress.ipv4_lpm'
[06:04:53.412] [bmv2] [D] [thread 247233] Dumping entry 2
Match key:
* hdr.ipv4.dstAddr              : LPM       0a000c22/32
* standard_metadata.ingress_port: EXACT     0004
Action entry: MyIngress.ipv4_forward - a000c22,1,

[06:04:53.413] [bmv2] [T] [thread 247233] bm_table_add_entry
[06:04:53.413] [bmv2] [D] [thread 247233] Entry 3 added to table 'MyIngress.ipv4_lpm'
[06:04:53.413] [bmv2] [D] [thread 247233] Dumping entry 3
Match key:
* hdr.ipv4.dstAddr              : LPM       0a000c22/32
* standard_metadata.ingress_port: EXACT     0005
Action entry: MyIngress.ipv4_forward - a000c22,1,

[06:04:53.414] [bmv2] [T] [thread 247233] bm_table_add_entry
[06:04:53.414] [bmv2] [D] [thread 247233] Entry 4 added to table 'MyIngress.ipv4_lpm'
[06:04:53.414] [bmv2] [D] [thread 247233] Dumping entry 4
Match key:
* hdr.ipv4.dstAddr              : LPM       0a000c22/32
* standard_metadata.ingress_port: EXACT     0006
Action entry: MyIngress.ipv4_forward - a000c22,1,

[06:04:53.415] [bmv2] [T] [thread 247233] bm_table_add_entry
[06:04:53.415] [bmv2] [D] [thread 247233] Entry 5 added to table 'MyIngress.ipv4_lpm'
[06:04:53.415] [bmv2] [D] [thread 247233] Dumping entry 5
Match key:
* hdr.ipv4.dstAddr              : LPM       0a000c23/32
* standard_metadata.ingress_port: EXACT     0001
Action entry: MyIngress.ipv4_forward - a000c23,2,

[06:04:53.415] [bmv2] [T] [thread 247233] bm_table_add_entry
[06:04:53.416] [bmv2] [D] [thread 247233] Entry 6 added to table 'MyIngress.ipv4_lpm'
[06:04:53.416] [bmv2] [D] [thread 247233] Dumping entry 6
Match key:
* hdr.ipv4.dstAddr              : LPM       0a000c23/32
* standard_metadata.ingress_port: EXACT     0003
Action entry: MyIngress.ipv4_forward - a000c23,2,

[06:04:53.417] [bmv2] [T] [thread 247233] bm_table_add_entry
[06:04:53.417] [bmv2] [D] [thread 247233] Entry 7 added to table 'MyIngress.ipv4_lpm'
[06:04:53.417] [bmv2] [D] [thread 247233] Dumping entry 7
Match key:
* hdr.ipv4.dstAddr              : LPM       0a000c23/32
* standard_metadata.ingress_port: EXACT     0004
Action entry: MyIngress.ipv4_forward - a000c23,2,

[06:04:53.418] [bmv2] [T] [thread 247233] bm_table_add_entry
[06:04:53.418] [bmv2] [D] [thread 247233] Entry 8 added to table 'MyIngress.ipv4_lpm'
[06:04:53.418] [bmv2] [D] [thread 247233] Dumping entry 8
Match key:
* hdr.ipv4.dstAddr              : LPM       0a000c23/32
* standard_metadata.ingress_port: EXACT     0005
Action entry: MyIngress.ipv4_forward - a000c23,2,

[06:04:53.419] [bmv2] [T] [thread 247233] bm_table_add_entry
[06:04:53.419] [bmv2] [D] [thread 247233] Entry 9 added to table 'MyIngress.ipv4_lpm'
[06:04:53.419] [bmv2] [D] [thread 247233] Dumping entry 9
Match key:
* hdr.ipv4.dstAddr              : LPM       0a000c23/32
* standard_metadata.ingress_port: EXACT     0006
Action entry: MyIngress.ipv4_forward - a000c23,2,

[06:04:53.419] [bmv2] [T] [thread 247233] bm_table_add_entry
[06:04:53.419] [bmv2] [D] [thread 247233] Entry 10 added to table 'MyIngress.ipv4_lpm'
[06:04:53.420] [bmv2] [D] [thread 247233] Dumping entry 10
Match key:
* hdr.ipv4.dstAddr              : LPM       0a000c24/32
* standard_metadata.ingress_port: EXACT     0001
Action entry: MyIngress.ipv4_forward - a000c24,3,

[06:04:53.420] [bmv2] [T] [thread 247233] bm_table_add_entry
[06:04:53.420] [bmv2] [D] [thread 247233] Entry 11 added to table 'MyIngress.ipv4_lpm'
[06:04:53.420] [bmv2] [D] [thread 247233] Dumping entry 11
Match key:
* hdr.ipv4.dstAddr              : LPM       0a000c24/32
* standard_metadata.ingress_port: EXACT     0002
Action entry: MyIngress.ipv4_forward - a000c24,3,

[06:04:53.421] [bmv2] [T] [thread 247233] bm_table_add_entry
[06:04:53.421] [bmv2] [D] [thread 247233] Entry 12 added to table 'MyIngress.ipv4_lpm'
[06:04:53.421] [bmv2] [D] [thread 247233] Dumping entry 12
Match key:
* hdr.ipv4.dstAddr              : LPM       0a000c24/32
* standard_metadata.ingress_port: EXACT     0004
Action entry: MyIngress.ipv4_forward - a000c24,3,

[06:04:53.422] [bmv2] [T] [thread 247233] bm_table_add_entry
[06:04:53.422] [bmv2] [D] [thread 247233] Entry 13 added to table 'MyIngress.ipv4_lpm'
[06:04:53.422] [bmv2] [D] [thread 247233] Dumping entry 13
Match key:
* hdr.ipv4.dstAddr              : LPM       0a000c24/32
* standard_metadata.ingress_port: EXACT     0005
Action entry: MyIngress.ipv4_forward - a000c24,3,

[06:04:53.422] [bmv2] [T] [thread 247233] bm_table_add_entry
[06:04:53.423] [bmv2] [D] [thread 247233] Entry 14 added to table 'MyIngress.ipv4_lpm'
[06:04:53.423] [bmv2] [D] [thread 247233] Dumping entry 14
Match key:
* hdr.ipv4.dstAddr              : LPM       0a000c24/32
* standard_metadata.ingress_port: EXACT     0006
Action entry: MyIngress.ipv4_forward - a000c24,3,

[06:04:53.423] [bmv2] [T] [thread 247233] bm_table_add_entry
[06:04:53.423] [bmv2] [D] [thread 247233] Entry 15 added to table 'MyIngress.ipv4_lpm'
[06:04:53.423] [bmv2] [D] [thread 247233] Dumping entry 15
Match key:
* hdr.ipv4.dstAddr              : LPM       0a000101/32
* standard_metadata.ingress_port: EXACT     0001
Action entry: MyIngress.ipv4_forward - a000101,4,

[06:04:53.424] [bmv2] [T] [thread 247233] bm_table_add_entry
[06:04:53.424] [bmv2] [D] [thread 247233] Entry 16 added to table 'MyIngress.ipv4_lpm'
[06:04:53.424] [bmv2] [D] [thread 247233] Dumping entry 16
Match key:
* hdr.ipv4.dstAddr              : LPM       0a000102/32
* standard_metadata.ingress_port: EXACT     0001
Action entry: MyIngress.ipv4_forward - a000102,5,

[06:04:53.425] [bmv2] [T] [thread 247233] bm_table_add_entry
[06:04:53.425] [bmv2] [D] [thread 247233] Entry 17 added to table 'MyIngress.ipv4_lpm'
[06:04:53.425] [bmv2] [D] [thread 247233] Dumping entry 17
Match key:
* hdr.ipv4.dstAddr              : LPM       0a000103/32
* standard_metadata.ingress_port: EXACT     0001
Action entry: MyIngress.ipv4_forward - a000103,6,

[06:04:53.425] [bmv2] [T] [thread 247233] bm_table_add_entry
[06:04:53.426] [bmv2] [D] [thread 247233] Entry 18 added to table 'MyIngress.ipv4_lpm'
[06:04:53.426] [bmv2] [D] [thread 247233] Dumping entry 18
Match key:
* hdr.ipv4.dstAddr              : LPM       0a000204/32
* standard_metadata.ingress_port: EXACT     0001
Action entry: MyIngress.ipv4_forward - a000204,4,

[06:04:53.426] [bmv2] [T] [thread 247233] bm_table_add_entry
[06:04:53.426] [bmv2] [D] [thread 247233] Entry 19 added to table 'MyIngress.ipv4_lpm'
[06:04:53.426] [bmv2] [D] [thread 247233] Dumping entry 19
Match key:
* hdr.ipv4.dstAddr              : LPM       0a000205/32
* standard_metadata.ingress_port: EXACT     0001
Action entry: MyIngress.ipv4_forward - a000205,5,

[06:04:53.427] [bmv2] [T] [thread 247233] bm_table_add_entry
[06:04:53.427] [bmv2] [D] [thread 247233] Entry 20 added to table 'MyIngress.ipv4_lpm'
[06:04:53.427] [bmv2] [D] [thread 247233] Dumping entry 20
Match key:
* hdr.ipv4.dstAddr              : LPM       0a000206/32
* standard_metadata.ingress_port: EXACT     0001
Action entry: MyIngress.ipv4_forward - a000206,6,

[06:04:53.428] [bmv2] [T] [thread 247233] bm_table_add_entry
[06:04:53.428] [bmv2] [D] [thread 247233] Entry 21 added to table 'MyIngress.ipv4_lpm'
[06:04:53.428] [bmv2] [D] [thread 247233] Dumping entry 21
Match key:
* hdr.ipv4.dstAddr              : LPM       0a000307/32
* standard_metadata.ingress_port: EXACT     0001
Action entry: MyIngress.ipv4_forward - a000307,4,

[06:04:53.428] [bmv2] [T] [thread 247233] bm_table_add_entry
[06:04:53.428] [bmv2] [D] [thread 247233] Entry 22 added to table 'MyIngress.ipv4_lpm'
[06:04:53.428] [bmv2] [D] [thread 247233] Dumping entry 22
Match key:
* hdr.ipv4.dstAddr              : LPM       0a000308/32
* standard_metadata.ingress_port: EXACT     0001
Action entry: MyIngress.ipv4_forward - a000308,5,

[06:04:53.429] [bmv2] [T] [thread 247233] bm_table_add_entry
[06:04:53.429] [bmv2] [D] [thread 247233] Entry 23 added to table 'MyIngress.ipv4_lpm'
[06:04:53.429] [bmv2] [D] [thread 247233] Dumping entry 23
Match key:
* hdr.ipv4.dstAddr              : LPM       0a000309/32
* standard_metadata.ingress_port: EXACT     0001
Action entry: MyIngress.ipv4_forward - a000309,6,

[06:04:53.430] [bmv2] [T] [thread 247233] bm_table_add_entry
[06:04:53.430] [bmv2] [D] [thread 247233] Entry 24 added to table 'MyIngress.ipv4_lpm'
[06:04:53.430] [bmv2] [D] [thread 247233] Dumping entry 24
Match key:
* hdr.ipv4.dstAddr              : LPM       0a00040a/32
* standard_metadata.ingress_port: EXACT     0001
Action entry: MyIngress.ipv4_forward - a00040a,4,

[06:04:53.431] [bmv2] [T] [thread 247233] bm_table_add_entry
[06:04:53.431] [bmv2] [D] [thread 247233] Entry 25 added to table 'MyIngress.ipv4_lpm'
[06:04:53.431] [bmv2] [D] [thread 247233] Dumping entry 25
Match key:
* hdr.ipv4.dstAddr              : LPM       0a00040b/32
* standard_metadata.ingress_port: EXACT     0001
Action entry: MyIngress.ipv4_forward - a00040b,5,

[06:04:53.431] [bmv2] [T] [thread 247233] bm_table_add_entry
[06:04:53.431] [bmv2] [D] [thread 247233] Entry 26 added to table 'MyIngress.ipv4_lpm'
[06:04:53.431] [bmv2] [D] [thread 247233] Dumping entry 26
Match key:
* hdr.ipv4.dstAddr              : LPM       0a00040c/32
* standard_metadata.ingress_port: EXACT     0001
Action entry: MyIngress.ipv4_forward - a00040c,6,

[06:04:53.432] [bmv2] [T] [thread 247233] bm_table_add_entry
[06:04:53.432] [bmv2] [D] [thread 247233] Entry 27 added to table 'MyIngress.ipv4_lpm'
[06:04:53.432] [bmv2] [D] [thread 247233] Dumping entry 27
Match key:
* hdr.ipv4.dstAddr              : LPM       0a00050d/32
* standard_metadata.ingress_port: EXACT     0001
Action entry: MyIngress.ipv4_forward - a00050d,4,

[06:04:53.433] [bmv2] [T] [thread 247233] bm_table_add_entry
[06:04:53.433] [bmv2] [D] [thread 247233] Entry 28 added to table 'MyIngress.ipv4_lpm'
[06:04:53.433] [bmv2] [D] [thread 247233] Dumping entry 28
Match key:
* hdr.ipv4.dstAddr              : LPM       0a00050e/32
* standard_metadata.ingress_port: EXACT     0001
Action entry: MyIngress.ipv4_forward - a00050e,5,

[06:04:53.434] [bmv2] [T] [thread 247233] bm_table_add_entry
[06:04:53.434] [bmv2] [D] [thread 247233] Entry 29 added to table 'MyIngress.ipv4_lpm'
[06:04:53.434] [bmv2] [D] [thread 247233] Dumping entry 29
Match key:
* hdr.ipv4.dstAddr              : LPM       0a00050f/32
* standard_metadata.ingress_port: EXACT     0001
Action entry: MyIngress.ipv4_forward - a00050f,6,

[06:04:53.434] [bmv2] [T] [thread 247233] bm_table_add_entry
[06:04:53.434] [bmv2] [D] [thread 247233] Entry 30 added to table 'MyIngress.ipv4_lpm'
[06:04:53.435] [bmv2] [D] [thread 247233] Dumping entry 30
Match key:
* hdr.ipv4.dstAddr              : LPM       0a000610/32
* standard_metadata.ingress_port: EXACT     0001
Action entry: MyIngress.ipv4_forward - a000610,4,

[06:04:53.435] [bmv2] [T] [thread 247233] bm_table_add_entry
[06:04:53.435] [bmv2] [D] [thread 247233] Entry 31 added to table 'MyIngress.ipv4_lpm'
[06:04:53.435] [bmv2] [D] [thread 247233] Dumping entry 31
Match key:
* hdr.ipv4.dstAddr              : LPM       0a000611/32
* standard_metadata.ingress_port: EXACT     0001
Action entry: MyIngress.ipv4_forward - a000611,5,

[06:04:53.436] [bmv2] [T] [thread 247233] bm_table_add_entry
[06:04:53.436] [bmv2] [D] [thread 247233] Entry 32 added to table 'MyIngress.ipv4_lpm'
[06:04:53.436] [bmv2] [D] [thread 247233] Dumping entry 32
Match key:
* hdr.ipv4.dstAddr              : LPM       0a000612/32
* standard_metadata.ingress_port: EXACT     0001
Action entry: MyIngress.ipv4_forward - a000612,6,

[06:04:53.437] [bmv2] [T] [thread 247233] bm_table_add_entry
[06:04:53.437] [bmv2] [D] [thread 247233] Entry 33 added to table 'MyIngress.ipv4_lpm'
[06:04:53.437] [bmv2] [D] [thread 247233] Dumping entry 33
Match key:
* hdr.ipv4.dstAddr              : LPM       0a000713/32
* standard_metadata.ingress_port: EXACT     0001
Action entry: MyIngress.ipv4_forward - a000713,4,

[06:04:53.438] [bmv2] [T] [thread 247233] bm_table_add_entry
[06:04:53.438] [bmv2] [D] [thread 247233] Entry 34 added to table 'MyIngress.ipv4_lpm'
[06:04:53.438] [bmv2] [D] [thread 247233] Dumping entry 34
Match key:
* hdr.ipv4.dstAddr              : LPM       0a000714/32
* standard_metadata.ingress_port: EXACT     0001
Action entry: MyIngress.ipv4_forward - a000714,5,

[06:04:53.438] [bmv2] [T] [thread 247233] bm_table_add_entry
[06:04:53.439] [bmv2] [D] [thread 247233] Entry 35 added to table 'MyIngress.ipv4_lpm'
[06:04:53.439] [bmv2] [D] [thread 247233] Dumping entry 35
Match key:
* hdr.ipv4.dstAddr              : LPM       0a000715/32
* standard_metadata.ingress_port: EXACT     0001
Action entry: MyIngress.ipv4_forward - a000715,6,

[06:04:53.439] [bmv2] [T] [thread 247233] bm_table_add_entry
[06:04:53.439] [bmv2] [D] [thread 247233] Entry 36 added to table 'MyIngress.ipv4_lpm'
[06:04:53.439] [bmv2] [D] [thread 247233] Dumping entry 36
Match key:
* hdr.ipv4.dstAddr              : LPM       0a000816/32
* standard_metadata.ingress_port: EXACT     0001
Action entry: MyIngress.ipv4_forward - a000816,4,

[06:04:53.440] [bmv2] [T] [thread 247233] bm_table_add_entry
[06:04:53.440] [bmv2] [D] [thread 247233] Entry 37 added to table 'MyIngress.ipv4_lpm'
[06:04:53.440] [bmv2] [D] [thread 247233] Dumping entry 37
Match key:
* hdr.ipv4.dstAddr              : LPM       0a000817/32
* standard_metadata.ingress_port: EXACT     0001
Action entry: MyIngress.ipv4_forward - a000817,5,

[06:04:53.441] [bmv2] [T] [thread 247233] bm_table_add_entry
[06:04:53.441] [bmv2] [D] [thread 247233] Entry 38 added to table 'MyIngress.ipv4_lpm'
[06:04:53.441] [bmv2] [D] [thread 247233] Dumping entry 38
Match key:
* hdr.ipv4.dstAddr              : LPM       0a000818/32
* standard_metadata.ingress_port: EXACT     0001
Action entry: MyIngress.ipv4_forward - a000818,6,

[06:04:53.442] [bmv2] [T] [thread 247233] bm_table_add_entry
[06:04:53.442] [bmv2] [D] [thread 247233] Entry 39 added to table 'MyIngress.ipv4_lpm'
[06:04:53.442] [bmv2] [D] [thread 247233] Dumping entry 39
Match key:
* hdr.ipv4.dstAddr              : LPM       0a000919/32
* standard_metadata.ingress_port: EXACT     0001
Action entry: MyIngress.ipv4_forward - a000919,4,

[06:04:53.443] [bmv2] [T] [thread 247233] bm_table_add_entry
[06:04:53.443] [bmv2] [D] [thread 247233] Entry 40 added to table 'MyIngress.ipv4_lpm'
[06:04:53.443] [bmv2] [D] [thread 247233] Dumping entry 40
Match key:
* hdr.ipv4.dstAddr              : LPM       0a00091a/32
* standard_metadata.ingress_port: EXACT     0001
Action entry: MyIngress.ipv4_forward - a00091a,5,

[06:04:53.443] [bmv2] [T] [thread 247233] bm_table_add_entry
[06:04:53.443] [bmv2] [D] [thread 247233] Entry 41 added to table 'MyIngress.ipv4_lpm'
[06:04:53.443] [bmv2] [D] [thread 247233] Dumping entry 41
Match key:
* hdr.ipv4.dstAddr              : LPM       0a00091b/32
* standard_metadata.ingress_port: EXACT     0001
Action entry: MyIngress.ipv4_forward - a00091b,6,

[06:04:53.444] [bmv2] [T] [thread 247233] bm_table_add_entry
[06:04:53.444] [bmv2] [D] [thread 247233] Entry 42 added to table 'MyIngress.ipv4_lpm'
[06:04:53.444] [bmv2] [D] [thread 247233] Dumping entry 42
Match key:
* hdr.ipv4.dstAddr              : LPM       0a000a1c/32
* standard_metadata.ingress_port: EXACT     0001
Action entry: MyIngress.ipv4_forward - a000a1c,4,

[06:04:53.445] [bmv2] [T] [thread 247233] bm_table_add_entry
[06:04:53.445] [bmv2] [D] [thread 247233] Entry 43 added to table 'MyIngress.ipv4_lpm'
[06:04:53.445] [bmv2] [D] [thread 247233] Dumping entry 43
Match key:
* hdr.ipv4.dstAddr              : LPM       0a000a1d/32
* standard_metadata.ingress_port: EXACT     0001
Action entry: MyIngress.ipv4_forward - a000a1d,5,

[06:04:53.446] [bmv2] [T] [thread 247233] bm_table_add_entry
[06:04:53.446] [bmv2] [D] [thread 247233] Entry 44 added to table 'MyIngress.ipv4_lpm'
[06:04:53.446] [bmv2] [D] [thread 247233] Dumping entry 44
Match key:
* hdr.ipv4.dstAddr              : LPM       0a000a1e/32
* standard_metadata.ingress_port: EXACT     0001
Action entry: MyIngress.ipv4_forward - a000a1e,6,

[06:04:53.447] [bmv2] [T] [thread 247233] bm_table_add_entry
[06:04:53.447] [bmv2] [D] [thread 247233] Entry 45 added to table 'MyIngress.ipv4_lpm'
[06:04:53.447] [bmv2] [D] [thread 247233] Dumping entry 45
Match key:
* hdr.ipv4.dstAddr              : LPM       0a000b1f/32
* standard_metadata.ingress_port: EXACT     0001
Action entry: MyIngress.ipv4_forward - a000b1f,4,

[06:04:53.447] [bmv2] [T] [thread 247233] bm_table_add_entry
[06:04:53.447] [bmv2] [D] [thread 247233] Entry 46 added to table 'MyIngress.ipv4_lpm'
[06:04:53.448] [bmv2] [D] [thread 247233] Dumping entry 46
Match key:
* hdr.ipv4.dstAddr              : LPM       0a000b20/32
* standard_metadata.ingress_port: EXACT     0001
Action entry: MyIngress.ipv4_forward - a000b20,5,

[06:04:53.448] [bmv2] [T] [thread 247233] bm_table_add_entry
[06:04:53.448] [bmv2] [D] [thread 247233] Entry 47 added to table 'MyIngress.ipv4_lpm'
[06:04:53.448] [bmv2] [D] [thread 247233] Dumping entry 47
Match key:
* hdr.ipv4.dstAddr              : LPM       0a000b21/32
* standard_metadata.ingress_port: EXACT     0001
Action entry: MyIngress.ipv4_forward - a000b21,6,

[06:04:53.449] [bmv2] [T] [thread 247233] bm_table_add_entry
[06:04:53.449] [bmv2] [D] [thread 247233] Entry 48 added to table 'MyIngress.ipv4_lpm'
[06:04:53.449] [bmv2] [D] [thread 247233] Dumping entry 48
Match key:
* hdr.ipv4.dstAddr              : LPM       0a000c22/32
* standard_metadata.ingress_port: EXACT     0001
Action entry: MyIngress.ipv4_forward - a000c22,1,

[06:04:53.450] [bmv2] [T] [thread 247233] bm_table_add_entry
[06:04:53.450] [bmv2] [E] [thread 247233] Error when trying to add entry to table 'MyIngress.ipv4_lpm': DUPLICATE_ENTRY
[06:04:53.450] [bmv2] [T] [thread 247233] bm_table_add_entry
[06:04:53.451] [bmv2] [E] [thread 247233] Error when trying to add entry to table 'MyIngress.ipv4_lpm': DUPLICATE_ENTRY
[06:04:53.451] [bmv2] [T] [thread 247233] bm_table_add_entry
[06:04:53.451] [bmv2] [D] [thread 247233] Entry 49 added to table 'MyIngress.ipv4_lpm'
[06:04:53.451] [bmv2] [D] [thread 247233] Dumping entry 49
Match key:
* hdr.ipv4.dstAddr              : LPM       0a000d25/32
* standard_metadata.ingress_port: EXACT     0001
Action entry: MyIngress.ipv4_forward - a000d25,4,

[06:04:53.452] [bmv2] [T] [thread 247233] bm_table_add_entry
[06:04:53.452] [bmv2] [D] [thread 247233] Entry 50 added to table 'MyIngress.ipv4_lpm'
[06:04:53.452] [bmv2] [D] [thread 247233] Dumping entry 50
Match key:
* hdr.ipv4.dstAddr              : LPM       0a000d26/32
* standard_metadata.ingress_port: EXACT     0001
Action entry: MyIngress.ipv4_forward - a000d26,5,

[06:04:53.453] [bmv2] [T] [thread 247233] bm_table_add_entry
[06:04:53.453] [bmv2] [D] [thread 247233] Entry 51 added to table 'MyIngress.ipv4_lpm'
[06:04:53.453] [bmv2] [D] [thread 247233] Dumping entry 51
Match key:
* hdr.ipv4.dstAddr              : LPM       0a000d27/32
* standard_metadata.ingress_port: EXACT     0001
Action entry: MyIngress.ipv4_forward - a000d27,6,

[06:04:53.454] [bmv2] [T] [thread 247233] bm_table_add_entry
[06:04:53.454] [bmv2] [D] [thread 247233] Entry 52 added to table 'MyIngress.ipv4_lpm'
[06:04:53.454] [bmv2] [D] [thread 247233] Dumping entry 52
Match key:
* hdr.ipv4.dstAddr              : LPM       0a000e28/32
* standard_metadata.ingress_port: EXACT     0001
Action entry: MyIngress.ipv4_forward - a000e28,4,

[06:04:53.455] [bmv2] [T] [thread 247233] bm_table_add_entry
[06:04:53.455] [bmv2] [D] [thread 247233] Entry 53 added to table 'MyIngress.ipv4_lpm'
[06:04:53.455] [bmv2] [D] [thread 247233] Dumping entry 53
Match key:
* hdr.ipv4.dstAddr              : LPM       0a000e29/32
* standard_metadata.ingress_port: EXACT     0001
Action entry: MyIngress.ipv4_forward - a000e29,5,

[06:04:53.455] [bmv2] [T] [thread 247233] bm_table_add_entry
[06:04:53.456] [bmv2] [D] [thread 247233] Entry 54 added to table 'MyIngress.ipv4_lpm'
[06:04:53.456] [bmv2] [D] [thread 247233] Dumping entry 54
Match key:
* hdr.ipv4.dstAddr              : LPM       0a000e2a/32
* standard_metadata.ingress_port: EXACT     0001
Action entry: MyIngress.ipv4_forward - a000e2a,6,

[06:04:53.456] [bmv2] [T] [thread 247233] bm_table_add_entry
[06:04:53.457] [bmv2] [D] [thread 247233] Entry 55 added to table 'MyIngress.ipv4_lpm'
[06:04:53.457] [bmv2] [D] [thread 247233] Dumping entry 55
Match key:
* hdr.ipv4.dstAddr              : LPM       0a000f2b/32
* standard_metadata.ingress_port: EXACT     0001
Action entry: MyIngress.ipv4_forward - a000f2b,4,

[06:04:53.458] [bmv2] [T] [thread 247233] bm_table_add_entry
[06:04:53.458] [bmv2] [D] [thread 247233] Entry 56 added to table 'MyIngress.ipv4_lpm'
[06:04:53.458] [bmv2] [D] [thread 247233] Dumping entry 56
Match key:
* hdr.ipv4.dstAddr              : LPM       0a000f2c/32
* standard_metadata.ingress_port: EXACT     0001
Action entry: MyIngress.ipv4_forward - a000f2c,5,

[06:04:53.458] [bmv2] [T] [thread 247233] bm_table_add_entry
[06:04:53.459] [bmv2] [D] [thread 247233] Entry 57 added to table 'MyIngress.ipv4_lpm'
[06:04:53.459] [bmv2] [D] [thread 247233] Dumping entry 57
Match key:
* hdr.ipv4.dstAddr              : LPM       0a000f2d/32
* standard_metadata.ingress_port: EXACT     0001
Action entry: MyIngress.ipv4_forward - a000f2d,6,

[06:04:53.459] [bmv2] [T] [thread 247233] bm_table_add_entry
[06:04:53.459] [bmv2] [D] [thread 247233] Entry 58 added to table 'MyIngress.ipv4_lpm'
[06:04:53.459] [bmv2] [D] [thread 247233] Dumping entry 58
Match key:
* hdr.ipv4.dstAddr              : LPM       0a00102e/32
* standard_metadata.ingress_port: EXACT     0001
Action entry: MyIngress.ipv4_forward - a00102e,4,

[06:04:53.460] [bmv2] [T] [thread 247233] bm_table_add_entry
[06:04:53.460] [bmv2] [D] [thread 247233] Entry 59 added to table 'MyIngress.ipv4_lpm'
[06:04:53.460] [bmv2] [D] [thread 247233] Dumping entry 59
Match key:
* hdr.ipv4.dstAddr              : LPM       0a00102f/32
* standard_metadata.ingress_port: EXACT     0001
Action entry: MyIngress.ipv4_forward - a00102f,5,

[06:04:53.461] [bmv2] [T] [thread 247233] bm_table_add_entry
[06:04:53.461] [bmv2] [D] [thread 247233] Entry 60 added to table 'MyIngress.ipv4_lpm'
[06:04:53.461] [bmv2] [D] [thread 247233] Dumping entry 60
Match key:
* hdr.ipv4.dstAddr              : LPM       0a001030/32
* standard_metadata.ingress_port: EXACT     0001
Action entry: MyIngress.ipv4_forward - a001030,6,

[06:04:53.462] [bmv2] [T] [thread 247233] bm_table_add_entry
[06:04:53.462] [bmv2] [D] [thread 247233] Entry 61 added to table 'MyIngress.ipv4_lpm'
[06:04:53.462] [bmv2] [D] [thread 247233] Dumping entry 61
Match key:
* hdr.ipv4.dstAddr              : LPM       0a001131/32
* standard_metadata.ingress_port: EXACT     0001
Action entry: MyIngress.ipv4_forward - a001131,4,

[06:04:53.462] [bmv2] [T] [thread 247233] bm_table_add_entry
[06:04:53.463] [bmv2] [D] [thread 247233] Entry 62 added to table 'MyIngress.ipv4_lpm'
[06:04:53.463] [bmv2] [D] [thread 247233] Dumping entry 62
Match key:
* hdr.ipv4.dstAddr              : LPM       0a001132/32
* standard_metadata.ingress_port: EXACT     0001
Action entry: MyIngress.ipv4_forward - a001132,5,

[06:04:53.463] [bmv2] [T] [thread 247233] bm_table_add_entry
[06:04:53.463] [bmv2] [D] [thread 247233] Entry 63 added to table 'MyIngress.ipv4_lpm'
[06:04:53.463] [bmv2] [D] [thread 247233] Dumping entry 63
Match key:
* hdr.ipv4.dstAddr              : LPM       0a001133/32
* standard_metadata.ingress_port: EXACT     0001
Action entry: MyIngress.ipv4_forward - a001133,6,

[06:04:53.464] [bmv2] [T] [thread 247233] bm_table_add_entry
[06:04:53.464] [bmv2] [D] [thread 247233] Entry 64 added to table 'MyIngress.ipv4_lpm'
[06:04:53.464] [bmv2] [D] [thread 247233] Dumping entry 64
Match key:
* hdr.ipv4.dstAddr              : LPM       0a001234/32
* standard_metadata.ingress_port: EXACT     0001
Action entry: MyIngress.ipv4_forward - a001234,4,

[06:04:53.465] [bmv2] [T] [thread 247233] bm_table_add_entry
[06:04:53.465] [bmv2] [D] [thread 247233] Entry 65 added to table 'MyIngress.ipv4_lpm'
[06:04:53.465] [bmv2] [D] [thread 247233] Dumping entry 65
Match key:
* hdr.ipv4.dstAddr              : LPM       0a001235/32
* standard_metadata.ingress_port: EXACT     0001
Action entry: MyIngress.ipv4_forward - a001235,5,

[06:04:53.465] [bmv2] [T] [thread 247233] bm_table_add_entry
[06:04:53.465] [bmv2] [D] [thread 247233] Entry 66 added to table 'MyIngress.ipv4_lpm'
[06:04:53.465] [bmv2] [D] [thread 247233] Dumping entry 66
Match key:
* hdr.ipv4.dstAddr              : LPM       0a001236/32
* standard_metadata.ingress_port: EXACT     0001
Action entry: MyIngress.ipv4_forward - a001236,6,

[06:04:53.466] [bmv2] [T] [thread 247233] bm_table_add_entry
[06:04:53.466] [bmv2] [D] [thread 247233] Entry 67 added to table 'MyIngress.ipv4_lpm'
[06:04:53.466] [bmv2] [D] [thread 247233] Dumping entry 67
Match key:
* hdr.ipv4.dstAddr              : LPM       0a000101/32
* standard_metadata.ingress_port: EXACT     0002
Action entry: MyIngress.ipv4_forward - a000101,4,

[06:04:53.467] [bmv2] [T] [thread 247233] bm_table_add_entry
[06:04:53.467] [bmv2] [D] [thread 247233] Entry 68 added to table 'MyIngress.ipv4_lpm'
[06:04:53.467] [bmv2] [D] [thread 247233] Dumping entry 68
Match key:
* hdr.ipv4.dstAddr              : LPM       0a000102/32
* standard_metadata.ingress_port: EXACT     0002
Action entry: MyIngress.ipv4_forward - a000102,5,

[06:04:53.468] [bmv2] [T] [thread 247233] bm_table_add_entry
[06:04:53.468] [bmv2] [D] [thread 247233] Entry 69 added to table 'MyIngress.ipv4_lpm'
[06:04:53.468] [bmv2] [D] [thread 247233] Dumping entry 69
Match key:
* hdr.ipv4.dstAddr              : LPM       0a000103/32
* standard_metadata.ingress_port: EXACT     0002
Action entry: MyIngress.ipv4_forward - a000103,6,

[06:04:53.468] [bmv2] [T] [thread 247233] bm_table_add_entry
[06:04:53.469] [bmv2] [D] [thread 247233] Entry 70 added to table 'MyIngress.ipv4_lpm'
[06:04:53.469] [bmv2] [D] [thread 247233] Dumping entry 70
Match key:
* hdr.ipv4.dstAddr              : LPM       0a000204/32
* standard_metadata.ingress_port: EXACT     0002
Action entry: MyIngress.ipv4_forward - a000204,4,

[06:04:53.469] [bmv2] [T] [thread 247233] bm_table_add_entry
[06:04:53.469] [bmv2] [D] [thread 247233] Entry 71 added to table 'MyIngress.ipv4_lpm'
[06:04:53.469] [bmv2] [D] [thread 247233] Dumping entry 71
Match key:
* hdr.ipv4.dstAddr              : LPM       0a000205/32
* standard_metadata.ingress_port: EXACT     0002
Action entry: MyIngress.ipv4_forward - a000205,5,

[06:04:53.470] [bmv2] [T] [thread 247233] bm_table_add_entry
[06:04:53.470] [bmv2] [D] [thread 247233] Entry 72 added to table 'MyIngress.ipv4_lpm'
[06:04:53.470] [bmv2] [D] [thread 247233] Dumping entry 72
Match key:
* hdr.ipv4.dstAddr              : LPM       0a000206/32
* standard_metadata.ingress_port: EXACT     0002
Action entry: MyIngress.ipv4_forward - a000206,6,

[06:04:53.471] [bmv2] [T] [thread 247233] bm_table_add_entry
[06:04:53.471] [bmv2] [D] [thread 247233] Entry 73 added to table 'MyIngress.ipv4_lpm'
[06:04:53.471] [bmv2] [D] [thread 247233] Dumping entry 73
Match key:
* hdr.ipv4.dstAddr              : LPM       0a000307/32
* standard_metadata.ingress_port: EXACT     0002
Action entry: MyIngress.ipv4_forward - a000307,4,

[06:04:53.472] [bmv2] [T] [thread 247233] bm_table_add_entry
[06:04:53.472] [bmv2] [D] [thread 247233] Entry 74 added to table 'MyIngress.ipv4_lpm'
[06:04:53.472] [bmv2] [D] [thread 247233] Dumping entry 74
Match key:
* hdr.ipv4.dstAddr              : LPM       0a000308/32
* standard_metadata.ingress_port: EXACT     0002
Action entry: MyIngress.ipv4_forward - a000308,5,

[06:04:53.472] [bmv2] [T] [thread 247233] bm_table_add_entry
[06:04:53.473] [bmv2] [D] [thread 247233] Entry 75 added to table 'MyIngress.ipv4_lpm'
[06:04:53.473] [bmv2] [D] [thread 247233] Dumping entry 75
Match key:
* hdr.ipv4.dstAddr              : LPM       0a000309/32
* standard_metadata.ingress_port: EXACT     0002
Action entry: MyIngress.ipv4_forward - a000309,6,

[06:04:53.473] [bmv2] [T] [thread 247233] bm_table_add_entry
[06:04:53.473] [bmv2] [D] [thread 247233] Entry 76 added to table 'MyIngress.ipv4_lpm'
[06:04:53.473] [bmv2] [D] [thread 247233] Dumping entry 76
Match key:
* hdr.ipv4.dstAddr              : LPM       0a00040a/32
* standard_metadata.ingress_port: EXACT     0002
Action entry: MyIngress.ipv4_forward - a00040a,4,

[06:04:53.474] [bmv2] [T] [thread 247233] bm_table_add_entry
[06:04:53.474] [bmv2] [D] [thread 247233] Entry 77 added to table 'MyIngress.ipv4_lpm'
[06:04:53.474] [bmv2] [D] [thread 247233] Dumping entry 77
Match key:
* hdr.ipv4.dstAddr              : LPM       0a00040b/32
* standard_metadata.ingress_port: EXACT     0002
Action entry: MyIngress.ipv4_forward - a00040b,5,

[06:04:53.475] [bmv2] [T] [thread 247233] bm_table_add_entry
[06:04:53.475] [bmv2] [D] [thread 247233] Entry 78 added to table 'MyIngress.ipv4_lpm'
[06:04:53.475] [bmv2] [D] [thread 247233] Dumping entry 78
Match key:
* hdr.ipv4.dstAddr              : LPM       0a00040c/32
* standard_metadata.ingress_port: EXACT     0002
Action entry: MyIngress.ipv4_forward - a00040c,6,

[06:04:53.475] [bmv2] [T] [thread 247233] bm_table_add_entry
[06:04:53.476] [bmv2] [D] [thread 247233] Entry 79 added to table 'MyIngress.ipv4_lpm'
[06:04:53.476] [bmv2] [D] [thread 247233] Dumping entry 79
Match key:
* hdr.ipv4.dstAddr              : LPM       0a00050d/32
* standard_metadata.ingress_port: EXACT     0002
Action entry: MyIngress.ipv4_forward - a00050d,4,

[06:04:53.476] [bmv2] [T] [thread 247233] bm_table_add_entry
[06:04:53.476] [bmv2] [D] [thread 247233] Entry 80 added to table 'MyIngress.ipv4_lpm'
[06:04:53.476] [bmv2] [D] [thread 247233] Dumping entry 80
Match key:
* hdr.ipv4.dstAddr              : LPM       0a00050e/32
* standard_metadata.ingress_port: EXACT     0002
Action entry: MyIngress.ipv4_forward - a00050e,5,

[06:04:53.477] [bmv2] [T] [thread 247233] bm_table_add_entry
[06:04:53.477] [bmv2] [D] [thread 247233] Entry 81 added to table 'MyIngress.ipv4_lpm'
[06:04:53.477] [bmv2] [D] [thread 247233] Dumping entry 81
Match key:
* hdr.ipv4.dstAddr              : LPM       0a00050f/32
* standard_metadata.ingress_port: EXACT     0002
Action entry: MyIngress.ipv4_forward - a00050f,6,

[06:04:53.478] [bmv2] [T] [thread 247233] bm_table_add_entry
[06:04:53.478] [bmv2] [D] [thread 247233] Entry 82 added to table 'MyIngress.ipv4_lpm'
[06:04:53.478] [bmv2] [D] [thread 247233] Dumping entry 82
Match key:
* hdr.ipv4.dstAddr              : LPM       0a000610/32
* standard_metadata.ingress_port: EXACT     0002
Action entry: MyIngress.ipv4_forward - a000610,4,

[06:04:53.478] [bmv2] [T] [thread 247233] bm_table_add_entry
[06:04:53.479] [bmv2] [D] [thread 247233] Entry 83 added to table 'MyIngress.ipv4_lpm'
[06:04:53.479] [bmv2] [D] [thread 247233] Dumping entry 83
Match key:
* hdr.ipv4.dstAddr              : LPM       0a000611/32
* standard_metadata.ingress_port: EXACT     0002
Action entry: MyIngress.ipv4_forward - a000611,5,

[06:04:53.480] [bmv2] [T] [thread 247233] bm_table_add_entry
[06:04:53.480] [bmv2] [D] [thread 247233] Entry 84 added to table 'MyIngress.ipv4_lpm'
[06:04:53.480] [bmv2] [D] [thread 247233] Dumping entry 84
Match key:
* hdr.ipv4.dstAddr              : LPM       0a000612/32
* standard_metadata.ingress_port: EXACT     0002
Action entry: MyIngress.ipv4_forward - a000612,6,

[06:04:53.481] [bmv2] [T] [thread 247233] bm_table_add_entry
[06:04:53.481] [bmv2] [D] [thread 247233] Entry 85 added to table 'MyIngress.ipv4_lpm'
[06:04:53.481] [bmv2] [D] [thread 247233] Dumping entry 85
Match key:
* hdr.ipv4.dstAddr              : LPM       0a000713/32
* standard_metadata.ingress_port: EXACT     0002
Action entry: MyIngress.ipv4_forward - a000713,4,

[06:04:53.481] [bmv2] [T] [thread 247233] bm_table_add_entry
[06:04:53.482] [bmv2] [D] [thread 247233] Entry 86 added to table 'MyIngress.ipv4_lpm'
[06:04:53.482] [bmv2] [D] [thread 247233] Dumping entry 86
Match key:
* hdr.ipv4.dstAddr              : LPM       0a000714/32
* standard_metadata.ingress_port: EXACT     0002
Action entry: MyIngress.ipv4_forward - a000714,5,

[06:04:53.482] [bmv2] [T] [thread 247233] bm_table_add_entry
[06:04:53.482] [bmv2] [D] [thread 247233] Entry 87 added to table 'MyIngress.ipv4_lpm'
[06:04:53.483] [bmv2] [D] [thread 247233] Dumping entry 87
Match key:
* hdr.ipv4.dstAddr              : LPM       0a000715/32
* standard_metadata.ingress_port: EXACT     0002
Action entry: MyIngress.ipv4_forward - a000715,6,

[06:04:53.483] [bmv2] [T] [thread 247233] bm_table_add_entry
[06:04:53.483] [bmv2] [D] [thread 247233] Entry 88 added to table 'MyIngress.ipv4_lpm'
[06:04:53.483] [bmv2] [D] [thread 247233] Dumping entry 88
Match key:
* hdr.ipv4.dstAddr              : LPM       0a000816/32
* standard_metadata.ingress_port: EXACT     0002
Action entry: MyIngress.ipv4_forward - a000816,4,

[06:04:53.484] [bmv2] [T] [thread 247233] bm_table_add_entry
[06:04:53.484] [bmv2] [D] [thread 247233] Entry 89 added to table 'MyIngress.ipv4_lpm'
[06:04:53.484] [bmv2] [D] [thread 247233] Dumping entry 89
Match key:
* hdr.ipv4.dstAddr              : LPM       0a000817/32
* standard_metadata.ingress_port: EXACT     0002
Action entry: MyIngress.ipv4_forward - a000817,5,

[06:04:53.485] [bmv2] [T] [thread 247233] bm_table_add_entry
[06:04:53.485] [bmv2] [D] [thread 247233] Entry 90 added to table 'MyIngress.ipv4_lpm'
[06:04:53.485] [bmv2] [D] [thread 247233] Dumping entry 90
Match key:
* hdr.ipv4.dstAddr              : LPM       0a000818/32
* standard_metadata.ingress_port: EXACT     0002
Action entry: MyIngress.ipv4_forward - a000818,6,

[06:04:53.486] [bmv2] [T] [thread 247233] bm_table_add_entry
[06:04:53.486] [bmv2] [D] [thread 247233] Entry 91 added to table 'MyIngress.ipv4_lpm'
[06:04:53.486] [bmv2] [D] [thread 247233] Dumping entry 91
Match key:
* hdr.ipv4.dstAddr              : LPM       0a000919/32
* standard_metadata.ingress_port: EXACT     0002
Action entry: MyIngress.ipv4_forward - a000919,4,

[06:04:53.486] [bmv2] [T] [thread 247233] bm_table_add_entry
[06:04:53.487] [bmv2] [D] [thread 247233] Entry 92 added to table 'MyIngress.ipv4_lpm'
[06:04:53.487] [bmv2] [D] [thread 247233] Dumping entry 92
Match key:
* hdr.ipv4.dstAddr              : LPM       0a00091a/32
* standard_metadata.ingress_port: EXACT     0002
Action entry: MyIngress.ipv4_forward - a00091a,5,

[06:04:53.487] [bmv2] [T] [thread 247233] bm_table_add_entry
[06:04:53.487] [bmv2] [D] [thread 247233] Entry 93 added to table 'MyIngress.ipv4_lpm'
[06:04:53.487] [bmv2] [D] [thread 247233] Dumping entry 93
Match key:
* hdr.ipv4.dstAddr              : LPM       0a00091b/32
* standard_metadata.ingress_port: EXACT     0002
Action entry: MyIngress.ipv4_forward - a00091b,6,

[06:04:53.488] [bmv2] [T] [thread 247233] bm_table_add_entry
[06:04:53.488] [bmv2] [D] [thread 247233] Entry 94 added to table 'MyIngress.ipv4_lpm'
[06:04:53.488] [bmv2] [D] [thread 247233] Dumping entry 94
Match key:
* hdr.ipv4.dstAddr              : LPM       0a000a1c/32
* standard_metadata.ingress_port: EXACT     0002
Action entry: MyIngress.ipv4_forward - a000a1c,4,

[06:04:53.489] [bmv2] [T] [thread 247233] bm_table_add_entry
[06:04:53.489] [bmv2] [D] [thread 247233] Entry 95 added to table 'MyIngress.ipv4_lpm'
[06:04:53.489] [bmv2] [D] [thread 247233] Dumping entry 95
Match key:
* hdr.ipv4.dstAddr              : LPM       0a000a1d/32
* standard_metadata.ingress_port: EXACT     0002
Action entry: MyIngress.ipv4_forward - a000a1d,5,

[06:04:53.490] [bmv2] [T] [thread 247233] bm_table_add_entry
[06:04:53.490] [bmv2] [D] [thread 247233] Entry 96 added to table 'MyIngress.ipv4_lpm'
[06:04:53.490] [bmv2] [D] [thread 247233] Dumping entry 96
Match key:
* hdr.ipv4.dstAddr              : LPM       0a000a1e/32
* standard_metadata.ingress_port: EXACT     0002
Action entry: MyIngress.ipv4_forward - a000a1e,6,

[06:04:53.491] [bmv2] [T] [thread 247233] bm_table_add_entry
[06:04:53.491] [bmv2] [D] [thread 247233] Entry 97 added to table 'MyIngress.ipv4_lpm'
[06:04:53.491] [bmv2] [D] [thread 247233] Dumping entry 97
Match key:
* hdr.ipv4.dstAddr              : LPM       0a000b1f/32
* standard_metadata.ingress_port: EXACT     0002
Action entry: MyIngress.ipv4_forward - a000b1f,4,

[06:04:53.492] [bmv2] [T] [thread 247233] bm_table_add_entry
[06:04:53.492] [bmv2] [D] [thread 247233] Entry 98 added to table 'MyIngress.ipv4_lpm'
[06:04:53.492] [bmv2] [D] [thread 247233] Dumping entry 98
Match key:
* hdr.ipv4.dstAddr              : LPM       0a000b20/32
* standard_metadata.ingress_port: EXACT     0002
Action entry: MyIngress.ipv4_forward - a000b20,5,

[06:04:53.492] [bmv2] [T] [thread 247233] bm_table_add_entry
[06:04:53.493] [bmv2] [D] [thread 247233] Entry 99 added to table 'MyIngress.ipv4_lpm'
[06:04:53.493] [bmv2] [D] [thread 247233] Dumping entry 99
Match key:
* hdr.ipv4.dstAddr              : LPM       0a000b21/32
* standard_metadata.ingress_port: EXACT     0002
Action entry: MyIngress.ipv4_forward - a000b21,6,

[06:04:53.493] [bmv2] [T] [thread 247233] bm_table_add_entry
[06:04:53.493] [bmv2] [E] [thread 247233] Error when trying to add entry to table 'MyIngress.ipv4_lpm': DUPLICATE_ENTRY
[06:04:53.494] [bmv2] [T] [thread 247233] bm_table_add_entry
[06:04:53.494] [bmv2] [D] [thread 247233] Entry 100 added to table 'MyIngress.ipv4_lpm'
[06:04:53.494] [bmv2] [D] [thread 247233] Dumping entry 100
Match key:
* hdr.ipv4.dstAddr              : LPM       0a000c23/32
* standard_metadata.ingress_port: EXACT     0002
Action entry: MyIngress.ipv4_forward - a000c23,2,

[06:04:53.495] [bmv2] [T] [thread 247233] bm_table_add_entry
[06:04:53.495] [bmv2] [E] [thread 247233] Error when trying to add entry to table 'MyIngress.ipv4_lpm': DUPLICATE_ENTRY
[06:04:53.495] [bmv2] [T] [thread 247233] bm_table_add_entry
[06:04:53.495] [bmv2] [D] [thread 247233] Entry 101 added to table 'MyIngress.ipv4_lpm'
[06:04:53.495] [bmv2] [D] [thread 247233] Dumping entry 101
Match key:
* hdr.ipv4.dstAddr              : LPM       0a000d25/32
* standard_metadata.ingress_port: EXACT     0002
Action entry: MyIngress.ipv4_forward - a000d25,4,

[06:04:53.496] [bmv2] [T] [thread 247233] bm_table_add_entry
[06:04:53.496] [bmv2] [D] [thread 247233] Entry 102 added to table 'MyIngress.ipv4_lpm'
[06:04:53.496] [bmv2] [D] [thread 247233] Dumping entry 102
Match key:
* hdr.ipv4.dstAddr              : LPM       0a000d26/32
* standard_metadata.ingress_port: EXACT     0002
Action entry: MyIngress.ipv4_forward - a000d26,5,

[06:04:53.497] [bmv2] [T] [thread 247233] bm_table_add_entry
[06:04:53.497] [bmv2] [D] [thread 247233] Entry 103 added to table 'MyIngress.ipv4_lpm'
[06:04:53.497] [bmv2] [D] [thread 247233] Dumping entry 103
Match key:
* hdr.ipv4.dstAddr              : LPM       0a000d27/32
* standard_metadata.ingress_port: EXACT     0002
Action entry: MyIngress.ipv4_forward - a000d27,6,

[06:04:53.498] [bmv2] [T] [thread 247233] bm_table_add_entry
[06:04:53.498] [bmv2] [D] [thread 247233] Entry 104 added to table 'MyIngress.ipv4_lpm'
[06:04:53.498] [bmv2] [D] [thread 247233] Dumping entry 104
Match key:
* hdr.ipv4.dstAddr              : LPM       0a000e28/32
* standard_metadata.ingress_port: EXACT     0002
Action entry: MyIngress.ipv4_forward - a000e28,4,

[06:04:53.498] [bmv2] [T] [thread 247233] bm_table_add_entry
[06:04:53.499] [bmv2] [D] [thread 247233] Entry 105 added to table 'MyIngress.ipv4_lpm'
[06:04:53.499] [bmv2] [D] [thread 247233] Dumping entry 105
Match key:
* hdr.ipv4.dstAddr              : LPM       0a000e29/32
* standard_metadata.ingress_port: EXACT     0002
Action entry: MyIngress.ipv4_forward - a000e29,5,

[06:04:53.499] [bmv2] [T] [thread 247233] bm_table_add_entry
[06:04:53.499] [bmv2] [D] [thread 247233] Entry 106 added to table 'MyIngress.ipv4_lpm'
[06:04:53.499] [bmv2] [D] [thread 247233] Dumping entry 106
Match key:
* hdr.ipv4.dstAddr              : LPM       0a000e2a/32
* standard_metadata.ingress_port: EXACT     0002
Action entry: MyIngress.ipv4_forward - a000e2a,6,

[06:04:53.500] [bmv2] [T] [thread 247233] bm_table_add_entry
[06:04:53.500] [bmv2] [D] [thread 247233] Entry 107 added to table 'MyIngress.ipv4_lpm'
[06:04:53.500] [bmv2] [D] [thread 247233] Dumping entry 107
Match key:
* hdr.ipv4.dstAddr              : LPM       0a000f2b/32
* standard_metadata.ingress_port: EXACT     0002
Action entry: MyIngress.ipv4_forward - a000f2b,4,

[06:04:53.501] [bmv2] [T] [thread 247233] bm_table_add_entry
[06:04:53.501] [bmv2] [D] [thread 247233] Entry 108 added to table 'MyIngress.ipv4_lpm'
[06:04:53.501] [bmv2] [D] [thread 247233] Dumping entry 108
Match key:
* hdr.ipv4.dstAddr              : LPM       0a000f2c/32
* standard_metadata.ingress_port: EXACT     0002
Action entry: MyIngress.ipv4_forward - a000f2c,5,

[06:04:53.502] [bmv2] [T] [thread 247233] bm_table_add_entry
[06:04:53.502] [bmv2] [D] [thread 247233] Entry 109 added to table 'MyIngress.ipv4_lpm'
[06:04:53.502] [bmv2] [D] [thread 247233] Dumping entry 109
Match key:
* hdr.ipv4.dstAddr              : LPM       0a000f2d/32
* standard_metadata.ingress_port: EXACT     0002
Action entry: MyIngress.ipv4_forward - a000f2d,6,

[06:04:53.503] [bmv2] [T] [thread 247233] bm_table_add_entry
[06:04:53.503] [bmv2] [D] [thread 247233] Entry 110 added to table 'MyIngress.ipv4_lpm'
[06:04:53.503] [bmv2] [D] [thread 247233] Dumping entry 110
Match key:
* hdr.ipv4.dstAddr              : LPM       0a00102e/32
* standard_metadata.ingress_port: EXACT     0002
Action entry: MyIngress.ipv4_forward - a00102e,4,

[06:04:53.504] [bmv2] [T] [thread 247233] bm_table_add_entry
[06:04:53.504] [bmv2] [D] [thread 247233] Entry 111 added to table 'MyIngress.ipv4_lpm'
[06:04:53.504] [bmv2] [D] [thread 247233] Dumping entry 111
Match key:
* hdr.ipv4.dstAddr              : LPM       0a00102f/32
* standard_metadata.ingress_port: EXACT     0002
Action entry: MyIngress.ipv4_forward - a00102f,5,

[06:04:53.504] [bmv2] [T] [thread 247233] bm_table_add_entry
[06:04:53.505] [bmv2] [D] [thread 247233] Entry 112 added to table 'MyIngress.ipv4_lpm'
[06:04:53.505] [bmv2] [D] [thread 247233] Dumping entry 112
Match key:
* hdr.ipv4.dstAddr              : LPM       0a001030/32
* standard_metadata.ingress_port: EXACT     0002
Action entry: MyIngress.ipv4_forward - a001030,6,

[06:04:53.505] [bmv2] [T] [thread 247233] bm_table_add_entry
[06:04:53.505] [bmv2] [D] [thread 247233] Entry 113 added to table 'MyIngress.ipv4_lpm'
[06:04:53.505] [bmv2] [D] [thread 247233] Dumping entry 113
Match key:
* hdr.ipv4.dstAddr              : LPM       0a001131/32
* standard_metadata.ingress_port: EXACT     0002
Action entry: MyIngress.ipv4_forward - a001131,4,

[06:04:53.506] [bmv2] [T] [thread 247233] bm_table_add_entry
[06:04:53.506] [bmv2] [D] [thread 247233] Entry 114 added to table 'MyIngress.ipv4_lpm'
[06:04:53.506] [bmv2] [D] [thread 247233] Dumping entry 114
Match key:
* hdr.ipv4.dstAddr              : LPM       0a001132/32
* standard_metadata.ingress_port: EXACT     0002
Action entry: MyIngress.ipv4_forward - a001132,5,

[06:04:53.507] [bmv2] [T] [thread 247233] bm_table_add_entry
[06:04:53.507] [bmv2] [D] [thread 247233] Entry 115 added to table 'MyIngress.ipv4_lpm'
[06:04:53.507] [bmv2] [D] [thread 247233] Dumping entry 115
Match key:
* hdr.ipv4.dstAddr              : LPM       0a001133/32
* standard_metadata.ingress_port: EXACT     0002
Action entry: MyIngress.ipv4_forward - a001133,6,

[06:04:53.507] [bmv2] [T] [thread 247233] bm_table_add_entry
[06:04:53.508] [bmv2] [D] [thread 247233] Entry 116 added to table 'MyIngress.ipv4_lpm'
[06:04:53.508] [bmv2] [D] [thread 247233] Dumping entry 116
Match key:
* hdr.ipv4.dstAddr              : LPM       0a001234/32
* standard_metadata.ingress_port: EXACT     0002
Action entry: MyIngress.ipv4_forward - a001234,4,

[06:04:53.508] [bmv2] [T] [thread 247233] bm_table_add_entry
[06:04:53.508] [bmv2] [D] [thread 247233] Entry 117 added to table 'MyIngress.ipv4_lpm'
[06:04:53.508] [bmv2] [D] [thread 247233] Dumping entry 117
Match key:
* hdr.ipv4.dstAddr              : LPM       0a001235/32
* standard_metadata.ingress_port: EXACT     0002
Action entry: MyIngress.ipv4_forward - a001235,5,

[06:04:53.509] [bmv2] [T] [thread 247233] bm_table_add_entry
[06:04:53.509] [bmv2] [D] [thread 247233] Entry 118 added to table 'MyIngress.ipv4_lpm'
[06:04:53.509] [bmv2] [D] [thread 247233] Dumping entry 118
Match key:
* hdr.ipv4.dstAddr              : LPM       0a001236/32
* standard_metadata.ingress_port: EXACT     0002
Action entry: MyIngress.ipv4_forward - a001236,6,

[06:04:53.510] [bmv2] [T] [thread 247233] bm_table_add_entry
[06:04:53.510] [bmv2] [D] [thread 247233] Entry 119 added to table 'MyIngress.ipv4_lpm'
[06:04:53.510] [bmv2] [D] [thread 247233] Dumping entry 119
Match key:
* hdr.ipv4.dstAddr              : LPM       0a000101/32
* standard_metadata.ingress_port: EXACT     0003
Action entry: MyIngress.ipv4_forward - a000101,4,

[06:04:53.511] [bmv2] [T] [thread 247233] bm_table_add_entry
[06:04:53.511] [bmv2] [D] [thread 247233] Entry 120 added to table 'MyIngress.ipv4_lpm'
[06:04:53.511] [bmv2] [D] [thread 247233] Dumping entry 120
Match key:
* hdr.ipv4.dstAddr              : LPM       0a000102/32
* standard_metadata.ingress_port: EXACT     0003
Action entry: MyIngress.ipv4_forward - a000102,5,

[06:04:53.511] [bmv2] [T] [thread 247233] bm_table_add_entry
[06:04:53.511] [bmv2] [D] [thread 247233] Entry 121 added to table 'MyIngress.ipv4_lpm'
[06:04:53.511] [bmv2] [D] [thread 247233] Dumping entry 121
Match key:
* hdr.ipv4.dstAddr              : LPM       0a000103/32
* standard_metadata.ingress_port: EXACT     0003
Action entry: MyIngress.ipv4_forward - a000103,6,

[06:04:53.512] [bmv2] [T] [thread 247233] bm_table_add_entry
[06:04:53.512] [bmv2] [D] [thread 247233] Entry 122 added to table 'MyIngress.ipv4_lpm'
[06:04:53.512] [bmv2] [D] [thread 247233] Dumping entry 122
Match key:
* hdr.ipv4.dstAddr              : LPM       0a000204/32
* standard_metadata.ingress_port: EXACT     0003
Action entry: MyIngress.ipv4_forward - a000204,4,

[06:04:53.513] [bmv2] [T] [thread 247233] bm_table_add_entry
[06:04:53.513] [bmv2] [D] [thread 247233] Entry 123 added to table 'MyIngress.ipv4_lpm'
[06:04:53.513] [bmv2] [D] [thread 247233] Dumping entry 123
Match key:
* hdr.ipv4.dstAddr              : LPM       0a000205/32
* standard_metadata.ingress_port: EXACT     0003
Action entry: MyIngress.ipv4_forward - a000205,5,

[06:04:53.514] [bmv2] [T] [thread 247233] bm_table_add_entry
[06:04:53.514] [bmv2] [D] [thread 247233] Entry 124 added to table 'MyIngress.ipv4_lpm'
[06:04:53.514] [bmv2] [D] [thread 247233] Dumping entry 124
Match key:
* hdr.ipv4.dstAddr              : LPM       0a000206/32
* standard_metadata.ingress_port: EXACT     0003
Action entry: MyIngress.ipv4_forward - a000206,6,

[06:04:53.514] [bmv2] [T] [thread 247233] bm_table_add_entry
[06:04:53.514] [bmv2] [D] [thread 247233] Entry 125 added to table 'MyIngress.ipv4_lpm'
[06:04:53.514] [bmv2] [D] [thread 247233] Dumping entry 125
Match key:
* hdr.ipv4.dstAddr              : LPM       0a000307/32
* standard_metadata.ingress_port: EXACT     0003
Action entry: MyIngress.ipv4_forward - a000307,4,

[06:04:53.515] [bmv2] [T] [thread 247233] bm_table_add_entry
[06:04:53.515] [bmv2] [D] [thread 247233] Entry 126 added to table 'MyIngress.ipv4_lpm'
[06:04:53.515] [bmv2] [D] [thread 247233] Dumping entry 126
Match key:
* hdr.ipv4.dstAddr              : LPM       0a000308/32
* standard_metadata.ingress_port: EXACT     0003
Action entry: MyIngress.ipv4_forward - a000308,5,

[06:04:53.516] [bmv2] [T] [thread 247233] bm_table_add_entry
[06:04:53.516] [bmv2] [D] [thread 247233] Entry 127 added to table 'MyIngress.ipv4_lpm'
[06:04:53.516] [bmv2] [D] [thread 247233] Dumping entry 127
Match key:
* hdr.ipv4.dstAddr              : LPM       0a000309/32
* standard_metadata.ingress_port: EXACT     0003
Action entry: MyIngress.ipv4_forward - a000309,6,

[06:04:53.516] [bmv2] [T] [thread 247233] bm_table_add_entry
[06:04:53.517] [bmv2] [D] [thread 247233] Entry 128 added to table 'MyIngress.ipv4_lpm'
[06:04:53.517] [bmv2] [D] [thread 247233] Dumping entry 128
Match key:
* hdr.ipv4.dstAddr              : LPM       0a00040a/32
* standard_metadata.ingress_port: EXACT     0003
Action entry: MyIngress.ipv4_forward - a00040a,4,

[06:04:53.517] [bmv2] [T] [thread 247233] bm_table_add_entry
[06:04:53.517] [bmv2] [D] [thread 247233] Entry 129 added to table 'MyIngress.ipv4_lpm'
[06:04:53.517] [bmv2] [D] [thread 247233] Dumping entry 129
Match key:
* hdr.ipv4.dstAddr              : LPM       0a00040b/32
* standard_metadata.ingress_port: EXACT     0003
Action entry: MyIngress.ipv4_forward - a00040b,5,

[06:04:53.518] [bmv2] [T] [thread 247233] bm_table_add_entry
[06:04:53.518] [bmv2] [D] [thread 247233] Entry 130 added to table 'MyIngress.ipv4_lpm'
[06:04:53.518] [bmv2] [D] [thread 247233] Dumping entry 130
Match key:
* hdr.ipv4.dstAddr              : LPM       0a00040c/32
* standard_metadata.ingress_port: EXACT     0003
Action entry: MyIngress.ipv4_forward - a00040c,6,

[06:04:53.519] [bmv2] [T] [thread 247233] bm_table_add_entry
[06:04:53.519] [bmv2] [D] [thread 247233] Entry 131 added to table 'MyIngress.ipv4_lpm'
[06:04:53.519] [bmv2] [D] [thread 247233] Dumping entry 131
Match key:
* hdr.ipv4.dstAddr              : LPM       0a00050d/32
* standard_metadata.ingress_port: EXACT     0003
Action entry: MyIngress.ipv4_forward - a00050d,4,

[06:04:53.519] [bmv2] [T] [thread 247233] bm_table_add_entry
[06:04:53.520] [bmv2] [D] [thread 247233] Entry 132 added to table 'MyIngress.ipv4_lpm'
[06:04:53.520] [bmv2] [D] [thread 247233] Dumping entry 132
Match key:
* hdr.ipv4.dstAddr              : LPM       0a00050e/32
* standard_metadata.ingress_port: EXACT     0003
Action entry: MyIngress.ipv4_forward - a00050e,5,

[06:04:53.520] [bmv2] [T] [thread 247233] bm_table_add_entry
[06:04:53.520] [bmv2] [D] [thread 247233] Entry 133 added to table 'MyIngress.ipv4_lpm'
[06:04:53.520] [bmv2] [D] [thread 247233] Dumping entry 133
Match key:
* hdr.ipv4.dstAddr              : LPM       0a00050f/32
* standard_metadata.ingress_port: EXACT     0003
Action entry: MyIngress.ipv4_forward - a00050f,6,

[06:04:53.521] [bmv2] [T] [thread 247233] bm_table_add_entry
[06:04:53.521] [bmv2] [D] [thread 247233] Entry 134 added to table 'MyIngress.ipv4_lpm'
[06:04:53.521] [bmv2] [D] [thread 247233] Dumping entry 134
Match key:
* hdr.ipv4.dstAddr              : LPM       0a000610/32
* standard_metadata.ingress_port: EXACT     0003
Action entry: MyIngress.ipv4_forward - a000610,4,

[06:04:53.522] [bmv2] [T] [thread 247233] bm_table_add_entry
[06:04:53.522] [bmv2] [D] [thread 247233] Entry 135 added to table 'MyIngress.ipv4_lpm'
[06:04:53.522] [bmv2] [D] [thread 247233] Dumping entry 135
Match key:
* hdr.ipv4.dstAddr              : LPM       0a000611/32
* standard_metadata.ingress_port: EXACT     0003
Action entry: MyIngress.ipv4_forward - a000611,5,

[06:04:53.522] [bmv2] [T] [thread 247233] bm_table_add_entry
[06:04:53.522] [bmv2] [D] [thread 247233] Entry 136 added to table 'MyIngress.ipv4_lpm'
[06:04:53.522] [bmv2] [D] [thread 247233] Dumping entry 136
Match key:
* hdr.ipv4.dstAddr              : LPM       0a000612/32
* standard_metadata.ingress_port: EXACT     0003
Action entry: MyIngress.ipv4_forward - a000612,6,

[06:04:53.523] [bmv2] [T] [thread 247233] bm_table_add_entry
[06:04:53.523] [bmv2] [D] [thread 247233] Entry 137 added to table 'MyIngress.ipv4_lpm'
[06:04:53.523] [bmv2] [D] [thread 247233] Dumping entry 137
Match key:
* hdr.ipv4.dstAddr              : LPM       0a000713/32
* standard_metadata.ingress_port: EXACT     0003
Action entry: MyIngress.ipv4_forward - a000713,4,

[06:04:53.524] [bmv2] [T] [thread 247233] bm_table_add_entry
[06:04:53.524] [bmv2] [D] [thread 247233] Entry 138 added to table 'MyIngress.ipv4_lpm'
[06:04:53.524] [bmv2] [D] [thread 247233] Dumping entry 138
Match key:
* hdr.ipv4.dstAddr              : LPM       0a000714/32
* standard_metadata.ingress_port: EXACT     0003
Action entry: MyIngress.ipv4_forward - a000714,5,

[06:04:53.525] [bmv2] [T] [thread 247233] bm_table_add_entry
[06:04:53.525] [bmv2] [D] [thread 247233] Entry 139 added to table 'MyIngress.ipv4_lpm'
[06:04:53.525] [bmv2] [D] [thread 247233] Dumping entry 139
Match key:
* hdr.ipv4.dstAddr              : LPM       0a000715/32
* standard_metadata.ingress_port: EXACT     0003
Action entry: MyIngress.ipv4_forward - a000715,6,

[06:04:53.525] [bmv2] [T] [thread 247233] bm_table_add_entry
[06:04:53.526] [bmv2] [D] [thread 247233] Entry 140 added to table 'MyIngress.ipv4_lpm'
[06:04:53.526] [bmv2] [D] [thread 247233] Dumping entry 140
Match key:
* hdr.ipv4.dstAddr              : LPM       0a000816/32
* standard_metadata.ingress_port: EXACT     0003
Action entry: MyIngress.ipv4_forward - a000816,4,

[06:04:53.526] [bmv2] [T] [thread 247233] bm_table_add_entry
[06:04:53.526] [bmv2] [D] [thread 247233] Entry 141 added to table 'MyIngress.ipv4_lpm'
[06:04:53.526] [bmv2] [D] [thread 247233] Dumping entry 141
Match key:
* hdr.ipv4.dstAddr              : LPM       0a000817/32
* standard_metadata.ingress_port: EXACT     0003
Action entry: MyIngress.ipv4_forward - a000817,5,

[06:04:53.527] [bmv2] [T] [thread 247233] bm_table_add_entry
[06:04:53.527] [bmv2] [D] [thread 247233] Entry 142 added to table 'MyIngress.ipv4_lpm'
[06:04:53.527] [bmv2] [D] [thread 247233] Dumping entry 142
Match key:
* hdr.ipv4.dstAddr              : LPM       0a000818/32
* standard_metadata.ingress_port: EXACT     0003
Action entry: MyIngress.ipv4_forward - a000818,6,

[06:04:53.527] [bmv2] [T] [thread 247233] bm_table_add_entry
[06:04:53.528] [bmv2] [D] [thread 247233] Entry 143 added to table 'MyIngress.ipv4_lpm'
[06:04:53.528] [bmv2] [D] [thread 247233] Dumping entry 143
Match key:
* hdr.ipv4.dstAddr              : LPM       0a000919/32
* standard_metadata.ingress_port: EXACT     0003
Action entry: MyIngress.ipv4_forward - a000919,4,

[06:04:53.528] [bmv2] [T] [thread 247233] bm_table_add_entry
[06:04:53.529] [bmv2] [D] [thread 247233] Entry 144 added to table 'MyIngress.ipv4_lpm'
[06:04:53.529] [bmv2] [D] [thread 247233] Dumping entry 144
Match key:
* hdr.ipv4.dstAddr              : LPM       0a00091a/32
* standard_metadata.ingress_port: EXACT     0003
Action entry: MyIngress.ipv4_forward - a00091a,5,

[06:04:53.529] [bmv2] [T] [thread 247233] bm_table_add_entry
[06:04:53.529] [bmv2] [D] [thread 247233] Entry 145 added to table 'MyIngress.ipv4_lpm'
[06:04:53.529] [bmv2] [D] [thread 247233] Dumping entry 145
Match key:
* hdr.ipv4.dstAddr              : LPM       0a00091b/32
* standard_metadata.ingress_port: EXACT     0003
Action entry: MyIngress.ipv4_forward - a00091b,6,

[06:04:53.530] [bmv2] [T] [thread 247233] bm_table_add_entry
[06:04:53.530] [bmv2] [D] [thread 247233] Entry 146 added to table 'MyIngress.ipv4_lpm'
[06:04:53.530] [bmv2] [D] [thread 247233] Dumping entry 146
Match key:
* hdr.ipv4.dstAddr              : LPM       0a000a1c/32
* standard_metadata.ingress_port: EXACT     0003
Action entry: MyIngress.ipv4_forward - a000a1c,4,

[06:04:53.530] [bmv2] [T] [thread 247233] bm_table_add_entry
[06:04:53.531] [bmv2] [D] [thread 247233] Entry 147 added to table 'MyIngress.ipv4_lpm'
[06:04:53.531] [bmv2] [D] [thread 247233] Dumping entry 147
Match key:
* hdr.ipv4.dstAddr              : LPM       0a000a1d/32
* standard_metadata.ingress_port: EXACT     0003
Action entry: MyIngress.ipv4_forward - a000a1d,5,

[06:04:53.531] [bmv2] [T] [thread 247233] bm_table_add_entry
[06:04:53.531] [bmv2] [D] [thread 247233] Entry 148 added to table 'MyIngress.ipv4_lpm'
[06:04:53.531] [bmv2] [D] [thread 247233] Dumping entry 148
Match key:
* hdr.ipv4.dstAddr              : LPM       0a000a1e/32
* standard_metadata.ingress_port: EXACT     0003
Action entry: MyIngress.ipv4_forward - a000a1e,6,

[06:04:53.532] [bmv2] [T] [thread 247233] bm_table_add_entry
[06:04:53.532] [bmv2] [D] [thread 247233] Entry 149 added to table 'MyIngress.ipv4_lpm'
[06:04:53.532] [bmv2] [D] [thread 247233] Dumping entry 149
Match key:
* hdr.ipv4.dstAddr              : LPM       0a000b1f/32
* standard_metadata.ingress_port: EXACT     0003
Action entry: MyIngress.ipv4_forward - a000b1f,4,

[06:04:53.533] [bmv2] [T] [thread 247233] bm_table_add_entry
[06:04:53.533] [bmv2] [D] [thread 247233] Entry 150 added to table 'MyIngress.ipv4_lpm'
[06:04:53.533] [bmv2] [D] [thread 247233] Dumping entry 150
Match key:
* hdr.ipv4.dstAddr              : LPM       0a000b20/32
* standard_metadata.ingress_port: EXACT     0003
Action entry: MyIngress.ipv4_forward - a000b20,5,

[06:04:53.533] [bmv2] [T] [thread 247233] bm_table_add_entry
[06:04:53.534] [bmv2] [D] [thread 247233] Entry 151 added to table 'MyIngress.ipv4_lpm'
[06:04:53.534] [bmv2] [D] [thread 247233] Dumping entry 151
Match key:
* hdr.ipv4.dstAddr              : LPM       0a000b21/32
* standard_metadata.ingress_port: EXACT     0003
Action entry: MyIngress.ipv4_forward - a000b21,6,

[06:04:53.534] [bmv2] [T] [thread 247233] bm_table_add_entry
[06:04:53.534] [bmv2] [E] [thread 247233] Error when trying to add entry to table 'MyIngress.ipv4_lpm': DUPLICATE_ENTRY
[06:04:53.535] [bmv2] [T] [thread 247233] bm_table_add_entry
[06:04:53.535] [bmv2] [E] [thread 247233] Error when trying to add entry to table 'MyIngress.ipv4_lpm': DUPLICATE_ENTRY
[06:04:53.536] [bmv2] [T] [thread 247233] bm_table_add_entry
[06:04:53.536] [bmv2] [D] [thread 247233] Entry 152 added to table 'MyIngress.ipv4_lpm'
[06:04:53.536] [bmv2] [D] [thread 247233] Dumping entry 152
Match key:
* hdr.ipv4.dstAddr              : LPM       0a000c24/32
* standard_metadata.ingress_port: EXACT     0003
Action entry: MyIngress.ipv4_forward - a000c24,3,

[06:04:53.536] [bmv2] [T] [thread 247233] bm_table_add_entry
[06:04:53.537] [bmv2] [D] [thread 247233] Entry 153 added to table 'MyIngress.ipv4_lpm'
[06:04:53.537] [bmv2] [D] [thread 247233] Dumping entry 153
Match key:
* hdr.ipv4.dstAddr              : LPM       0a000d25/32
* standard_metadata.ingress_port: EXACT     0003
Action entry: MyIngress.ipv4_forward - a000d25,4,

[06:04:53.537] [bmv2] [T] [thread 247233] bm_table_add_entry
[06:04:53.537] [bmv2] [D] [thread 247233] Entry 154 added to table 'MyIngress.ipv4_lpm'
[06:04:53.537] [bmv2] [D] [thread 247233] Dumping entry 154
Match key:
* hdr.ipv4.dstAddr              : LPM       0a000d26/32
* standard_metadata.ingress_port: EXACT     0003
Action entry: MyIngress.ipv4_forward - a000d26,5,

[06:04:53.538] [bmv2] [T] [thread 247233] bm_table_add_entry
[06:04:53.538] [bmv2] [D] [thread 247233] Entry 155 added to table 'MyIngress.ipv4_lpm'
[06:04:53.538] [bmv2] [D] [thread 247233] Dumping entry 155
Match key:
* hdr.ipv4.dstAddr              : LPM       0a000d27/32
* standard_metadata.ingress_port: EXACT     0003
Action entry: MyIngress.ipv4_forward - a000d27,6,

[06:04:53.539] [bmv2] [T] [thread 247233] bm_table_add_entry
[06:04:53.539] [bmv2] [D] [thread 247233] Entry 156 added to table 'MyIngress.ipv4_lpm'
[06:04:53.539] [bmv2] [D] [thread 247233] Dumping entry 156
Match key:
* hdr.ipv4.dstAddr              : LPM       0a000e28/32
* standard_metadata.ingress_port: EXACT     0003
Action entry: MyIngress.ipv4_forward - a000e28,4,

[06:04:53.539] [bmv2] [T] [thread 247233] bm_table_add_entry
[06:04:53.540] [bmv2] [D] [thread 247233] Entry 157 added to table 'MyIngress.ipv4_lpm'
[06:04:53.540] [bmv2] [D] [thread 247233] Dumping entry 157
Match key:
* hdr.ipv4.dstAddr              : LPM       0a000e29/32
* standard_metadata.ingress_port: EXACT     0003
Action entry: MyIngress.ipv4_forward - a000e29,5,

[06:04:53.540] [bmv2] [T] [thread 247233] bm_table_add_entry
[06:04:53.540] [bmv2] [D] [thread 247233] Entry 158 added to table 'MyIngress.ipv4_lpm'
[06:04:53.540] [bmv2] [D] [thread 247233] Dumping entry 158
Match key:
* hdr.ipv4.dstAddr              : LPM       0a000e2a/32
* standard_metadata.ingress_port: EXACT     0003
Action entry: MyIngress.ipv4_forward - a000e2a,6,

[06:04:53.541] [bmv2] [T] [thread 247233] bm_table_add_entry
[06:04:53.541] [bmv2] [D] [thread 247233] Entry 159 added to table 'MyIngress.ipv4_lpm'
[06:04:53.541] [bmv2] [D] [thread 247233] Dumping entry 159
Match key:
* hdr.ipv4.dstAddr              : LPM       0a000f2b/32
* standard_metadata.ingress_port: EXACT     0003
Action entry: MyIngress.ipv4_forward - a000f2b,4,

[06:04:53.542] [bmv2] [T] [thread 247233] bm_table_add_entry
[06:04:53.542] [bmv2] [D] [thread 247233] Entry 160 added to table 'MyIngress.ipv4_lpm'
[06:04:53.542] [bmv2] [D] [thread 247233] Dumping entry 160
Match key:
* hdr.ipv4.dstAddr              : LPM       0a000f2c/32
* standard_metadata.ingress_port: EXACT     0003
Action entry: MyIngress.ipv4_forward - a000f2c,5,

[06:04:53.542] [bmv2] [T] [thread 247233] bm_table_add_entry
[06:04:53.543] [bmv2] [D] [thread 247233] Entry 161 added to table 'MyIngress.ipv4_lpm'
[06:04:53.543] [bmv2] [D] [thread 247233] Dumping entry 161
Match key:
* hdr.ipv4.dstAddr              : LPM       0a000f2d/32
* standard_metadata.ingress_port: EXACT     0003
Action entry: MyIngress.ipv4_forward - a000f2d,6,

[06:04:53.543] [bmv2] [T] [thread 247233] bm_table_add_entry
[06:04:53.543] [bmv2] [D] [thread 247233] Entry 162 added to table 'MyIngress.ipv4_lpm'
[06:04:53.543] [bmv2] [D] [thread 247233] Dumping entry 162
Match key:
* hdr.ipv4.dstAddr              : LPM       0a00102e/32
* standard_metadata.ingress_port: EXACT     0003
Action entry: MyIngress.ipv4_forward - a00102e,4,

[06:04:53.544] [bmv2] [T] [thread 247233] bm_table_add_entry
[06:04:53.544] [bmv2] [D] [thread 247233] Entry 163 added to table 'MyIngress.ipv4_lpm'
[06:04:53.544] [bmv2] [D] [thread 247233] Dumping entry 163
Match key:
* hdr.ipv4.dstAddr              : LPM       0a00102f/32
* standard_metadata.ingress_port: EXACT     0003
Action entry: MyIngress.ipv4_forward - a00102f,5,

[06:04:53.545] [bmv2] [T] [thread 247233] bm_table_add_entry
[06:04:53.545] [bmv2] [D] [thread 247233] Entry 164 added to table 'MyIngress.ipv4_lpm'
[06:04:53.545] [bmv2] [D] [thread 247233] Dumping entry 164
Match key:
* hdr.ipv4.dstAddr              : LPM       0a001030/32
* standard_metadata.ingress_port: EXACT     0003
Action entry: MyIngress.ipv4_forward - a001030,6,

[06:04:53.545] [bmv2] [T] [thread 247233] bm_table_add_entry
[06:04:53.546] [bmv2] [D] [thread 247233] Entry 165 added to table 'MyIngress.ipv4_lpm'
[06:04:53.546] [bmv2] [D] [thread 247233] Dumping entry 165
Match key:
* hdr.ipv4.dstAddr              : LPM       0a001131/32
* standard_metadata.ingress_port: EXACT     0003
Action entry: MyIngress.ipv4_forward - a001131,4,

[06:04:53.546] [bmv2] [T] [thread 247233] bm_table_add_entry
[06:04:53.546] [bmv2] [D] [thread 247233] Entry 166 added to table 'MyIngress.ipv4_lpm'
[06:04:53.546] [bmv2] [D] [thread 247233] Dumping entry 166
Match key:
* hdr.ipv4.dstAddr              : LPM       0a001132/32
* standard_metadata.ingress_port: EXACT     0003
Action entry: MyIngress.ipv4_forward - a001132,5,

[06:04:53.547] [bmv2] [T] [thread 247233] bm_table_add_entry
[06:04:53.547] [bmv2] [D] [thread 247233] Entry 167 added to table 'MyIngress.ipv4_lpm'
[06:04:53.547] [bmv2] [D] [thread 247233] Dumping entry 167
Match key:
* hdr.ipv4.dstAddr              : LPM       0a001133/32
* standard_metadata.ingress_port: EXACT     0003
Action entry: MyIngress.ipv4_forward - a001133,6,

[06:04:53.548] [bmv2] [T] [thread 247233] bm_table_add_entry
[06:04:53.548] [bmv2] [D] [thread 247233] Entry 168 added to table 'MyIngress.ipv4_lpm'
[06:04:53.548] [bmv2] [D] [thread 247233] Dumping entry 168
Match key:
* hdr.ipv4.dstAddr              : LPM       0a001234/32
* standard_metadata.ingress_port: EXACT     0003
Action entry: MyIngress.ipv4_forward - a001234,4,

[06:04:53.548] [bmv2] [T] [thread 247233] bm_table_add_entry
[06:04:53.549] [bmv2] [D] [thread 247233] Entry 169 added to table 'MyIngress.ipv4_lpm'
[06:04:53.549] [bmv2] [D] [thread 247233] Dumping entry 169
Match key:
* hdr.ipv4.dstAddr              : LPM       0a001235/32
* standard_metadata.ingress_port: EXACT     0003
Action entry: MyIngress.ipv4_forward - a001235,5,

[06:04:53.549] [bmv2] [T] [thread 247233] bm_table_add_entry
[06:04:53.549] [bmv2] [D] [thread 247233] Entry 170 added to table 'MyIngress.ipv4_lpm'
[06:04:53.549] [bmv2] [D] [thread 247233] Dumping entry 170
Match key:
* hdr.ipv4.dstAddr              : LPM       0a001236/32
* standard_metadata.ingress_port: EXACT     0003
Action entry: MyIngress.ipv4_forward - a001236,6,

[06:04:53.550] [bmv2] [T] [thread 247233] bm_set_default_action
[06:04:53.550] [bmv2] [D] [thread 247233] Set default entry for table 'MyEgress.tbl_prime': MyEgress.prime_multiply - 25,
[06:04:53.551] [bmv2] [T] [thread 247233] bm_set_default_action
[06:04:53.551] [bmv2] [D] [thread 247233] Set default entry for table 'MyEgress.swtrace': MyEgress.add_swtrace - c,
