Calling target program-options parser
[10:50:54.576] [bmv2] [D] [thread 5741] Set default default entry for table 'MyIngress.ipv4_lpm': MyIngress.drop - 
[10:50:54.578] [bmv2] [D] [thread 5741] Set default default entry for table 'MyIngress.tb_set_role': NoAction - 
[10:50:54.578] [bmv2] [D] [thread 5741] Set default default entry for table 'MyEgress.tbl_prime': NoAction - 
[10:50:54.578] [bmv2] [D] [thread 5741] Set default default entry for table 'MyEgress.swtrace': NoAction - 
Adding interface s4-eth1 as port 1
[10:50:54.584] [bmv2] [D] [thread 5741] Adding interface s4-eth1 as port 1
Adding interface s4-eth2 as port 2
[10:50:54.602] [bmv2] [D] [thread 5741] Adding interface s4-eth2 as port 2
Adding interface s4-eth3 as port 3
[10:50:54.611] [bmv2] [D] [thread 5741] Adding interface s4-eth3 as port 3
Server listening on 0.0.0.0:9562
[10:50:54.622] [bmv2] [I] [thread 5741] Starting Thrift server on port 9093
[10:50:54.623] [bmv2] [I] [thread 5741] Thrift server was started
[10:50:54.624] [bmv2] [D] [thread 5751] [0.0] [cxt 0] Processing packet received on port 1
[10:50:54.624] [bmv2] [D] [thread 5751] [0.0] [cxt 0] Parser 'parser': start
[10:50:54.624] [bmv2] [D] [thread 5751] [0.0] [cxt 0] Parser 'parser' entering state 'start'
[10:50:54.624] [bmv2] [D] [thread 5751] [0.0] [cxt 0] Extracting header 'ethernet'
[10:50:54.624] [bmv2] [D] [thread 5751] [0.0] [cxt 0] Parser state 'start': key is 86dd
[10:50:54.624] [bmv2] [T] [thread 5751] [0.0] [cxt 0] Bytes parsed: 14
[10:50:54.624] [bmv2] [D] [thread 5751] [0.0] [cxt 0] Parser 'parser': end
[10:50:54.624] [bmv2] [D] [thread 5751] [0.0] [cxt 0] Pipeline 'ingress': start
[10:50:54.624] [bmv2] [T] [thread 5751] [0.0] [cxt 0] /home/forcn/competition/application/topo/demo/p4src/switch.p4(291) Condition "hdr.ipv4.isValid()" (node_2) is false
[10:50:54.624] [bmv2] [T] [thread 5751] [0.0] [cxt 0] Applying table 'MyIngress.tb_set_role'
[10:50:54.624] [bmv2] [D] [thread 5751] [0.0] [cxt 0] Looking up key:
* standard_metadata.ingress_port: 0001

[10:50:54.624] [bmv2] [D] [thread 5751] [0.0] [cxt 0] Table 'MyIngress.tb_set_role': miss
[10:50:54.624] [bmv2] [D] [thread 5751] [0.0] [cxt 0] Action entry is NoAction - 
[10:50:54.624] [bmv2] [T] [thread 5751] [0.0] [cxt 0] Action NoAction
[10:50:54.624] [bmv2] [D] [thread 5751] [0.0] [cxt 0] Pipeline 'ingress': end
[10:50:54.624] [bmv2] [D] [thread 5751] [0.0] [cxt 0] Egress port is 0
[10:50:54.625] [bmv2] [D] [thread 5752] [0.0] [cxt 0] Pipeline 'egress': start
[10:50:54.625] [bmv2] [T] [thread 5752] [0.0] [cxt 0] /home/forcn/competition/application/topo/demo/p4src/switch.p4(381) Condition "hdr.tag.isValid()" (node_7) is false
[10:50:54.625] [bmv2] [T] [thread 5752] [0.0] [cxt 0] /home/forcn/competition/application/topo/demo/p4src/switch.p4(386) Condition "hdr.mri.isValid()" (node_9) is false
[10:50:54.625] [bmv2] [D] [thread 5752] [0.0] [cxt 0] Pipeline 'egress': end
[10:50:54.625] [bmv2] [D] [thread 5752] [0.0] [cxt 0] Deparser 'deparser': start
[10:50:54.625] [bmv2] [T] [thread 5752] [0.0] [cxt 0] Skipping checksum 'cksum' update because condition not met
[10:50:54.625] [bmv2] [D] [thread 5752] [0.0] [cxt 0] Deparsing header 'ethernet'
[10:50:54.625] [bmv2] [D] [thread 5752] [0.0] [cxt 0] Deparser 'deparser': end
[10:50:54.626] [bmv2] [D] [thread 5756] [0.0] [cxt 0] Transmitting packet of size 110 out of port 0
[10:50:55.283] [bmv2] [T] [thread 5815] bm_get_config
[10:50:55.285] [bmv2] [T] [thread 5815] bm_table_add_entry
[10:50:55.286] [bmv2] [D] [thread 5815] Entry 0 added to table 'MyIngress.ipv4_lpm'
[10:50:55.286] [bmv2] [D] [thread 5815] Dumping entry 0
Match key:
* hdr.ipv4.dstAddr              : LPM       0a000402/32
* standard_metadata.ingress_port: EXACT     0002
Action entry: MyIngress.ipv4_forward - a000402,1,

[10:50:55.286] [bmv2] [T] [thread 5815] bm_table_add_entry
[10:50:55.286] [bmv2] [D] [thread 5815] Entry 1 added to table 'MyIngress.ipv4_lpm'
[10:50:55.286] [bmv2] [D] [thread 5815] Dumping entry 1
Match key:
* hdr.ipv4.dstAddr              : LPM       0a000403/32
* standard_metadata.ingress_port: EXACT     0002
Action entry: MyIngress.ipv4_forward - a000402,1,

[10:50:55.287] [bmv2] [T] [thread 5815] bm_table_add_entry
[10:50:55.287] [bmv2] [D] [thread 5815] Entry 2 added to table 'MyIngress.ipv4_lpm'
[10:50:55.287] [bmv2] [D] [thread 5815] Dumping entry 2
Match key:
* hdr.ipv4.dstAddr              : LPM       0a000403/32
* standard_metadata.ingress_port: EXACT     0003
Action entry: MyIngress.ipv4_forward - a000402,1,

[10:50:55.287] [bmv2] [T] [thread 5815] bm_table_add_entry
[10:50:55.287] [bmv2] [D] [thread 5815] Entry 3 added to table 'MyIngress.ipv4_lpm'
[10:50:55.287] [bmv2] [D] [thread 5815] Dumping entry 3
Match key:
* hdr.ipv4.dstAddr              : LPM       0a000101/32
* standard_metadata.ingress_port: EXACT     0001
Action entry: MyIngress.ipv4_forward - a000101,3,

[10:50:55.287] [bmv2] [T] [thread 5815] bm_set_default_action
[10:50:55.288] [bmv2] [D] [thread 5815] Set default entry for table 'MyEgress.tbl_prime': MyEgress.prime_multiply - 7,
[10:50:55.288] [bmv2] [T] [thread 5815] bm_set_default_action
[10:50:55.288] [bmv2] [D] [thread 5815] Set default entry for table 'MyEgress.swtrace': MyEgress.add_swtrace - 4,
[10:50:57.985] [bmv2] [D] [thread 5751] [1.0] [cxt 0] Processing packet received on port 2
[10:50:57.985] [bmv2] [D] [thread 5751] [1.0] [cxt 0] Parser 'parser': start
[10:50:57.985] [bmv2] [D] [thread 5751] [1.0] [cxt 0] Parser 'parser' entering state 'start'
[10:50:57.985] [bmv2] [D] [thread 5751] [1.0] [cxt 0] Extracting header 'ethernet'
[10:50:57.985] [bmv2] [D] [thread 5751] [1.0] [cxt 0] Parser state 'start': key is 0800
[10:50:57.985] [bmv2] [T] [thread 5751] [1.0] [cxt 0] Bytes parsed: 14
[10:50:57.985] [bmv2] [D] [thread 5751] [1.0] [cxt 0] Parser 'parser' entering state 'parse_ipv4'
[10:50:57.985] [bmv2] [D] [thread 5751] [1.0] [cxt 0] Extracting header 'ipv4'
[10:50:57.985] [bmv2] [D] [thread 5751] [1.0] [cxt 0] Parser set: setting field 'scalars.tmp' from expression, new value is 1
[10:50:57.985] [bmv2] [D] [thread 5751] [1.0] [cxt 0] Parser state 'parse_ipv4': key is 05
[10:50:57.985] [bmv2] [T] [thread 5751] [1.0] [cxt 0] Bytes parsed: 34
[10:50:57.985] [bmv2] [D] [thread 5751] [1.0] [cxt 0] Parser 'parser' entering state 'parse_next_protocol'
[10:50:57.985] [bmv2] [D] [thread 5751] [1.0] [cxt 0] Parser state 'parse_next_protocol': key is 01
[10:50:57.985] [bmv2] [T] [thread 5751] [1.0] [cxt 0] Bytes parsed: 34
[10:50:57.985] [bmv2] [D] [thread 5751] [1.0] [cxt 0] Parser 'parser': end
[10:50:57.985] [bmv2] [D] [thread 5751] [1.0] [cxt 0] Pipeline 'ingress': start
[10:50:57.985] [bmv2] [T] [thread 5751] [1.0] [cxt 0] /home/forcn/competition/application/topo/demo/p4src/switch.p4(291) Condition "hdr.ipv4.isValid()" (node_2) is true
[10:50:57.985] [bmv2] [T] [thread 5751] [1.0] [cxt 0] Applying table 'MyIngress.ipv4_lpm'
[10:50:57.985] [bmv2] [D] [thread 5751] [1.0] [cxt 0] Looking up key:
* hdr.ipv4.dstAddr              : 0a000402
* standard_metadata.ingress_port: 0002

[10:50:57.985] [bmv2] [D] [thread 5751] [1.0] [cxt 0] Table 'MyIngress.ipv4_lpm': hit with handle 0
[10:50:57.985] [bmv2] [D] [thread 5751] [1.0] [cxt 0] Dumping entry 0
Match key:
* hdr.ipv4.dstAddr              : LPM       0a000402/32
* standard_metadata.ingress_port: EXACT     0002
Action entry: MyIngress.ipv4_forward - a000402,1,

[10:50:57.985] [bmv2] [D] [thread 5751] [1.0] [cxt 0] Action entry is MyIngress.ipv4_forward - a000402,1,
[10:50:57.985] [bmv2] [T] [thread 5751] [1.0] [cxt 0] Action MyIngress.ipv4_forward
[10:50:57.985] [bmv2] [T] [thread 5751] [1.0] [cxt 0] /home/forcn/competition/application/topo/demo/p4src/switch.p4(243) Primitive standard_metadata.egress_spec = port
[10:50:57.985] [bmv2] [T] [thread 5751] [1.0] [cxt 0] /home/forcn/competition/application/topo/demo/p4src/switch.p4(244) Primitive standard_metadata.egress_port = port
[10:50:57.985] [bmv2] [T] [thread 5751] [1.0] [cxt 0] /home/forcn/competition/application/topo/demo/p4src/switch.p4(246) Primitive hdr.ethernet.srcAddr = hdr.ethernet.dstAddr
[10:50:57.985] [bmv2] [T] [thread 5751] [1.0] [cxt 0] /home/forcn/competition/application/topo/demo/p4src/switch.p4(247) Primitive hdr.ethernet.dstAddr = dstAddr
[10:50:57.985] [bmv2] [T] [thread 5751] [1.0] [cxt 0] /home/forcn/competition/application/topo/demo/p4src/switch.p4(248) Primitive hdr.ipv4.ttl = hdr.ipv4.ttl - 1
[10:50:57.985] [bmv2] [T] [thread 5751] [1.0] [cxt 0] Applying table 'MyIngress.tb_set_role'
[10:50:57.985] [bmv2] [D] [thread 5751] [1.0] [cxt 0] Looking up key:
* standard_metadata.ingress_port: 0002

[10:50:57.985] [bmv2] [D] [thread 5751] [1.0] [cxt 0] Table 'MyIngress.tb_set_role': miss
[10:50:57.985] [bmv2] [D] [thread 5751] [1.0] [cxt 0] Action entry is NoAction - 
[10:50:57.985] [bmv2] [T] [thread 5751] [1.0] [cxt 0] Action NoAction
[10:50:57.985] [bmv2] [D] [thread 5751] [1.0] [cxt 0] Pipeline 'ingress': end
[10:50:57.985] [bmv2] [D] [thread 5751] [1.0] [cxt 0] Egress port is 1
[10:50:57.985] [bmv2] [D] [thread 5753] [1.0] [cxt 0] Pipeline 'egress': start
[10:50:57.985] [bmv2] [T] [thread 5753] [1.0] [cxt 0] /home/forcn/competition/application/topo/demo/p4src/switch.p4(381) Condition "hdr.tag.isValid()" (node_7) is false
[10:50:57.985] [bmv2] [T] [thread 5753] [1.0] [cxt 0] /home/forcn/competition/application/topo/demo/p4src/switch.p4(386) Condition "hdr.mri.isValid()" (node_9) is false
[10:50:57.985] [bmv2] [D] [thread 5753] [1.0] [cxt 0] Pipeline 'egress': end
[10:50:57.985] [bmv2] [D] [thread 5753] [1.0] [cxt 0] Deparser 'deparser': start
[10:50:57.985] [bmv2] [D] [thread 5753] [1.0] [cxt 0] Updating checksum 'cksum'
[10:50:57.985] [bmv2] [D] [thread 5753] [1.0] [cxt 0] Deparsing header 'ethernet'
[10:50:57.985] [bmv2] [D] [thread 5753] [1.0] [cxt 0] Deparsing header 'ipv4'
[10:50:57.985] [bmv2] [D] [thread 5753] [1.0] [cxt 0] Deparser 'deparser': end
[10:50:57.986] [bmv2] [D] [thread 5756] [1.0] [cxt 0] Transmitting packet of size 98 out of port 1
[10:50:57.987] [bmv2] [D] [thread 5751] [2.0] [cxt 0] Processing packet received on port 1
[10:50:57.987] [bmv2] [D] [thread 5751] [2.0] [cxt 0] Parser 'parser': start
[10:50:57.987] [bmv2] [D] [thread 5751] [2.0] [cxt 0] Parser 'parser' entering state 'start'
[10:50:57.987] [bmv2] [D] [thread 5751] [2.0] [cxt 0] Extracting header 'ethernet'
[10:50:57.987] [bmv2] [D] [thread 5751] [2.0] [cxt 0] Parser state 'start': key is 0800
[10:50:57.987] [bmv2] [T] [thread 5751] [2.0] [cxt 0] Bytes parsed: 14
[10:50:57.987] [bmv2] [D] [thread 5751] [2.0] [cxt 0] Parser 'parser' entering state 'parse_ipv4'
[10:50:57.987] [bmv2] [D] [thread 5751] [2.0] [cxt 0] Extracting header 'ipv4'
[10:50:57.987] [bmv2] [D] [thread 5751] [2.0] [cxt 0] Parser set: setting field 'scalars.tmp' from expression, new value is 1
[10:50:57.987] [bmv2] [D] [thread 5751] [2.0] [cxt 0] Parser state 'parse_ipv4': key is 05
[10:50:57.987] [bmv2] [T] [thread 5751] [2.0] [cxt 0] Bytes parsed: 34
[10:50:57.987] [bmv2] [D] [thread 5751] [2.0] [cxt 0] Parser 'parser' entering state 'parse_next_protocol'
[10:50:57.987] [bmv2] [D] [thread 5751] [2.0] [cxt 0] Parser state 'parse_next_protocol': key is 01
[10:50:57.988] [bmv2] [T] [thread 5751] [2.0] [cxt 0] Bytes parsed: 34
[10:50:57.988] [bmv2] [D] [thread 5751] [2.0] [cxt 0] Parser 'parser': end
[10:50:57.988] [bmv2] [D] [thread 5751] [2.0] [cxt 0] Pipeline 'ingress': start
[10:50:57.988] [bmv2] [T] [thread 5751] [2.0] [cxt 0] /home/forcn/competition/application/topo/demo/p4src/switch.p4(291) Condition "hdr.ipv4.isValid()" (node_2) is true
[10:50:57.988] [bmv2] [T] [thread 5751] [2.0] [cxt 0] Applying table 'MyIngress.ipv4_lpm'
[10:50:57.988] [bmv2] [D] [thread 5751] [2.0] [cxt 0] Looking up key:
* hdr.ipv4.dstAddr              : 0a000101
* standard_metadata.ingress_port: 0001

[10:50:57.988] [bmv2] [D] [thread 5751] [2.0] [cxt 0] Table 'MyIngress.ipv4_lpm': hit with handle 3
[10:50:57.988] [bmv2] [D] [thread 5751] [2.0] [cxt 0] Dumping entry 3
Match key:
* hdr.ipv4.dstAddr              : LPM       0a000101/32
* standard_metadata.ingress_port: EXACT     0001
Action entry: MyIngress.ipv4_forward - a000101,3,

[10:50:57.988] [bmv2] [D] [thread 5751] [2.0] [cxt 0] Action entry is MyIngress.ipv4_forward - a000101,3,
[10:50:57.988] [bmv2] [T] [thread 5751] [2.0] [cxt 0] Action MyIngress.ipv4_forward
[10:50:57.988] [bmv2] [T] [thread 5751] [2.0] [cxt 0] /home/forcn/competition/application/topo/demo/p4src/switch.p4(243) Primitive standard_metadata.egress_spec = port
[10:50:57.988] [bmv2] [T] [thread 5751] [2.0] [cxt 0] /home/forcn/competition/application/topo/demo/p4src/switch.p4(244) Primitive standard_metadata.egress_port = port
[10:50:57.988] [bmv2] [T] [thread 5751] [2.0] [cxt 0] /home/forcn/competition/application/topo/demo/p4src/switch.p4(246) Primitive hdr.ethernet.srcAddr = hdr.ethernet.dstAddr
[10:50:57.988] [bmv2] [T] [thread 5751] [2.0] [cxt 0] /home/forcn/competition/application/topo/demo/p4src/switch.p4(247) Primitive hdr.ethernet.dstAddr = dstAddr
[10:50:57.988] [bmv2] [T] [thread 5751] [2.0] [cxt 0] /home/forcn/competition/application/topo/demo/p4src/switch.p4(248) Primitive hdr.ipv4.ttl = hdr.ipv4.ttl - 1
[10:50:57.988] [bmv2] [T] [thread 5751] [2.0] [cxt 0] Applying table 'MyIngress.tb_set_role'
[10:50:57.988] [bmv2] [D] [thread 5751] [2.0] [cxt 0] Looking up key:
* standard_metadata.ingress_port: 0001

[10:50:57.988] [bmv2] [D] [thread 5751] [2.0] [cxt 0] Table 'MyIngress.tb_set_role': miss
[10:50:57.988] [bmv2] [D] [thread 5751] [2.0] [cxt 0] Action entry is NoAction - 
[10:50:57.988] [bmv2] [T] [thread 5751] [2.0] [cxt 0] Action NoAction
[10:50:57.988] [bmv2] [D] [thread 5751] [2.0] [cxt 0] Pipeline 'ingress': end
[10:50:57.988] [bmv2] [D] [thread 5751] [2.0] [cxt 0] Egress port is 3
[10:50:57.988] [bmv2] [D] [thread 5755] [2.0] [cxt 0] Pipeline 'egress': start
[10:50:57.988] [bmv2] [T] [thread 5755] [2.0] [cxt 0] /home/forcn/competition/application/topo/demo/p4src/switch.p4(381) Condition "hdr.tag.isValid()" (node_7) is false
[10:50:57.988] [bmv2] [T] [thread 5755] [2.0] [cxt 0] /home/forcn/competition/application/topo/demo/p4src/switch.p4(386) Condition "hdr.mri.isValid()" (node_9) is false
[10:50:57.988] [bmv2] [D] [thread 5755] [2.0] [cxt 0] Pipeline 'egress': end
[10:50:57.988] [bmv2] [D] [thread 5755] [2.0] [cxt 0] Deparser 'deparser': start
[10:50:57.989] [bmv2] [D] [thread 5755] [2.0] [cxt 0] Updating checksum 'cksum'
[10:50:57.989] [bmv2] [D] [thread 5755] [2.0] [cxt 0] Deparsing header 'ethernet'
[10:50:57.989] [bmv2] [D] [thread 5755] [2.0] [cxt 0] Deparsing header 'ipv4'
[10:50:57.989] [bmv2] [D] [thread 5755] [2.0] [cxt 0] Deparser 'deparser': end
[10:50:57.989] [bmv2] [D] [thread 5756] [2.0] [cxt 0] Transmitting packet of size 98 out of port 3
[10:50:57.998] [bmv2] [D] [thread 5751] [3.0] [cxt 0] Processing packet received on port 1
[10:50:57.998] [bmv2] [D] [thread 5751] [3.0] [cxt 0] Parser 'parser': start
[10:50:57.998] [bmv2] [D] [thread 5751] [3.0] [cxt 0] Parser 'parser' entering state 'start'
[10:50:57.998] [bmv2] [D] [thread 5751] [3.0] [cxt 0] Extracting header 'ethernet'
[10:50:57.998] [bmv2] [D] [thread 5751] [3.0] [cxt 0] Parser state 'start': key is 0800
[10:50:57.998] [bmv2] [T] [thread 5751] [3.0] [cxt 0] Bytes parsed: 14
[10:50:57.998] [bmv2] [D] [thread 5751] [3.0] [cxt 0] Parser 'parser' entering state 'parse_ipv4'
[10:50:57.998] [bmv2] [D] [thread 5751] [3.0] [cxt 0] Extracting header 'ipv4'
[10:50:57.998] [bmv2] [D] [thread 5751] [3.0] [cxt 0] Parser set: setting field 'scalars.tmp' from expression, new value is 1
[10:50:57.998] [bmv2] [D] [thread 5751] [3.0] [cxt 0] Parser state 'parse_ipv4': key is 05
[10:50:57.998] [bmv2] [T] [thread 5751] [3.0] [cxt 0] Bytes parsed: 34
[10:50:57.998] [bmv2] [D] [thread 5751] [3.0] [cxt 0] Parser 'parser' entering state 'parse_next_protocol'
[10:50:57.998] [bmv2] [D] [thread 5751] [3.0] [cxt 0] Parser state 'parse_next_protocol': key is 01
[10:50:57.998] [bmv2] [T] [thread 5751] [3.0] [cxt 0] Bytes parsed: 34
[10:50:57.998] [bmv2] [D] [thread 5751] [3.0] [cxt 0] Parser 'parser': end
[10:50:57.998] [bmv2] [D] [thread 5751] [3.0] [cxt 0] Pipeline 'ingress': start
[10:50:57.998] [bmv2] [T] [thread 5751] [3.0] [cxt 0] /home/forcn/competition/application/topo/demo/p4src/switch.p4(291) Condition "hdr.ipv4.isValid()" (node_2) is true
[10:50:57.998] [bmv2] [T] [thread 5751] [3.0] [cxt 0] Applying table 'MyIngress.ipv4_lpm'
[10:50:57.998] [bmv2] [D] [thread 5751] [3.0] [cxt 0] Looking up key:
* hdr.ipv4.dstAddr              : 0a000101
* standard_metadata.ingress_port: 0001

[10:50:57.998] [bmv2] [D] [thread 5751] [3.0] [cxt 0] Table 'MyIngress.ipv4_lpm': hit with handle 3
[10:50:57.998] [bmv2] [D] [thread 5751] [3.0] [cxt 0] Dumping entry 3
Match key:
* hdr.ipv4.dstAddr              : LPM       0a000101/32
* standard_metadata.ingress_port: EXACT     0001
Action entry: MyIngress.ipv4_forward - a000101,3,

[10:50:57.998] [bmv2] [D] [thread 5751] [3.0] [cxt 0] Action entry is MyIngress.ipv4_forward - a000101,3,
[10:50:57.998] [bmv2] [T] [thread 5751] [3.0] [cxt 0] Action MyIngress.ipv4_forward
[10:50:57.998] [bmv2] [T] [thread 5751] [3.0] [cxt 0] /home/forcn/competition/application/topo/demo/p4src/switch.p4(243) Primitive standard_metadata.egress_spec = port
[10:50:57.998] [bmv2] [T] [thread 5751] [3.0] [cxt 0] /home/forcn/competition/application/topo/demo/p4src/switch.p4(244) Primitive standard_metadata.egress_port = port
[10:50:57.998] [bmv2] [T] [thread 5751] [3.0] [cxt 0] /home/forcn/competition/application/topo/demo/p4src/switch.p4(246) Primitive hdr.ethernet.srcAddr = hdr.ethernet.dstAddr
[10:50:57.998] [bmv2] [T] [thread 5751] [3.0] [cxt 0] /home/forcn/competition/application/topo/demo/p4src/switch.p4(247) Primitive hdr.ethernet.dstAddr = dstAddr
[10:50:57.998] [bmv2] [T] [thread 5751] [3.0] [cxt 0] /home/forcn/competition/application/topo/demo/p4src/switch.p4(248) Primitive hdr.ipv4.ttl = hdr.ipv4.ttl - 1
[10:50:57.998] [bmv2] [T] [thread 5751] [3.0] [cxt 0] Applying table 'MyIngress.tb_set_role'
[10:50:57.998] [bmv2] [D] [thread 5751] [3.0] [cxt 0] Looking up key:
* standard_metadata.ingress_port: 0001

[10:50:57.998] [bmv2] [D] [thread 5751] [3.0] [cxt 0] Table 'MyIngress.tb_set_role': miss
[10:50:57.998] [bmv2] [D] [thread 5751] [3.0] [cxt 0] Action entry is NoAction - 
[10:50:57.998] [bmv2] [T] [thread 5751] [3.0] [cxt 0] Action NoAction
[10:50:57.998] [bmv2] [D] [thread 5751] [3.0] [cxt 0] Pipeline 'ingress': end
[10:50:57.998] [bmv2] [D] [thread 5751] [3.0] [cxt 0] Egress port is 3
[10:50:57.998] [bmv2] [D] [thread 5755] [3.0] [cxt 0] Pipeline 'egress': start
[10:50:57.998] [bmv2] [T] [thread 5755] [3.0] [cxt 0] /home/forcn/competition/application/topo/demo/p4src/switch.p4(381) Condition "hdr.tag.isValid()" (node_7) is false
[10:50:57.998] [bmv2] [T] [thread 5755] [3.0] [cxt 0] /home/forcn/competition/application/topo/demo/p4src/switch.p4(386) Condition "hdr.mri.isValid()" (node_9) is false
[10:50:57.998] [bmv2] [D] [thread 5755] [3.0] [cxt 0] Pipeline 'egress': end
[10:50:57.998] [bmv2] [D] [thread 5755] [3.0] [cxt 0] Deparser 'deparser': start
[10:50:57.999] [bmv2] [D] [thread 5755] [3.0] [cxt 0] Updating checksum 'cksum'
[10:50:57.999] [bmv2] [D] [thread 5755] [3.0] [cxt 0] Deparsing header 'ethernet'
[10:50:57.999] [bmv2] [D] [thread 5755] [3.0] [cxt 0] Deparsing header 'ipv4'
[10:50:57.999] [bmv2] [D] [thread 5755] [3.0] [cxt 0] Deparser 'deparser': end
[10:50:57.999] [bmv2] [D] [thread 5756] [3.0] [cxt 0] Transmitting packet of size 98 out of port 3
[10:50:58.005] [bmv2] [D] [thread 5751] [4.0] [cxt 0] Processing packet received on port 2
[10:50:58.005] [bmv2] [D] [thread 5751] [4.0] [cxt 0] Parser 'parser': start
[10:50:58.005] [bmv2] [D] [thread 5751] [4.0] [cxt 0] Parser 'parser' entering state 'start'
[10:50:58.005] [bmv2] [D] [thread 5751] [4.0] [cxt 0] Extracting header 'ethernet'
[10:50:58.005] [bmv2] [D] [thread 5751] [4.0] [cxt 0] Parser state 'start': key is 0800
[10:50:58.005] [bmv2] [T] [thread 5751] [4.0] [cxt 0] Bytes parsed: 14
[10:50:58.005] [bmv2] [D] [thread 5751] [4.0] [cxt 0] Parser 'parser' entering state 'parse_ipv4'
[10:50:58.005] [bmv2] [D] [thread 5751] [4.0] [cxt 0] Extracting header 'ipv4'
[10:50:58.005] [bmv2] [D] [thread 5751] [4.0] [cxt 0] Parser set: setting field 'scalars.tmp' from expression, new value is 1
[10:50:58.005] [bmv2] [D] [thread 5751] [4.0] [cxt 0] Parser state 'parse_ipv4': key is 05
[10:50:58.005] [bmv2] [T] [thread 5751] [4.0] [cxt 0] Bytes parsed: 34
[10:50:58.005] [bmv2] [D] [thread 5751] [4.0] [cxt 0] Parser 'parser' entering state 'parse_next_protocol'
[10:50:58.005] [bmv2] [D] [thread 5751] [4.0] [cxt 0] Parser state 'parse_next_protocol': key is 01
[10:50:58.005] [bmv2] [T] [thread 5751] [4.0] [cxt 0] Bytes parsed: 34
[10:50:58.005] [bmv2] [D] [thread 5751] [4.0] [cxt 0] Parser 'parser': end
[10:50:58.005] [bmv2] [D] [thread 5751] [4.0] [cxt 0] Pipeline 'ingress': start
[10:50:58.005] [bmv2] [T] [thread 5751] [4.0] [cxt 0] /home/forcn/competition/application/topo/demo/p4src/switch.p4(291) Condition "hdr.ipv4.isValid()" (node_2) is true
[10:50:58.005] [bmv2] [T] [thread 5751] [4.0] [cxt 0] Applying table 'MyIngress.ipv4_lpm'
[10:50:58.005] [bmv2] [D] [thread 5751] [4.0] [cxt 0] Looking up key:
* hdr.ipv4.dstAddr              : 0a000402
* standard_metadata.ingress_port: 0002

[10:50:58.005] [bmv2] [D] [thread 5751] [4.0] [cxt 0] Table 'MyIngress.ipv4_lpm': hit with handle 0
[10:50:58.005] [bmv2] [D] [thread 5751] [4.0] [cxt 0] Dumping entry 0
Match key:
* hdr.ipv4.dstAddr              : LPM       0a000402/32
* standard_metadata.ingress_port: EXACT     0002
Action entry: MyIngress.ipv4_forward - a000402,1,

[10:50:58.005] [bmv2] [D] [thread 5751] [4.0] [cxt 0] Action entry is MyIngress.ipv4_forward - a000402,1,
[10:50:58.005] [bmv2] [T] [thread 5751] [4.0] [cxt 0] Action MyIngress.ipv4_forward
[10:50:58.005] [bmv2] [T] [thread 5751] [4.0] [cxt 0] /home/forcn/competition/application/topo/demo/p4src/switch.p4(243) Primitive standard_metadata.egress_spec = port
[10:50:58.005] [bmv2] [T] [thread 5751] [4.0] [cxt 0] /home/forcn/competition/application/topo/demo/p4src/switch.p4(244) Primitive standard_metadata.egress_port = port
[10:50:58.005] [bmv2] [T] [thread 5751] [4.0] [cxt 0] /home/forcn/competition/application/topo/demo/p4src/switch.p4(246) Primitive hdr.ethernet.srcAddr = hdr.ethernet.dstAddr
[10:50:58.005] [bmv2] [T] [thread 5751] [4.0] [cxt 0] /home/forcn/competition/application/topo/demo/p4src/switch.p4(247) Primitive hdr.ethernet.dstAddr = dstAddr
[10:50:58.005] [bmv2] [T] [thread 5751] [4.0] [cxt 0] /home/forcn/competition/application/topo/demo/p4src/switch.p4(248) Primitive hdr.ipv4.ttl = hdr.ipv4.ttl - 1
[10:50:58.005] [bmv2] [T] [thread 5751] [4.0] [cxt 0] Applying table 'MyIngress.tb_set_role'
[10:50:58.005] [bmv2] [D] [thread 5751] [4.0] [cxt 0] Looking up key:
* standard_metadata.ingress_port: 0002

[10:50:58.005] [bmv2] [D] [thread 5751] [4.0] [cxt 0] Table 'MyIngress.tb_set_role': miss
[10:50:58.005] [bmv2] [D] [thread 5751] [4.0] [cxt 0] Action entry is NoAction - 
[10:50:58.005] [bmv2] [T] [thread 5751] [4.0] [cxt 0] Action NoAction
[10:50:58.005] [bmv2] [D] [thread 5751] [4.0] [cxt 0] Pipeline 'ingress': end
[10:50:58.005] [bmv2] [D] [thread 5751] [4.0] [cxt 0] Egress port is 1
[10:50:58.005] [bmv2] [D] [thread 5753] [4.0] [cxt 0] Pipeline 'egress': start
[10:50:58.005] [bmv2] [T] [thread 5753] [4.0] [cxt 0] /home/forcn/competition/application/topo/demo/p4src/switch.p4(381) Condition "hdr.tag.isValid()" (node_7) is false
[10:50:58.005] [bmv2] [T] [thread 5753] [4.0] [cxt 0] /home/forcn/competition/application/topo/demo/p4src/switch.p4(386) Condition "hdr.mri.isValid()" (node_9) is false
[10:50:58.005] [bmv2] [D] [thread 5753] [4.0] [cxt 0] Pipeline 'egress': end
[10:50:58.005] [bmv2] [D] [thread 5753] [4.0] [cxt 0] Deparser 'deparser': start
[10:50:58.005] [bmv2] [D] [thread 5753] [4.0] [cxt 0] Updating checksum 'cksum'
[10:50:58.005] [bmv2] [D] [thread 5753] [4.0] [cxt 0] Deparsing header 'ethernet'
[10:50:58.005] [bmv2] [D] [thread 5753] [4.0] [cxt 0] Deparsing header 'ipv4'
[10:50:58.005] [bmv2] [D] [thread 5753] [4.0] [cxt 0] Deparser 'deparser': end
[10:50:58.005] [bmv2] [D] [thread 5756] [4.0] [cxt 0] Transmitting packet of size 98 out of port 1
[10:58:09.851] [bmv2] [D] [thread 5751] [5.0] [cxt 0] Processing packet received on port 2
[10:58:09.851] [bmv2] [D] [thread 5751] [5.0] [cxt 0] Parser 'parser': start
[10:58:09.851] [bmv2] [D] [thread 5751] [5.0] [cxt 0] Parser 'parser' entering state 'start'
[10:58:09.851] [bmv2] [D] [thread 5751] [5.0] [cxt 0] Extracting header 'ethernet'
[10:58:09.851] [bmv2] [D] [thread 5751] [5.0] [cxt 0] Parser state 'start': key is 0800
[10:58:09.851] [bmv2] [T] [thread 5751] [5.0] [cxt 0] Bytes parsed: 14
[10:58:09.851] [bmv2] [D] [thread 5751] [5.0] [cxt 0] Parser 'parser' entering state 'parse_ipv4'
[10:58:09.851] [bmv2] [D] [thread 5751] [5.0] [cxt 0] Extracting header 'ipv4'
[10:58:09.851] [bmv2] [D] [thread 5751] [5.0] [cxt 0] Parser set: setting field 'scalars.tmp' from expression, new value is 1
[10:58:09.851] [bmv2] [D] [thread 5751] [5.0] [cxt 0] Parser state 'parse_ipv4': key is 05
[10:58:09.851] [bmv2] [T] [thread 5751] [5.0] [cxt 0] Bytes parsed: 34
[10:58:09.851] [bmv2] [D] [thread 5751] [5.0] [cxt 0] Parser 'parser' entering state 'parse_next_protocol'
[10:58:09.851] [bmv2] [D] [thread 5751] [5.0] [cxt 0] Parser state 'parse_next_protocol': key is 11
[10:58:09.851] [bmv2] [T] [thread 5751] [5.0] [cxt 0] Bytes parsed: 34
[10:58:09.851] [bmv2] [D] [thread 5751] [5.0] [cxt 0] Parser 'parser' entering state 'parse_udp'
[10:58:09.851] [bmv2] [D] [thread 5751] [5.0] [cxt 0] Extracting header 'udp'
[10:58:09.851] [bmv2] [D] [thread 5751] [5.0] [cxt 0] Parser set: setting field 'scalars.metadata.srcPort' from field 'udp.srcPort' (7777)
[10:58:09.851] [bmv2] [D] [thread 5751] [5.0] [cxt 0] Parser set: setting field 'scalars.metadata.dstPort' from field 'udp.dstPort' (8888)
[10:58:09.851] [bmv2] [D] [thread 5751] [5.0] [cxt 0] Parser state 'parse_udp' has no switch, going to default next state
[10:58:09.851] [bmv2] [T] [thread 5751] [5.0] [cxt 0] Bytes parsed: 42
[10:58:09.851] [bmv2] [D] [thread 5751] [5.0] [cxt 0] Parser 'parser': end
[10:58:09.851] [bmv2] [D] [thread 5751] [5.0] [cxt 0] Pipeline 'ingress': start
[10:58:09.851] [bmv2] [T] [thread 5751] [5.0] [cxt 0] /home/forcn/competition/application/topo/demo/p4src/switch.p4(291) Condition "hdr.ipv4.isValid()" (node_2) is true
[10:58:09.851] [bmv2] [T] [thread 5751] [5.0] [cxt 0] Applying table 'MyIngress.ipv4_lpm'
[10:58:09.851] [bmv2] [D] [thread 5751] [5.0] [cxt 0] Looking up key:
* hdr.ipv4.dstAddr              : 0a000402
* standard_metadata.ingress_port: 0002

[10:58:09.851] [bmv2] [D] [thread 5751] [5.0] [cxt 0] Table 'MyIngress.ipv4_lpm': hit with handle 0
[10:58:09.851] [bmv2] [D] [thread 5751] [5.0] [cxt 0] Dumping entry 0
Match key:
* hdr.ipv4.dstAddr              : LPM       0a000402/32
* standard_metadata.ingress_port: EXACT     0002
Action entry: MyIngress.ipv4_forward - a000402,1,

[10:58:09.851] [bmv2] [D] [thread 5751] [5.0] [cxt 0] Action entry is MyIngress.ipv4_forward - a000402,1,
[10:58:09.851] [bmv2] [T] [thread 5751] [5.0] [cxt 0] Action MyIngress.ipv4_forward
[10:58:09.851] [bmv2] [T] [thread 5751] [5.0] [cxt 0] /home/forcn/competition/application/topo/demo/p4src/switch.p4(243) Primitive standard_metadata.egress_spec = port
[10:58:09.851] [bmv2] [T] [thread 5751] [5.0] [cxt 0] /home/forcn/competition/application/topo/demo/p4src/switch.p4(244) Primitive standard_metadata.egress_port = port
[10:58:09.851] [bmv2] [T] [thread 5751] [5.0] [cxt 0] /home/forcn/competition/application/topo/demo/p4src/switch.p4(246) Primitive hdr.ethernet.srcAddr = hdr.ethernet.dstAddr
[10:58:09.851] [bmv2] [T] [thread 5751] [5.0] [cxt 0] /home/forcn/competition/application/topo/demo/p4src/switch.p4(247) Primitive hdr.ethernet.dstAddr = dstAddr
[10:58:09.851] [bmv2] [T] [thread 5751] [5.0] [cxt 0] /home/forcn/competition/application/topo/demo/p4src/switch.p4(248) Primitive hdr.ipv4.ttl = hdr.ipv4.ttl - 1
[10:58:09.851] [bmv2] [T] [thread 5751] [5.0] [cxt 0] Applying table 'MyIngress.tb_set_role'
[10:58:09.851] [bmv2] [D] [thread 5751] [5.0] [cxt 0] Looking up key:
* standard_metadata.ingress_port: 0002

[10:58:09.851] [bmv2] [D] [thread 5751] [5.0] [cxt 0] Table 'MyIngress.tb_set_role': miss
[10:58:09.851] [bmv2] [D] [thread 5751] [5.0] [cxt 0] Action entry is NoAction - 
[10:58:09.851] [bmv2] [T] [thread 5751] [5.0] [cxt 0] Action NoAction
[10:58:09.851] [bmv2] [D] [thread 5751] [5.0] [cxt 0] Pipeline 'ingress': end
[10:58:09.851] [bmv2] [D] [thread 5751] [5.0] [cxt 0] Egress port is 1
[10:58:09.851] [bmv2] [D] [thread 5753] [5.0] [cxt 0] Pipeline 'egress': start
[10:58:09.851] [bmv2] [T] [thread 5753] [5.0] [cxt 0] /home/forcn/competition/application/topo/demo/p4src/switch.p4(381) Condition "hdr.tag.isValid()" (node_7) is false
[10:58:09.851] [bmv2] [T] [thread 5753] [5.0] [cxt 0] /home/forcn/competition/application/topo/demo/p4src/switch.p4(386) Condition "hdr.mri.isValid()" (node_9) is false
[10:58:09.851] [bmv2] [D] [thread 5753] [5.0] [cxt 0] Pipeline 'egress': end
[10:58:09.851] [bmv2] [D] [thread 5753] [5.0] [cxt 0] Deparser 'deparser': start
[10:58:09.851] [bmv2] [D] [thread 5753] [5.0] [cxt 0] Updating checksum 'cksum'
[10:58:09.851] [bmv2] [D] [thread 5753] [5.0] [cxt 0] Deparsing header 'ethernet'
[10:58:09.851] [bmv2] [D] [thread 5753] [5.0] [cxt 0] Deparsing header 'ipv4'
[10:58:09.851] [bmv2] [D] [thread 5753] [5.0] [cxt 0] Deparsing header 'udp'
[10:58:09.851] [bmv2] [D] [thread 5753] [5.0] [cxt 0] Deparser 'deparser': end
[10:58:09.851] [bmv2] [D] [thread 5756] [5.0] [cxt 0] Transmitting packet of size 42 out of port 1
[10:58:09.852] [bmv2] [D] [thread 5751] [6.0] [cxt 0] Processing packet received on port 1
[10:58:09.852] [bmv2] [D] [thread 5751] [6.0] [cxt 0] Parser 'parser': start
[10:58:09.852] [bmv2] [D] [thread 5751] [6.0] [cxt 0] Parser 'parser' entering state 'start'
[10:58:09.852] [bmv2] [D] [thread 5751] [6.0] [cxt 0] Extracting header 'ethernet'
[10:58:09.852] [bmv2] [D] [thread 5751] [6.0] [cxt 0] Parser state 'start': key is 0800
[10:58:09.852] [bmv2] [T] [thread 5751] [6.0] [cxt 0] Bytes parsed: 14
[10:58:09.852] [bmv2] [D] [thread 5751] [6.0] [cxt 0] Parser 'parser' entering state 'parse_ipv4'
[10:58:09.852] [bmv2] [D] [thread 5751] [6.0] [cxt 0] Extracting header 'ipv4'
[10:58:09.852] [bmv2] [D] [thread 5751] [6.0] [cxt 0] Parser set: setting field 'scalars.tmp' from expression, new value is 1
[10:58:09.852] [bmv2] [D] [thread 5751] [6.0] [cxt 0] Parser state 'parse_ipv4': key is 05
[10:58:09.852] [bmv2] [T] [thread 5751] [6.0] [cxt 0] Bytes parsed: 34
[10:58:09.852] [bmv2] [D] [thread 5751] [6.0] [cxt 0] Parser 'parser' entering state 'parse_next_protocol'
[10:58:09.852] [bmv2] [D] [thread 5751] [6.0] [cxt 0] Parser state 'parse_next_protocol': key is 01
[10:58:09.852] [bmv2] [T] [thread 5751] [6.0] [cxt 0] Bytes parsed: 34
[10:58:09.852] [bmv2] [D] [thread 5751] [6.0] [cxt 0] Parser 'parser': end
[10:58:09.852] [bmv2] [D] [thread 5751] [6.0] [cxt 0] Pipeline 'ingress': start
[10:58:09.852] [bmv2] [T] [thread 5751] [6.0] [cxt 0] /home/forcn/competition/application/topo/demo/p4src/switch.p4(291) Condition "hdr.ipv4.isValid()" (node_2) is true
[10:58:09.852] [bmv2] [T] [thread 5751] [6.0] [cxt 0] Applying table 'MyIngress.ipv4_lpm'
[10:58:09.852] [bmv2] [D] [thread 5751] [6.0] [cxt 0] Looking up key:
* hdr.ipv4.dstAddr              : 0a000101
* standard_metadata.ingress_port: 0001

[10:58:09.852] [bmv2] [D] [thread 5751] [6.0] [cxt 0] Table 'MyIngress.ipv4_lpm': hit with handle 3
[10:58:09.852] [bmv2] [D] [thread 5751] [6.0] [cxt 0] Dumping entry 3
Match key:
* hdr.ipv4.dstAddr              : LPM       0a000101/32
* standard_metadata.ingress_port: EXACT     0001
Action entry: MyIngress.ipv4_forward - a000101,3,

[10:58:09.852] [bmv2] [D] [thread 5751] [6.0] [cxt 0] Action entry is MyIngress.ipv4_forward - a000101,3,
[10:58:09.852] [bmv2] [T] [thread 5751] [6.0] [cxt 0] Action MyIngress.ipv4_forward
[10:58:09.852] [bmv2] [T] [thread 5751] [6.0] [cxt 0] /home/forcn/competition/application/topo/demo/p4src/switch.p4(243) Primitive standard_metadata.egress_spec = port
[10:58:09.852] [bmv2] [T] [thread 5751] [6.0] [cxt 0] /home/forcn/competition/application/topo/demo/p4src/switch.p4(244) Primitive standard_metadata.egress_port = port
[10:58:09.852] [bmv2] [T] [thread 5751] [6.0] [cxt 0] /home/forcn/competition/application/topo/demo/p4src/switch.p4(246) Primitive hdr.ethernet.srcAddr = hdr.ethernet.dstAddr
[10:58:09.852] [bmv2] [T] [thread 5751] [6.0] [cxt 0] /home/forcn/competition/application/topo/demo/p4src/switch.p4(247) Primitive hdr.ethernet.dstAddr = dstAddr
[10:58:09.852] [bmv2] [T] [thread 5751] [6.0] [cxt 0] /home/forcn/competition/application/topo/demo/p4src/switch.p4(248) Primitive hdr.ipv4.ttl = hdr.ipv4.ttl - 1
[10:58:09.852] [bmv2] [T] [thread 5751] [6.0] [cxt 0] Applying table 'MyIngress.tb_set_role'
[10:58:09.852] [bmv2] [D] [thread 5751] [6.0] [cxt 0] Looking up key:
* standard_metadata.ingress_port: 0001

[10:58:09.852] [bmv2] [D] [thread 5751] [6.0] [cxt 0] Table 'MyIngress.tb_set_role': miss
[10:58:09.852] [bmv2] [D] [thread 5751] [6.0] [cxt 0] Action entry is NoAction - 
[10:58:09.852] [bmv2] [T] [thread 5751] [6.0] [cxt 0] Action NoAction
[10:58:09.852] [bmv2] [D] [thread 5751] [6.0] [cxt 0] Pipeline 'ingress': end
[10:58:09.852] [bmv2] [D] [thread 5751] [6.0] [cxt 0] Egress port is 3
[10:58:09.852] [bmv2] [D] [thread 5755] [6.0] [cxt 0] Pipeline 'egress': start
[10:58:09.852] [bmv2] [T] [thread 5755] [6.0] [cxt 0] /home/forcn/competition/application/topo/demo/p4src/switch.p4(381) Condition "hdr.tag.isValid()" (node_7) is false
[10:58:09.853] [bmv2] [T] [thread 5755] [6.0] [cxt 0] /home/forcn/competition/application/topo/demo/p4src/switch.p4(386) Condition "hdr.mri.isValid()" (node_9) is false
[10:58:09.853] [bmv2] [D] [thread 5755] [6.0] [cxt 0] Pipeline 'egress': end
[10:58:09.853] [bmv2] [D] [thread 5755] [6.0] [cxt 0] Deparser 'deparser': start
[10:58:09.853] [bmv2] [D] [thread 5755] [6.0] [cxt 0] Updating checksum 'cksum'
[10:58:09.853] [bmv2] [D] [thread 5755] [6.0] [cxt 0] Deparsing header 'ethernet'
[10:58:09.853] [bmv2] [D] [thread 5755] [6.0] [cxt 0] Deparsing header 'ipv4'
[10:58:09.853] [bmv2] [D] [thread 5755] [6.0] [cxt 0] Deparser 'deparser': end
[10:58:09.853] [bmv2] [D] [thread 5756] [6.0] [cxt 0] Transmitting packet of size 70 out of port 3
[10:59:06.712] [bmv2] [D] [thread 5751] [7.0] [cxt 0] Processing packet received on port 1
[10:59:06.712] [bmv2] [D] [thread 5751] [7.0] [cxt 0] Parser 'parser': start
[10:59:06.712] [bmv2] [D] [thread 5751] [7.0] [cxt 0] Parser 'parser' entering state 'start'
[10:59:06.712] [bmv2] [D] [thread 5751] [7.0] [cxt 0] Extracting header 'ethernet'
[10:59:06.712] [bmv2] [D] [thread 5751] [7.0] [cxt 0] Parser state 'start': key is 0800
[10:59:06.712] [bmv2] [T] [thread 5751] [7.0] [cxt 0] Bytes parsed: 14
[10:59:06.712] [bmv2] [D] [thread 5751] [7.0] [cxt 0] Parser 'parser' entering state 'parse_ipv4'
[10:59:06.712] [bmv2] [D] [thread 5751] [7.0] [cxt 0] Extracting header 'ipv4'
[10:59:06.712] [bmv2] [D] [thread 5751] [7.0] [cxt 0] Parser set: setting field 'scalars.tmp' from expression, new value is 1
[10:59:06.712] [bmv2] [D] [thread 5751] [7.0] [cxt 0] Parser state 'parse_ipv4': key is 05
[10:59:06.712] [bmv2] [T] [thread 5751] [7.0] [cxt 0] Bytes parsed: 34
[10:59:06.712] [bmv2] [D] [thread 5751] [7.0] [cxt 0] Parser 'parser' entering state 'parse_next_protocol'
[10:59:06.712] [bmv2] [D] [thread 5751] [7.0] [cxt 0] Parser state 'parse_next_protocol': key is 11
[10:59:06.712] [bmv2] [T] [thread 5751] [7.0] [cxt 0] Bytes parsed: 34
[10:59:06.712] [bmv2] [D] [thread 5751] [7.0] [cxt 0] Parser 'parser' entering state 'parse_udp'
[10:59:06.712] [bmv2] [D] [thread 5751] [7.0] [cxt 0] Extracting header 'udp'
[10:59:06.712] [bmv2] [D] [thread 5751] [7.0] [cxt 0] Parser set: setting field 'scalars.metadata.srcPort' from field 'udp.srcPort' (7777)
[10:59:06.712] [bmv2] [D] [thread 5751] [7.0] [cxt 0] Parser set: setting field 'scalars.metadata.dstPort' from field 'udp.dstPort' (8888)
[10:59:06.712] [bmv2] [D] [thread 5751] [7.0] [cxt 0] Parser state 'parse_udp' has no switch, going to default next state
[10:59:06.712] [bmv2] [T] [thread 5751] [7.0] [cxt 0] Bytes parsed: 42
[10:59:06.712] [bmv2] [D] [thread 5751] [7.0] [cxt 0] Parser 'parser': end
[10:59:06.712] [bmv2] [D] [thread 5751] [7.0] [cxt 0] Pipeline 'ingress': start
[10:59:06.712] [bmv2] [T] [thread 5751] [7.0] [cxt 0] /home/forcn/competition/application/topo/demo/p4src/switch.p4(291) Condition "hdr.ipv4.isValid()" (node_2) is true
[10:59:06.712] [bmv2] [T] [thread 5751] [7.0] [cxt 0] Applying table 'MyIngress.ipv4_lpm'
[10:59:06.712] [bmv2] [D] [thread 5751] [7.0] [cxt 0] Looking up key:
* hdr.ipv4.dstAddr              : 0a000101
* standard_metadata.ingress_port: 0001

[10:59:06.713] [bmv2] [D] [thread 5751] [7.0] [cxt 0] Table 'MyIngress.ipv4_lpm': hit with handle 3
[10:59:06.713] [bmv2] [D] [thread 5751] [7.0] [cxt 0] Dumping entry 3
Match key:
* hdr.ipv4.dstAddr              : LPM       0a000101/32
* standard_metadata.ingress_port: EXACT     0001
Action entry: MyIngress.ipv4_forward - a000101,3,

[10:59:06.713] [bmv2] [D] [thread 5751] [7.0] [cxt 0] Action entry is MyIngress.ipv4_forward - a000101,3,
[10:59:06.713] [bmv2] [T] [thread 5751] [7.0] [cxt 0] Action MyIngress.ipv4_forward
[10:59:06.713] [bmv2] [T] [thread 5751] [7.0] [cxt 0] /home/forcn/competition/application/topo/demo/p4src/switch.p4(243) Primitive standard_metadata.egress_spec = port
[10:59:06.713] [bmv2] [T] [thread 5751] [7.0] [cxt 0] /home/forcn/competition/application/topo/demo/p4src/switch.p4(244) Primitive standard_metadata.egress_port = port
[10:59:06.713] [bmv2] [T] [thread 5751] [7.0] [cxt 0] /home/forcn/competition/application/topo/demo/p4src/switch.p4(246) Primitive hdr.ethernet.srcAddr = hdr.ethernet.dstAddr
[10:59:06.713] [bmv2] [T] [thread 5751] [7.0] [cxt 0] /home/forcn/competition/application/topo/demo/p4src/switch.p4(247) Primitive hdr.ethernet.dstAddr = dstAddr
[10:59:06.713] [bmv2] [T] [thread 5751] [7.0] [cxt 0] /home/forcn/competition/application/topo/demo/p4src/switch.p4(248) Primitive hdr.ipv4.ttl = hdr.ipv4.ttl - 1
[10:59:06.713] [bmv2] [T] [thread 5751] [7.0] [cxt 0] Applying table 'MyIngress.tb_set_role'
[10:59:06.713] [bmv2] [D] [thread 5751] [7.0] [cxt 0] Looking up key:
* standard_metadata.ingress_port: 0001

[10:59:06.713] [bmv2] [D] [thread 5751] [7.0] [cxt 0] Table 'MyIngress.tb_set_role': miss
[10:59:06.713] [bmv2] [D] [thread 5751] [7.0] [cxt 0] Action entry is NoAction - 
[10:59:06.713] [bmv2] [T] [thread 5751] [7.0] [cxt 0] Action NoAction
[10:59:06.713] [bmv2] [D] [thread 5751] [7.0] [cxt 0] Pipeline 'ingress': end
[10:59:06.713] [bmv2] [D] [thread 5751] [7.0] [cxt 0] Egress port is 3
[10:59:06.713] [bmv2] [D] [thread 5755] [7.0] [cxt 0] Pipeline 'egress': start
[10:59:06.713] [bmv2] [T] [thread 5755] [7.0] [cxt 0] /home/forcn/competition/application/topo/demo/p4src/switch.p4(381) Condition "hdr.tag.isValid()" (node_7) is false
[10:59:06.713] [bmv2] [T] [thread 5755] [7.0] [cxt 0] /home/forcn/competition/application/topo/demo/p4src/switch.p4(386) Condition "hdr.mri.isValid()" (node_9) is false
[10:59:06.713] [bmv2] [D] [thread 5755] [7.0] [cxt 0] Pipeline 'egress': end
[10:59:06.713] [bmv2] [D] [thread 5755] [7.0] [cxt 0] Deparser 'deparser': start
[10:59:06.713] [bmv2] [D] [thread 5755] [7.0] [cxt 0] Updating checksum 'cksum'
[10:59:06.713] [bmv2] [D] [thread 5755] [7.0] [cxt 0] Deparsing header 'ethernet'
[10:59:06.713] [bmv2] [D] [thread 5755] [7.0] [cxt 0] Deparsing header 'ipv4'
[10:59:06.713] [bmv2] [D] [thread 5755] [7.0] [cxt 0] Deparsing header 'udp'
[10:59:06.713] [bmv2] [D] [thread 5755] [7.0] [cxt 0] Deparser 'deparser': end
[10:59:06.713] [bmv2] [D] [thread 5756] [7.0] [cxt 0] Transmitting packet of size 42 out of port 3
[10:59:06.718] [bmv2] [D] [thread 5751] [8.0] [cxt 0] Processing packet received on port 2
[10:59:06.718] [bmv2] [D] [thread 5751] [8.0] [cxt 0] Parser 'parser': start
[10:59:06.718] [bmv2] [D] [thread 5751] [8.0] [cxt 0] Parser 'parser' entering state 'start'
[10:59:06.718] [bmv2] [D] [thread 5751] [8.0] [cxt 0] Extracting header 'ethernet'
[10:59:06.718] [bmv2] [D] [thread 5751] [8.0] [cxt 0] Parser state 'start': key is 0800
[10:59:06.718] [bmv2] [T] [thread 5751] [8.0] [cxt 0] Bytes parsed: 14
[10:59:06.718] [bmv2] [D] [thread 5751] [8.0] [cxt 0] Parser 'parser' entering state 'parse_ipv4'
[10:59:06.718] [bmv2] [D] [thread 5751] [8.0] [cxt 0] Extracting header 'ipv4'
[10:59:06.718] [bmv2] [D] [thread 5751] [8.0] [cxt 0] Parser set: setting field 'scalars.tmp' from expression, new value is 1
[10:59:06.718] [bmv2] [D] [thread 5751] [8.0] [cxt 0] Parser state 'parse_ipv4': key is 05
[10:59:06.718] [bmv2] [T] [thread 5751] [8.0] [cxt 0] Bytes parsed: 34
[10:59:06.718] [bmv2] [D] [thread 5751] [8.0] [cxt 0] Parser 'parser' entering state 'parse_next_protocol'
[10:59:06.718] [bmv2] [D] [thread 5751] [8.0] [cxt 0] Parser state 'parse_next_protocol': key is 01
[10:59:06.718] [bmv2] [T] [thread 5751] [8.0] [cxt 0] Bytes parsed: 34
[10:59:06.718] [bmv2] [D] [thread 5751] [8.0] [cxt 0] Parser 'parser': end
[10:59:06.718] [bmv2] [D] [thread 5751] [8.0] [cxt 0] Pipeline 'ingress': start
[10:59:06.718] [bmv2] [T] [thread 5751] [8.0] [cxt 0] /home/forcn/competition/application/topo/demo/p4src/switch.p4(291) Condition "hdr.ipv4.isValid()" (node_2) is true
[10:59:06.718] [bmv2] [T] [thread 5751] [8.0] [cxt 0] Applying table 'MyIngress.ipv4_lpm'
[10:59:06.718] [bmv2] [D] [thread 5751] [8.0] [cxt 0] Looking up key:
* hdr.ipv4.dstAddr              : 0a000402
* standard_metadata.ingress_port: 0002

[10:59:06.718] [bmv2] [D] [thread 5751] [8.0] [cxt 0] Table 'MyIngress.ipv4_lpm': hit with handle 0
[10:59:06.718] [bmv2] [D] [thread 5751] [8.0] [cxt 0] Dumping entry 0
Match key:
* hdr.ipv4.dstAddr              : LPM       0a000402/32
* standard_metadata.ingress_port: EXACT     0002
Action entry: MyIngress.ipv4_forward - a000402,1,

[10:59:06.719] [bmv2] [D] [thread 5751] [8.0] [cxt 0] Action entry is MyIngress.ipv4_forward - a000402,1,
[10:59:06.719] [bmv2] [T] [thread 5751] [8.0] [cxt 0] Action MyIngress.ipv4_forward
[10:59:06.719] [bmv2] [T] [thread 5751] [8.0] [cxt 0] /home/forcn/competition/application/topo/demo/p4src/switch.p4(243) Primitive standard_metadata.egress_spec = port
[10:59:06.719] [bmv2] [T] [thread 5751] [8.0] [cxt 0] /home/forcn/competition/application/topo/demo/p4src/switch.p4(244) Primitive standard_metadata.egress_port = port
[10:59:06.719] [bmv2] [T] [thread 5751] [8.0] [cxt 0] /home/forcn/competition/application/topo/demo/p4src/switch.p4(246) Primitive hdr.ethernet.srcAddr = hdr.ethernet.dstAddr
[10:59:06.719] [bmv2] [T] [thread 5751] [8.0] [cxt 0] /home/forcn/competition/application/topo/demo/p4src/switch.p4(247) Primitive hdr.ethernet.dstAddr = dstAddr
[10:59:06.719] [bmv2] [T] [thread 5751] [8.0] [cxt 0] /home/forcn/competition/application/topo/demo/p4src/switch.p4(248) Primitive hdr.ipv4.ttl = hdr.ipv4.ttl - 1
[10:59:06.719] [bmv2] [T] [thread 5751] [8.0] [cxt 0] Applying table 'MyIngress.tb_set_role'
[10:59:06.719] [bmv2] [D] [thread 5751] [8.0] [cxt 0] Looking up key:
* standard_metadata.ingress_port: 0002

[10:59:06.719] [bmv2] [D] [thread 5751] [8.0] [cxt 0] Table 'MyIngress.tb_set_role': miss
[10:59:06.719] [bmv2] [D] [thread 5751] [8.0] [cxt 0] Action entry is NoAction - 
[10:59:06.719] [bmv2] [T] [thread 5751] [8.0] [cxt 0] Action NoAction
[10:59:06.719] [bmv2] [D] [thread 5751] [8.0] [cxt 0] Pipeline 'ingress': end
[10:59:06.719] [bmv2] [D] [thread 5751] [8.0] [cxt 0] Egress port is 1
[10:59:06.719] [bmv2] [D] [thread 5753] [8.0] [cxt 0] Pipeline 'egress': start
[10:59:06.719] [bmv2] [T] [thread 5753] [8.0] [cxt 0] /home/forcn/competition/application/topo/demo/p4src/switch.p4(381) Condition "hdr.tag.isValid()" (node_7) is false
[10:59:06.719] [bmv2] [T] [thread 5753] [8.0] [cxt 0] /home/forcn/competition/application/topo/demo/p4src/switch.p4(386) Condition "hdr.mri.isValid()" (node_9) is false
[10:59:06.719] [bmv2] [D] [thread 5753] [8.0] [cxt 0] Pipeline 'egress': end
[10:59:06.719] [bmv2] [D] [thread 5753] [8.0] [cxt 0] Deparser 'deparser': start
[10:59:06.719] [bmv2] [D] [thread 5753] [8.0] [cxt 0] Updating checksum 'cksum'
[10:59:06.719] [bmv2] [D] [thread 5753] [8.0] [cxt 0] Deparsing header 'ethernet'
[10:59:06.719] [bmv2] [D] [thread 5753] [8.0] [cxt 0] Deparsing header 'ipv4'
[10:59:06.719] [bmv2] [D] [thread 5753] [8.0] [cxt 0] Deparser 'deparser': end
[10:59:06.719] [bmv2] [D] [thread 5756] [8.0] [cxt 0] Transmitting packet of size 70 out of port 1
[10:59:48.852] [bmv2] [D] [thread 5751] [9.0] [cxt 0] Processing packet received on port 3
[10:59:48.852] [bmv2] [D] [thread 5751] [9.0] [cxt 0] Parser 'parser': start
[10:59:48.852] [bmv2] [D] [thread 5751] [9.0] [cxt 0] Parser 'parser' entering state 'start'
[10:59:48.852] [bmv2] [D] [thread 5751] [9.0] [cxt 0] Extracting header 'ethernet'
[10:59:48.852] [bmv2] [D] [thread 5751] [9.0] [cxt 0] Parser state 'start': key is 0800
[10:59:48.852] [bmv2] [T] [thread 5751] [9.0] [cxt 0] Bytes parsed: 14
[10:59:48.852] [bmv2] [D] [thread 5751] [9.0] [cxt 0] Parser 'parser' entering state 'parse_ipv4'
[10:59:48.852] [bmv2] [D] [thread 5751] [9.0] [cxt 0] Extracting header 'ipv4'
[10:59:48.852] [bmv2] [D] [thread 5751] [9.0] [cxt 0] Parser set: setting field 'scalars.tmp' from expression, new value is 1
[10:59:48.852] [bmv2] [D] [thread 5751] [9.0] [cxt 0] Parser state 'parse_ipv4': key is 05
[10:59:48.852] [bmv2] [T] [thread 5751] [9.0] [cxt 0] Bytes parsed: 34
[10:59:48.852] [bmv2] [D] [thread 5751] [9.0] [cxt 0] Parser 'parser' entering state 'parse_next_protocol'
[10:59:48.852] [bmv2] [D] [thread 5751] [9.0] [cxt 0] Parser state 'parse_next_protocol': key is 11
[10:59:48.852] [bmv2] [T] [thread 5751] [9.0] [cxt 0] Bytes parsed: 34
[10:59:48.852] [bmv2] [D] [thread 5751] [9.0] [cxt 0] Parser 'parser' entering state 'parse_udp'
[10:59:48.852] [bmv2] [D] [thread 5751] [9.0] [cxt 0] Extracting header 'udp'
[10:59:48.852] [bmv2] [D] [thread 5751] [9.0] [cxt 0] Parser set: setting field 'scalars.metadata.srcPort' from field 'udp.srcPort' (7777)
[10:59:48.852] [bmv2] [D] [thread 5751] [9.0] [cxt 0] Parser set: setting field 'scalars.metadata.dstPort' from field 'udp.dstPort' (8888)
[10:59:48.852] [bmv2] [D] [thread 5751] [9.0] [cxt 0] Parser state 'parse_udp' has no switch, going to default next state
[10:59:48.852] [bmv2] [T] [thread 5751] [9.0] [cxt 0] Bytes parsed: 42
[10:59:48.852] [bmv2] [D] [thread 5751] [9.0] [cxt 0] Parser 'parser': end
[10:59:48.852] [bmv2] [D] [thread 5751] [9.0] [cxt 0] Pipeline 'ingress': start
[10:59:48.852] [bmv2] [T] [thread 5751] [9.0] [cxt 0] /home/forcn/competition/application/topo/demo/p4src/switch.p4(291) Condition "hdr.ipv4.isValid()" (node_2) is true
[10:59:48.852] [bmv2] [T] [thread 5751] [9.0] [cxt 0] Applying table 'MyIngress.ipv4_lpm'
[10:59:48.852] [bmv2] [D] [thread 5751] [9.0] [cxt 0] Looking up key:
* hdr.ipv4.dstAddr              : 0a000403
* standard_metadata.ingress_port: 0003

[10:59:48.852] [bmv2] [D] [thread 5751] [9.0] [cxt 0] Table 'MyIngress.ipv4_lpm': hit with handle 2
[10:59:48.852] [bmv2] [D] [thread 5751] [9.0] [cxt 0] Dumping entry 2
Match key:
* hdr.ipv4.dstAddr              : LPM       0a000403/32
* standard_metadata.ingress_port: EXACT     0003
Action entry: MyIngress.ipv4_forward - a000402,1,

[10:59:48.852] [bmv2] [D] [thread 5751] [9.0] [cxt 0] Action entry is MyIngress.ipv4_forward - a000402,1,
[10:59:48.852] [bmv2] [T] [thread 5751] [9.0] [cxt 0] Action MyIngress.ipv4_forward
[10:59:48.852] [bmv2] [T] [thread 5751] [9.0] [cxt 0] /home/forcn/competition/application/topo/demo/p4src/switch.p4(243) Primitive standard_metadata.egress_spec = port
[10:59:48.852] [bmv2] [T] [thread 5751] [9.0] [cxt 0] /home/forcn/competition/application/topo/demo/p4src/switch.p4(244) Primitive standard_metadata.egress_port = port
[10:59:48.852] [bmv2] [T] [thread 5751] [9.0] [cxt 0] /home/forcn/competition/application/topo/demo/p4src/switch.p4(246) Primitive hdr.ethernet.srcAddr = hdr.ethernet.dstAddr
[10:59:48.852] [bmv2] [T] [thread 5751] [9.0] [cxt 0] /home/forcn/competition/application/topo/demo/p4src/switch.p4(247) Primitive hdr.ethernet.dstAddr = dstAddr
[10:59:48.852] [bmv2] [T] [thread 5751] [9.0] [cxt 0] /home/forcn/competition/application/topo/demo/p4src/switch.p4(248) Primitive hdr.ipv4.ttl = hdr.ipv4.ttl - 1
[10:59:48.852] [bmv2] [T] [thread 5751] [9.0] [cxt 0] Applying table 'MyIngress.tb_set_role'
[10:59:48.852] [bmv2] [D] [thread 5751] [9.0] [cxt 0] Looking up key:
* standard_metadata.ingress_port: 0003

[10:59:48.852] [bmv2] [D] [thread 5751] [9.0] [cxt 0] Table 'MyIngress.tb_set_role': miss
[10:59:48.852] [bmv2] [D] [thread 5751] [9.0] [cxt 0] Action entry is NoAction - 
[10:59:48.852] [bmv2] [T] [thread 5751] [9.0] [cxt 0] Action NoAction
[10:59:48.852] [bmv2] [D] [thread 5751] [9.0] [cxt 0] Pipeline 'ingress': end
[10:59:48.852] [bmv2] [D] [thread 5751] [9.0] [cxt 0] Egress port is 1
[10:59:48.852] [bmv2] [D] [thread 5753] [9.0] [cxt 0] Pipeline 'egress': start
[10:59:48.852] [bmv2] [T] [thread 5753] [9.0] [cxt 0] /home/forcn/competition/application/topo/demo/p4src/switch.p4(381) Condition "hdr.tag.isValid()" (node_7) is false
[10:59:48.852] [bmv2] [T] [thread 5753] [9.0] [cxt 0] /home/forcn/competition/application/topo/demo/p4src/switch.p4(386) Condition "hdr.mri.isValid()" (node_9) is false
[10:59:48.852] [bmv2] [D] [thread 5753] [9.0] [cxt 0] Pipeline 'egress': end
[10:59:48.852] [bmv2] [D] [thread 5753] [9.0] [cxt 0] Deparser 'deparser': start
[10:59:48.852] [bmv2] [D] [thread 5753] [9.0] [cxt 0] Updating checksum 'cksum'
[10:59:48.852] [bmv2] [D] [thread 5753] [9.0] [cxt 0] Deparsing header 'ethernet'
[10:59:48.852] [bmv2] [D] [thread 5753] [9.0] [cxt 0] Deparsing header 'ipv4'
[10:59:48.852] [bmv2] [D] [thread 5753] [9.0] [cxt 0] Deparsing header 'udp'
[10:59:48.852] [bmv2] [D] [thread 5753] [9.0] [cxt 0] Deparser 'deparser': end
[10:59:48.852] [bmv2] [D] [thread 5756] [9.0] [cxt 0] Transmitting packet of size 42 out of port 1
[11:05:52.150] [bmv2] [D] [thread 5751] [10.0] [cxt 0] Processing packet received on port 1
[11:05:52.150] [bmv2] [D] [thread 5751] [10.0] [cxt 0] Parser 'parser': start
[11:05:52.150] [bmv2] [D] [thread 5751] [10.0] [cxt 0] Parser 'parser' entering state 'start'
[11:05:52.150] [bmv2] [D] [thread 5751] [10.0] [cxt 0] Extracting header 'ethernet'
[11:05:52.150] [bmv2] [D] [thread 5751] [10.0] [cxt 0] Parser state 'start': key is 0800
[11:05:52.150] [bmv2] [T] [thread 5751] [10.0] [cxt 0] Bytes parsed: 14
[11:05:52.150] [bmv2] [D] [thread 5751] [10.0] [cxt 0] Parser 'parser' entering state 'parse_ipv4'
[11:05:52.150] [bmv2] [D] [thread 5751] [10.0] [cxt 0] Extracting header 'ipv4'
[11:05:52.150] [bmv2] [D] [thread 5751] [10.0] [cxt 0] Parser set: setting field 'scalars.tmp' from expression, new value is 1
[11:05:52.150] [bmv2] [D] [thread 5751] [10.0] [cxt 0] Parser state 'parse_ipv4': key is 05
[11:05:52.150] [bmv2] [T] [thread 5751] [10.0] [cxt 0] Bytes parsed: 34
[11:05:52.150] [bmv2] [D] [thread 5751] [10.0] [cxt 0] Parser 'parser' entering state 'parse_next_protocol'
[11:05:52.150] [bmv2] [D] [thread 5751] [10.0] [cxt 0] Parser state 'parse_next_protocol': key is 11
[11:05:52.150] [bmv2] [T] [thread 5751] [10.0] [cxt 0] Bytes parsed: 34
[11:05:52.150] [bmv2] [D] [thread 5751] [10.0] [cxt 0] Parser 'parser' entering state 'parse_udp'
[11:05:52.150] [bmv2] [D] [thread 5751] [10.0] [cxt 0] Extracting header 'udp'
[11:05:52.150] [bmv2] [D] [thread 5751] [10.0] [cxt 0] Parser set: setting field 'scalars.metadata.srcPort' from field 'udp.srcPort' (7777)
[11:05:52.150] [bmv2] [D] [thread 5751] [10.0] [cxt 0] Parser set: setting field 'scalars.metadata.dstPort' from field 'udp.dstPort' (8888)
[11:05:52.150] [bmv2] [D] [thread 5751] [10.0] [cxt 0] Parser state 'parse_udp' has no switch, going to default next state
[11:05:52.150] [bmv2] [T] [thread 5751] [10.0] [cxt 0] Bytes parsed: 42
[11:05:52.150] [bmv2] [D] [thread 5751] [10.0] [cxt 0] Parser 'parser': end
[11:05:52.150] [bmv2] [D] [thread 5751] [10.0] [cxt 0] Pipeline 'ingress': start
[11:05:52.150] [bmv2] [T] [thread 5751] [10.0] [cxt 0] /home/forcn/competition/application/topo/demo/p4src/switch.p4(291) Condition "hdr.ipv4.isValid()" (node_2) is true
[11:05:52.150] [bmv2] [T] [thread 5751] [10.0] [cxt 0] Applying table 'MyIngress.ipv4_lpm'
[11:05:52.151] [bmv2] [D] [thread 5751] [10.0] [cxt 0] Looking up key:
* hdr.ipv4.dstAddr              : 0a000101
* standard_metadata.ingress_port: 0001

[11:05:52.151] [bmv2] [D] [thread 5751] [10.0] [cxt 0] Table 'MyIngress.ipv4_lpm': hit with handle 3
[11:05:52.151] [bmv2] [D] [thread 5751] [10.0] [cxt 0] Dumping entry 3
Match key:
* hdr.ipv4.dstAddr              : LPM       0a000101/32
* standard_metadata.ingress_port: EXACT     0001
Action entry: MyIngress.ipv4_forward - a000101,3,

[11:05:52.151] [bmv2] [D] [thread 5751] [10.0] [cxt 0] Action entry is MyIngress.ipv4_forward - a000101,3,
[11:05:52.151] [bmv2] [T] [thread 5751] [10.0] [cxt 0] Action MyIngress.ipv4_forward
[11:05:52.151] [bmv2] [T] [thread 5751] [10.0] [cxt 0] /home/forcn/competition/application/topo/demo/p4src/switch.p4(243) Primitive standard_metadata.egress_spec = port
[11:05:52.151] [bmv2] [T] [thread 5751] [10.0] [cxt 0] /home/forcn/competition/application/topo/demo/p4src/switch.p4(244) Primitive standard_metadata.egress_port = port
[11:05:52.151] [bmv2] [T] [thread 5751] [10.0] [cxt 0] /home/forcn/competition/application/topo/demo/p4src/switch.p4(246) Primitive hdr.ethernet.srcAddr = hdr.ethernet.dstAddr
[11:05:52.151] [bmv2] [T] [thread 5751] [10.0] [cxt 0] /home/forcn/competition/application/topo/demo/p4src/switch.p4(247) Primitive hdr.ethernet.dstAddr = dstAddr
[11:05:52.151] [bmv2] [T] [thread 5751] [10.0] [cxt 0] /home/forcn/competition/application/topo/demo/p4src/switch.p4(248) Primitive hdr.ipv4.ttl = hdr.ipv4.ttl - 1
[11:05:52.151] [bmv2] [T] [thread 5751] [10.0] [cxt 0] Applying table 'MyIngress.tb_set_role'
[11:05:52.151] [bmv2] [D] [thread 5751] [10.0] [cxt 0] Looking up key:
* standard_metadata.ingress_port: 0001

[11:05:52.151] [bmv2] [D] [thread 5751] [10.0] [cxt 0] Table 'MyIngress.tb_set_role': miss
[11:05:52.151] [bmv2] [D] [thread 5751] [10.0] [cxt 0] Action entry is NoAction - 
[11:05:52.151] [bmv2] [T] [thread 5751] [10.0] [cxt 0] Action NoAction
[11:05:52.151] [bmv2] [D] [thread 5751] [10.0] [cxt 0] Pipeline 'ingress': end
[11:05:52.151] [bmv2] [D] [thread 5751] [10.0] [cxt 0] Egress port is 3
[11:05:52.151] [bmv2] [D] [thread 5755] [10.0] [cxt 0] Pipeline 'egress': start
[11:05:52.151] [bmv2] [T] [thread 5755] [10.0] [cxt 0] /home/forcn/competition/application/topo/demo/p4src/switch.p4(381) Condition "hdr.tag.isValid()" (node_7) is false
[11:05:52.151] [bmv2] [T] [thread 5755] [10.0] [cxt 0] /home/forcn/competition/application/topo/demo/p4src/switch.p4(386) Condition "hdr.mri.isValid()" (node_9) is false
[11:05:52.151] [bmv2] [D] [thread 5755] [10.0] [cxt 0] Pipeline 'egress': end
[11:05:52.151] [bmv2] [D] [thread 5755] [10.0] [cxt 0] Deparser 'deparser': start
[11:05:52.151] [bmv2] [D] [thread 5755] [10.0] [cxt 0] Updating checksum 'cksum'
[11:05:52.151] [bmv2] [D] [thread 5755] [10.0] [cxt 0] Deparsing header 'ethernet'
[11:05:52.151] [bmv2] [D] [thread 5755] [10.0] [cxt 0] Deparsing header 'ipv4'
[11:05:52.151] [bmv2] [D] [thread 5755] [10.0] [cxt 0] Deparsing header 'udp'
[11:05:52.151] [bmv2] [D] [thread 5755] [10.0] [cxt 0] Deparser 'deparser': end
[11:05:52.152] [bmv2] [D] [thread 5756] [10.0] [cxt 0] Transmitting packet of size 42 out of port 3
[11:05:52.158] [bmv2] [D] [thread 5751] [11.0] [cxt 0] Processing packet received on port 2
[11:05:52.158] [bmv2] [D] [thread 5751] [11.0] [cxt 0] Parser 'parser': start
[11:05:52.158] [bmv2] [D] [thread 5751] [11.0] [cxt 0] Parser 'parser' entering state 'start'
[11:05:52.158] [bmv2] [D] [thread 5751] [11.0] [cxt 0] Extracting header 'ethernet'
[11:05:52.158] [bmv2] [D] [thread 5751] [11.0] [cxt 0] Parser state 'start': key is 0800
[11:05:52.158] [bmv2] [T] [thread 5751] [11.0] [cxt 0] Bytes parsed: 14
[11:05:52.158] [bmv2] [D] [thread 5751] [11.0] [cxt 0] Parser 'parser' entering state 'parse_ipv4'
[11:05:52.158] [bmv2] [D] [thread 5751] [11.0] [cxt 0] Extracting header 'ipv4'
[11:05:52.158] [bmv2] [D] [thread 5751] [11.0] [cxt 0] Parser set: setting field 'scalars.tmp' from expression, new value is 1
[11:05:52.158] [bmv2] [D] [thread 5751] [11.0] [cxt 0] Parser state 'parse_ipv4': key is 05
[11:05:52.158] [bmv2] [T] [thread 5751] [11.0] [cxt 0] Bytes parsed: 34
[11:05:52.158] [bmv2] [D] [thread 5751] [11.0] [cxt 0] Parser 'parser' entering state 'parse_next_protocol'
[11:05:52.158] [bmv2] [D] [thread 5751] [11.0] [cxt 0] Parser state 'parse_next_protocol': key is 01
[11:05:52.158] [bmv2] [T] [thread 5751] [11.0] [cxt 0] Bytes parsed: 34
[11:05:52.158] [bmv2] [D] [thread 5751] [11.0] [cxt 0] Parser 'parser': end
[11:05:52.158] [bmv2] [D] [thread 5751] [11.0] [cxt 0] Pipeline 'ingress': start
[11:05:52.158] [bmv2] [T] [thread 5751] [11.0] [cxt 0] /home/forcn/competition/application/topo/demo/p4src/switch.p4(291) Condition "hdr.ipv4.isValid()" (node_2) is true
[11:05:52.158] [bmv2] [T] [thread 5751] [11.0] [cxt 0] Applying table 'MyIngress.ipv4_lpm'
[11:05:52.158] [bmv2] [D] [thread 5751] [11.0] [cxt 0] Looking up key:
* hdr.ipv4.dstAddr              : 0a000402
* standard_metadata.ingress_port: 0002

[11:05:52.158] [bmv2] [D] [thread 5751] [11.0] [cxt 0] Table 'MyIngress.ipv4_lpm': hit with handle 0
[11:05:52.158] [bmv2] [D] [thread 5751] [11.0] [cxt 0] Dumping entry 0
Match key:
* hdr.ipv4.dstAddr              : LPM       0a000402/32
* standard_metadata.ingress_port: EXACT     0002
Action entry: MyIngress.ipv4_forward - a000402,1,

[11:05:52.158] [bmv2] [D] [thread 5751] [11.0] [cxt 0] Action entry is MyIngress.ipv4_forward - a000402,1,
[11:05:52.158] [bmv2] [T] [thread 5751] [11.0] [cxt 0] Action MyIngress.ipv4_forward
[11:05:52.158] [bmv2] [T] [thread 5751] [11.0] [cxt 0] /home/forcn/competition/application/topo/demo/p4src/switch.p4(243) Primitive standard_metadata.egress_spec = port
[11:05:52.158] [bmv2] [T] [thread 5751] [11.0] [cxt 0] /home/forcn/competition/application/topo/demo/p4src/switch.p4(244) Primitive standard_metadata.egress_port = port
[11:05:52.158] [bmv2] [T] [thread 5751] [11.0] [cxt 0] /home/forcn/competition/application/topo/demo/p4src/switch.p4(246) Primitive hdr.ethernet.srcAddr = hdr.ethernet.dstAddr
[11:05:52.158] [bmv2] [T] [thread 5751] [11.0] [cxt 0] /home/forcn/competition/application/topo/demo/p4src/switch.p4(247) Primitive hdr.ethernet.dstAddr = dstAddr
[11:05:52.158] [bmv2] [T] [thread 5751] [11.0] [cxt 0] /home/forcn/competition/application/topo/demo/p4src/switch.p4(248) Primitive hdr.ipv4.ttl = hdr.ipv4.ttl - 1
[11:05:52.158] [bmv2] [T] [thread 5751] [11.0] [cxt 0] Applying table 'MyIngress.tb_set_role'
[11:05:52.158] [bmv2] [D] [thread 5751] [11.0] [cxt 0] Looking up key:
* standard_metadata.ingress_port: 0002

[11:05:52.158] [bmv2] [D] [thread 5751] [11.0] [cxt 0] Table 'MyIngress.tb_set_role': miss
[11:05:52.158] [bmv2] [D] [thread 5751] [11.0] [cxt 0] Action entry is NoAction - 
[11:05:52.158] [bmv2] [T] [thread 5751] [11.0] [cxt 0] Action NoAction
[11:05:52.158] [bmv2] [D] [thread 5751] [11.0] [cxt 0] Pipeline 'ingress': end
[11:05:52.158] [bmv2] [D] [thread 5751] [11.0] [cxt 0] Egress port is 1
[11:05:52.158] [bmv2] [D] [thread 5753] [11.0] [cxt 0] Pipeline 'egress': start
[11:05:52.158] [bmv2] [T] [thread 5753] [11.0] [cxt 0] /home/forcn/competition/application/topo/demo/p4src/switch.p4(381) Condition "hdr.tag.isValid()" (node_7) is false
[11:05:52.158] [bmv2] [T] [thread 5753] [11.0] [cxt 0] /home/forcn/competition/application/topo/demo/p4src/switch.p4(386) Condition "hdr.mri.isValid()" (node_9) is false
[11:05:52.158] [bmv2] [D] [thread 5753] [11.0] [cxt 0] Pipeline 'egress': end
[11:05:52.158] [bmv2] [D] [thread 5753] [11.0] [cxt 0] Deparser 'deparser': start
[11:05:52.158] [bmv2] [D] [thread 5753] [11.0] [cxt 0] Updating checksum 'cksum'
[11:05:52.158] [bmv2] [D] [thread 5753] [11.0] [cxt 0] Deparsing header 'ethernet'
[11:05:52.158] [bmv2] [D] [thread 5753] [11.0] [cxt 0] Deparsing header 'ipv4'
[11:05:52.158] [bmv2] [D] [thread 5753] [11.0] [cxt 0] Deparser 'deparser': end
[11:05:52.159] [bmv2] [D] [thread 5756] [11.0] [cxt 0] Transmitting packet of size 70 out of port 1
[11:06:20.916] [bmv2] [D] [thread 5751] [12.0] [cxt 0] Processing packet received on port 1
[11:06:20.917] [bmv2] [D] [thread 5751] [12.0] [cxt 0] Parser 'parser': start
[11:06:20.917] [bmv2] [D] [thread 5751] [12.0] [cxt 0] Parser 'parser' entering state 'start'
[11:06:20.917] [bmv2] [D] [thread 5751] [12.0] [cxt 0] Extracting header 'ethernet'
[11:06:20.917] [bmv2] [D] [thread 5751] [12.0] [cxt 0] Parser state 'start': key is 0800
[11:06:20.917] [bmv2] [T] [thread 5751] [12.0] [cxt 0] Bytes parsed: 14
[11:06:20.917] [bmv2] [D] [thread 5751] [12.0] [cxt 0] Parser 'parser' entering state 'parse_ipv4'
[11:06:20.917] [bmv2] [D] [thread 5751] [12.0] [cxt 0] Extracting header 'ipv4'
[11:06:20.917] [bmv2] [D] [thread 5751] [12.0] [cxt 0] Parser set: setting field 'scalars.tmp' from expression, new value is 1
[11:06:20.917] [bmv2] [D] [thread 5751] [12.0] [cxt 0] Parser state 'parse_ipv4': key is 05
[11:06:20.917] [bmv2] [T] [thread 5751] [12.0] [cxt 0] Bytes parsed: 34
[11:06:20.917] [bmv2] [D] [thread 5751] [12.0] [cxt 0] Parser 'parser' entering state 'parse_next_protocol'
[11:06:20.917] [bmv2] [D] [thread 5751] [12.0] [cxt 0] Parser state 'parse_next_protocol': key is 11
[11:06:20.917] [bmv2] [T] [thread 5751] [12.0] [cxt 0] Bytes parsed: 34
[11:06:20.917] [bmv2] [D] [thread 5751] [12.0] [cxt 0] Parser 'parser' entering state 'parse_udp'
[11:06:20.917] [bmv2] [D] [thread 5751] [12.0] [cxt 0] Extracting header 'udp'
[11:06:20.917] [bmv2] [D] [thread 5751] [12.0] [cxt 0] Parser set: setting field 'scalars.metadata.srcPort' from field 'udp.srcPort' (7777)
[11:06:20.917] [bmv2] [D] [thread 5751] [12.0] [cxt 0] Parser set: setting field 'scalars.metadata.dstPort' from field 'udp.dstPort' (8888)
[11:06:20.917] [bmv2] [D] [thread 5751] [12.0] [cxt 0] Parser state 'parse_udp' has no switch, going to default next state
[11:06:20.917] [bmv2] [T] [thread 5751] [12.0] [cxt 0] Bytes parsed: 42
[11:06:20.917] [bmv2] [D] [thread 5751] [12.0] [cxt 0] Parser 'parser': end
[11:06:20.917] [bmv2] [D] [thread 5751] [12.0] [cxt 0] Pipeline 'ingress': start
[11:06:20.917] [bmv2] [T] [thread 5751] [12.0] [cxt 0] /home/forcn/competition/application/topo/demo/p4src/switch.p4(291) Condition "hdr.ipv4.isValid()" (node_2) is true
[11:06:20.917] [bmv2] [T] [thread 5751] [12.0] [cxt 0] Applying table 'MyIngress.ipv4_lpm'
[11:06:20.917] [bmv2] [D] [thread 5751] [12.0] [cxt 0] Looking up key:
* hdr.ipv4.dstAddr              : 0a000101
* standard_metadata.ingress_port: 0001

[11:06:20.917] [bmv2] [D] [thread 5751] [12.0] [cxt 0] Table 'MyIngress.ipv4_lpm': hit with handle 3
[11:06:20.917] [bmv2] [D] [thread 5751] [12.0] [cxt 0] Dumping entry 3
Match key:
* hdr.ipv4.dstAddr              : LPM       0a000101/32
* standard_metadata.ingress_port: EXACT     0001
Action entry: MyIngress.ipv4_forward - a000101,3,

[11:06:20.917] [bmv2] [D] [thread 5751] [12.0] [cxt 0] Action entry is MyIngress.ipv4_forward - a000101,3,
[11:06:20.917] [bmv2] [T] [thread 5751] [12.0] [cxt 0] Action MyIngress.ipv4_forward
[11:06:20.917] [bmv2] [T] [thread 5751] [12.0] [cxt 0] /home/forcn/competition/application/topo/demo/p4src/switch.p4(243) Primitive standard_metadata.egress_spec = port
[11:06:20.917] [bmv2] [T] [thread 5751] [12.0] [cxt 0] /home/forcn/competition/application/topo/demo/p4src/switch.p4(244) Primitive standard_metadata.egress_port = port
[11:06:20.917] [bmv2] [T] [thread 5751] [12.0] [cxt 0] /home/forcn/competition/application/topo/demo/p4src/switch.p4(246) Primitive hdr.ethernet.srcAddr = hdr.ethernet.dstAddr
[11:06:20.917] [bmv2] [T] [thread 5751] [12.0] [cxt 0] /home/forcn/competition/application/topo/demo/p4src/switch.p4(247) Primitive hdr.ethernet.dstAddr = dstAddr
[11:06:20.917] [bmv2] [T] [thread 5751] [12.0] [cxt 0] /home/forcn/competition/application/topo/demo/p4src/switch.p4(248) Primitive hdr.ipv4.ttl = hdr.ipv4.ttl - 1
[11:06:20.917] [bmv2] [T] [thread 5751] [12.0] [cxt 0] Applying table 'MyIngress.tb_set_role'
[11:06:20.917] [bmv2] [D] [thread 5751] [12.0] [cxt 0] Looking up key:
* standard_metadata.ingress_port: 0001

[11:06:20.917] [bmv2] [D] [thread 5751] [12.0] [cxt 0] Table 'MyIngress.tb_set_role': miss
[11:06:20.917] [bmv2] [D] [thread 5751] [12.0] [cxt 0] Action entry is NoAction - 
[11:06:20.917] [bmv2] [T] [thread 5751] [12.0] [cxt 0] Action NoAction
[11:06:20.917] [bmv2] [D] [thread 5751] [12.0] [cxt 0] Pipeline 'ingress': end
[11:06:20.917] [bmv2] [D] [thread 5751] [12.0] [cxt 0] Egress port is 3
[11:06:20.917] [bmv2] [D] [thread 5755] [12.0] [cxt 0] Pipeline 'egress': start
[11:06:20.917] [bmv2] [T] [thread 5755] [12.0] [cxt 0] /home/forcn/competition/application/topo/demo/p4src/switch.p4(381) Condition "hdr.tag.isValid()" (node_7) is false
[11:06:20.917] [bmv2] [T] [thread 5755] [12.0] [cxt 0] /home/forcn/competition/application/topo/demo/p4src/switch.p4(386) Condition "hdr.mri.isValid()" (node_9) is false
[11:06:20.917] [bmv2] [D] [thread 5755] [12.0] [cxt 0] Pipeline 'egress': end
[11:06:20.917] [bmv2] [D] [thread 5755] [12.0] [cxt 0] Deparser 'deparser': start
[11:06:20.917] [bmv2] [D] [thread 5755] [12.0] [cxt 0] Updating checksum 'cksum'
[11:06:20.917] [bmv2] [D] [thread 5755] [12.0] [cxt 0] Deparsing header 'ethernet'
[11:06:20.917] [bmv2] [D] [thread 5755] [12.0] [cxt 0] Deparsing header 'ipv4'
[11:06:20.917] [bmv2] [D] [thread 5755] [12.0] [cxt 0] Deparsing header 'udp'
[11:06:20.917] [bmv2] [D] [thread 5755] [12.0] [cxt 0] Deparser 'deparser': end
[11:06:20.918] [bmv2] [D] [thread 5756] [12.0] [cxt 0] Transmitting packet of size 42 out of port 3
[11:06:20.923] [bmv2] [D] [thread 5751] [13.0] [cxt 0] Processing packet received on port 2
[11:06:20.923] [bmv2] [D] [thread 5751] [13.0] [cxt 0] Parser 'parser': start
[11:06:20.923] [bmv2] [D] [thread 5751] [13.0] [cxt 0] Parser 'parser' entering state 'start'
[11:06:20.923] [bmv2] [D] [thread 5751] [13.0] [cxt 0] Extracting header 'ethernet'
[11:06:20.923] [bmv2] [D] [thread 5751] [13.0] [cxt 0] Parser state 'start': key is 0800
[11:06:20.923] [bmv2] [T] [thread 5751] [13.0] [cxt 0] Bytes parsed: 14
[11:06:20.923] [bmv2] [D] [thread 5751] [13.0] [cxt 0] Parser 'parser' entering state 'parse_ipv4'
[11:06:20.923] [bmv2] [D] [thread 5751] [13.0] [cxt 0] Extracting header 'ipv4'
[11:06:20.923] [bmv2] [D] [thread 5751] [13.0] [cxt 0] Parser set: setting field 'scalars.tmp' from expression, new value is 1
[11:06:20.923] [bmv2] [D] [thread 5751] [13.0] [cxt 0] Parser state 'parse_ipv4': key is 05
[11:06:20.923] [bmv2] [T] [thread 5751] [13.0] [cxt 0] Bytes parsed: 34
[11:06:20.923] [bmv2] [D] [thread 5751] [13.0] [cxt 0] Parser 'parser' entering state 'parse_next_protocol'
[11:06:20.923] [bmv2] [D] [thread 5751] [13.0] [cxt 0] Parser state 'parse_next_protocol': key is 01
[11:06:20.923] [bmv2] [T] [thread 5751] [13.0] [cxt 0] Bytes parsed: 34
[11:06:20.923] [bmv2] [D] [thread 5751] [13.0] [cxt 0] Parser 'parser': end
[11:06:20.923] [bmv2] [D] [thread 5751] [13.0] [cxt 0] Pipeline 'ingress': start
[11:06:20.923] [bmv2] [T] [thread 5751] [13.0] [cxt 0] /home/forcn/competition/application/topo/demo/p4src/switch.p4(291) Condition "hdr.ipv4.isValid()" (node_2) is true
[11:06:20.923] [bmv2] [T] [thread 5751] [13.0] [cxt 0] Applying table 'MyIngress.ipv4_lpm'
[11:06:20.924] [bmv2] [D] [thread 5751] [13.0] [cxt 0] Looking up key:
* hdr.ipv4.dstAddr              : 0a000402
* standard_metadata.ingress_port: 0002

[11:06:20.924] [bmv2] [D] [thread 5751] [13.0] [cxt 0] Table 'MyIngress.ipv4_lpm': hit with handle 0
[11:06:20.924] [bmv2] [D] [thread 5751] [13.0] [cxt 0] Dumping entry 0
Match key:
* hdr.ipv4.dstAddr              : LPM       0a000402/32
* standard_metadata.ingress_port: EXACT     0002
Action entry: MyIngress.ipv4_forward - a000402,1,

[11:06:20.924] [bmv2] [D] [thread 5751] [13.0] [cxt 0] Action entry is MyIngress.ipv4_forward - a000402,1,
[11:06:20.924] [bmv2] [T] [thread 5751] [13.0] [cxt 0] Action MyIngress.ipv4_forward
[11:06:20.924] [bmv2] [T] [thread 5751] [13.0] [cxt 0] /home/forcn/competition/application/topo/demo/p4src/switch.p4(243) Primitive standard_metadata.egress_spec = port
[11:06:20.924] [bmv2] [T] [thread 5751] [13.0] [cxt 0] /home/forcn/competition/application/topo/demo/p4src/switch.p4(244) Primitive standard_metadata.egress_port = port
[11:06:20.924] [bmv2] [T] [thread 5751] [13.0] [cxt 0] /home/forcn/competition/application/topo/demo/p4src/switch.p4(246) Primitive hdr.ethernet.srcAddr = hdr.ethernet.dstAddr
[11:06:20.924] [bmv2] [T] [thread 5751] [13.0] [cxt 0] /home/forcn/competition/application/topo/demo/p4src/switch.p4(247) Primitive hdr.ethernet.dstAddr = dstAddr
[11:06:20.924] [bmv2] [T] [thread 5751] [13.0] [cxt 0] /home/forcn/competition/application/topo/demo/p4src/switch.p4(248) Primitive hdr.ipv4.ttl = hdr.ipv4.ttl - 1
[11:06:20.924] [bmv2] [T] [thread 5751] [13.0] [cxt 0] Applying table 'MyIngress.tb_set_role'
[11:06:20.924] [bmv2] [D] [thread 5751] [13.0] [cxt 0] Looking up key:
* standard_metadata.ingress_port: 0002

[11:06:20.924] [bmv2] [D] [thread 5751] [13.0] [cxt 0] Table 'MyIngress.tb_set_role': miss
[11:06:20.924] [bmv2] [D] [thread 5751] [13.0] [cxt 0] Action entry is NoAction - 
[11:06:20.924] [bmv2] [T] [thread 5751] [13.0] [cxt 0] Action NoAction
[11:06:20.924] [bmv2] [D] [thread 5751] [13.0] [cxt 0] Pipeline 'ingress': end
[11:06:20.924] [bmv2] [D] [thread 5751] [13.0] [cxt 0] Egress port is 1
[11:06:20.924] [bmv2] [D] [thread 5753] [13.0] [cxt 0] Pipeline 'egress': start
[11:06:20.924] [bmv2] [T] [thread 5753] [13.0] [cxt 0] /home/forcn/competition/application/topo/demo/p4src/switch.p4(381) Condition "hdr.tag.isValid()" (node_7) is false
[11:06:20.924] [bmv2] [T] [thread 5753] [13.0] [cxt 0] /home/forcn/competition/application/topo/demo/p4src/switch.p4(386) Condition "hdr.mri.isValid()" (node_9) is false
[11:06:20.924] [bmv2] [D] [thread 5753] [13.0] [cxt 0] Pipeline 'egress': end
[11:06:20.924] [bmv2] [D] [thread 5753] [13.0] [cxt 0] Deparser 'deparser': start
[11:06:20.924] [bmv2] [D] [thread 5753] [13.0] [cxt 0] Updating checksum 'cksum'
[11:06:20.924] [bmv2] [D] [thread 5753] [13.0] [cxt 0] Deparsing header 'ethernet'
[11:06:20.924] [bmv2] [D] [thread 5753] [13.0] [cxt 0] Deparsing header 'ipv4'
[11:06:20.924] [bmv2] [D] [thread 5753] [13.0] [cxt 0] Deparser 'deparser': end
[11:06:20.924] [bmv2] [D] [thread 5756] [13.0] [cxt 0] Transmitting packet of size 70 out of port 1
[11:06:47.233] [bmv2] [D] [thread 5751] [14.0] [cxt 0] Processing packet received on port 1
[11:06:47.233] [bmv2] [D] [thread 5751] [14.0] [cxt 0] Parser 'parser': start
[11:06:47.233] [bmv2] [D] [thread 5751] [14.0] [cxt 0] Parser 'parser' entering state 'start'
[11:06:47.233] [bmv2] [D] [thread 5751] [14.0] [cxt 0] Extracting header 'ethernet'
[11:06:47.233] [bmv2] [D] [thread 5751] [14.0] [cxt 0] Parser state 'start': key is 0800
[11:06:47.233] [bmv2] [T] [thread 5751] [14.0] [cxt 0] Bytes parsed: 14
[11:06:47.233] [bmv2] [D] [thread 5751] [14.0] [cxt 0] Parser 'parser' entering state 'parse_ipv4'
[11:06:47.233] [bmv2] [D] [thread 5751] [14.0] [cxt 0] Extracting header 'ipv4'
[11:06:47.233] [bmv2] [D] [thread 5751] [14.0] [cxt 0] Parser set: setting field 'scalars.tmp' from expression, new value is 1
[11:06:47.233] [bmv2] [D] [thread 5751] [14.0] [cxt 0] Parser state 'parse_ipv4': key is 05
[11:06:47.233] [bmv2] [T] [thread 5751] [14.0] [cxt 0] Bytes parsed: 34
[11:06:47.233] [bmv2] [D] [thread 5751] [14.0] [cxt 0] Parser 'parser' entering state 'parse_next_protocol'
[11:06:47.233] [bmv2] [D] [thread 5751] [14.0] [cxt 0] Parser state 'parse_next_protocol': key is 11
[11:06:47.233] [bmv2] [T] [thread 5751] [14.0] [cxt 0] Bytes parsed: 34
[11:06:47.233] [bmv2] [D] [thread 5751] [14.0] [cxt 0] Parser 'parser' entering state 'parse_udp'
[11:06:47.233] [bmv2] [D] [thread 5751] [14.0] [cxt 0] Extracting header 'udp'
[11:06:47.233] [bmv2] [D] [thread 5751] [14.0] [cxt 0] Parser set: setting field 'scalars.metadata.srcPort' from field 'udp.srcPort' (7777)
[11:06:47.233] [bmv2] [D] [thread 5751] [14.0] [cxt 0] Parser set: setting field 'scalars.metadata.dstPort' from field 'udp.dstPort' (8888)
[11:06:47.233] [bmv2] [D] [thread 5751] [14.0] [cxt 0] Parser state 'parse_udp' has no switch, going to default next state
[11:06:47.233] [bmv2] [T] [thread 5751] [14.0] [cxt 0] Bytes parsed: 42
[11:06:47.233] [bmv2] [D] [thread 5751] [14.0] [cxt 0] Parser 'parser': end
[11:06:47.233] [bmv2] [D] [thread 5751] [14.0] [cxt 0] Pipeline 'ingress': start
[11:06:47.233] [bmv2] [T] [thread 5751] [14.0] [cxt 0] /home/forcn/competition/application/topo/demo/p4src/switch.p4(291) Condition "hdr.ipv4.isValid()" (node_2) is true
[11:06:47.233] [bmv2] [T] [thread 5751] [14.0] [cxt 0] Applying table 'MyIngress.ipv4_lpm'
[11:06:47.233] [bmv2] [D] [thread 5751] [14.0] [cxt 0] Looking up key:
* hdr.ipv4.dstAddr              : 0a000101
* standard_metadata.ingress_port: 0001

[11:06:47.233] [bmv2] [D] [thread 5751] [14.0] [cxt 0] Table 'MyIngress.ipv4_lpm': hit with handle 3
[11:06:47.233] [bmv2] [D] [thread 5751] [14.0] [cxt 0] Dumping entry 3
Match key:
* hdr.ipv4.dstAddr              : LPM       0a000101/32
* standard_metadata.ingress_port: EXACT     0001
Action entry: MyIngress.ipv4_forward - a000101,3,

[11:06:47.233] [bmv2] [D] [thread 5751] [14.0] [cxt 0] Action entry is MyIngress.ipv4_forward - a000101,3,
[11:06:47.233] [bmv2] [T] [thread 5751] [14.0] [cxt 0] Action MyIngress.ipv4_forward
[11:06:47.233] [bmv2] [T] [thread 5751] [14.0] [cxt 0] /home/forcn/competition/application/topo/demo/p4src/switch.p4(243) Primitive standard_metadata.egress_spec = port
[11:06:47.233] [bmv2] [T] [thread 5751] [14.0] [cxt 0] /home/forcn/competition/application/topo/demo/p4src/switch.p4(244) Primitive standard_metadata.egress_port = port
[11:06:47.233] [bmv2] [T] [thread 5751] [14.0] [cxt 0] /home/forcn/competition/application/topo/demo/p4src/switch.p4(246) Primitive hdr.ethernet.srcAddr = hdr.ethernet.dstAddr
[11:06:47.233] [bmv2] [T] [thread 5751] [14.0] [cxt 0] /home/forcn/competition/application/topo/demo/p4src/switch.p4(247) Primitive hdr.ethernet.dstAddr = dstAddr
[11:06:47.233] [bmv2] [T] [thread 5751] [14.0] [cxt 0] /home/forcn/competition/application/topo/demo/p4src/switch.p4(248) Primitive hdr.ipv4.ttl = hdr.ipv4.ttl - 1
[11:06:47.233] [bmv2] [T] [thread 5751] [14.0] [cxt 0] Applying table 'MyIngress.tb_set_role'
[11:06:47.233] [bmv2] [D] [thread 5751] [14.0] [cxt 0] Looking up key:
* standard_metadata.ingress_port: 0001

[11:06:47.233] [bmv2] [D] [thread 5751] [14.0] [cxt 0] Table 'MyIngress.tb_set_role': miss
[11:06:47.233] [bmv2] [D] [thread 5751] [14.0] [cxt 0] Action entry is NoAction - 
[11:06:47.233] [bmv2] [T] [thread 5751] [14.0] [cxt 0] Action NoAction
[11:06:47.233] [bmv2] [D] [thread 5751] [14.0] [cxt 0] Pipeline 'ingress': end
[11:06:47.233] [bmv2] [D] [thread 5751] [14.0] [cxt 0] Egress port is 3
[11:06:47.233] [bmv2] [D] [thread 5755] [14.0] [cxt 0] Pipeline 'egress': start
[11:06:47.233] [bmv2] [T] [thread 5755] [14.0] [cxt 0] /home/forcn/competition/application/topo/demo/p4src/switch.p4(381) Condition "hdr.tag.isValid()" (node_7) is false
[11:06:47.233] [bmv2] [T] [thread 5755] [14.0] [cxt 0] /home/forcn/competition/application/topo/demo/p4src/switch.p4(386) Condition "hdr.mri.isValid()" (node_9) is false
[11:06:47.233] [bmv2] [D] [thread 5755] [14.0] [cxt 0] Pipeline 'egress': end
[11:06:47.233] [bmv2] [D] [thread 5755] [14.0] [cxt 0] Deparser 'deparser': start
[11:06:47.233] [bmv2] [D] [thread 5755] [14.0] [cxt 0] Updating checksum 'cksum'
[11:06:47.233] [bmv2] [D] [thread 5755] [14.0] [cxt 0] Deparsing header 'ethernet'
[11:06:47.233] [bmv2] [D] [thread 5755] [14.0] [cxt 0] Deparsing header 'ipv4'
[11:06:47.233] [bmv2] [D] [thread 5755] [14.0] [cxt 0] Deparsing header 'udp'
[11:06:47.233] [bmv2] [D] [thread 5755] [14.0] [cxt 0] Deparser 'deparser': end
[11:06:47.233] [bmv2] [D] [thread 5756] [14.0] [cxt 0] Transmitting packet of size 42 out of port 3
[11:06:47.238] [bmv2] [D] [thread 5751] [15.0] [cxt 0] Processing packet received on port 2
[11:06:47.238] [bmv2] [D] [thread 5751] [15.0] [cxt 0] Parser 'parser': start
[11:06:47.238] [bmv2] [D] [thread 5751] [15.0] [cxt 0] Parser 'parser' entering state 'start'
[11:06:47.238] [bmv2] [D] [thread 5751] [15.0] [cxt 0] Extracting header 'ethernet'
[11:06:47.238] [bmv2] [D] [thread 5751] [15.0] [cxt 0] Parser state 'start': key is 0800
[11:06:47.238] [bmv2] [T] [thread 5751] [15.0] [cxt 0] Bytes parsed: 14
[11:06:47.238] [bmv2] [D] [thread 5751] [15.0] [cxt 0] Parser 'parser' entering state 'parse_ipv4'
[11:06:47.238] [bmv2] [D] [thread 5751] [15.0] [cxt 0] Extracting header 'ipv4'
[11:06:47.238] [bmv2] [D] [thread 5751] [15.0] [cxt 0] Parser set: setting field 'scalars.tmp' from expression, new value is 1
[11:06:47.238] [bmv2] [D] [thread 5751] [15.0] [cxt 0] Parser state 'parse_ipv4': key is 05
[11:06:47.238] [bmv2] [T] [thread 5751] [15.0] [cxt 0] Bytes parsed: 34
[11:06:47.238] [bmv2] [D] [thread 5751] [15.0] [cxt 0] Parser 'parser' entering state 'parse_next_protocol'
[11:06:47.238] [bmv2] [D] [thread 5751] [15.0] [cxt 0] Parser state 'parse_next_protocol': key is 01
[11:06:47.238] [bmv2] [T] [thread 5751] [15.0] [cxt 0] Bytes parsed: 34
[11:06:47.238] [bmv2] [D] [thread 5751] [15.0] [cxt 0] Parser 'parser': end
[11:06:47.238] [bmv2] [D] [thread 5751] [15.0] [cxt 0] Pipeline 'ingress': start
[11:06:47.238] [bmv2] [T] [thread 5751] [15.0] [cxt 0] /home/forcn/competition/application/topo/demo/p4src/switch.p4(291) Condition "hdr.ipv4.isValid()" (node_2) is true
[11:06:47.238] [bmv2] [T] [thread 5751] [15.0] [cxt 0] Applying table 'MyIngress.ipv4_lpm'
[11:06:47.238] [bmv2] [D] [thread 5751] [15.0] [cxt 0] Looking up key:
* hdr.ipv4.dstAddr              : 0a000402
* standard_metadata.ingress_port: 0002

[11:06:47.238] [bmv2] [D] [thread 5751] [15.0] [cxt 0] Table 'MyIngress.ipv4_lpm': hit with handle 0
[11:06:47.238] [bmv2] [D] [thread 5751] [15.0] [cxt 0] Dumping entry 0
Match key:
* hdr.ipv4.dstAddr              : LPM       0a000402/32
* standard_metadata.ingress_port: EXACT     0002
Action entry: MyIngress.ipv4_forward - a000402,1,

[11:06:47.238] [bmv2] [D] [thread 5751] [15.0] [cxt 0] Action entry is MyIngress.ipv4_forward - a000402,1,
[11:06:47.238] [bmv2] [T] [thread 5751] [15.0] [cxt 0] Action MyIngress.ipv4_forward
[11:06:47.238] [bmv2] [T] [thread 5751] [15.0] [cxt 0] /home/forcn/competition/application/topo/demo/p4src/switch.p4(243) Primitive standard_metadata.egress_spec = port
[11:06:47.238] [bmv2] [T] [thread 5751] [15.0] [cxt 0] /home/forcn/competition/application/topo/demo/p4src/switch.p4(244) Primitive standard_metadata.egress_port = port
[11:06:47.238] [bmv2] [T] [thread 5751] [15.0] [cxt 0] /home/forcn/competition/application/topo/demo/p4src/switch.p4(246) Primitive hdr.ethernet.srcAddr = hdr.ethernet.dstAddr
[11:06:47.238] [bmv2] [T] [thread 5751] [15.0] [cxt 0] /home/forcn/competition/application/topo/demo/p4src/switch.p4(247) Primitive hdr.ethernet.dstAddr = dstAddr
[11:06:47.238] [bmv2] [T] [thread 5751] [15.0] [cxt 0] /home/forcn/competition/application/topo/demo/p4src/switch.p4(248) Primitive hdr.ipv4.ttl = hdr.ipv4.ttl - 1
[11:06:47.238] [bmv2] [T] [thread 5751] [15.0] [cxt 0] Applying table 'MyIngress.tb_set_role'
[11:06:47.239] [bmv2] [D] [thread 5751] [15.0] [cxt 0] Looking up key:
* standard_metadata.ingress_port: 0002

[11:06:47.239] [bmv2] [D] [thread 5751] [15.0] [cxt 0] Table 'MyIngress.tb_set_role': miss
[11:06:47.239] [bmv2] [D] [thread 5751] [15.0] [cxt 0] Action entry is NoAction - 
[11:06:47.239] [bmv2] [T] [thread 5751] [15.0] [cxt 0] Action NoAction
[11:06:47.239] [bmv2] [D] [thread 5751] [15.0] [cxt 0] Pipeline 'ingress': end
[11:06:47.239] [bmv2] [D] [thread 5751] [15.0] [cxt 0] Egress port is 1
[11:06:47.239] [bmv2] [D] [thread 5753] [15.0] [cxt 0] Pipeline 'egress': start
[11:06:47.239] [bmv2] [T] [thread 5753] [15.0] [cxt 0] /home/forcn/competition/application/topo/demo/p4src/switch.p4(381) Condition "hdr.tag.isValid()" (node_7) is false
[11:06:47.239] [bmv2] [T] [thread 5753] [15.0] [cxt 0] /home/forcn/competition/application/topo/demo/p4src/switch.p4(386) Condition "hdr.mri.isValid()" (node_9) is false
[11:06:47.239] [bmv2] [D] [thread 5753] [15.0] [cxt 0] Pipeline 'egress': end
[11:06:47.239] [bmv2] [D] [thread 5753] [15.0] [cxt 0] Deparser 'deparser': start
[11:06:47.239] [bmv2] [D] [thread 5753] [15.0] [cxt 0] Updating checksum 'cksum'
[11:06:47.239] [bmv2] [D] [thread 5753] [15.0] [cxt 0] Deparsing header 'ethernet'
[11:06:47.239] [bmv2] [D] [thread 5753] [15.0] [cxt 0] Deparsing header 'ipv4'
[11:06:47.239] [bmv2] [D] [thread 5753] [15.0] [cxt 0] Deparser 'deparser': end
[11:06:47.239] [bmv2] [D] [thread 5756] [15.0] [cxt 0] Transmitting packet of size 70 out of port 1
open: No such file or directory
open: No such file or directory
open: No such file or directory
open: No such file or directory
