Calling target program-options parser
[10:50:54.436] [bmv2] [D] [thread 5723] Set default default entry for table 'MyIngress.ipv4_lpm': MyIngress.drop - 
[10:50:54.437] [bmv2] [D] [thread 5723] Set default default entry for table 'MyIngress.tb_set_role': NoAction - 
[10:50:54.439] [bmv2] [D] [thread 5723] Set default default entry for table 'MyEgress.tbl_prime': NoAction - 
[10:50:54.439] [bmv2] [D] [thread 5723] Set default default entry for table 'MyEgress.swtrace': NoAction - 
Adding interface s3-eth1 as port 1
[10:50:54.445] [bmv2] [D] [thread 5723] Adding interface s3-eth1 as port 1
Adding interface s3-eth2 as port 2
[10:50:54.454] [bmv2] [D] [thread 5723] Adding interface s3-eth2 as port 2
Server listening on 0.0.0.0:9561
[10:50:54.469] [bmv2] [I] [thread 5723] Starting Thrift server on port 9092
[10:50:54.469] [bmv2] [I] [thread 5723] Thrift server was started
[10:50:54.518] [bmv2] [D] [thread 5733] [0.0] [cxt 0] Processing packet received on port 1
[10:50:54.518] [bmv2] [D] [thread 5733] [0.0] [cxt 0] Parser 'parser': start
[10:50:54.518] [bmv2] [D] [thread 5733] [0.0] [cxt 0] Parser 'parser' entering state 'start'
[10:50:54.518] [bmv2] [D] [thread 5733] [0.0] [cxt 0] Extracting header 'ethernet'
[10:50:54.518] [bmv2] [D] [thread 5733] [0.0] [cxt 0] Parser state 'start': key is 86dd
[10:50:54.518] [bmv2] [T] [thread 5733] [0.0] [cxt 0] Bytes parsed: 14
[10:50:54.518] [bmv2] [D] [thread 5733] [0.0] [cxt 0] Parser 'parser': end
[10:50:54.518] [bmv2] [D] [thread 5733] [0.0] [cxt 0] Pipeline 'ingress': start
[10:50:54.518] [bmv2] [T] [thread 5733] [0.0] [cxt 0] /home/forcn/competition/application/topo/demo/p4src/switch.p4(291) Condition "hdr.ipv4.isValid()" (node_2) is false
[10:50:54.518] [bmv2] [T] [thread 5733] [0.0] [cxt 0] Applying table 'MyIngress.tb_set_role'
[10:50:54.519] [bmv2] [D] [thread 5733] [0.0] [cxt 0] Looking up key:
* standard_metadata.ingress_port: 0001

[10:50:54.519] [bmv2] [D] [thread 5733] [0.0] [cxt 0] Table 'MyIngress.tb_set_role': miss
[10:50:54.519] [bmv2] [D] [thread 5733] [0.0] [cxt 0] Action entry is NoAction - 
[10:50:54.519] [bmv2] [T] [thread 5733] [0.0] [cxt 0] Action NoAction
[10:50:54.519] [bmv2] [D] [thread 5733] [0.0] [cxt 0] Pipeline 'ingress': end
[10:50:54.519] [bmv2] [D] [thread 5733] [0.0] [cxt 0] Egress port is 0
[10:50:54.519] [bmv2] [D] [thread 5733] [1.0] [cxt 0] Processing packet received on port 1
[10:50:54.519] [bmv2] [D] [thread 5733] [1.0] [cxt 0] Parser 'parser': start
[10:50:54.519] [bmv2] [D] [thread 5733] [1.0] [cxt 0] Parser 'parser' entering state 'start'
[10:50:54.519] [bmv2] [D] [thread 5733] [1.0] [cxt 0] Extracting header 'ethernet'
[10:50:54.519] [bmv2] [D] [thread 5733] [1.0] [cxt 0] Parser state 'start': key is 86dd
[10:50:54.519] [bmv2] [T] [thread 5733] [1.0] [cxt 0] Bytes parsed: 14
[10:50:54.519] [bmv2] [D] [thread 5733] [1.0] [cxt 0] Parser 'parser': end
[10:50:54.519] [bmv2] [D] [thread 5733] [1.0] [cxt 0] Pipeline 'ingress': start
[10:50:54.519] [bmv2] [T] [thread 5733] [1.0] [cxt 0] /home/forcn/competition/application/topo/demo/p4src/switch.p4(291) Condition "hdr.ipv4.isValid()" (node_2) is false
[10:50:54.519] [bmv2] [T] [thread 5733] [1.0] [cxt 0] Applying table 'MyIngress.tb_set_role'
[10:50:54.519] [bmv2] [D] [thread 5733] [1.0] [cxt 0] Looking up key:
* standard_metadata.ingress_port: 0001

[10:50:54.519] [bmv2] [D] [thread 5733] [1.0] [cxt 0] Table 'MyIngress.tb_set_role': miss
[10:50:54.519] [bmv2] [D] [thread 5733] [1.0] [cxt 0] Action entry is NoAction - 
[10:50:54.519] [bmv2] [D] [thread 5734] [0.0] [cxt 0] Pipeline 'egress': start
[10:50:54.519] [bmv2] [T] [thread 5734] [0.0] [cxt 0] /home/forcn/competition/application/topo/demo/p4src/switch.p4(381) Condition "hdr.tag.isValid()" (node_7) is false
[10:50:54.519] [bmv2] [T] [thread 5734] [0.0] [cxt 0] /home/forcn/competition/application/topo/demo/p4src/switch.p4(386) Condition "hdr.mri.isValid()" (node_9) is false
[10:50:54.519] [bmv2] [D] [thread 5734] [0.0] [cxt 0] Pipeline 'egress': end
[10:50:54.519] [bmv2] [D] [thread 5734] [0.0] [cxt 0] Deparser 'deparser': start
[10:50:54.519] [bmv2] [T] [thread 5734] [0.0] [cxt 0] Skipping checksum 'cksum' update because condition not met
[10:50:54.519] [bmv2] [D] [thread 5734] [0.0] [cxt 0] Deparsing header 'ethernet'
[10:50:54.519] [bmv2] [D] [thread 5734] [0.0] [cxt 0] Deparser 'deparser': end
[10:50:54.519] [bmv2] [D] [thread 5738] [0.0] [cxt 0] Transmitting packet of size 107 out of port 0
[10:50:54.519] [bmv2] [T] [thread 5733] [1.0] [cxt 0] Action NoAction
[10:50:54.520] [bmv2] [D] [thread 5733] [1.0] [cxt 0] Pipeline 'ingress': end
[10:50:54.520] [bmv2] [D] [thread 5733] [1.0] [cxt 0] Egress port is 0
[10:50:54.520] [bmv2] [D] [thread 5734] [1.0] [cxt 0] Pipeline 'egress': start
[10:50:54.520] [bmv2] [T] [thread 5734] [1.0] [cxt 0] /home/forcn/competition/application/topo/demo/p4src/switch.p4(381) Condition "hdr.tag.isValid()" (node_7) is false
[10:50:54.520] [bmv2] [T] [thread 5734] [1.0] [cxt 0] /home/forcn/competition/application/topo/demo/p4src/switch.p4(386) Condition "hdr.mri.isValid()" (node_9) is false
[10:50:54.520] [bmv2] [D] [thread 5734] [1.0] [cxt 0] Pipeline 'egress': end
[10:50:54.520] [bmv2] [D] [thread 5734] [1.0] [cxt 0] Deparser 'deparser': start
[10:50:54.520] [bmv2] [T] [thread 5734] [1.0] [cxt 0] Skipping checksum 'cksum' update because condition not met
[10:50:54.520] [bmv2] [D] [thread 5734] [1.0] [cxt 0] Deparsing header 'ethernet'
[10:50:54.520] [bmv2] [D] [thread 5734] [1.0] [cxt 0] Deparser 'deparser': end
[10:50:54.520] [bmv2] [D] [thread 5738] [1.0] [cxt 0] Transmitting packet of size 107 out of port 0
[10:50:54.524] [bmv2] [D] [thread 5733] [2.0] [cxt 0] Processing packet received on port 1
[10:50:54.524] [bmv2] [D] [thread 5733] [2.0] [cxt 0] Parser 'parser': start
[10:50:54.524] [bmv2] [D] [thread 5733] [2.0] [cxt 0] Parser 'parser' entering state 'start'
[10:50:54.524] [bmv2] [D] [thread 5733] [2.0] [cxt 0] Extracting header 'ethernet'
[10:50:54.524] [bmv2] [D] [thread 5733] [2.0] [cxt 0] Parser state 'start': key is 86dd
[10:50:54.524] [bmv2] [T] [thread 5733] [2.0] [cxt 0] Bytes parsed: 14
[10:50:54.524] [bmv2] [D] [thread 5733] [2.0] [cxt 0] Parser 'parser': end
[10:50:54.524] [bmv2] [D] [thread 5733] [2.0] [cxt 0] Pipeline 'ingress': start
[10:50:54.524] [bmv2] [T] [thread 5733] [2.0] [cxt 0] /home/forcn/competition/application/topo/demo/p4src/switch.p4(291) Condition "hdr.ipv4.isValid()" (node_2) is false
[10:50:54.524] [bmv2] [T] [thread 5733] [2.0] [cxt 0] Applying table 'MyIngress.tb_set_role'
[10:50:54.524] [bmv2] [D] [thread 5733] [2.0] [cxt 0] Looking up key:
* standard_metadata.ingress_port: 0001

[10:50:54.524] [bmv2] [D] [thread 5733] [2.0] [cxt 0] Table 'MyIngress.tb_set_role': miss
[10:50:54.524] [bmv2] [D] [thread 5733] [2.0] [cxt 0] Action entry is NoAction - 
[10:50:54.524] [bmv2] [T] [thread 5733] [2.0] [cxt 0] Action NoAction
[10:50:54.524] [bmv2] [D] [thread 5733] [2.0] [cxt 0] Pipeline 'ingress': end
[10:50:54.524] [bmv2] [D] [thread 5733] [2.0] [cxt 0] Egress port is 0
[10:50:54.524] [bmv2] [D] [thread 5733] [3.0] [cxt 0] Processing packet received on port 1
[10:50:54.524] [bmv2] [D] [thread 5733] [3.0] [cxt 0] Parser 'parser': start
[10:50:54.524] [bmv2] [D] [thread 5734] [2.0] [cxt 0] Pipeline 'egress': start
[10:50:54.524] [bmv2] [T] [thread 5734] [2.0] [cxt 0] /home/forcn/competition/application/topo/demo/p4src/switch.p4(381) Condition "hdr.tag.isValid()" (node_7) is false
[10:50:54.524] [bmv2] [T] [thread 5734] [2.0] [cxt 0] /home/forcn/competition/application/topo/demo/p4src/switch.p4(386) Condition "hdr.mri.isValid()" (node_9) is false
[10:50:54.524] [bmv2] [D] [thread 5734] [2.0] [cxt 0] Pipeline 'egress': end
[10:50:54.525] [bmv2] [D] [thread 5734] [2.0] [cxt 0] Deparser 'deparser': start
[10:50:54.525] [bmv2] [T] [thread 5734] [2.0] [cxt 0] Skipping checksum 'cksum' update because condition not met
[10:50:54.525] [bmv2] [D] [thread 5734] [2.0] [cxt 0] Deparsing header 'ethernet'
[10:50:54.525] [bmv2] [D] [thread 5734] [2.0] [cxt 0] Deparser 'deparser': end
[10:50:54.524] [bmv2] [D] [thread 5733] [3.0] [cxt 0] Parser 'parser' entering state 'start'
[10:50:54.525] [bmv2] [D] [thread 5738] [2.0] [cxt 0] Transmitting packet of size 227 out of port 0
[10:50:54.525] [bmv2] [D] [thread 5733] [3.0] [cxt 0] Extracting header 'ethernet'
[10:50:54.525] [bmv2] [D] [thread 5733] [3.0] [cxt 0] Parser state 'start': key is 86dd
[10:50:54.525] [bmv2] [T] [thread 5733] [3.0] [cxt 0] Bytes parsed: 14
[10:50:54.525] [bmv2] [D] [thread 5733] [3.0] [cxt 0] Parser 'parser': end
[10:50:54.525] [bmv2] [D] [thread 5733] [3.0] [cxt 0] Pipeline 'ingress': start
[10:50:54.525] [bmv2] [T] [thread 5733] [3.0] [cxt 0] /home/forcn/competition/application/topo/demo/p4src/switch.p4(291) Condition "hdr.ipv4.isValid()" (node_2) is false
[10:50:54.525] [bmv2] [T] [thread 5733] [3.0] [cxt 0] Applying table 'MyIngress.tb_set_role'
[10:50:54.525] [bmv2] [D] [thread 5733] [3.0] [cxt 0] Looking up key:
* standard_metadata.ingress_port: 0001

[10:50:54.525] [bmv2] [D] [thread 5733] [3.0] [cxt 0] Table 'MyIngress.tb_set_role': miss
[10:50:54.525] [bmv2] [D] [thread 5733] [3.0] [cxt 0] Action entry is NoAction - 
[10:50:54.525] [bmv2] [T] [thread 5733] [3.0] [cxt 0] Action NoAction
[10:50:54.525] [bmv2] [D] [thread 5733] [3.0] [cxt 0] Pipeline 'ingress': end
[10:50:54.525] [bmv2] [D] [thread 5733] [3.0] [cxt 0] Egress port is 0
[10:50:54.525] [bmv2] [D] [thread 5734] [3.0] [cxt 0] Pipeline 'egress': start
[10:50:54.525] [bmv2] [T] [thread 5734] [3.0] [cxt 0] /home/forcn/competition/application/topo/demo/p4src/switch.p4(381) Condition "hdr.tag.isValid()" (node_7) is false
[10:50:54.525] [bmv2] [T] [thread 5734] [3.0] [cxt 0] /home/forcn/competition/application/topo/demo/p4src/switch.p4(386) Condition "hdr.mri.isValid()" (node_9) is false
[10:50:54.525] [bmv2] [D] [thread 5734] [3.0] [cxt 0] Pipeline 'egress': end
[10:50:54.525] [bmv2] [D] [thread 5734] [3.0] [cxt 0] Deparser 'deparser': start
[10:50:54.525] [bmv2] [T] [thread 5734] [3.0] [cxt 0] Skipping checksum 'cksum' update because condition not met
[10:50:54.525] [bmv2] [D] [thread 5734] [3.0] [cxt 0] Deparsing header 'ethernet'
[10:50:54.525] [bmv2] [D] [thread 5734] [3.0] [cxt 0] Deparser 'deparser': end
[10:50:54.525] [bmv2] [D] [thread 5738] [3.0] [cxt 0] Transmitting packet of size 227 out of port 0
[10:50:54.561] [bmv2] [D] [thread 5733] [4.0] [cxt 0] Processing packet received on port 1
[10:50:54.561] [bmv2] [D] [thread 5733] [4.0] [cxt 0] Parser 'parser': start
[10:50:54.561] [bmv2] [D] [thread 5733] [4.0] [cxt 0] Parser 'parser' entering state 'start'
[10:50:54.561] [bmv2] [D] [thread 5733] [4.0] [cxt 0] Extracting header 'ethernet'
[10:50:54.562] [bmv2] [D] [thread 5733] [4.0] [cxt 0] Parser state 'start': key is 86dd
[10:50:54.562] [bmv2] [T] [thread 5733] [4.0] [cxt 0] Bytes parsed: 14
[10:50:54.562] [bmv2] [D] [thread 5733] [4.0] [cxt 0] Parser 'parser': end
[10:50:54.562] [bmv2] [D] [thread 5733] [4.0] [cxt 0] Pipeline 'ingress': start
[10:50:54.562] [bmv2] [T] [thread 5733] [4.0] [cxt 0] /home/forcn/competition/application/topo/demo/p4src/switch.p4(291) Condition "hdr.ipv4.isValid()" (node_2) is false
[10:50:54.562] [bmv2] [T] [thread 5733] [4.0] [cxt 0] Applying table 'MyIngress.tb_set_role'
[10:50:54.562] [bmv2] [D] [thread 5733] [4.0] [cxt 0] Looking up key:
* standard_metadata.ingress_port: 0001

[10:50:54.562] [bmv2] [D] [thread 5733] [4.0] [cxt 0] Table 'MyIngress.tb_set_role': miss
[10:50:54.562] [bmv2] [D] [thread 5733] [4.0] [cxt 0] Action entry is NoAction - 
[10:50:54.562] [bmv2] [T] [thread 5733] [4.0] [cxt 0] Action NoAction
[10:50:54.562] [bmv2] [D] [thread 5733] [4.0] [cxt 0] Pipeline 'ingress': end
[10:50:54.562] [bmv2] [D] [thread 5733] [4.0] [cxt 0] Egress port is 0
[10:50:54.562] [bmv2] [D] [thread 5734] [4.0] [cxt 0] Pipeline 'egress': start
[10:50:54.562] [bmv2] [T] [thread 5734] [4.0] [cxt 0] /home/forcn/competition/application/topo/demo/p4src/switch.p4(381) Condition "hdr.tag.isValid()" (node_7) is false
[10:50:54.562] [bmv2] [T] [thread 5734] [4.0] [cxt 0] /home/forcn/competition/application/topo/demo/p4src/switch.p4(386) Condition "hdr.mri.isValid()" (node_9) is false
[10:50:54.562] [bmv2] [D] [thread 5734] [4.0] [cxt 0] Pipeline 'egress': end
[10:50:54.562] [bmv2] [D] [thread 5734] [4.0] [cxt 0] Deparser 'deparser': start
[10:50:54.562] [bmv2] [T] [thread 5734] [4.0] [cxt 0] Skipping checksum 'cksum' update because condition not met
[10:50:54.562] [bmv2] [D] [thread 5734] [4.0] [cxt 0] Deparsing header 'ethernet'
[10:50:54.562] [bmv2] [D] [thread 5734] [4.0] [cxt 0] Deparser 'deparser': end
[10:50:54.562] [bmv2] [D] [thread 5738] [4.0] [cxt 0] Transmitting packet of size 110 out of port 0
[10:50:54.671] [bmv2] [D] [thread 5733] [5.0] [cxt 0] Processing packet received on port 1
[10:50:54.671] [bmv2] [D] [thread 5733] [5.0] [cxt 0] Parser 'parser': start
[10:50:54.671] [bmv2] [D] [thread 5733] [5.0] [cxt 0] Parser 'parser' entering state 'start'
[10:50:54.671] [bmv2] [D] [thread 5733] [5.0] [cxt 0] Extracting header 'ethernet'
[10:50:54.671] [bmv2] [D] [thread 5733] [5.0] [cxt 0] Parser state 'start': key is 86dd
[10:50:54.673] [bmv2] [T] [thread 5733] [5.0] [cxt 0] Bytes parsed: 14
[10:50:54.673] [bmv2] [D] [thread 5733] [5.0] [cxt 0] Parser 'parser': end
[10:50:54.673] [bmv2] [D] [thread 5733] [5.0] [cxt 0] Pipeline 'ingress': start
[10:50:54.673] [bmv2] [T] [thread 5733] [5.0] [cxt 0] /home/forcn/competition/application/topo/demo/p4src/switch.p4(291) Condition "hdr.ipv4.isValid()" (node_2) is false
[10:50:54.673] [bmv2] [T] [thread 5733] [5.0] [cxt 0] Applying table 'MyIngress.tb_set_role'
[10:50:54.673] [bmv2] [D] [thread 5733] [5.0] [cxt 0] Looking up key:
* standard_metadata.ingress_port: 0001

[10:50:54.673] [bmv2] [D] [thread 5733] [5.0] [cxt 0] Table 'MyIngress.tb_set_role': miss
[10:50:54.673] [bmv2] [D] [thread 5733] [5.0] [cxt 0] Action entry is NoAction - 
[10:50:54.673] [bmv2] [T] [thread 5733] [5.0] [cxt 0] Action NoAction
[10:50:54.673] [bmv2] [D] [thread 5733] [5.0] [cxt 0] Pipeline 'ingress': end
[10:50:54.673] [bmv2] [D] [thread 5733] [5.0] [cxt 0] Egress port is 0
[10:50:54.673] [bmv2] [D] [thread 5734] [5.0] [cxt 0] Pipeline 'egress': start
[10:50:54.673] [bmv2] [T] [thread 5734] [5.0] [cxt 0] /home/forcn/competition/application/topo/demo/p4src/switch.p4(381) Condition "hdr.tag.isValid()" (node_7) is false
[10:50:54.673] [bmv2] [T] [thread 5734] [5.0] [cxt 0] /home/forcn/competition/application/topo/demo/p4src/switch.p4(386) Condition "hdr.mri.isValid()" (node_9) is false
[10:50:54.673] [bmv2] [D] [thread 5734] [5.0] [cxt 0] Pipeline 'egress': end
[10:50:54.673] [bmv2] [D] [thread 5734] [5.0] [cxt 0] Deparser 'deparser': start
[10:50:54.673] [bmv2] [T] [thread 5734] [5.0] [cxt 0] Skipping checksum 'cksum' update because condition not met
[10:50:54.673] [bmv2] [D] [thread 5734] [5.0] [cxt 0] Deparsing header 'ethernet'
[10:50:54.673] [bmv2] [D] [thread 5734] [5.0] [cxt 0] Deparser 'deparser': end
[10:50:54.673] [bmv2] [D] [thread 5738] [5.0] [cxt 0] Transmitting packet of size 110 out of port 0
[10:50:54.772] [bmv2] [D] [thread 5733] [6.0] [cxt 0] Processing packet received on port 1
[10:50:54.772] [bmv2] [D] [thread 5733] [6.0] [cxt 0] Parser 'parser': start
[10:50:54.772] [bmv2] [D] [thread 5733] [6.0] [cxt 0] Parser 'parser' entering state 'start'
[10:50:54.772] [bmv2] [D] [thread 5733] [6.0] [cxt 0] Extracting header 'ethernet'
[10:50:54.772] [bmv2] [D] [thread 5733] [6.0] [cxt 0] Parser state 'start': key is 86dd
[10:50:54.773] [bmv2] [T] [thread 5733] [6.0] [cxt 0] Bytes parsed: 14
[10:50:54.773] [bmv2] [D] [thread 5733] [6.0] [cxt 0] Parser 'parser': end
[10:50:54.773] [bmv2] [D] [thread 5733] [6.0] [cxt 0] Pipeline 'ingress': start
[10:50:54.773] [bmv2] [T] [thread 5733] [6.0] [cxt 0] /home/forcn/competition/application/topo/demo/p4src/switch.p4(291) Condition "hdr.ipv4.isValid()" (node_2) is false
[10:50:54.773] [bmv2] [T] [thread 5733] [6.0] [cxt 0] Applying table 'MyIngress.tb_set_role'
[10:50:54.773] [bmv2] [D] [thread 5733] [6.0] [cxt 0] Looking up key:
* standard_metadata.ingress_port: 0001

[10:50:54.773] [bmv2] [D] [thread 5733] [6.0] [cxt 0] Table 'MyIngress.tb_set_role': miss
[10:50:54.773] [bmv2] [D] [thread 5733] [6.0] [cxt 0] Action entry is NoAction - 
[10:50:54.773] [bmv2] [T] [thread 5733] [6.0] [cxt 0] Action NoAction
[10:50:54.773] [bmv2] [D] [thread 5733] [6.0] [cxt 0] Pipeline 'ingress': end
[10:50:54.773] [bmv2] [D] [thread 5733] [6.0] [cxt 0] Egress port is 0
[10:50:54.773] [bmv2] [D] [thread 5734] [6.0] [cxt 0] Pipeline 'egress': start
[10:50:54.773] [bmv2] [T] [thread 5734] [6.0] [cxt 0] /home/forcn/competition/application/topo/demo/p4src/switch.p4(381) Condition "hdr.tag.isValid()" (node_7) is false
[10:50:54.773] [bmv2] [T] [thread 5734] [6.0] [cxt 0] /home/forcn/competition/application/topo/demo/p4src/switch.p4(386) Condition "hdr.mri.isValid()" (node_9) is false
[10:50:54.773] [bmv2] [D] [thread 5734] [6.0] [cxt 0] Pipeline 'egress': end
[10:50:54.773] [bmv2] [D] [thread 5734] [6.0] [cxt 0] Deparser 'deparser': start
[10:50:54.773] [bmv2] [T] [thread 5734] [6.0] [cxt 0] Skipping checksum 'cksum' update because condition not met
[10:50:54.773] [bmv2] [D] [thread 5734] [6.0] [cxt 0] Deparsing header 'ethernet'
[10:50:54.773] [bmv2] [D] [thread 5734] [6.0] [cxt 0] Deparser 'deparser': end
[10:50:54.773] [bmv2] [D] [thread 5738] [6.0] [cxt 0] Transmitting packet of size 227 out of port 0
[10:50:55.165] [bmv2] [T] [thread 5813] bm_get_config
[10:50:55.168] [bmv2] [T] [thread 5813] bm_table_add_entry
[10:50:55.168] [bmv2] [D] [thread 5813] Entry 0 added to table 'MyIngress.ipv4_lpm'
[10:50:55.168] [bmv2] [D] [thread 5813] Dumping entry 0
Match key:
* hdr.ipv4.dstAddr              : LPM       0a000402/32
* standard_metadata.ingress_port: EXACT     0001
Action entry: MyIngress.ipv4_forward - a000402,2,

[10:50:55.169] [bmv2] [T] [thread 5813] bm_table_add_entry
[10:50:55.169] [bmv2] [D] [thread 5813] Entry 1 added to table 'MyIngress.ipv4_lpm'
[10:50:55.169] [bmv2] [D] [thread 5813] Dumping entry 1
Match key:
* hdr.ipv4.dstAddr              : LPM       0a000403/32
* standard_metadata.ingress_port: EXACT     0001
Action entry: MyIngress.ipv4_forward - a000402,2,

[10:50:55.169] [bmv2] [T] [thread 5813] bm_table_add_entry
[10:50:55.169] [bmv2] [D] [thread 5813] Entry 2 added to table 'MyIngress.ipv4_lpm'
[10:50:55.169] [bmv2] [D] [thread 5813] Dumping entry 2
Match key:
* hdr.ipv4.dstAddr              : LPM       0a000101/32
* standard_metadata.ingress_port: EXACT     0002
Action entry: MyIngress.ipv4_forward - a000101,1,

[10:50:55.170] [bmv2] [T] [thread 5813] bm_table_add_entry
[10:50:55.170] [bmv2] [D] [thread 5813] Entry 3 added to table 'MyIngress.ipv4_lpm'
[10:50:55.170] [bmv2] [D] [thread 5813] Dumping entry 3
Match key:
* hdr.ipv4.dstAddr              : LPM       0a000402/32
* standard_metadata.ingress_port: EXACT     0002
Action entry: MyIngress.ipv4_forward - a000402,1,

[10:50:55.170] [bmv2] [T] [thread 5813] bm_set_default_action
[10:50:55.170] [bmv2] [D] [thread 5813] Set default entry for table 'MyEgress.tbl_prime': MyEgress.prime_multiply - 5,
[10:50:55.171] [bmv2] [T] [thread 5813] bm_set_default_action
[10:50:55.171] [bmv2] [D] [thread 5813] Set default entry for table 'MyEgress.swtrace': MyEgress.add_swtrace - 3,
[10:50:57.989] [bmv2] [D] [thread 5733] [7.0] [cxt 0] Processing packet received on port 2
[10:50:57.989] [bmv2] [D] [thread 5733] [7.0] [cxt 0] Parser 'parser': start
[10:50:57.989] [bmv2] [D] [thread 5733] [7.0] [cxt 0] Parser 'parser' entering state 'start'
[10:50:57.989] [bmv2] [D] [thread 5733] [7.0] [cxt 0] Extracting header 'ethernet'
[10:50:57.989] [bmv2] [D] [thread 5733] [7.0] [cxt 0] Parser state 'start': key is 0800
[10:50:57.990] [bmv2] [T] [thread 5733] [7.0] [cxt 0] Bytes parsed: 14
[10:50:57.990] [bmv2] [D] [thread 5733] [7.0] [cxt 0] Parser 'parser' entering state 'parse_ipv4'
[10:50:57.990] [bmv2] [D] [thread 5733] [7.0] [cxt 0] Extracting header 'ipv4'
[10:50:57.990] [bmv2] [D] [thread 5733] [7.0] [cxt 0] Parser set: setting field 'scalars.tmp' from expression, new value is 1
[10:50:57.990] [bmv2] [D] [thread 5733] [7.0] [cxt 0] Parser state 'parse_ipv4': key is 05
[10:50:57.990] [bmv2] [T] [thread 5733] [7.0] [cxt 0] Bytes parsed: 34
[10:50:57.990] [bmv2] [D] [thread 5733] [7.0] [cxt 0] Parser 'parser' entering state 'parse_next_protocol'
[10:50:57.990] [bmv2] [D] [thread 5733] [7.0] [cxt 0] Parser state 'parse_next_protocol': key is 01
[10:50:57.990] [bmv2] [T] [thread 5733] [7.0] [cxt 0] Bytes parsed: 34
[10:50:57.990] [bmv2] [D] [thread 5733] [7.0] [cxt 0] Parser 'parser': end
[10:50:57.990] [bmv2] [D] [thread 5733] [7.0] [cxt 0] Pipeline 'ingress': start
[10:50:57.990] [bmv2] [T] [thread 5733] [7.0] [cxt 0] /home/forcn/competition/application/topo/demo/p4src/switch.p4(291) Condition "hdr.ipv4.isValid()" (node_2) is true
[10:50:57.990] [bmv2] [T] [thread 5733] [7.0] [cxt 0] Applying table 'MyIngress.ipv4_lpm'
[10:50:57.990] [bmv2] [D] [thread 5733] [7.0] [cxt 0] Looking up key:
* hdr.ipv4.dstAddr              : 0a000101
* standard_metadata.ingress_port: 0002

[10:50:57.990] [bmv2] [D] [thread 5733] [7.0] [cxt 0] Table 'MyIngress.ipv4_lpm': hit with handle 2
[10:50:57.990] [bmv2] [D] [thread 5733] [7.0] [cxt 0] Dumping entry 2
Match key:
* hdr.ipv4.dstAddr              : LPM       0a000101/32
* standard_metadata.ingress_port: EXACT     0002
Action entry: MyIngress.ipv4_forward - a000101,1,

[10:50:57.990] [bmv2] [D] [thread 5733] [7.0] [cxt 0] Action entry is MyIngress.ipv4_forward - a000101,1,
[10:50:57.990] [bmv2] [T] [thread 5733] [7.0] [cxt 0] Action MyIngress.ipv4_forward
[10:50:57.990] [bmv2] [T] [thread 5733] [7.0] [cxt 0] /home/forcn/competition/application/topo/demo/p4src/switch.p4(243) Primitive standard_metadata.egress_spec = port
[10:50:57.990] [bmv2] [T] [thread 5733] [7.0] [cxt 0] /home/forcn/competition/application/topo/demo/p4src/switch.p4(244) Primitive standard_metadata.egress_port = port
[10:50:57.990] [bmv2] [T] [thread 5733] [7.0] [cxt 0] /home/forcn/competition/application/topo/demo/p4src/switch.p4(246) Primitive hdr.ethernet.srcAddr = hdr.ethernet.dstAddr
[10:50:57.990] [bmv2] [T] [thread 5733] [7.0] [cxt 0] /home/forcn/competition/application/topo/demo/p4src/switch.p4(247) Primitive hdr.ethernet.dstAddr = dstAddr
[10:50:57.990] [bmv2] [T] [thread 5733] [7.0] [cxt 0] /home/forcn/competition/application/topo/demo/p4src/switch.p4(248) Primitive hdr.ipv4.ttl = hdr.ipv4.ttl - 1
[10:50:57.990] [bmv2] [T] [thread 5733] [7.0] [cxt 0] Applying table 'MyIngress.tb_set_role'
[10:50:57.990] [bmv2] [D] [thread 5733] [7.0] [cxt 0] Looking up key:
* standard_metadata.ingress_port: 0002

[10:50:57.990] [bmv2] [D] [thread 5733] [7.0] [cxt 0] Table 'MyIngress.tb_set_role': miss
[10:50:57.990] [bmv2] [D] [thread 5733] [7.0] [cxt 0] Action entry is NoAction - 
[10:50:57.990] [bmv2] [T] [thread 5733] [7.0] [cxt 0] Action NoAction
[10:50:57.990] [bmv2] [D] [thread 5733] [7.0] [cxt 0] Pipeline 'ingress': end
[10:50:57.990] [bmv2] [D] [thread 5733] [7.0] [cxt 0] Egress port is 1
[10:50:57.990] [bmv2] [D] [thread 5735] [7.0] [cxt 0] Pipeline 'egress': start
[10:50:57.990] [bmv2] [T] [thread 5735] [7.0] [cxt 0] /home/forcn/competition/application/topo/demo/p4src/switch.p4(381) Condition "hdr.tag.isValid()" (node_7) is false
[10:50:57.990] [bmv2] [T] [thread 5735] [7.0] [cxt 0] /home/forcn/competition/application/topo/demo/p4src/switch.p4(386) Condition "hdr.mri.isValid()" (node_9) is false
[10:50:57.990] [bmv2] [D] [thread 5735] [7.0] [cxt 0] Pipeline 'egress': end
[10:50:57.990] [bmv2] [D] [thread 5735] [7.0] [cxt 0] Deparser 'deparser': start
[10:50:57.990] [bmv2] [D] [thread 5735] [7.0] [cxt 0] Updating checksum 'cksum'
[10:50:57.990] [bmv2] [D] [thread 5735] [7.0] [cxt 0] Deparsing header 'ethernet'
[10:50:57.990] [bmv2] [D] [thread 5735] [7.0] [cxt 0] Deparsing header 'ipv4'
[10:50:57.990] [bmv2] [D] [thread 5735] [7.0] [cxt 0] Deparser 'deparser': end
[10:50:57.990] [bmv2] [D] [thread 5738] [7.0] [cxt 0] Transmitting packet of size 98 out of port 1
[10:50:57.999] [bmv2] [D] [thread 5733] [8.0] [cxt 0] Processing packet received on port 2
[10:50:57.999] [bmv2] [D] [thread 5733] [8.0] [cxt 0] Parser 'parser': start
[10:50:57.999] [bmv2] [D] [thread 5733] [8.0] [cxt 0] Parser 'parser' entering state 'start'
[10:50:57.999] [bmv2] [D] [thread 5733] [8.0] [cxt 0] Extracting header 'ethernet'
[10:50:57.999] [bmv2] [D] [thread 5733] [8.0] [cxt 0] Parser state 'start': key is 0800
[10:50:57.999] [bmv2] [T] [thread 5733] [8.0] [cxt 0] Bytes parsed: 14
[10:50:57.999] [bmv2] [D] [thread 5733] [8.0] [cxt 0] Parser 'parser' entering state 'parse_ipv4'
[10:50:57.999] [bmv2] [D] [thread 5733] [8.0] [cxt 0] Extracting header 'ipv4'
[10:50:57.999] [bmv2] [D] [thread 5733] [8.0] [cxt 0] Parser set: setting field 'scalars.tmp' from expression, new value is 1
[10:50:57.999] [bmv2] [D] [thread 5733] [8.0] [cxt 0] Parser state 'parse_ipv4': key is 05
[10:50:57.999] [bmv2] [T] [thread 5733] [8.0] [cxt 0] Bytes parsed: 34
[10:50:57.999] [bmv2] [D] [thread 5733] [8.0] [cxt 0] Parser 'parser' entering state 'parse_next_protocol'
[10:50:57.999] [bmv2] [D] [thread 5733] [8.0] [cxt 0] Parser state 'parse_next_protocol': key is 01
[10:50:57.999] [bmv2] [T] [thread 5733] [8.0] [cxt 0] Bytes parsed: 34
[10:50:57.999] [bmv2] [D] [thread 5733] [8.0] [cxt 0] Parser 'parser': end
[10:50:57.999] [bmv2] [D] [thread 5733] [8.0] [cxt 0] Pipeline 'ingress': start
[10:50:57.999] [bmv2] [T] [thread 5733] [8.0] [cxt 0] /home/forcn/competition/application/topo/demo/p4src/switch.p4(291) Condition "hdr.ipv4.isValid()" (node_2) is true
[10:50:57.999] [bmv2] [T] [thread 5733] [8.0] [cxt 0] Applying table 'MyIngress.ipv4_lpm'
[10:50:57.999] [bmv2] [D] [thread 5733] [8.0] [cxt 0] Looking up key:
* hdr.ipv4.dstAddr              : 0a000101
* standard_metadata.ingress_port: 0002

[10:50:57.999] [bmv2] [D] [thread 5733] [8.0] [cxt 0] Table 'MyIngress.ipv4_lpm': hit with handle 2
[10:50:57.999] [bmv2] [D] [thread 5733] [8.0] [cxt 0] Dumping entry 2
Match key:
* hdr.ipv4.dstAddr              : LPM       0a000101/32
* standard_metadata.ingress_port: EXACT     0002
Action entry: MyIngress.ipv4_forward - a000101,1,

[10:50:57.999] [bmv2] [D] [thread 5733] [8.0] [cxt 0] Action entry is MyIngress.ipv4_forward - a000101,1,
[10:50:58.000] [bmv2] [T] [thread 5733] [8.0] [cxt 0] Action MyIngress.ipv4_forward
[10:50:58.000] [bmv2] [T] [thread 5733] [8.0] [cxt 0] /home/forcn/competition/application/topo/demo/p4src/switch.p4(243) Primitive standard_metadata.egress_spec = port
[10:50:58.000] [bmv2] [T] [thread 5733] [8.0] [cxt 0] /home/forcn/competition/application/topo/demo/p4src/switch.p4(244) Primitive standard_metadata.egress_port = port
[10:50:58.000] [bmv2] [T] [thread 5733] [8.0] [cxt 0] /home/forcn/competition/application/topo/demo/p4src/switch.p4(246) Primitive hdr.ethernet.srcAddr = hdr.ethernet.dstAddr
[10:50:58.000] [bmv2] [T] [thread 5733] [8.0] [cxt 0] /home/forcn/competition/application/topo/demo/p4src/switch.p4(247) Primitive hdr.ethernet.dstAddr = dstAddr
[10:50:58.000] [bmv2] [T] [thread 5733] [8.0] [cxt 0] /home/forcn/competition/application/topo/demo/p4src/switch.p4(248) Primitive hdr.ipv4.ttl = hdr.ipv4.ttl - 1
[10:50:58.000] [bmv2] [T] [thread 5733] [8.0] [cxt 0] Applying table 'MyIngress.tb_set_role'
[10:50:58.000] [bmv2] [D] [thread 5733] [8.0] [cxt 0] Looking up key:
* standard_metadata.ingress_port: 0002

[10:50:58.000] [bmv2] [D] [thread 5733] [8.0] [cxt 0] Table 'MyIngress.tb_set_role': miss
[10:50:58.000] [bmv2] [D] [thread 5733] [8.0] [cxt 0] Action entry is NoAction - 
[10:50:58.000] [bmv2] [T] [thread 5733] [8.0] [cxt 0] Action NoAction
[10:50:58.000] [bmv2] [D] [thread 5733] [8.0] [cxt 0] Pipeline 'ingress': end
[10:50:58.000] [bmv2] [D] [thread 5733] [8.0] [cxt 0] Egress port is 1
[10:50:58.000] [bmv2] [D] [thread 5735] [8.0] [cxt 0] Pipeline 'egress': start
[10:50:58.000] [bmv2] [T] [thread 5735] [8.0] [cxt 0] /home/forcn/competition/application/topo/demo/p4src/switch.p4(381) Condition "hdr.tag.isValid()" (node_7) is false
[10:50:58.000] [bmv2] [T] [thread 5735] [8.0] [cxt 0] /home/forcn/competition/application/topo/demo/p4src/switch.p4(386) Condition "hdr.mri.isValid()" (node_9) is false
[10:50:58.000] [bmv2] [D] [thread 5735] [8.0] [cxt 0] Pipeline 'egress': end
[10:50:58.000] [bmv2] [D] [thread 5735] [8.0] [cxt 0] Deparser 'deparser': start
[10:50:58.000] [bmv2] [D] [thread 5735] [8.0] [cxt 0] Updating checksum 'cksum'
[10:50:58.000] [bmv2] [D] [thread 5735] [8.0] [cxt 0] Deparsing header 'ethernet'
[10:50:58.000] [bmv2] [D] [thread 5735] [8.0] [cxt 0] Deparsing header 'ipv4'
[10:50:58.000] [bmv2] [D] [thread 5735] [8.0] [cxt 0] Deparser 'deparser': end
[10:50:58.000] [bmv2] [D] [thread 5738] [8.0] [cxt 0] Transmitting packet of size 98 out of port 1
[10:58:09.853] [bmv2] [D] [thread 5733] [9.0] [cxt 0] Processing packet received on port 2
[10:58:09.853] [bmv2] [D] [thread 5733] [9.0] [cxt 0] Parser 'parser': start
[10:58:09.853] [bmv2] [D] [thread 5733] [9.0] [cxt 0] Parser 'parser' entering state 'start'
[10:58:09.853] [bmv2] [D] [thread 5733] [9.0] [cxt 0] Extracting header 'ethernet'
[10:58:09.853] [bmv2] [D] [thread 5733] [9.0] [cxt 0] Parser state 'start': key is 0800
[10:58:09.853] [bmv2] [T] [thread 5733] [9.0] [cxt 0] Bytes parsed: 14
[10:58:09.853] [bmv2] [D] [thread 5733] [9.0] [cxt 0] Parser 'parser' entering state 'parse_ipv4'
[10:58:09.853] [bmv2] [D] [thread 5733] [9.0] [cxt 0] Extracting header 'ipv4'
[10:58:09.854] [bmv2] [D] [thread 5733] [9.0] [cxt 0] Parser set: setting field 'scalars.tmp' from expression, new value is 1
[10:58:09.854] [bmv2] [D] [thread 5733] [9.0] [cxt 0] Parser state 'parse_ipv4': key is 05
[10:58:09.854] [bmv2] [T] [thread 5733] [9.0] [cxt 0] Bytes parsed: 34
[10:58:09.854] [bmv2] [D] [thread 5733] [9.0] [cxt 0] Parser 'parser' entering state 'parse_next_protocol'
[10:58:09.854] [bmv2] [D] [thread 5733] [9.0] [cxt 0] Parser state 'parse_next_protocol': key is 01
[10:58:09.854] [bmv2] [T] [thread 5733] [9.0] [cxt 0] Bytes parsed: 34
[10:58:09.854] [bmv2] [D] [thread 5733] [9.0] [cxt 0] Parser 'parser': end
[10:58:09.854] [bmv2] [D] [thread 5733] [9.0] [cxt 0] Pipeline 'ingress': start
[10:58:09.854] [bmv2] [T] [thread 5733] [9.0] [cxt 0] /home/forcn/competition/application/topo/demo/p4src/switch.p4(291) Condition "hdr.ipv4.isValid()" (node_2) is true
[10:58:09.854] [bmv2] [T] [thread 5733] [9.0] [cxt 0] Applying table 'MyIngress.ipv4_lpm'
[10:58:09.854] [bmv2] [D] [thread 5733] [9.0] [cxt 0] Looking up key:
* hdr.ipv4.dstAddr              : 0a000101
* standard_metadata.ingress_port: 0002

[10:58:09.854] [bmv2] [D] [thread 5733] [9.0] [cxt 0] Table 'MyIngress.ipv4_lpm': hit with handle 2
[10:58:09.854] [bmv2] [D] [thread 5733] [9.0] [cxt 0] Dumping entry 2
Match key:
* hdr.ipv4.dstAddr              : LPM       0a000101/32
* standard_metadata.ingress_port: EXACT     0002
Action entry: MyIngress.ipv4_forward - a000101,1,

[10:58:09.854] [bmv2] [D] [thread 5733] [9.0] [cxt 0] Action entry is MyIngress.ipv4_forward - a000101,1,
[10:58:09.854] [bmv2] [T] [thread 5733] [9.0] [cxt 0] Action MyIngress.ipv4_forward
[10:58:09.854] [bmv2] [T] [thread 5733] [9.0] [cxt 0] /home/forcn/competition/application/topo/demo/p4src/switch.p4(243) Primitive standard_metadata.egress_spec = port
[10:58:09.854] [bmv2] [T] [thread 5733] [9.0] [cxt 0] /home/forcn/competition/application/topo/demo/p4src/switch.p4(244) Primitive standard_metadata.egress_port = port
[10:58:09.854] [bmv2] [T] [thread 5733] [9.0] [cxt 0] /home/forcn/competition/application/topo/demo/p4src/switch.p4(246) Primitive hdr.ethernet.srcAddr = hdr.ethernet.dstAddr
[10:58:09.854] [bmv2] [T] [thread 5733] [9.0] [cxt 0] /home/forcn/competition/application/topo/demo/p4src/switch.p4(247) Primitive hdr.ethernet.dstAddr = dstAddr
[10:58:09.854] [bmv2] [T] [thread 5733] [9.0] [cxt 0] /home/forcn/competition/application/topo/demo/p4src/switch.p4(248) Primitive hdr.ipv4.ttl = hdr.ipv4.ttl - 1
[10:58:09.854] [bmv2] [T] [thread 5733] [9.0] [cxt 0] Applying table 'MyIngress.tb_set_role'
[10:58:09.854] [bmv2] [D] [thread 5733] [9.0] [cxt 0] Looking up key:
* standard_metadata.ingress_port: 0002

[10:58:09.854] [bmv2] [D] [thread 5733] [9.0] [cxt 0] Table 'MyIngress.tb_set_role': miss
[10:58:09.854] [bmv2] [D] [thread 5733] [9.0] [cxt 0] Action entry is NoAction - 
[10:58:09.854] [bmv2] [T] [thread 5733] [9.0] [cxt 0] Action NoAction
[10:58:09.854] [bmv2] [D] [thread 5733] [9.0] [cxt 0] Pipeline 'ingress': end
[10:58:09.854] [bmv2] [D] [thread 5733] [9.0] [cxt 0] Egress port is 1
[10:58:09.854] [bmv2] [D] [thread 5735] [9.0] [cxt 0] Pipeline 'egress': start
[10:58:09.854] [bmv2] [T] [thread 5735] [9.0] [cxt 0] /home/forcn/competition/application/topo/demo/p4src/switch.p4(381) Condition "hdr.tag.isValid()" (node_7) is false
[10:58:09.854] [bmv2] [T] [thread 5735] [9.0] [cxt 0] /home/forcn/competition/application/topo/demo/p4src/switch.p4(386) Condition "hdr.mri.isValid()" (node_9) is false
[10:58:09.854] [bmv2] [D] [thread 5735] [9.0] [cxt 0] Pipeline 'egress': end
[10:58:09.854] [bmv2] [D] [thread 5735] [9.0] [cxt 0] Deparser 'deparser': start
[10:58:09.854] [bmv2] [D] [thread 5735] [9.0] [cxt 0] Updating checksum 'cksum'
[10:58:09.854] [bmv2] [D] [thread 5735] [9.0] [cxt 0] Deparsing header 'ethernet'
[10:58:09.854] [bmv2] [D] [thread 5735] [9.0] [cxt 0] Deparsing header 'ipv4'
[10:58:09.854] [bmv2] [D] [thread 5735] [9.0] [cxt 0] Deparser 'deparser': end
[10:58:09.854] [bmv2] [D] [thread 5738] [9.0] [cxt 0] Transmitting packet of size 70 out of port 1
[10:59:06.713] [bmv2] [D] [thread 5733] [10.0] [cxt 0] Processing packet received on port 2
[10:59:06.714] [bmv2] [D] [thread 5733] [10.0] [cxt 0] Parser 'parser': start
[10:59:06.714] [bmv2] [D] [thread 5733] [10.0] [cxt 0] Parser 'parser' entering state 'start'
[10:59:06.714] [bmv2] [D] [thread 5733] [10.0] [cxt 0] Extracting header 'ethernet'
[10:59:06.714] [bmv2] [D] [thread 5733] [10.0] [cxt 0] Parser state 'start': key is 0800
[10:59:06.714] [bmv2] [T] [thread 5733] [10.0] [cxt 0] Bytes parsed: 14
[10:59:06.714] [bmv2] [D] [thread 5733] [10.0] [cxt 0] Parser 'parser' entering state 'parse_ipv4'
[10:59:06.714] [bmv2] [D] [thread 5733] [10.0] [cxt 0] Extracting header 'ipv4'
[10:59:06.714] [bmv2] [D] [thread 5733] [10.0] [cxt 0] Parser set: setting field 'scalars.tmp' from expression, new value is 1
[10:59:06.714] [bmv2] [D] [thread 5733] [10.0] [cxt 0] Parser state 'parse_ipv4': key is 05
[10:59:06.714] [bmv2] [T] [thread 5733] [10.0] [cxt 0] Bytes parsed: 34
[10:59:06.714] [bmv2] [D] [thread 5733] [10.0] [cxt 0] Parser 'parser' entering state 'parse_next_protocol'
[10:59:06.714] [bmv2] [D] [thread 5733] [10.0] [cxt 0] Parser state 'parse_next_protocol': key is 11
[10:59:06.714] [bmv2] [T] [thread 5733] [10.0] [cxt 0] Bytes parsed: 34
[10:59:06.714] [bmv2] [D] [thread 5733] [10.0] [cxt 0] Parser 'parser' entering state 'parse_udp'
[10:59:06.714] [bmv2] [D] [thread 5733] [10.0] [cxt 0] Extracting header 'udp'
[10:59:06.714] [bmv2] [D] [thread 5733] [10.0] [cxt 0] Parser set: setting field 'scalars.metadata.srcPort' from field 'udp.srcPort' (7777)
[10:59:06.714] [bmv2] [D] [thread 5733] [10.0] [cxt 0] Parser set: setting field 'scalars.metadata.dstPort' from field 'udp.dstPort' (8888)
[10:59:06.714] [bmv2] [D] [thread 5733] [10.0] [cxt 0] Parser state 'parse_udp' has no switch, going to default next state
[10:59:06.714] [bmv2] [T] [thread 5733] [10.0] [cxt 0] Bytes parsed: 42
[10:59:06.714] [bmv2] [D] [thread 5733] [10.0] [cxt 0] Parser 'parser': end
[10:59:06.714] [bmv2] [D] [thread 5733] [10.0] [cxt 0] Pipeline 'ingress': start
[10:59:06.714] [bmv2] [T] [thread 5733] [10.0] [cxt 0] /home/forcn/competition/application/topo/demo/p4src/switch.p4(291) Condition "hdr.ipv4.isValid()" (node_2) is true
[10:59:06.714] [bmv2] [T] [thread 5733] [10.0] [cxt 0] Applying table 'MyIngress.ipv4_lpm'
[10:59:06.714] [bmv2] [D] [thread 5733] [10.0] [cxt 0] Looking up key:
* hdr.ipv4.dstAddr              : 0a000101
* standard_metadata.ingress_port: 0002

[10:59:06.714] [bmv2] [D] [thread 5733] [10.0] [cxt 0] Table 'MyIngress.ipv4_lpm': hit with handle 2
[10:59:06.714] [bmv2] [D] [thread 5733] [10.0] [cxt 0] Dumping entry 2
Match key:
* hdr.ipv4.dstAddr              : LPM       0a000101/32
* standard_metadata.ingress_port: EXACT     0002
Action entry: MyIngress.ipv4_forward - a000101,1,

[10:59:06.714] [bmv2] [D] [thread 5733] [10.0] [cxt 0] Action entry is MyIngress.ipv4_forward - a000101,1,
[10:59:06.714] [bmv2] [T] [thread 5733] [10.0] [cxt 0] Action MyIngress.ipv4_forward
[10:59:06.714] [bmv2] [T] [thread 5733] [10.0] [cxt 0] /home/forcn/competition/application/topo/demo/p4src/switch.p4(243) Primitive standard_metadata.egress_spec = port
[10:59:06.714] [bmv2] [T] [thread 5733] [10.0] [cxt 0] /home/forcn/competition/application/topo/demo/p4src/switch.p4(244) Primitive standard_metadata.egress_port = port
[10:59:06.714] [bmv2] [T] [thread 5733] [10.0] [cxt 0] /home/forcn/competition/application/topo/demo/p4src/switch.p4(246) Primitive hdr.ethernet.srcAddr = hdr.ethernet.dstAddr
[10:59:06.714] [bmv2] [T] [thread 5733] [10.0] [cxt 0] /home/forcn/competition/application/topo/demo/p4src/switch.p4(247) Primitive hdr.ethernet.dstAddr = dstAddr
[10:59:06.714] [bmv2] [T] [thread 5733] [10.0] [cxt 0] /home/forcn/competition/application/topo/demo/p4src/switch.p4(248) Primitive hdr.ipv4.ttl = hdr.ipv4.ttl - 1
[10:59:06.714] [bmv2] [T] [thread 5733] [10.0] [cxt 0] Applying table 'MyIngress.tb_set_role'
[10:59:06.714] [bmv2] [D] [thread 5733] [10.0] [cxt 0] Looking up key:
* standard_metadata.ingress_port: 0002

[10:59:06.714] [bmv2] [D] [thread 5733] [10.0] [cxt 0] Table 'MyIngress.tb_set_role': miss
[10:59:06.714] [bmv2] [D] [thread 5733] [10.0] [cxt 0] Action entry is NoAction - 
[10:59:06.714] [bmv2] [T] [thread 5733] [10.0] [cxt 0] Action NoAction
[10:59:06.714] [bmv2] [D] [thread 5733] [10.0] [cxt 0] Pipeline 'ingress': end
[10:59:06.714] [bmv2] [D] [thread 5733] [10.0] [cxt 0] Egress port is 1
[10:59:06.714] [bmv2] [D] [thread 5735] [10.0] [cxt 0] Pipeline 'egress': start
[10:59:06.714] [bmv2] [T] [thread 5735] [10.0] [cxt 0] /home/forcn/competition/application/topo/demo/p4src/switch.p4(381) Condition "hdr.tag.isValid()" (node_7) is false
[10:59:06.714] [bmv2] [T] [thread 5735] [10.0] [cxt 0] /home/forcn/competition/application/topo/demo/p4src/switch.p4(386) Condition "hdr.mri.isValid()" (node_9) is false
[10:59:06.714] [bmv2] [D] [thread 5735] [10.0] [cxt 0] Pipeline 'egress': end
[10:59:06.714] [bmv2] [D] [thread 5735] [10.0] [cxt 0] Deparser 'deparser': start
[10:59:06.714] [bmv2] [D] [thread 5735] [10.0] [cxt 0] Updating checksum 'cksum'
[10:59:06.714] [bmv2] [D] [thread 5735] [10.0] [cxt 0] Deparsing header 'ethernet'
[10:59:06.714] [bmv2] [D] [thread 5735] [10.0] [cxt 0] Deparsing header 'ipv4'
[10:59:06.714] [bmv2] [D] [thread 5735] [10.0] [cxt 0] Deparsing header 'udp'
[10:59:06.714] [bmv2] [D] [thread 5735] [10.0] [cxt 0] Deparser 'deparser': end
[10:59:06.714] [bmv2] [D] [thread 5738] [10.0] [cxt 0] Transmitting packet of size 42 out of port 1
[10:59:48.851] [bmv2] [D] [thread 5733] [11.0] [cxt 0] Processing packet received on port 1
[10:59:48.851] [bmv2] [D] [thread 5733] [11.0] [cxt 0] Parser 'parser': start
[10:59:48.851] [bmv2] [D] [thread 5733] [11.0] [cxt 0] Parser 'parser' entering state 'start'
[10:59:48.851] [bmv2] [D] [thread 5733] [11.0] [cxt 0] Extracting header 'ethernet'
[10:59:48.851] [bmv2] [D] [thread 5733] [11.0] [cxt 0] Parser state 'start': key is 0800
[10:59:48.851] [bmv2] [T] [thread 5733] [11.0] [cxt 0] Bytes parsed: 14
[10:59:48.851] [bmv2] [D] [thread 5733] [11.0] [cxt 0] Parser 'parser' entering state 'parse_ipv4'
[10:59:48.851] [bmv2] [D] [thread 5733] [11.0] [cxt 0] Extracting header 'ipv4'
[10:59:48.851] [bmv2] [D] [thread 5733] [11.0] [cxt 0] Parser set: setting field 'scalars.tmp' from expression, new value is 1
[10:59:48.851] [bmv2] [D] [thread 5733] [11.0] [cxt 0] Parser state 'parse_ipv4': key is 05
[10:59:48.851] [bmv2] [T] [thread 5733] [11.0] [cxt 0] Bytes parsed: 34
[10:59:48.851] [bmv2] [D] [thread 5733] [11.0] [cxt 0] Parser 'parser' entering state 'parse_next_protocol'
[10:59:48.851] [bmv2] [D] [thread 5733] [11.0] [cxt 0] Parser state 'parse_next_protocol': key is 11
[10:59:48.851] [bmv2] [T] [thread 5733] [11.0] [cxt 0] Bytes parsed: 34
[10:59:48.851] [bmv2] [D] [thread 5733] [11.0] [cxt 0] Parser 'parser' entering state 'parse_udp'
[10:59:48.851] [bmv2] [D] [thread 5733] [11.0] [cxt 0] Extracting header 'udp'
[10:59:48.851] [bmv2] [D] [thread 5733] [11.0] [cxt 0] Parser set: setting field 'scalars.metadata.srcPort' from field 'udp.srcPort' (7777)
[10:59:48.851] [bmv2] [D] [thread 5733] [11.0] [cxt 0] Parser set: setting field 'scalars.metadata.dstPort' from field 'udp.dstPort' (8888)
[10:59:48.851] [bmv2] [D] [thread 5733] [11.0] [cxt 0] Parser state 'parse_udp' has no switch, going to default next state
[10:59:48.851] [bmv2] [T] [thread 5733] [11.0] [cxt 0] Bytes parsed: 42
[10:59:48.851] [bmv2] [D] [thread 5733] [11.0] [cxt 0] Parser 'parser': end
[10:59:48.851] [bmv2] [D] [thread 5733] [11.0] [cxt 0] Pipeline 'ingress': start
[10:59:48.851] [bmv2] [T] [thread 5733] [11.0] [cxt 0] /home/forcn/competition/application/topo/demo/p4src/switch.p4(291) Condition "hdr.ipv4.isValid()" (node_2) is true
[10:59:48.851] [bmv2] [T] [thread 5733] [11.0] [cxt 0] Applying table 'MyIngress.ipv4_lpm'
[10:59:48.851] [bmv2] [D] [thread 5733] [11.0] [cxt 0] Looking up key:
* hdr.ipv4.dstAddr              : 0a000403
* standard_metadata.ingress_port: 0001

[10:59:48.851] [bmv2] [D] [thread 5733] [11.0] [cxt 0] Table 'MyIngress.ipv4_lpm': hit with handle 1
[10:59:48.851] [bmv2] [D] [thread 5733] [11.0] [cxt 0] Dumping entry 1
Match key:
* hdr.ipv4.dstAddr              : LPM       0a000403/32
* standard_metadata.ingress_port: EXACT     0001
Action entry: MyIngress.ipv4_forward - a000402,2,

[10:59:48.851] [bmv2] [D] [thread 5733] [11.0] [cxt 0] Action entry is MyIngress.ipv4_forward - a000402,2,
[10:59:48.851] [bmv2] [T] [thread 5733] [11.0] [cxt 0] Action MyIngress.ipv4_forward
[10:59:48.851] [bmv2] [T] [thread 5733] [11.0] [cxt 0] /home/forcn/competition/application/topo/demo/p4src/switch.p4(243) Primitive standard_metadata.egress_spec = port
[10:59:48.851] [bmv2] [T] [thread 5733] [11.0] [cxt 0] /home/forcn/competition/application/topo/demo/p4src/switch.p4(244) Primitive standard_metadata.egress_port = port
[10:59:48.851] [bmv2] [T] [thread 5733] [11.0] [cxt 0] /home/forcn/competition/application/topo/demo/p4src/switch.p4(246) Primitive hdr.ethernet.srcAddr = hdr.ethernet.dstAddr
[10:59:48.851] [bmv2] [T] [thread 5733] [11.0] [cxt 0] /home/forcn/competition/application/topo/demo/p4src/switch.p4(247) Primitive hdr.ethernet.dstAddr = dstAddr
[10:59:48.851] [bmv2] [T] [thread 5733] [11.0] [cxt 0] /home/forcn/competition/application/topo/demo/p4src/switch.p4(248) Primitive hdr.ipv4.ttl = hdr.ipv4.ttl - 1
[10:59:48.851] [bmv2] [T] [thread 5733] [11.0] [cxt 0] Applying table 'MyIngress.tb_set_role'
[10:59:48.851] [bmv2] [D] [thread 5733] [11.0] [cxt 0] Looking up key:
* standard_metadata.ingress_port: 0001

[10:59:48.851] [bmv2] [D] [thread 5733] [11.0] [cxt 0] Table 'MyIngress.tb_set_role': miss
[10:59:48.851] [bmv2] [D] [thread 5733] [11.0] [cxt 0] Action entry is NoAction - 
[10:59:48.851] [bmv2] [T] [thread 5733] [11.0] [cxt 0] Action NoAction
[10:59:48.851] [bmv2] [D] [thread 5733] [11.0] [cxt 0] Pipeline 'ingress': end
[10:59:48.851] [bmv2] [D] [thread 5733] [11.0] [cxt 0] Egress port is 2
[10:59:48.851] [bmv2] [D] [thread 5736] [11.0] [cxt 0] Pipeline 'egress': start
[10:59:48.851] [bmv2] [T] [thread 5736] [11.0] [cxt 0] /home/forcn/competition/application/topo/demo/p4src/switch.p4(381) Condition "hdr.tag.isValid()" (node_7) is false
[10:59:48.851] [bmv2] [T] [thread 5736] [11.0] [cxt 0] /home/forcn/competition/application/topo/demo/p4src/switch.p4(386) Condition "hdr.mri.isValid()" (node_9) is false
[10:59:48.851] [bmv2] [D] [thread 5736] [11.0] [cxt 0] Pipeline 'egress': end
[10:59:48.851] [bmv2] [D] [thread 5736] [11.0] [cxt 0] Deparser 'deparser': start
[10:59:48.851] [bmv2] [D] [thread 5736] [11.0] [cxt 0] Updating checksum 'cksum'
[10:59:48.851] [bmv2] [D] [thread 5736] [11.0] [cxt 0] Deparsing header 'ethernet'
[10:59:48.851] [bmv2] [D] [thread 5736] [11.0] [cxt 0] Deparsing header 'ipv4'
[10:59:48.851] [bmv2] [D] [thread 5736] [11.0] [cxt 0] Deparsing header 'udp'
[10:59:48.851] [bmv2] [D] [thread 5736] [11.0] [cxt 0] Deparser 'deparser': end
[10:59:48.851] [bmv2] [D] [thread 5738] [11.0] [cxt 0] Transmitting packet of size 42 out of port 2
[11:05:52.152] [bmv2] [D] [thread 5733] [12.0] [cxt 0] Processing packet received on port 2
[11:05:52.152] [bmv2] [D] [thread 5733] [12.0] [cxt 0] Parser 'parser': start
[11:05:52.152] [bmv2] [D] [thread 5733] [12.0] [cxt 0] Parser 'parser' entering state 'start'
[11:05:52.152] [bmv2] [D] [thread 5733] [12.0] [cxt 0] Extracting header 'ethernet'
[11:05:52.152] [bmv2] [D] [thread 5733] [12.0] [cxt 0] Parser state 'start': key is 0800
[11:05:52.152] [bmv2] [T] [thread 5733] [12.0] [cxt 0] Bytes parsed: 14
[11:05:52.152] [bmv2] [D] [thread 5733] [12.0] [cxt 0] Parser 'parser' entering state 'parse_ipv4'
[11:05:52.152] [bmv2] [D] [thread 5733] [12.0] [cxt 0] Extracting header 'ipv4'
[11:05:52.152] [bmv2] [D] [thread 5733] [12.0] [cxt 0] Parser set: setting field 'scalars.tmp' from expression, new value is 1
[11:05:52.152] [bmv2] [D] [thread 5733] [12.0] [cxt 0] Parser state 'parse_ipv4': key is 05
[11:05:52.152] [bmv2] [T] [thread 5733] [12.0] [cxt 0] Bytes parsed: 34
[11:05:52.152] [bmv2] [D] [thread 5733] [12.0] [cxt 0] Parser 'parser' entering state 'parse_next_protocol'
[11:05:52.152] [bmv2] [D] [thread 5733] [12.0] [cxt 0] Parser state 'parse_next_protocol': key is 11
[11:05:52.152] [bmv2] [T] [thread 5733] [12.0] [cxt 0] Bytes parsed: 34
[11:05:52.152] [bmv2] [D] [thread 5733] [12.0] [cxt 0] Parser 'parser' entering state 'parse_udp'
[11:05:52.152] [bmv2] [D] [thread 5733] [12.0] [cxt 0] Extracting header 'udp'
[11:05:52.152] [bmv2] [D] [thread 5733] [12.0] [cxt 0] Parser set: setting field 'scalars.metadata.srcPort' from field 'udp.srcPort' (7777)
[11:05:52.152] [bmv2] [D] [thread 5733] [12.0] [cxt 0] Parser set: setting field 'scalars.metadata.dstPort' from field 'udp.dstPort' (8888)
[11:05:52.152] [bmv2] [D] [thread 5733] [12.0] [cxt 0] Parser state 'parse_udp' has no switch, going to default next state
[11:05:52.152] [bmv2] [T] [thread 5733] [12.0] [cxt 0] Bytes parsed: 42
[11:05:52.152] [bmv2] [D] [thread 5733] [12.0] [cxt 0] Parser 'parser': end
[11:05:52.152] [bmv2] [D] [thread 5733] [12.0] [cxt 0] Pipeline 'ingress': start
[11:05:52.152] [bmv2] [T] [thread 5733] [12.0] [cxt 0] /home/forcn/competition/application/topo/demo/p4src/switch.p4(291) Condition "hdr.ipv4.isValid()" (node_2) is true
[11:05:52.152] [bmv2] [T] [thread 5733] [12.0] [cxt 0] Applying table 'MyIngress.ipv4_lpm'
[11:05:52.152] [bmv2] [D] [thread 5733] [12.0] [cxt 0] Looking up key:
* hdr.ipv4.dstAddr              : 0a000101
* standard_metadata.ingress_port: 0002

[11:05:52.152] [bmv2] [D] [thread 5733] [12.0] [cxt 0] Table 'MyIngress.ipv4_lpm': hit with handle 2
[11:05:52.152] [bmv2] [D] [thread 5733] [12.0] [cxt 0] Dumping entry 2
Match key:
* hdr.ipv4.dstAddr              : LPM       0a000101/32
* standard_metadata.ingress_port: EXACT     0002
Action entry: MyIngress.ipv4_forward - a000101,1,

[11:05:52.152] [bmv2] [D] [thread 5733] [12.0] [cxt 0] Action entry is MyIngress.ipv4_forward - a000101,1,
[11:05:52.152] [bmv2] [T] [thread 5733] [12.0] [cxt 0] Action MyIngress.ipv4_forward
[11:05:52.152] [bmv2] [T] [thread 5733] [12.0] [cxt 0] /home/forcn/competition/application/topo/demo/p4src/switch.p4(243) Primitive standard_metadata.egress_spec = port
[11:05:52.152] [bmv2] [T] [thread 5733] [12.0] [cxt 0] /home/forcn/competition/application/topo/demo/p4src/switch.p4(244) Primitive standard_metadata.egress_port = port
[11:05:52.152] [bmv2] [T] [thread 5733] [12.0] [cxt 0] /home/forcn/competition/application/topo/demo/p4src/switch.p4(246) Primitive hdr.ethernet.srcAddr = hdr.ethernet.dstAddr
[11:05:52.152] [bmv2] [T] [thread 5733] [12.0] [cxt 0] /home/forcn/competition/application/topo/demo/p4src/switch.p4(247) Primitive hdr.ethernet.dstAddr = dstAddr
[11:05:52.152] [bmv2] [T] [thread 5733] [12.0] [cxt 0] /home/forcn/competition/application/topo/demo/p4src/switch.p4(248) Primitive hdr.ipv4.ttl = hdr.ipv4.ttl - 1
[11:05:52.152] [bmv2] [T] [thread 5733] [12.0] [cxt 0] Applying table 'MyIngress.tb_set_role'
[11:05:52.152] [bmv2] [D] [thread 5733] [12.0] [cxt 0] Looking up key:
* standard_metadata.ingress_port: 0002

[11:05:52.152] [bmv2] [D] [thread 5733] [12.0] [cxt 0] Table 'MyIngress.tb_set_role': miss
[11:05:52.152] [bmv2] [D] [thread 5733] [12.0] [cxt 0] Action entry is NoAction - 
[11:05:52.152] [bmv2] [T] [thread 5733] [12.0] [cxt 0] Action NoAction
[11:05:52.152] [bmv2] [D] [thread 5733] [12.0] [cxt 0] Pipeline 'ingress': end
[11:05:52.152] [bmv2] [D] [thread 5733] [12.0] [cxt 0] Egress port is 1
[11:05:52.152] [bmv2] [D] [thread 5735] [12.0] [cxt 0] Pipeline 'egress': start
[11:05:52.152] [bmv2] [T] [thread 5735] [12.0] [cxt 0] /home/forcn/competition/application/topo/demo/p4src/switch.p4(381) Condition "hdr.tag.isValid()" (node_7) is false
[11:05:52.152] [bmv2] [T] [thread 5735] [12.0] [cxt 0] /home/forcn/competition/application/topo/demo/p4src/switch.p4(386) Condition "hdr.mri.isValid()" (node_9) is false
[11:05:52.152] [bmv2] [D] [thread 5735] [12.0] [cxt 0] Pipeline 'egress': end
[11:05:52.152] [bmv2] [D] [thread 5735] [12.0] [cxt 0] Deparser 'deparser': start
[11:05:52.152] [bmv2] [D] [thread 5735] [12.0] [cxt 0] Updating checksum 'cksum'
[11:05:52.152] [bmv2] [D] [thread 5735] [12.0] [cxt 0] Deparsing header 'ethernet'
[11:05:52.152] [bmv2] [D] [thread 5735] [12.0] [cxt 0] Deparsing header 'ipv4'
[11:05:52.152] [bmv2] [D] [thread 5735] [12.0] [cxt 0] Deparsing header 'udp'
[11:05:52.152] [bmv2] [D] [thread 5735] [12.0] [cxt 0] Deparser 'deparser': end
[11:05:52.153] [bmv2] [D] [thread 5738] [12.0] [cxt 0] Transmitting packet of size 42 out of port 1
[11:06:20.918] [bmv2] [D] [thread 5733] [13.0] [cxt 0] Processing packet received on port 2
[11:06:20.918] [bmv2] [D] [thread 5733] [13.0] [cxt 0] Parser 'parser': start
[11:06:20.918] [bmv2] [D] [thread 5733] [13.0] [cxt 0] Parser 'parser' entering state 'start'
[11:06:20.918] [bmv2] [D] [thread 5733] [13.0] [cxt 0] Extracting header 'ethernet'
[11:06:20.918] [bmv2] [D] [thread 5733] [13.0] [cxt 0] Parser state 'start': key is 0800
[11:06:20.918] [bmv2] [T] [thread 5733] [13.0] [cxt 0] Bytes parsed: 14
[11:06:20.918] [bmv2] [D] [thread 5733] [13.0] [cxt 0] Parser 'parser' entering state 'parse_ipv4'
[11:06:20.918] [bmv2] [D] [thread 5733] [13.0] [cxt 0] Extracting header 'ipv4'
[11:06:20.918] [bmv2] [D] [thread 5733] [13.0] [cxt 0] Parser set: setting field 'scalars.tmp' from expression, new value is 1
[11:06:20.918] [bmv2] [D] [thread 5733] [13.0] [cxt 0] Parser state 'parse_ipv4': key is 05
[11:06:20.918] [bmv2] [T] [thread 5733] [13.0] [cxt 0] Bytes parsed: 34
[11:06:20.918] [bmv2] [D] [thread 5733] [13.0] [cxt 0] Parser 'parser' entering state 'parse_next_protocol'
[11:06:20.918] [bmv2] [D] [thread 5733] [13.0] [cxt 0] Parser state 'parse_next_protocol': key is 11
[11:06:20.918] [bmv2] [T] [thread 5733] [13.0] [cxt 0] Bytes parsed: 34
[11:06:20.918] [bmv2] [D] [thread 5733] [13.0] [cxt 0] Parser 'parser' entering state 'parse_udp'
[11:06:20.918] [bmv2] [D] [thread 5733] [13.0] [cxt 0] Extracting header 'udp'
[11:06:20.918] [bmv2] [D] [thread 5733] [13.0] [cxt 0] Parser set: setting field 'scalars.metadata.srcPort' from field 'udp.srcPort' (7777)
[11:06:20.918] [bmv2] [D] [thread 5733] [13.0] [cxt 0] Parser set: setting field 'scalars.metadata.dstPort' from field 'udp.dstPort' (8888)
[11:06:20.918] [bmv2] [D] [thread 5733] [13.0] [cxt 0] Parser state 'parse_udp' has no switch, going to default next state
[11:06:20.918] [bmv2] [T] [thread 5733] [13.0] [cxt 0] Bytes parsed: 42
[11:06:20.918] [bmv2] [D] [thread 5733] [13.0] [cxt 0] Parser 'parser': end
[11:06:20.919] [bmv2] [D] [thread 5733] [13.0] [cxt 0] Pipeline 'ingress': start
[11:06:20.919] [bmv2] [T] [thread 5733] [13.0] [cxt 0] /home/forcn/competition/application/topo/demo/p4src/switch.p4(291) Condition "hdr.ipv4.isValid()" (node_2) is true
[11:06:20.919] [bmv2] [T] [thread 5733] [13.0] [cxt 0] Applying table 'MyIngress.ipv4_lpm'
[11:06:20.919] [bmv2] [D] [thread 5733] [13.0] [cxt 0] Looking up key:
* hdr.ipv4.dstAddr              : 0a000101
* standard_metadata.ingress_port: 0002

[11:06:20.919] [bmv2] [D] [thread 5733] [13.0] [cxt 0] Table 'MyIngress.ipv4_lpm': hit with handle 2
[11:06:20.919] [bmv2] [D] [thread 5733] [13.0] [cxt 0] Dumping entry 2
Match key:
* hdr.ipv4.dstAddr              : LPM       0a000101/32
* standard_metadata.ingress_port: EXACT     0002
Action entry: MyIngress.ipv4_forward - a000101,1,

[11:06:20.919] [bmv2] [D] [thread 5733] [13.0] [cxt 0] Action entry is MyIngress.ipv4_forward - a000101,1,
[11:06:20.919] [bmv2] [T] [thread 5733] [13.0] [cxt 0] Action MyIngress.ipv4_forward
[11:06:20.919] [bmv2] [T] [thread 5733] [13.0] [cxt 0] /home/forcn/competition/application/topo/demo/p4src/switch.p4(243) Primitive standard_metadata.egress_spec = port
[11:06:20.919] [bmv2] [T] [thread 5733] [13.0] [cxt 0] /home/forcn/competition/application/topo/demo/p4src/switch.p4(244) Primitive standard_metadata.egress_port = port
[11:06:20.919] [bmv2] [T] [thread 5733] [13.0] [cxt 0] /home/forcn/competition/application/topo/demo/p4src/switch.p4(246) Primitive hdr.ethernet.srcAddr = hdr.ethernet.dstAddr
[11:06:20.919] [bmv2] [T] [thread 5733] [13.0] [cxt 0] /home/forcn/competition/application/topo/demo/p4src/switch.p4(247) Primitive hdr.ethernet.dstAddr = dstAddr
[11:06:20.919] [bmv2] [T] [thread 5733] [13.0] [cxt 0] /home/forcn/competition/application/topo/demo/p4src/switch.p4(248) Primitive hdr.ipv4.ttl = hdr.ipv4.ttl - 1
[11:06:20.919] [bmv2] [T] [thread 5733] [13.0] [cxt 0] Applying table 'MyIngress.tb_set_role'
[11:06:20.919] [bmv2] [D] [thread 5733] [13.0] [cxt 0] Looking up key:
* standard_metadata.ingress_port: 0002

[11:06:20.919] [bmv2] [D] [thread 5733] [13.0] [cxt 0] Table 'MyIngress.tb_set_role': miss
[11:06:20.919] [bmv2] [D] [thread 5733] [13.0] [cxt 0] Action entry is NoAction - 
[11:06:20.919] [bmv2] [T] [thread 5733] [13.0] [cxt 0] Action NoAction
[11:06:20.919] [bmv2] [D] [thread 5733] [13.0] [cxt 0] Pipeline 'ingress': end
[11:06:20.919] [bmv2] [D] [thread 5733] [13.0] [cxt 0] Egress port is 1
[11:06:20.919] [bmv2] [D] [thread 5735] [13.0] [cxt 0] Pipeline 'egress': start
[11:06:20.919] [bmv2] [T] [thread 5735] [13.0] [cxt 0] /home/forcn/competition/application/topo/demo/p4src/switch.p4(381) Condition "hdr.tag.isValid()" (node_7) is false
[11:06:20.919] [bmv2] [T] [thread 5735] [13.0] [cxt 0] /home/forcn/competition/application/topo/demo/p4src/switch.p4(386) Condition "hdr.mri.isValid()" (node_9) is false
[11:06:20.919] [bmv2] [D] [thread 5735] [13.0] [cxt 0] Pipeline 'egress': end
[11:06:20.919] [bmv2] [D] [thread 5735] [13.0] [cxt 0] Deparser 'deparser': start
[11:06:20.919] [bmv2] [D] [thread 5735] [13.0] [cxt 0] Updating checksum 'cksum'
[11:06:20.919] [bmv2] [D] [thread 5735] [13.0] [cxt 0] Deparsing header 'ethernet'
[11:06:20.919] [bmv2] [D] [thread 5735] [13.0] [cxt 0] Deparsing header 'ipv4'
[11:06:20.919] [bmv2] [D] [thread 5735] [13.0] [cxt 0] Deparsing header 'udp'
[11:06:20.919] [bmv2] [D] [thread 5735] [13.0] [cxt 0] Deparser 'deparser': end
[11:06:20.919] [bmv2] [D] [thread 5738] [13.0] [cxt 0] Transmitting packet of size 42 out of port 1
[11:06:47.234] [bmv2] [D] [thread 5733] [14.0] [cxt 0] Processing packet received on port 2
[11:06:47.234] [bmv2] [D] [thread 5733] [14.0] [cxt 0] Parser 'parser': start
[11:06:47.234] [bmv2] [D] [thread 5733] [14.0] [cxt 0] Parser 'parser' entering state 'start'
[11:06:47.234] [bmv2] [D] [thread 5733] [14.0] [cxt 0] Extracting header 'ethernet'
[11:06:47.234] [bmv2] [D] [thread 5733] [14.0] [cxt 0] Parser state 'start': key is 0800
[11:06:47.234] [bmv2] [T] [thread 5733] [14.0] [cxt 0] Bytes parsed: 14
[11:06:47.234] [bmv2] [D] [thread 5733] [14.0] [cxt 0] Parser 'parser' entering state 'parse_ipv4'
[11:06:47.234] [bmv2] [D] [thread 5733] [14.0] [cxt 0] Extracting header 'ipv4'
[11:06:47.234] [bmv2] [D] [thread 5733] [14.0] [cxt 0] Parser set: setting field 'scalars.tmp' from expression, new value is 1
[11:06:47.234] [bmv2] [D] [thread 5733] [14.0] [cxt 0] Parser state 'parse_ipv4': key is 05
[11:06:47.234] [bmv2] [T] [thread 5733] [14.0] [cxt 0] Bytes parsed: 34
[11:06:47.234] [bmv2] [D] [thread 5733] [14.0] [cxt 0] Parser 'parser' entering state 'parse_next_protocol'
[11:06:47.234] [bmv2] [D] [thread 5733] [14.0] [cxt 0] Parser state 'parse_next_protocol': key is 11
[11:06:47.234] [bmv2] [T] [thread 5733] [14.0] [cxt 0] Bytes parsed: 34
[11:06:47.234] [bmv2] [D] [thread 5733] [14.0] [cxt 0] Parser 'parser' entering state 'parse_udp'
[11:06:47.234] [bmv2] [D] [thread 5733] [14.0] [cxt 0] Extracting header 'udp'
[11:06:47.234] [bmv2] [D] [thread 5733] [14.0] [cxt 0] Parser set: setting field 'scalars.metadata.srcPort' from field 'udp.srcPort' (7777)
[11:06:47.234] [bmv2] [D] [thread 5733] [14.0] [cxt 0] Parser set: setting field 'scalars.metadata.dstPort' from field 'udp.dstPort' (8888)
[11:06:47.234] [bmv2] [D] [thread 5733] [14.0] [cxt 0] Parser state 'parse_udp' has no switch, going to default next state
[11:06:47.234] [bmv2] [T] [thread 5733] [14.0] [cxt 0] Bytes parsed: 42
[11:06:47.234] [bmv2] [D] [thread 5733] [14.0] [cxt 0] Parser 'parser': end
[11:06:47.234] [bmv2] [D] [thread 5733] [14.0] [cxt 0] Pipeline 'ingress': start
[11:06:47.234] [bmv2] [T] [thread 5733] [14.0] [cxt 0] /home/forcn/competition/application/topo/demo/p4src/switch.p4(291) Condition "hdr.ipv4.isValid()" (node_2) is true
[11:06:47.234] [bmv2] [T] [thread 5733] [14.0] [cxt 0] Applying table 'MyIngress.ipv4_lpm'
[11:06:47.234] [bmv2] [D] [thread 5733] [14.0] [cxt 0] Looking up key:
* hdr.ipv4.dstAddr              : 0a000101
* standard_metadata.ingress_port: 0002

[11:06:47.234] [bmv2] [D] [thread 5733] [14.0] [cxt 0] Table 'MyIngress.ipv4_lpm': hit with handle 2
[11:06:47.234] [bmv2] [D] [thread 5733] [14.0] [cxt 0] Dumping entry 2
Match key:
* hdr.ipv4.dstAddr              : LPM       0a000101/32
* standard_metadata.ingress_port: EXACT     0002
Action entry: MyIngress.ipv4_forward - a000101,1,

[11:06:47.234] [bmv2] [D] [thread 5733] [14.0] [cxt 0] Action entry is MyIngress.ipv4_forward - a000101,1,
[11:06:47.234] [bmv2] [T] [thread 5733] [14.0] [cxt 0] Action MyIngress.ipv4_forward
[11:06:47.234] [bmv2] [T] [thread 5733] [14.0] [cxt 0] /home/forcn/competition/application/topo/demo/p4src/switch.p4(243) Primitive standard_metadata.egress_spec = port
[11:06:47.234] [bmv2] [T] [thread 5733] [14.0] [cxt 0] /home/forcn/competition/application/topo/demo/p4src/switch.p4(244) Primitive standard_metadata.egress_port = port
[11:06:47.234] [bmv2] [T] [thread 5733] [14.0] [cxt 0] /home/forcn/competition/application/topo/demo/p4src/switch.p4(246) Primitive hdr.ethernet.srcAddr = hdr.ethernet.dstAddr
[11:06:47.234] [bmv2] [T] [thread 5733] [14.0] [cxt 0] /home/forcn/competition/application/topo/demo/p4src/switch.p4(247) Primitive hdr.ethernet.dstAddr = dstAddr
[11:06:47.234] [bmv2] [T] [thread 5733] [14.0] [cxt 0] /home/forcn/competition/application/topo/demo/p4src/switch.p4(248) Primitive hdr.ipv4.ttl = hdr.ipv4.ttl - 1
[11:06:47.234] [bmv2] [T] [thread 5733] [14.0] [cxt 0] Applying table 'MyIngress.tb_set_role'
[11:06:47.234] [bmv2] [D] [thread 5733] [14.0] [cxt 0] Looking up key:
* standard_metadata.ingress_port: 0002

[11:06:47.234] [bmv2] [D] [thread 5733] [14.0] [cxt 0] Table 'MyIngress.tb_set_role': miss
[11:06:47.234] [bmv2] [D] [thread 5733] [14.0] [cxt 0] Action entry is NoAction - 
[11:06:47.234] [bmv2] [T] [thread 5733] [14.0] [cxt 0] Action NoAction
[11:06:47.234] [bmv2] [D] [thread 5733] [14.0] [cxt 0] Pipeline 'ingress': end
[11:06:47.234] [bmv2] [D] [thread 5733] [14.0] [cxt 0] Egress port is 1
[11:06:47.234] [bmv2] [D] [thread 5735] [14.0] [cxt 0] Pipeline 'egress': start
[11:06:47.234] [bmv2] [T] [thread 5735] [14.0] [cxt 0] /home/forcn/competition/application/topo/demo/p4src/switch.p4(381) Condition "hdr.tag.isValid()" (node_7) is false
[11:06:47.234] [bmv2] [T] [thread 5735] [14.0] [cxt 0] /home/forcn/competition/application/topo/demo/p4src/switch.p4(386) Condition "hdr.mri.isValid()" (node_9) is false
[11:06:47.234] [bmv2] [D] [thread 5735] [14.0] [cxt 0] Pipeline 'egress': end
[11:06:47.234] [bmv2] [D] [thread 5735] [14.0] [cxt 0] Deparser 'deparser': start
[11:06:47.234] [bmv2] [D] [thread 5735] [14.0] [cxt 0] Updating checksum 'cksum'
[11:06:47.235] [bmv2] [D] [thread 5735] [14.0] [cxt 0] Deparsing header 'ethernet'
[11:06:47.235] [bmv2] [D] [thread 5735] [14.0] [cxt 0] Deparsing header 'ipv4'
[11:06:47.235] [bmv2] [D] [thread 5735] [14.0] [cxt 0] Deparsing header 'udp'
[11:06:47.235] [bmv2] [D] [thread 5735] [14.0] [cxt 0] Deparser 'deparser': end
[11:06:47.235] [bmv2] [D] [thread 5738] [14.0] [cxt 0] Transmitting packet of size 42 out of port 1
open: No such file or directory
open: No such file or directory
