Obtaining JSON from switch...
Done
Control utility for runtime P4 table manipulation
RuntimeCmd: Adding entry to lpm match table MyIngress.ipv4_lpm
match key:           LPM-0a:00:04:02/32	EXACT-00:01
action:              MyIngress.ipv4_forward
runtime data:        00:00:0a:00:04:02	00:02
Entry has been added with handle 0
RuntimeCmd: Adding entry to lpm match table MyIngress.ipv4_lpm
match key:           LPM-0a:00:04:03/32	EXACT-00:01
action:              MyIngress.ipv4_forward
runtime data:        00:00:0a:00:04:02	00:02
Entry has been added with handle 1
RuntimeCmd: Adding entry to lpm match table MyIngress.ipv4_lpm
match key:           LPM-0a:00:01:01/32	EXACT-00:02
action:              MyIngress.ipv4_forward
runtime data:        00:00:0a:00:01:01	00:01
Entry has been added with handle 2
RuntimeCmd: Adding entry to lpm match table MyIngress.ipv4_lpm
match key:           LPM-0a:00:04:02/32	EXACT-00:02
action:              MyIngress.ipv4_forward
runtime data:        00:00:0a:00:04:02	00:01
Entry has been added with handle 3
RuntimeCmd: Setting default action of MyEgress.tbl_prime
action:              prime_multiply
runtime data:        00:00:00:05
RuntimeCmd: Setting default action of MyEgress.swtrace
action:              add_swtrace
runtime data:        00:03
RuntimeCmd: 
