Obtaining JSON from switch...
Done
Control utility for runtime P4 table manipulation
RuntimeCmd: Adding entry to lpm match table MyIngress.ipv4_lpm
match key:           LPM-0a:00:01:01/32	EXACT-00:02
action:              MyIngress.ipv4_forward
runtime data:        00:00:0a:00:01:01	00:01
Entry has been added with handle 0
RuntimeCmd: Adding entry to lpm match table MyIngress.ipv4_lpm
match key:           LPM-0a:00:01:01/32	EXACT-00:03
action:              MyIngress.ipv4_forward
runtime data:        00:00:0a:00:01:01	00:01
Entry has been added with handle 1
RuntimeCmd: Adding entry to lpm match table MyIngress.ipv4_lpm
match key:           LPM-0a:00:01:01/32	EXACT-00:04
action:              MyIngress.ipv4_forward
runtime data:        00:00:0a:00:01:01	00:01
Entry has been added with handle 2
RuntimeCmd: Adding entry to lpm match table MyIngress.ipv4_lpm
match key:           LPM-0a:00:01:01/32	EXACT-00:05
action:              MyIngress.ipv4_forward
runtime data:        00:00:0a:00:01:01	00:01
Entry has been added with handle 3
RuntimeCmd: Adding entry to lpm match table MyIngress.ipv4_lpm
match key:           LPM-0a:00:01:01/32	EXACT-00:06
action:              MyIngress.ipv4_forward
runtime data:        00:00:0a:00:01:01	00:01
Entry has been added with handle 4
RuntimeCmd: Adding entry to lpm match table MyIngress.ipv4_lpm
match key:           LPM-0a:00:01:02/32	EXACT-00:02
action:              MyIngress.ipv4_forward
runtime data:        00:00:0a:00:01:02	00:01
Entry has been added with handle 5
RuntimeCmd: Adding entry to lpm match table MyIngress.ipv4_lpm
match key:           LPM-0a:00:01:02/32	EXACT-00:03
action:              MyIngress.ipv4_forward
runtime data:        00:00:0a:00:01:02	00:01
Entry has been added with handle 6
RuntimeCmd: Adding entry to lpm match table MyIngress.ipv4_lpm
match key:           LPM-0a:00:01:02/32	EXACT-00:04
action:              MyIngress.ipv4_forward
runtime data:        00:00:0a:00:01:02	00:01
Entry has been added with handle 7
RuntimeCmd: Adding entry to lpm match table MyIngress.ipv4_lpm
match key:           LPM-0a:00:01:02/32	EXACT-00:05
action:              MyIngress.ipv4_forward
runtime data:        00:00:0a:00:01:02	00:01
Entry has been added with handle 8
RuntimeCmd: Adding entry to lpm match table MyIngress.ipv4_lpm
match key:           LPM-0a:00:01:02/32	EXACT-00:06
action:              MyIngress.ipv4_forward
runtime data:        00:00:0a:00:01:02	00:01
Entry has been added with handle 9
RuntimeCmd: Adding entry to lpm match table MyIngress.ipv4_lpm
match key:           LPM-0a:00:01:03/32	EXACT-00:02
action:              MyIngress.ipv4_forward
runtime data:        00:00:0a:00:01:03	00:01
Entry has been added with handle 10
RuntimeCmd: Adding entry to lpm match table MyIngress.ipv4_lpm
match key:           LPM-0a:00:01:03/32	EXACT-00:03
action:              MyIngress.ipv4_forward
runtime data:        00:00:0a:00:01:03	00:01
Entry has been added with handle 11
RuntimeCmd: Adding entry to lpm match table MyIngress.ipv4_lpm
match key:           LPM-0a:00:01:03/32	EXACT-00:04
action:              MyIngress.ipv4_forward
runtime data:        00:00:0a:00:01:03	00:01
Entry has been added with handle 12
RuntimeCmd: Adding entry to lpm match table MyIngress.ipv4_lpm
match key:           LPM-0a:00:01:03/32	EXACT-00:05
action:              MyIngress.ipv4_forward
runtime data:        00:00:0a:00:01:03	00:01
Entry has been added with handle 13
RuntimeCmd: Adding entry to lpm match table MyIngress.ipv4_lpm
match key:           LPM-0a:00:01:03/32	EXACT-00:06
action:              MyIngress.ipv4_forward
runtime data:        00:00:0a:00:01:03	00:01
Entry has been added with handle 14
RuntimeCmd: Adding entry to lpm match table MyIngress.ipv4_lpm
match key:           LPM-0a:00:02:04/32	EXACT-00:02
action:              MyIngress.ipv4_forward
runtime data:        00:00:0a:00:02:04	00:01
Entry has been added with handle 15
RuntimeCmd: Adding entry to lpm match table MyIngress.ipv4_lpm
match key:           LPM-0a:00:02:04/32	EXACT-00:03
action:              MyIngress.ipv4_forward
runtime data:        00:00:0a:00:02:04	00:01
Entry has been added with handle 16
RuntimeCmd: Adding entry to lpm match table MyIngress.ipv4_lpm
match key:           LPM-0a:00:02:04/32	EXACT-00:04
action:              MyIngress.ipv4_forward
runtime data:        00:00:0a:00:02:04	00:01
Entry has been added with handle 17
RuntimeCmd: Adding entry to lpm match table MyIngress.ipv4_lpm
match key:           LPM-0a:00:02:04/32	EXACT-00:05
action:              MyIngress.ipv4_forward
runtime data:        00:00:0a:00:02:04	00:01
Entry has been added with handle 18
RuntimeCmd: Adding entry to lpm match table MyIngress.ipv4_lpm
match key:           LPM-0a:00:02:04/32	EXACT-00:06
action:              MyIngress.ipv4_forward
runtime data:        00:00:0a:00:02:04	00:01
Entry has been added with handle 19
RuntimeCmd: Adding entry to lpm match table MyIngress.ipv4_lpm
match key:           LPM-0a:00:02:05/32	EXACT-00:02
action:              MyIngress.ipv4_forward
runtime data:        00:00:0a:00:02:05	00:01
Entry has been added with handle 20
RuntimeCmd: Adding entry to lpm match table MyIngress.ipv4_lpm
match key:           LPM-0a:00:02:05/32	EXACT-00:03
action:              MyIngress.ipv4_forward
runtime data:        00:00:0a:00:02:05	00:01
Entry has been added with handle 21
RuntimeCmd: Adding entry to lpm match table MyIngress.ipv4_lpm
match key:           LPM-0a:00:02:05/32	EXACT-00:04
action:              MyIngress.ipv4_forward
runtime data:        00:00:0a:00:02:05	00:01
Entry has been added with handle 22
RuntimeCmd: Adding entry to lpm match table MyIngress.ipv4_lpm
match key:           LPM-0a:00:02:05/32	EXACT-00:05
action:              MyIngress.ipv4_forward
runtime data:        00:00:0a:00:02:05	00:01
Entry has been added with handle 23
RuntimeCmd: Adding entry to lpm match table MyIngress.ipv4_lpm
match key:           LPM-0a:00:02:05/32	EXACT-00:06
action:              MyIngress.ipv4_forward
runtime data:        00:00:0a:00:02:05	00:01
Entry has been added with handle 24
RuntimeCmd: Adding entry to lpm match table MyIngress.ipv4_lpm
match key:           LPM-0a:00:02:06/32	EXACT-00:02
action:              MyIngress.ipv4_forward
runtime data:        00:00:0a:00:02:06	00:01
Entry has been added with handle 25
RuntimeCmd: Adding entry to lpm match table MyIngress.ipv4_lpm
match key:           LPM-0a:00:02:06/32	EXACT-00:03
action:              MyIngress.ipv4_forward
runtime data:        00:00:0a:00:02:06	00:01
Entry has been added with handle 26
RuntimeCmd: Adding entry to lpm match table MyIngress.ipv4_lpm
match key:           LPM-0a:00:02:06/32	EXACT-00:04
action:              MyIngress.ipv4_forward
runtime data:        00:00:0a:00:02:06	00:01
Entry has been added with handle 27
RuntimeCmd: Adding entry to lpm match table MyIngress.ipv4_lpm
match key:           LPM-0a:00:02:06/32	EXACT-00:05
action:              MyIngress.ipv4_forward
runtime data:        00:00:0a:00:02:06	00:01
Entry has been added with handle 28
RuntimeCmd: Adding entry to lpm match table MyIngress.ipv4_lpm
match key:           LPM-0a:00:02:06/32	EXACT-00:06
action:              MyIngress.ipv4_forward
runtime data:        00:00:0a:00:02:06	00:01
Entry has been added with handle 29
RuntimeCmd: Adding entry to lpm match table MyIngress.ipv4_lpm
match key:           LPM-0a:00:03:07/32	EXACT-00:02
action:              MyIngress.ipv4_forward
runtime data:        00:00:0a:00:03:07	00:01
Entry has been added with handle 30
RuntimeCmd: Adding entry to lpm match table MyIngress.ipv4_lpm
match key:           LPM-0a:00:03:07/32	EXACT-00:03
action:              MyIngress.ipv4_forward
runtime data:        00:00:0a:00:03:07	00:01
Entry has been added with handle 31
RuntimeCmd: Adding entry to lpm match table MyIngress.ipv4_lpm
match key:           LPM-0a:00:03:07/32	EXACT-00:04
action:              MyIngress.ipv4_forward
runtime data:        00:00:0a:00:03:07	00:01
Entry has been added with handle 32
RuntimeCmd: Adding entry to lpm match table MyIngress.ipv4_lpm
match key:           LPM-0a:00:03:07/32	EXACT-00:05
action:              MyIngress.ipv4_forward
runtime data:        00:00:0a:00:03:07	00:01
Entry has been added with handle 33
RuntimeCmd: Adding entry to lpm match table MyIngress.ipv4_lpm
match key:           LPM-0a:00:03:07/32	EXACT-00:06
action:              MyIngress.ipv4_forward
runtime data:        00:00:0a:00:03:07	00:01
Entry has been added with handle 34
RuntimeCmd: Adding entry to lpm match table MyIngress.ipv4_lpm
match key:           LPM-0a:00:03:08/32	EXACT-00:02
action:              MyIngress.ipv4_forward
runtime data:        00:00:0a:00:03:08	00:01
Entry has been added with handle 35
RuntimeCmd: Adding entry to lpm match table MyIngress.ipv4_lpm
match key:           LPM-0a:00:03:08/32	EXACT-00:03
action:              MyIngress.ipv4_forward
runtime data:        00:00:0a:00:03:08	00:01
Entry has been added with handle 36
RuntimeCmd: Adding entry to lpm match table MyIngress.ipv4_lpm
match key:           LPM-0a:00:03:08/32	EXACT-00:04
action:              MyIngress.ipv4_forward
runtime data:        00:00:0a:00:03:08	00:01
Entry has been added with handle 37
RuntimeCmd: Adding entry to lpm match table MyIngress.ipv4_lpm
match key:           LPM-0a:00:03:08/32	EXACT-00:05
action:              MyIngress.ipv4_forward
runtime data:        00:00:0a:00:03:08	00:01
Entry has been added with handle 38
RuntimeCmd: Adding entry to lpm match table MyIngress.ipv4_lpm
match key:           LPM-0a:00:03:08/32	EXACT-00:06
action:              MyIngress.ipv4_forward
runtime data:        00:00:0a:00:03:08	00:01
Entry has been added with handle 39
RuntimeCmd: Adding entry to lpm match table MyIngress.ipv4_lpm
match key:           LPM-0a:00:03:09/32	EXACT-00:02
action:              MyIngress.ipv4_forward
runtime data:        00:00:0a:00:03:09	00:01
Entry has been added with handle 40
RuntimeCmd: Adding entry to lpm match table MyIngress.ipv4_lpm
match key:           LPM-0a:00:03:09/32	EXACT-00:03
action:              MyIngress.ipv4_forward
runtime data:        00:00:0a:00:03:09	00:01
Entry has been added with handle 41
RuntimeCmd: Adding entry to lpm match table MyIngress.ipv4_lpm
match key:           LPM-0a:00:03:09/32	EXACT-00:04
action:              MyIngress.ipv4_forward
runtime data:        00:00:0a:00:03:09	00:01
Entry has been added with handle 42
RuntimeCmd: Adding entry to lpm match table MyIngress.ipv4_lpm
match key:           LPM-0a:00:03:09/32	EXACT-00:05
action:              MyIngress.ipv4_forward
runtime data:        00:00:0a:00:03:09	00:01
Entry has been added with handle 43
RuntimeCmd: Adding entry to lpm match table MyIngress.ipv4_lpm
match key:           LPM-0a:00:03:09/32	EXACT-00:06
action:              MyIngress.ipv4_forward
runtime data:        00:00:0a:00:03:09	00:01
Entry has been added with handle 44
RuntimeCmd: Adding entry to lpm match table MyIngress.ipv4_lpm
match key:           LPM-0a:00:04:0a/32	EXACT-00:01
action:              MyIngress.ipv4_forward
runtime data:        00:00:0a:00:04:0a	00:02
Entry has been added with handle 45
RuntimeCmd: Adding entry to lpm match table MyIngress.ipv4_lpm
match key:           LPM-0a:00:04:0a/32	EXACT-00:03
action:              MyIngress.ipv4_forward
runtime data:        00:00:0a:00:04:0a	00:02
Entry has been added with handle 46
RuntimeCmd: Adding entry to lpm match table MyIngress.ipv4_lpm
match key:           LPM-0a:00:04:0a/32	EXACT-00:04
action:              MyIngress.ipv4_forward
runtime data:        00:00:0a:00:04:0a	00:02
Entry has been added with handle 47
RuntimeCmd: Adding entry to lpm match table MyIngress.ipv4_lpm
match key:           LPM-0a:00:04:0a/32	EXACT-00:05
action:              MyIngress.ipv4_forward
runtime data:        00:00:0a:00:04:0a	00:02
Entry has been added with handle 48
RuntimeCmd: Adding entry to lpm match table MyIngress.ipv4_lpm
match key:           LPM-0a:00:04:0a/32	EXACT-00:06
action:              MyIngress.ipv4_forward
runtime data:        00:00:0a:00:04:0a	00:02
Entry has been added with handle 49
RuntimeCmd: Adding entry to lpm match table MyIngress.ipv4_lpm
match key:           LPM-0a:00:04:0b/32	EXACT-00:01
action:              MyIngress.ipv4_forward
runtime data:        00:00:0a:00:04:0b	00:02
Entry has been added with handle 50
RuntimeCmd: Adding entry to lpm match table MyIngress.ipv4_lpm
match key:           LPM-0a:00:04:0b/32	EXACT-00:03
action:              MyIngress.ipv4_forward
runtime data:        00:00:0a:00:04:0b	00:02
Entry has been added with handle 51
RuntimeCmd: Adding entry to lpm match table MyIngress.ipv4_lpm
match key:           LPM-0a:00:04:0b/32	EXACT-00:04
action:              MyIngress.ipv4_forward
runtime data:        00:00:0a:00:04:0b	00:02
Entry has been added with handle 52
RuntimeCmd: Adding entry to lpm match table MyIngress.ipv4_lpm
match key:           LPM-0a:00:04:0b/32	EXACT-00:05
action:              MyIngress.ipv4_forward
runtime data:        00:00:0a:00:04:0b	00:02
Entry has been added with handle 53
RuntimeCmd: Adding entry to lpm match table MyIngress.ipv4_lpm
match key:           LPM-0a:00:04:0b/32	EXACT-00:06
action:              MyIngress.ipv4_forward
runtime data:        00:00:0a:00:04:0b	00:02
Entry has been added with handle 54
RuntimeCmd: Adding entry to lpm match table MyIngress.ipv4_lpm
match key:           LPM-0a:00:04:0c/32	EXACT-00:01
action:              MyIngress.ipv4_forward
runtime data:        00:00:0a:00:04:0c	00:02
Entry has been added with handle 55
RuntimeCmd: Adding entry to lpm match table MyIngress.ipv4_lpm
match key:           LPM-0a:00:04:0c/32	EXACT-00:03
action:              MyIngress.ipv4_forward
runtime data:        00:00:0a:00:04:0c	00:02
Entry has been added with handle 56
RuntimeCmd: Adding entry to lpm match table MyIngress.ipv4_lpm
match key:           LPM-0a:00:04:0c/32	EXACT-00:04
action:              MyIngress.ipv4_forward
runtime data:        00:00:0a:00:04:0c	00:02
Entry has been added with handle 57
RuntimeCmd: Adding entry to lpm match table MyIngress.ipv4_lpm
match key:           LPM-0a:00:04:0c/32	EXACT-00:05
action:              MyIngress.ipv4_forward
runtime data:        00:00:0a:00:04:0c	00:02
Entry has been added with handle 58
RuntimeCmd: Adding entry to lpm match table MyIngress.ipv4_lpm
match key:           LPM-0a:00:04:0c/32	EXACT-00:06
action:              MyIngress.ipv4_forward
runtime data:        00:00:0a:00:04:0c	00:02
Entry has been added with handle 59
RuntimeCmd: Adding entry to lpm match table MyIngress.ipv4_lpm
match key:           LPM-0a:00:05:0d/32	EXACT-00:01
action:              MyIngress.ipv4_forward
runtime data:        00:00:0a:00:05:0d	00:02
Entry has been added with handle 60
RuntimeCmd: Adding entry to lpm match table MyIngress.ipv4_lpm
match key:           LPM-0a:00:05:0d/32	EXACT-00:03
action:              MyIngress.ipv4_forward
runtime data:        00:00:0a:00:05:0d	00:02
Entry has been added with handle 61
RuntimeCmd: Adding entry to lpm match table MyIngress.ipv4_lpm
match key:           LPM-0a:00:05:0d/32	EXACT-00:04
action:              MyIngress.ipv4_forward
runtime data:        00:00:0a:00:05:0d	00:02
Entry has been added with handle 62
RuntimeCmd: Adding entry to lpm match table MyIngress.ipv4_lpm
match key:           LPM-0a:00:05:0d/32	EXACT-00:05
action:              MyIngress.ipv4_forward
runtime data:        00:00:0a:00:05:0d	00:02
Entry has been added with handle 63
RuntimeCmd: Adding entry to lpm match table MyIngress.ipv4_lpm
match key:           LPM-0a:00:05:0d/32	EXACT-00:06
action:              MyIngress.ipv4_forward
runtime data:        00:00:0a:00:05:0d	00:02
Entry has been added with handle 64
RuntimeCmd: Adding entry to lpm match table MyIngress.ipv4_lpm
match key:           LPM-0a:00:05:0e/32	EXACT-00:01
action:              MyIngress.ipv4_forward
runtime data:        00:00:0a:00:05:0e	00:02
Entry has been added with handle 65
RuntimeCmd: Adding entry to lpm match table MyIngress.ipv4_lpm
match key:           LPM-0a:00:05:0e/32	EXACT-00:03
action:              MyIngress.ipv4_forward
runtime data:        00:00:0a:00:05:0e	00:02
Entry has been added with handle 66
RuntimeCmd: Adding entry to lpm match table MyIngress.ipv4_lpm
match key:           LPM-0a:00:05:0e/32	EXACT-00:04
action:              MyIngress.ipv4_forward
runtime data:        00:00:0a:00:05:0e	00:02
Entry has been added with handle 67
RuntimeCmd: Adding entry to lpm match table MyIngress.ipv4_lpm
match key:           LPM-0a:00:05:0e/32	EXACT-00:05
action:              MyIngress.ipv4_forward
runtime data:        00:00:0a:00:05:0e	00:02
Entry has been added with handle 68
RuntimeCmd: Adding entry to lpm match table MyIngress.ipv4_lpm
match key:           LPM-0a:00:05:0e/32	EXACT-00:06
action:              MyIngress.ipv4_forward
runtime data:        00:00:0a:00:05:0e	00:02
Entry has been added with handle 69
RuntimeCmd: Adding entry to lpm match table MyIngress.ipv4_lpm
match key:           LPM-0a:00:05:0f/32	EXACT-00:01
action:              MyIngress.ipv4_forward
runtime data:        00:00:0a:00:05:0f	00:02
Entry has been added with handle 70
RuntimeCmd: Adding entry to lpm match table MyIngress.ipv4_lpm
match key:           LPM-0a:00:05:0f/32	EXACT-00:03
action:              MyIngress.ipv4_forward
runtime data:        00:00:0a:00:05:0f	00:02
Entry has been added with handle 71
RuntimeCmd: Adding entry to lpm match table MyIngress.ipv4_lpm
match key:           LPM-0a:00:05:0f/32	EXACT-00:04
action:              MyIngress.ipv4_forward
runtime data:        00:00:0a:00:05:0f	00:02
Entry has been added with handle 72
RuntimeCmd: Adding entry to lpm match table MyIngress.ipv4_lpm
match key:           LPM-0a:00:05:0f/32	EXACT-00:05
action:              MyIngress.ipv4_forward
runtime data:        00:00:0a:00:05:0f	00:02
Entry has been added with handle 73
RuntimeCmd: Adding entry to lpm match table MyIngress.ipv4_lpm
match key:           LPM-0a:00:05:0f/32	EXACT-00:06
action:              MyIngress.ipv4_forward
runtime data:        00:00:0a:00:05:0f	00:02
Entry has been added with handle 74
RuntimeCmd: Adding entry to lpm match table MyIngress.ipv4_lpm
match key:           LPM-0a:00:06:10/32	EXACT-00:01
action:              MyIngress.ipv4_forward
runtime data:        00:00:0a:00:06:10	00:02
Entry has been added with handle 75
RuntimeCmd: Adding entry to lpm match table MyIngress.ipv4_lpm
match key:           LPM-0a:00:06:10/32	EXACT-00:03
action:              MyIngress.ipv4_forward
runtime data:        00:00:0a:00:06:10	00:02
Entry has been added with handle 76
RuntimeCmd: Adding entry to lpm match table MyIngress.ipv4_lpm
match key:           LPM-0a:00:06:10/32	EXACT-00:04
action:              MyIngress.ipv4_forward
runtime data:        00:00:0a:00:06:10	00:02
Entry has been added with handle 77
RuntimeCmd: Adding entry to lpm match table MyIngress.ipv4_lpm
match key:           LPM-0a:00:06:10/32	EXACT-00:05
action:              MyIngress.ipv4_forward
runtime data:        00:00:0a:00:06:10	00:02
Entry has been added with handle 78
RuntimeCmd: Adding entry to lpm match table MyIngress.ipv4_lpm
match key:           LPM-0a:00:06:10/32	EXACT-00:06
action:              MyIngress.ipv4_forward
runtime data:        00:00:0a:00:06:10	00:02
Entry has been added with handle 79
RuntimeCmd: Adding entry to lpm match table MyIngress.ipv4_lpm
match key:           LPM-0a:00:06:11/32	EXACT-00:01
action:              MyIngress.ipv4_forward
runtime data:        00:00:0a:00:06:11	00:02
Entry has been added with handle 80
RuntimeCmd: Adding entry to lpm match table MyIngress.ipv4_lpm
match key:           LPM-0a:00:06:11/32	EXACT-00:03
action:              MyIngress.ipv4_forward
runtime data:        00:00:0a:00:06:11	00:02
Entry has been added with handle 81
RuntimeCmd: Adding entry to lpm match table MyIngress.ipv4_lpm
match key:           LPM-0a:00:06:11/32	EXACT-00:04
action:              MyIngress.ipv4_forward
runtime data:        00:00:0a:00:06:11	00:02
Entry has been added with handle 82
RuntimeCmd: Adding entry to lpm match table MyIngress.ipv4_lpm
match key:           LPM-0a:00:06:11/32	EXACT-00:05
action:              MyIngress.ipv4_forward
runtime data:        00:00:0a:00:06:11	00:02
Entry has been added with handle 83
RuntimeCmd: Adding entry to lpm match table MyIngress.ipv4_lpm
match key:           LPM-0a:00:06:11/32	EXACT-00:06
action:              MyIngress.ipv4_forward
runtime data:        00:00:0a:00:06:11	00:02
Entry has been added with handle 84
RuntimeCmd: Adding entry to lpm match table MyIngress.ipv4_lpm
match key:           LPM-0a:00:06:12/32	EXACT-00:01
action:              MyIngress.ipv4_forward
runtime data:        00:00:0a:00:06:12	00:02
Entry has been added with handle 85
RuntimeCmd: Adding entry to lpm match table MyIngress.ipv4_lpm
match key:           LPM-0a:00:06:12/32	EXACT-00:03
action:              MyIngress.ipv4_forward
runtime data:        00:00:0a:00:06:12	00:02
Entry has been added with handle 86
RuntimeCmd: Adding entry to lpm match table MyIngress.ipv4_lpm
match key:           LPM-0a:00:06:12/32	EXACT-00:04
action:              MyIngress.ipv4_forward
runtime data:        00:00:0a:00:06:12	00:02
Entry has been added with handle 87
RuntimeCmd: Adding entry to lpm match table MyIngress.ipv4_lpm
match key:           LPM-0a:00:06:12/32	EXACT-00:05
action:              MyIngress.ipv4_forward
runtime data:        00:00:0a:00:06:12	00:02
Entry has been added with handle 88
RuntimeCmd: Adding entry to lpm match table MyIngress.ipv4_lpm
match key:           LPM-0a:00:06:12/32	EXACT-00:06
action:              MyIngress.ipv4_forward
runtime data:        00:00:0a:00:06:12	00:02
Entry has been added with handle 89
RuntimeCmd: Adding entry to lpm match table MyIngress.ipv4_lpm
match key:           LPM-0a:00:07:13/32	EXACT-00:01
action:              MyIngress.ipv4_forward
runtime data:        00:00:0a:00:07:13	00:03
Entry has been added with handle 90
RuntimeCmd: Adding entry to lpm match table MyIngress.ipv4_lpm
match key:           LPM-0a:00:07:13/32	EXACT-00:02
action:              MyIngress.ipv4_forward
runtime data:        00:00:0a:00:07:13	00:03
Entry has been added with handle 91
RuntimeCmd: Adding entry to lpm match table MyIngress.ipv4_lpm
match key:           LPM-0a:00:07:13/32	EXACT-00:04
action:              MyIngress.ipv4_forward
runtime data:        00:00:0a:00:07:13	00:03
Entry has been added with handle 92
RuntimeCmd: Adding entry to lpm match table MyIngress.ipv4_lpm
match key:           LPM-0a:00:07:13/32	EXACT-00:05
action:              MyIngress.ipv4_forward
runtime data:        00:00:0a:00:07:13	00:03
Entry has been added with handle 93
RuntimeCmd: Adding entry to lpm match table MyIngress.ipv4_lpm
match key:           LPM-0a:00:07:13/32	EXACT-00:06
action:              MyIngress.ipv4_forward
runtime data:        00:00:0a:00:07:13	00:03
Entry has been added with handle 94
RuntimeCmd: Adding entry to lpm match table MyIngress.ipv4_lpm
match key:           LPM-0a:00:07:14/32	EXACT-00:01
action:              MyIngress.ipv4_forward
runtime data:        00:00:0a:00:07:14	00:03
Entry has been added with handle 95
RuntimeCmd: Adding entry to lpm match table MyIngress.ipv4_lpm
match key:           LPM-0a:00:07:14/32	EXACT-00:02
action:              MyIngress.ipv4_forward
runtime data:        00:00:0a:00:07:14	00:03
Entry has been added with handle 96
RuntimeCmd: Adding entry to lpm match table MyIngress.ipv4_lpm
match key:           LPM-0a:00:07:14/32	EXACT-00:04
action:              MyIngress.ipv4_forward
runtime data:        00:00:0a:00:07:14	00:03
Entry has been added with handle 97
RuntimeCmd: Adding entry to lpm match table MyIngress.ipv4_lpm
match key:           LPM-0a:00:07:14/32	EXACT-00:05
action:              MyIngress.ipv4_forward
runtime data:        00:00:0a:00:07:14	00:03
Entry has been added with handle 98
RuntimeCmd: Adding entry to lpm match table MyIngress.ipv4_lpm
match key:           LPM-0a:00:07:14/32	EXACT-00:06
action:              MyIngress.ipv4_forward
runtime data:        00:00:0a:00:07:14	00:03
Entry has been added with handle 99
RuntimeCmd: Adding entry to lpm match table MyIngress.ipv4_lpm
match key:           LPM-0a:00:07:15/32	EXACT-00:01
action:              MyIngress.ipv4_forward
runtime data:        00:00:0a:00:07:15	00:03
Entry has been added with handle 100
RuntimeCmd: Adding entry to lpm match table MyIngress.ipv4_lpm
match key:           LPM-0a:00:07:15/32	EXACT-00:02
action:              MyIngress.ipv4_forward
runtime data:        00:00:0a:00:07:15	00:03
Entry has been added with handle 101
RuntimeCmd: Adding entry to lpm match table MyIngress.ipv4_lpm
match key:           LPM-0a:00:07:15/32	EXACT-00:04
action:              MyIngress.ipv4_forward
runtime data:        00:00:0a:00:07:15	00:03
Entry has been added with handle 102
RuntimeCmd: Adding entry to lpm match table MyIngress.ipv4_lpm
match key:           LPM-0a:00:07:15/32	EXACT-00:05
action:              MyIngress.ipv4_forward
runtime data:        00:00:0a:00:07:15	00:03
Entry has been added with handle 103
RuntimeCmd: Adding entry to lpm match table MyIngress.ipv4_lpm
match key:           LPM-0a:00:07:15/32	EXACT-00:06
action:              MyIngress.ipv4_forward
runtime data:        00:00:0a:00:07:15	00:03
Entry has been added with handle 104
RuntimeCmd: Adding entry to lpm match table MyIngress.ipv4_lpm
match key:           LPM-0a:00:08:16/32	EXACT-00:01
action:              MyIngress.ipv4_forward
runtime data:        00:00:0a:00:08:16	00:03
Entry has been added with handle 105
RuntimeCmd: Adding entry to lpm match table MyIngress.ipv4_lpm
match key:           LPM-0a:00:08:16/32	EXACT-00:02
action:              MyIngress.ipv4_forward
runtime data:        00:00:0a:00:08:16	00:03
Entry has been added with handle 106
RuntimeCmd: Adding entry to lpm match table MyIngress.ipv4_lpm
match key:           LPM-0a:00:08:16/32	EXACT-00:04
action:              MyIngress.ipv4_forward
runtime data:        00:00:0a:00:08:16	00:03
Entry has been added with handle 107
RuntimeCmd: Adding entry to lpm match table MyIngress.ipv4_lpm
match key:           LPM-0a:00:08:16/32	EXACT-00:05
action:              MyIngress.ipv4_forward
runtime data:        00:00:0a:00:08:16	00:03
Entry has been added with handle 108
RuntimeCmd: Adding entry to lpm match table MyIngress.ipv4_lpm
match key:           LPM-0a:00:08:16/32	EXACT-00:06
action:              MyIngress.ipv4_forward
runtime data:        00:00:0a:00:08:16	00:03
Entry has been added with handle 109
RuntimeCmd: Adding entry to lpm match table MyIngress.ipv4_lpm
match key:           LPM-0a:00:08:17/32	EXACT-00:01
action:              MyIngress.ipv4_forward
runtime data:        00:00:0a:00:08:17	00:03
Entry has been added with handle 110
RuntimeCmd: Adding entry to lpm match table MyIngress.ipv4_lpm
match key:           LPM-0a:00:08:17/32	EXACT-00:02
action:              MyIngress.ipv4_forward
runtime data:        00:00:0a:00:08:17	00:03
Entry has been added with handle 111
RuntimeCmd: Adding entry to lpm match table MyIngress.ipv4_lpm
match key:           LPM-0a:00:08:17/32	EXACT-00:04
action:              MyIngress.ipv4_forward
runtime data:        00:00:0a:00:08:17	00:03
Entry has been added with handle 112
RuntimeCmd: Adding entry to lpm match table MyIngress.ipv4_lpm
match key:           LPM-0a:00:08:17/32	EXACT-00:05
action:              MyIngress.ipv4_forward
runtime data:        00:00:0a:00:08:17	00:03
Entry has been added with handle 113
RuntimeCmd: Adding entry to lpm match table MyIngress.ipv4_lpm
match key:           LPM-0a:00:08:17/32	EXACT-00:06
action:              MyIngress.ipv4_forward
runtime data:        00:00:0a:00:08:17	00:03
Entry has been added with handle 114
RuntimeCmd: Adding entry to lpm match table MyIngress.ipv4_lpm
match key:           LPM-0a:00:08:18/32	EXACT-00:01
action:              MyIngress.ipv4_forward
runtime data:        00:00:0a:00:08:18	00:03
Entry has been added with handle 115
RuntimeCmd: Adding entry to lpm match table MyIngress.ipv4_lpm
match key:           LPM-0a:00:08:18/32	EXACT-00:02
action:              MyIngress.ipv4_forward
runtime data:        00:00:0a:00:08:18	00:03
Entry has been added with handle 116
RuntimeCmd: Adding entry to lpm match table MyIngress.ipv4_lpm
match key:           LPM-0a:00:08:18/32	EXACT-00:04
action:              MyIngress.ipv4_forward
runtime data:        00:00:0a:00:08:18	00:03
Entry has been added with handle 117
RuntimeCmd: Adding entry to lpm match table MyIngress.ipv4_lpm
match key:           LPM-0a:00:08:18/32	EXACT-00:05
action:              MyIngress.ipv4_forward
runtime data:        00:00:0a:00:08:18	00:03
Entry has been added with handle 118
RuntimeCmd: Adding entry to lpm match table MyIngress.ipv4_lpm
match key:           LPM-0a:00:08:18/32	EXACT-00:06
action:              MyIngress.ipv4_forward
runtime data:        00:00:0a:00:08:18	00:03
Entry has been added with handle 119
RuntimeCmd: Adding entry to lpm match table MyIngress.ipv4_lpm
match key:           LPM-0a:00:09:19/32	EXACT-00:01
action:              MyIngress.ipv4_forward
runtime data:        00:00:0a:00:09:19	00:03
Entry has been added with handle 120
RuntimeCmd: Adding entry to lpm match table MyIngress.ipv4_lpm
match key:           LPM-0a:00:09:19/32	EXACT-00:02
action:              MyIngress.ipv4_forward
runtime data:        00:00:0a:00:09:19	00:03
Entry has been added with handle 121
RuntimeCmd: Adding entry to lpm match table MyIngress.ipv4_lpm
match key:           LPM-0a:00:09:19/32	EXACT-00:04
action:              MyIngress.ipv4_forward
runtime data:        00:00:0a:00:09:19	00:03
Entry has been added with handle 122
RuntimeCmd: Adding entry to lpm match table MyIngress.ipv4_lpm
match key:           LPM-0a:00:09:19/32	EXACT-00:05
action:              MyIngress.ipv4_forward
runtime data:        00:00:0a:00:09:19	00:03
Entry has been added with handle 123
RuntimeCmd: Adding entry to lpm match table MyIngress.ipv4_lpm
match key:           LPM-0a:00:09:19/32	EXACT-00:06
action:              MyIngress.ipv4_forward
runtime data:        00:00:0a:00:09:19	00:03
Entry has been added with handle 124
RuntimeCmd: Adding entry to lpm match table MyIngress.ipv4_lpm
match key:           LPM-0a:00:09:1a/32	EXACT-00:01
action:              MyIngress.ipv4_forward
runtime data:        00:00:0a:00:09:1a	00:03
Entry has been added with handle 125
RuntimeCmd: Adding entry to lpm match table MyIngress.ipv4_lpm
match key:           LPM-0a:00:09:1a/32	EXACT-00:02
action:              MyIngress.ipv4_forward
runtime data:        00:00:0a:00:09:1a	00:03
Entry has been added with handle 126
RuntimeCmd: Adding entry to lpm match table MyIngress.ipv4_lpm
match key:           LPM-0a:00:09:1a/32	EXACT-00:04
action:              MyIngress.ipv4_forward
runtime data:        00:00:0a:00:09:1a	00:03
Entry has been added with handle 127
RuntimeCmd: Adding entry to lpm match table MyIngress.ipv4_lpm
match key:           LPM-0a:00:09:1a/32	EXACT-00:05
action:              MyIngress.ipv4_forward
runtime data:        00:00:0a:00:09:1a	00:03
Entry has been added with handle 128
RuntimeCmd: Adding entry to lpm match table MyIngress.ipv4_lpm
match key:           LPM-0a:00:09:1a/32	EXACT-00:06
action:              MyIngress.ipv4_forward
runtime data:        00:00:0a:00:09:1a	00:03
Entry has been added with handle 129
RuntimeCmd: Adding entry to lpm match table MyIngress.ipv4_lpm
match key:           LPM-0a:00:09:1b/32	EXACT-00:01
action:              MyIngress.ipv4_forward
runtime data:        00:00:0a:00:09:1b	00:03
Entry has been added with handle 130
RuntimeCmd: Adding entry to lpm match table MyIngress.ipv4_lpm
match key:           LPM-0a:00:09:1b/32	EXACT-00:02
action:              MyIngress.ipv4_forward
runtime data:        00:00:0a:00:09:1b	00:03
Entry has been added with handle 131
RuntimeCmd: Adding entry to lpm match table MyIngress.ipv4_lpm
match key:           LPM-0a:00:09:1b/32	EXACT-00:04
action:              MyIngress.ipv4_forward
runtime data:        00:00:0a:00:09:1b	00:03
Entry has been added with handle 132
RuntimeCmd: Adding entry to lpm match table MyIngress.ipv4_lpm
match key:           LPM-0a:00:09:1b/32	EXACT-00:05
action:              MyIngress.ipv4_forward
runtime data:        00:00:0a:00:09:1b	00:03
Entry has been added with handle 133
RuntimeCmd: Adding entry to lpm match table MyIngress.ipv4_lpm
match key:           LPM-0a:00:09:1b/32	EXACT-00:06
action:              MyIngress.ipv4_forward
runtime data:        00:00:0a:00:09:1b	00:03
Entry has been added with handle 134
RuntimeCmd: Adding entry to lpm match table MyIngress.ipv4_lpm
match key:           LPM-0a:00:0a:1c/32	EXACT-00:01
action:              MyIngress.ipv4_forward
runtime data:        00:00:0a:00:0a:1c	00:04
Entry has been added with handle 135
RuntimeCmd: Adding entry to lpm match table MyIngress.ipv4_lpm
match key:           LPM-0a:00:0a:1c/32	EXACT-00:02
action:              MyIngress.ipv4_forward
runtime data:        00:00:0a:00:0a:1c	00:04
Entry has been added with handle 136
RuntimeCmd: Adding entry to lpm match table MyIngress.ipv4_lpm
match key:           LPM-0a:00:0a:1c/32	EXACT-00:03
action:              MyIngress.ipv4_forward
runtime data:        00:00:0a:00:0a:1c	00:04
Entry has been added with handle 137
RuntimeCmd: Adding entry to lpm match table MyIngress.ipv4_lpm
match key:           LPM-0a:00:0a:1c/32	EXACT-00:05
action:              MyIngress.ipv4_forward
runtime data:        00:00:0a:00:0a:1c	00:04
Entry has been added with handle 138
RuntimeCmd: Adding entry to lpm match table MyIngress.ipv4_lpm
match key:           LPM-0a:00:0a:1c/32	EXACT-00:06
action:              MyIngress.ipv4_forward
runtime data:        00:00:0a:00:0a:1c	00:04
Entry has been added with handle 139
RuntimeCmd: Adding entry to lpm match table MyIngress.ipv4_lpm
match key:           LPM-0a:00:0a:1d/32	EXACT-00:01
action:              MyIngress.ipv4_forward
runtime data:        00:00:0a:00:0a:1d	00:04
Entry has been added with handle 140
RuntimeCmd: Adding entry to lpm match table MyIngress.ipv4_lpm
match key:           LPM-0a:00:0a:1d/32	EXACT-00:02
action:              MyIngress.ipv4_forward
runtime data:        00:00:0a:00:0a:1d	00:04
Entry has been added with handle 141
RuntimeCmd: Adding entry to lpm match table MyIngress.ipv4_lpm
match key:           LPM-0a:00:0a:1d/32	EXACT-00:03
action:              MyIngress.ipv4_forward
runtime data:        00:00:0a:00:0a:1d	00:04
Entry has been added with handle 142
RuntimeCmd: Adding entry to lpm match table MyIngress.ipv4_lpm
match key:           LPM-0a:00:0a:1d/32	EXACT-00:05
action:              MyIngress.ipv4_forward
runtime data:        00:00:0a:00:0a:1d	00:04
Entry has been added with handle 143
RuntimeCmd: Adding entry to lpm match table MyIngress.ipv4_lpm
match key:           LPM-0a:00:0a:1d/32	EXACT-00:06
action:              MyIngress.ipv4_forward
runtime data:        00:00:0a:00:0a:1d	00:04
Entry has been added with handle 144
RuntimeCmd: Adding entry to lpm match table MyIngress.ipv4_lpm
match key:           LPM-0a:00:0a:1e/32	EXACT-00:01
action:              MyIngress.ipv4_forward
runtime data:        00:00:0a:00:0a:1e	00:04
Entry has been added with handle 145
RuntimeCmd: Adding entry to lpm match table MyIngress.ipv4_lpm
match key:           LPM-0a:00:0a:1e/32	EXACT-00:02
action:              MyIngress.ipv4_forward
runtime data:        00:00:0a:00:0a:1e	00:04
Entry has been added with handle 146
RuntimeCmd: Adding entry to lpm match table MyIngress.ipv4_lpm
match key:           LPM-0a:00:0a:1e/32	EXACT-00:03
action:              MyIngress.ipv4_forward
runtime data:        00:00:0a:00:0a:1e	00:04
Entry has been added with handle 147
RuntimeCmd: Adding entry to lpm match table MyIngress.ipv4_lpm
match key:           LPM-0a:00:0a:1e/32	EXACT-00:05
action:              MyIngress.ipv4_forward
runtime data:        00:00:0a:00:0a:1e	00:04
Entry has been added with handle 148
RuntimeCmd: Adding entry to lpm match table MyIngress.ipv4_lpm
match key:           LPM-0a:00:0a:1e/32	EXACT-00:06
action:              MyIngress.ipv4_forward
runtime data:        00:00:0a:00:0a:1e	00:04
Entry has been added with handle 149
RuntimeCmd: Adding entry to lpm match table MyIngress.ipv4_lpm
match key:           LPM-0a:00:0b:1f/32	EXACT-00:01
action:              MyIngress.ipv4_forward
runtime data:        00:00:0a:00:0b:1f	00:04
Entry has been added with handle 150
RuntimeCmd: Adding entry to lpm match table MyIngress.ipv4_lpm
match key:           LPM-0a:00:0b:1f/32	EXACT-00:02
action:              MyIngress.ipv4_forward
runtime data:        00:00:0a:00:0b:1f	00:04
Entry has been added with handle 151
RuntimeCmd: Adding entry to lpm match table MyIngress.ipv4_lpm
match key:           LPM-0a:00:0b:1f/32	EXACT-00:03
action:              MyIngress.ipv4_forward
runtime data:        00:00:0a:00:0b:1f	00:04
Entry has been added with handle 152
RuntimeCmd: Adding entry to lpm match table MyIngress.ipv4_lpm
match key:           LPM-0a:00:0b:1f/32	EXACT-00:05
action:              MyIngress.ipv4_forward
runtime data:        00:00:0a:00:0b:1f	00:04
Entry has been added with handle 153
RuntimeCmd: Adding entry to lpm match table MyIngress.ipv4_lpm
match key:           LPM-0a:00:0b:1f/32	EXACT-00:06
action:              MyIngress.ipv4_forward
runtime data:        00:00:0a:00:0b:1f	00:04
Entry has been added with handle 154
RuntimeCmd: Adding entry to lpm match table MyIngress.ipv4_lpm
match key:           LPM-0a:00:0b:20/32	EXACT-00:01
action:              MyIngress.ipv4_forward
runtime data:        00:00:0a:00:0b:20	00:04
Entry has been added with handle 155
RuntimeCmd: Adding entry to lpm match table MyIngress.ipv4_lpm
match key:           LPM-0a:00:0b:20/32	EXACT-00:02
action:              MyIngress.ipv4_forward
runtime data:        00:00:0a:00:0b:20	00:04
Entry has been added with handle 156
RuntimeCmd: Adding entry to lpm match table MyIngress.ipv4_lpm
match key:           LPM-0a:00:0b:20/32	EXACT-00:03
action:              MyIngress.ipv4_forward
runtime data:        00:00:0a:00:0b:20	00:04
Entry has been added with handle 157
RuntimeCmd: Adding entry to lpm match table MyIngress.ipv4_lpm
match key:           LPM-0a:00:0b:20/32	EXACT-00:05
action:              MyIngress.ipv4_forward
runtime data:        00:00:0a:00:0b:20	00:04
Entry has been added with handle 158
RuntimeCmd: Adding entry to lpm match table MyIngress.ipv4_lpm
match key:           LPM-0a:00:0b:20/32	EXACT-00:06
action:              MyIngress.ipv4_forward
runtime data:        00:00:0a:00:0b:20	00:04
Entry has been added with handle 159
RuntimeCmd: Adding entry to lpm match table MyIngress.ipv4_lpm
match key:           LPM-0a:00:0b:21/32	EXACT-00:01
action:              MyIngress.ipv4_forward
runtime data:        00:00:0a:00:0b:21	00:04
Entry has been added with handle 160
RuntimeCmd: Adding entry to lpm match table MyIngress.ipv4_lpm
match key:           LPM-0a:00:0b:21/32	EXACT-00:02
action:              MyIngress.ipv4_forward
runtime data:        00:00:0a:00:0b:21	00:04
Entry has been added with handle 161
RuntimeCmd: Adding entry to lpm match table MyIngress.ipv4_lpm
match key:           LPM-0a:00:0b:21/32	EXACT-00:03
action:              MyIngress.ipv4_forward
runtime data:        00:00:0a:00:0b:21	00:04
Entry has been added with handle 162
RuntimeCmd: Adding entry to lpm match table MyIngress.ipv4_lpm
match key:           LPM-0a:00:0b:21/32	EXACT-00:05
action:              MyIngress.ipv4_forward
runtime data:        00:00:0a:00:0b:21	00:04
Entry has been added with handle 163
RuntimeCmd: Adding entry to lpm match table MyIngress.ipv4_lpm
match key:           LPM-0a:00:0b:21/32	EXACT-00:06
action:              MyIngress.ipv4_forward
runtime data:        00:00:0a:00:0b:21	00:04
Entry has been added with handle 164
RuntimeCmd: Adding entry to lpm match table MyIngress.ipv4_lpm
match key:           LPM-0a:00:0c:22/32	EXACT-00:01
action:              MyIngress.ipv4_forward
runtime data:        00:00:0a:00:0c:22	00:04
Entry has been added with handle 165
RuntimeCmd: Adding entry to lpm match table MyIngress.ipv4_lpm
match key:           LPM-0a:00:0c:22/32	EXACT-00:02
action:              MyIngress.ipv4_forward
runtime data:        00:00:0a:00:0c:22	00:04
Entry has been added with handle 166
RuntimeCmd: Adding entry to lpm match table MyIngress.ipv4_lpm
match key:           LPM-0a:00:0c:22/32	EXACT-00:03
action:              MyIngress.ipv4_forward
runtime data:        00:00:0a:00:0c:22	00:04
Entry has been added with handle 167
RuntimeCmd: Adding entry to lpm match table MyIngress.ipv4_lpm
match key:           LPM-0a:00:0c:22/32	EXACT-00:05
action:              MyIngress.ipv4_forward
runtime data:        00:00:0a:00:0c:22	00:04
Entry has been added with handle 168
RuntimeCmd: Adding entry to lpm match table MyIngress.ipv4_lpm
match key:           LPM-0a:00:0c:22/32	EXACT-00:06
action:              MyIngress.ipv4_forward
runtime data:        00:00:0a:00:0c:22	00:04
Entry has been added with handle 169
RuntimeCmd: Adding entry to lpm match table MyIngress.ipv4_lpm
match key:           LPM-0a:00:0c:23/32	EXACT-00:01
action:              MyIngress.ipv4_forward
runtime data:        00:00:0a:00:0c:23	00:04
Entry has been added with handle 170
RuntimeCmd: Adding entry to lpm match table MyIngress.ipv4_lpm
match key:           LPM-0a:00:0c:23/32	EXACT-00:02
action:              MyIngress.ipv4_forward
runtime data:        00:00:0a:00:0c:23	00:04
Entry has been added with handle 171
RuntimeCmd: Adding entry to lpm match table MyIngress.ipv4_lpm
match key:           LPM-0a:00:0c:23/32	EXACT-00:03
action:              MyIngress.ipv4_forward
runtime data:        00:00:0a:00:0c:23	00:04
Entry has been added with handle 172
RuntimeCmd: Adding entry to lpm match table MyIngress.ipv4_lpm
match key:           LPM-0a:00:0c:23/32	EXACT-00:05
action:              MyIngress.ipv4_forward
runtime data:        00:00:0a:00:0c:23	00:04
Entry has been added with handle 173
RuntimeCmd: Adding entry to lpm match table MyIngress.ipv4_lpm
match key:           LPM-0a:00:0c:23/32	EXACT-00:06
action:              MyIngress.ipv4_forward
runtime data:        00:00:0a:00:0c:23	00:04
Entry has been added with handle 174
RuntimeCmd: Adding entry to lpm match table MyIngress.ipv4_lpm
match key:           LPM-0a:00:0c:24/32	EXACT-00:01
action:              MyIngress.ipv4_forward
runtime data:        00:00:0a:00:0c:24	00:04
Entry has been added with handle 175
RuntimeCmd: Adding entry to lpm match table MyIngress.ipv4_lpm
match key:           LPM-0a:00:0c:24/32	EXACT-00:02
action:              MyIngress.ipv4_forward
runtime data:        00:00:0a:00:0c:24	00:04
Entry has been added with handle 176
RuntimeCmd: Adding entry to lpm match table MyIngress.ipv4_lpm
match key:           LPM-0a:00:0c:24/32	EXACT-00:03
action:              MyIngress.ipv4_forward
runtime data:        00:00:0a:00:0c:24	00:04
Entry has been added with handle 177
RuntimeCmd: Adding entry to lpm match table MyIngress.ipv4_lpm
match key:           LPM-0a:00:0c:24/32	EXACT-00:05
action:              MyIngress.ipv4_forward
runtime data:        00:00:0a:00:0c:24	00:04
Entry has been added with handle 178
RuntimeCmd: Adding entry to lpm match table MyIngress.ipv4_lpm
match key:           LPM-0a:00:0c:24/32	EXACT-00:06
action:              MyIngress.ipv4_forward
runtime data:        00:00:0a:00:0c:24	00:04
Entry has been added with handle 179
RuntimeCmd: Adding entry to lpm match table MyIngress.ipv4_lpm
match key:           LPM-0a:00:0d:25/32	EXACT-00:01
action:              MyIngress.ipv4_forward
runtime data:        00:00:0a:00:0d:25	00:05
Entry has been added with handle 180
RuntimeCmd: Adding entry to lpm match table MyIngress.ipv4_lpm
match key:           LPM-0a:00:0d:25/32	EXACT-00:02
action:              MyIngress.ipv4_forward
runtime data:        00:00:0a:00:0d:25	00:05
Entry has been added with handle 181
RuntimeCmd: Adding entry to lpm match table MyIngress.ipv4_lpm
match key:           LPM-0a:00:0d:25/32	EXACT-00:03
action:              MyIngress.ipv4_forward
runtime data:        00:00:0a:00:0d:25	00:05
Entry has been added with handle 182
RuntimeCmd: Adding entry to lpm match table MyIngress.ipv4_lpm
match key:           LPM-0a:00:0d:25/32	EXACT-00:04
action:              MyIngress.ipv4_forward
runtime data:        00:00:0a:00:0d:25	00:05
Entry has been added with handle 183
RuntimeCmd: Adding entry to lpm match table MyIngress.ipv4_lpm
match key:           LPM-0a:00:0d:25/32	EXACT-00:06
action:              MyIngress.ipv4_forward
runtime data:        00:00:0a:00:0d:25	00:05
Entry has been added with handle 184
RuntimeCmd: Adding entry to lpm match table MyIngress.ipv4_lpm
match key:           LPM-0a:00:0d:26/32	EXACT-00:01
action:              MyIngress.ipv4_forward
runtime data:        00:00:0a:00:0d:26	00:05
Entry has been added with handle 185
RuntimeCmd: Adding entry to lpm match table MyIngress.ipv4_lpm
match key:           LPM-0a:00:0d:26/32	EXACT-00:02
action:              MyIngress.ipv4_forward
runtime data:        00:00:0a:00:0d:26	00:05
Entry has been added with handle 186
RuntimeCmd: Adding entry to lpm match table MyIngress.ipv4_lpm
match key:           LPM-0a:00:0d:26/32	EXACT-00:03
action:              MyIngress.ipv4_forward
runtime data:        00:00:0a:00:0d:26	00:05
Entry has been added with handle 187
RuntimeCmd: Adding entry to lpm match table MyIngress.ipv4_lpm
match key:           LPM-0a:00:0d:26/32	EXACT-00:04
action:              MyIngress.ipv4_forward
runtime data:        00:00:0a:00:0d:26	00:05
Entry has been added with handle 188
RuntimeCmd: Adding entry to lpm match table MyIngress.ipv4_lpm
match key:           LPM-0a:00:0d:26/32	EXACT-00:06
action:              MyIngress.ipv4_forward
runtime data:        00:00:0a:00:0d:26	00:05
Entry has been added with handle 189
RuntimeCmd: Adding entry to lpm match table MyIngress.ipv4_lpm
match key:           LPM-0a:00:0d:27/32	EXACT-00:01
action:              MyIngress.ipv4_forward
runtime data:        00:00:0a:00:0d:27	00:05
Entry has been added with handle 190
RuntimeCmd: Adding entry to lpm match table MyIngress.ipv4_lpm
match key:           LPM-0a:00:0d:27/32	EXACT-00:02
action:              MyIngress.ipv4_forward
runtime data:        00:00:0a:00:0d:27	00:05
Entry has been added with handle 191
RuntimeCmd: Adding entry to lpm match table MyIngress.ipv4_lpm
match key:           LPM-0a:00:0d:27/32	EXACT-00:03
action:              MyIngress.ipv4_forward
runtime data:        00:00:0a:00:0d:27	00:05
Entry has been added with handle 192
RuntimeCmd: Adding entry to lpm match table MyIngress.ipv4_lpm
match key:           LPM-0a:00:0d:27/32	EXACT-00:04
action:              MyIngress.ipv4_forward
runtime data:        00:00:0a:00:0d:27	00:05
Entry has been added with handle 193
RuntimeCmd: Adding entry to lpm match table MyIngress.ipv4_lpm
match key:           LPM-0a:00:0d:27/32	EXACT-00:06
action:              MyIngress.ipv4_forward
runtime data:        00:00:0a:00:0d:27	00:05
Entry has been added with handle 194
RuntimeCmd: Adding entry to lpm match table MyIngress.ipv4_lpm
match key:           LPM-0a:00:0e:28/32	EXACT-00:01
action:              MyIngress.ipv4_forward
runtime data:        00:00:0a:00:0e:28	00:05
Entry has been added with handle 195
RuntimeCmd: Adding entry to lpm match table MyIngress.ipv4_lpm
match key:           LPM-0a:00:0e:28/32	EXACT-00:02
action:              MyIngress.ipv4_forward
runtime data:        00:00:0a:00:0e:28	00:05
Entry has been added with handle 196
RuntimeCmd: Adding entry to lpm match table MyIngress.ipv4_lpm
match key:           LPM-0a:00:0e:28/32	EXACT-00:03
action:              MyIngress.ipv4_forward
runtime data:        00:00:0a:00:0e:28	00:05
Entry has been added with handle 197
RuntimeCmd: Adding entry to lpm match table MyIngress.ipv4_lpm
match key:           LPM-0a:00:0e:28/32	EXACT-00:04
action:              MyIngress.ipv4_forward
runtime data:        00:00:0a:00:0e:28	00:05
Entry has been added with handle 198
RuntimeCmd: Adding entry to lpm match table MyIngress.ipv4_lpm
match key:           LPM-0a:00:0e:28/32	EXACT-00:06
action:              MyIngress.ipv4_forward
runtime data:        00:00:0a:00:0e:28	00:05
Entry has been added with handle 199
RuntimeCmd: Adding entry to lpm match table MyIngress.ipv4_lpm
match key:           LPM-0a:00:0e:29/32	EXACT-00:01
action:              MyIngress.ipv4_forward
runtime data:        00:00:0a:00:0e:29	00:05
Entry has been added with handle 200
RuntimeCmd: Adding entry to lpm match table MyIngress.ipv4_lpm
match key:           LPM-0a:00:0e:29/32	EXACT-00:02
action:              MyIngress.ipv4_forward
runtime data:        00:00:0a:00:0e:29	00:05
Entry has been added with handle 201
RuntimeCmd: Adding entry to lpm match table MyIngress.ipv4_lpm
match key:           LPM-0a:00:0e:29/32	EXACT-00:03
action:              MyIngress.ipv4_forward
runtime data:        00:00:0a:00:0e:29	00:05
Entry has been added with handle 202
RuntimeCmd: Adding entry to lpm match table MyIngress.ipv4_lpm
match key:           LPM-0a:00:0e:29/32	EXACT-00:04
action:              MyIngress.ipv4_forward
runtime data:        00:00:0a:00:0e:29	00:05
Entry has been added with handle 203
RuntimeCmd: Adding entry to lpm match table MyIngress.ipv4_lpm
match key:           LPM-0a:00:0e:29/32	EXACT-00:06
action:              MyIngress.ipv4_forward
runtime data:        00:00:0a:00:0e:29	00:05
Entry has been added with handle 204
RuntimeCmd: Adding entry to lpm match table MyIngress.ipv4_lpm
match key:           LPM-0a:00:0e:2a/32	EXACT-00:01
action:              MyIngress.ipv4_forward
runtime data:        00:00:0a:00:0e:2a	00:05
Entry has been added with handle 205
RuntimeCmd: Adding entry to lpm match table MyIngress.ipv4_lpm
match key:           LPM-0a:00:0e:2a/32	EXACT-00:02
action:              MyIngress.ipv4_forward
runtime data:        00:00:0a:00:0e:2a	00:05
Entry has been added with handle 206
RuntimeCmd: Adding entry to lpm match table MyIngress.ipv4_lpm
match key:           LPM-0a:00:0e:2a/32	EXACT-00:03
action:              MyIngress.ipv4_forward
runtime data:        00:00:0a:00:0e:2a	00:05
Entry has been added with handle 207
RuntimeCmd: Adding entry to lpm match table MyIngress.ipv4_lpm
match key:           LPM-0a:00:0e:2a/32	EXACT-00:04
action:              MyIngress.ipv4_forward
runtime data:        00:00:0a:00:0e:2a	00:05
Entry has been added with handle 208
RuntimeCmd: Adding entry to lpm match table MyIngress.ipv4_lpm
match key:           LPM-0a:00:0e:2a/32	EXACT-00:06
action:              MyIngress.ipv4_forward
runtime data:        00:00:0a:00:0e:2a	00:05
Entry has been added with handle 209
RuntimeCmd: Adding entry to lpm match table MyIngress.ipv4_lpm
match key:           LPM-0a:00:0f:2b/32	EXACT-00:01
action:              MyIngress.ipv4_forward
runtime data:        00:00:0a:00:0f:2b	00:05
Entry has been added with handle 210
RuntimeCmd: Adding entry to lpm match table MyIngress.ipv4_lpm
match key:           LPM-0a:00:0f:2b/32	EXACT-00:02
action:              MyIngress.ipv4_forward
runtime data:        00:00:0a:00:0f:2b	00:05
Entry has been added with handle 211
RuntimeCmd: Adding entry to lpm match table MyIngress.ipv4_lpm
match key:           LPM-0a:00:0f:2b/32	EXACT-00:03
action:              MyIngress.ipv4_forward
runtime data:        00:00:0a:00:0f:2b	00:05
Entry has been added with handle 212
RuntimeCmd: Adding entry to lpm match table MyIngress.ipv4_lpm
match key:           LPM-0a:00:0f:2b/32	EXACT-00:04
action:              MyIngress.ipv4_forward
runtime data:        00:00:0a:00:0f:2b	00:05
Entry has been added with handle 213
RuntimeCmd: Adding entry to lpm match table MyIngress.ipv4_lpm
match key:           LPM-0a:00:0f:2b/32	EXACT-00:06
action:              MyIngress.ipv4_forward
runtime data:        00:00:0a:00:0f:2b	00:05
Entry has been added with handle 214
RuntimeCmd: Adding entry to lpm match table MyIngress.ipv4_lpm
match key:           LPM-0a:00:0f:2c/32	EXACT-00:01
action:              MyIngress.ipv4_forward
runtime data:        00:00:0a:00:0f:2c	00:05
Entry has been added with handle 215
RuntimeCmd: Adding entry to lpm match table MyIngress.ipv4_lpm
match key:           LPM-0a:00:0f:2c/32	EXACT-00:02
action:              MyIngress.ipv4_forward
runtime data:        00:00:0a:00:0f:2c	00:05
Entry has been added with handle 216
RuntimeCmd: Adding entry to lpm match table MyIngress.ipv4_lpm
match key:           LPM-0a:00:0f:2c/32	EXACT-00:03
action:              MyIngress.ipv4_forward
runtime data:        00:00:0a:00:0f:2c	00:05
Entry has been added with handle 217
RuntimeCmd: Adding entry to lpm match table MyIngress.ipv4_lpm
match key:           LPM-0a:00:0f:2c/32	EXACT-00:04
action:              MyIngress.ipv4_forward
runtime data:        00:00:0a:00:0f:2c	00:05
Entry has been added with handle 218
RuntimeCmd: Adding entry to lpm match table MyIngress.ipv4_lpm
match key:           LPM-0a:00:0f:2c/32	EXACT-00:06
action:              MyIngress.ipv4_forward
runtime data:        00:00:0a:00:0f:2c	00:05
Entry has been added with handle 219
RuntimeCmd: Adding entry to lpm match table MyIngress.ipv4_lpm
match key:           LPM-0a:00:0f:2d/32	EXACT-00:01
action:              MyIngress.ipv4_forward
runtime data:        00:00:0a:00:0f:2d	00:05
Entry has been added with handle 220
RuntimeCmd: Adding entry to lpm match table MyIngress.ipv4_lpm
match key:           LPM-0a:00:0f:2d/32	EXACT-00:02
action:              MyIngress.ipv4_forward
runtime data:        00:00:0a:00:0f:2d	00:05
Entry has been added with handle 221
RuntimeCmd: Adding entry to lpm match table MyIngress.ipv4_lpm
match key:           LPM-0a:00:0f:2d/32	EXACT-00:03
action:              MyIngress.ipv4_forward
runtime data:        00:00:0a:00:0f:2d	00:05
Entry has been added with handle 222
RuntimeCmd: Adding entry to lpm match table MyIngress.ipv4_lpm
match key:           LPM-0a:00:0f:2d/32	EXACT-00:04
action:              MyIngress.ipv4_forward
runtime data:        00:00:0a:00:0f:2d	00:05
Entry has been added with handle 223
RuntimeCmd: Adding entry to lpm match table MyIngress.ipv4_lpm
match key:           LPM-0a:00:0f:2d/32	EXACT-00:06
action:              MyIngress.ipv4_forward
runtime data:        00:00:0a:00:0f:2d	00:05
Entry has been added with handle 224
RuntimeCmd: Adding entry to lpm match table MyIngress.ipv4_lpm
match key:           LPM-0a:00:10:2e/32	EXACT-00:01
action:              MyIngress.ipv4_forward
runtime data:        00:00:0a:00:10:2e	00:06
Entry has been added with handle 225
RuntimeCmd: Adding entry to lpm match table MyIngress.ipv4_lpm
match key:           LPM-0a:00:10:2e/32	EXACT-00:02
action:              MyIngress.ipv4_forward
runtime data:        00:00:0a:00:10:2e	00:06
Entry has been added with handle 226
RuntimeCmd: Adding entry to lpm match table MyIngress.ipv4_lpm
match key:           LPM-0a:00:10:2e/32	EXACT-00:03
action:              MyIngress.ipv4_forward
runtime data:        00:00:0a:00:10:2e	00:06
Entry has been added with handle 227
RuntimeCmd: Adding entry to lpm match table MyIngress.ipv4_lpm
match key:           LPM-0a:00:10:2e/32	EXACT-00:04
action:              MyIngress.ipv4_forward
runtime data:        00:00:0a:00:10:2e	00:06
Entry has been added with handle 228
RuntimeCmd: Adding entry to lpm match table MyIngress.ipv4_lpm
match key:           LPM-0a:00:10:2e/32	EXACT-00:05
action:              MyIngress.ipv4_forward
runtime data:        00:00:0a:00:10:2e	00:06
Entry has been added with handle 229
RuntimeCmd: Adding entry to lpm match table MyIngress.ipv4_lpm
match key:           LPM-0a:00:10:2f/32	EXACT-00:01
action:              MyIngress.ipv4_forward
runtime data:        00:00:0a:00:10:2f	00:06
Entry has been added with handle 230
RuntimeCmd: Adding entry to lpm match table MyIngress.ipv4_lpm
match key:           LPM-0a:00:10:2f/32	EXACT-00:02
action:              MyIngress.ipv4_forward
runtime data:        00:00:0a:00:10:2f	00:06
Entry has been added with handle 231
RuntimeCmd: Adding entry to lpm match table MyIngress.ipv4_lpm
match key:           LPM-0a:00:10:2f/32	EXACT-00:03
action:              MyIngress.ipv4_forward
runtime data:        00:00:0a:00:10:2f	00:06
Entry has been added with handle 232
RuntimeCmd: Adding entry to lpm match table MyIngress.ipv4_lpm
match key:           LPM-0a:00:10:2f/32	EXACT-00:04
action:              MyIngress.ipv4_forward
runtime data:        00:00:0a:00:10:2f	00:06
Entry has been added with handle 233
RuntimeCmd: Adding entry to lpm match table MyIngress.ipv4_lpm
match key:           LPM-0a:00:10:2f/32	EXACT-00:05
action:              MyIngress.ipv4_forward
runtime data:        00:00:0a:00:10:2f	00:06
Entry has been added with handle 234
RuntimeCmd: Adding entry to lpm match table MyIngress.ipv4_lpm
match key:           LPM-0a:00:10:30/32	EXACT-00:01
action:              MyIngress.ipv4_forward
runtime data:        00:00:0a:00:10:30	00:06
Entry has been added with handle 235
RuntimeCmd: Adding entry to lpm match table MyIngress.ipv4_lpm
match key:           LPM-0a:00:10:30/32	EXACT-00:02
action:              MyIngress.ipv4_forward
runtime data:        00:00:0a:00:10:30	00:06
Entry has been added with handle 236
RuntimeCmd: Adding entry to lpm match table MyIngress.ipv4_lpm
match key:           LPM-0a:00:10:30/32	EXACT-00:03
action:              MyIngress.ipv4_forward
runtime data:        00:00:0a:00:10:30	00:06
Entry has been added with handle 237
RuntimeCmd: Adding entry to lpm match table MyIngress.ipv4_lpm
match key:           LPM-0a:00:10:30/32	EXACT-00:04
action:              MyIngress.ipv4_forward
runtime data:        00:00:0a:00:10:30	00:06
Entry has been added with handle 238
RuntimeCmd: Adding entry to lpm match table MyIngress.ipv4_lpm
match key:           LPM-0a:00:10:30/32	EXACT-00:05
action:              MyIngress.ipv4_forward
runtime data:        00:00:0a:00:10:30	00:06
Entry has been added with handle 239
RuntimeCmd: Adding entry to lpm match table MyIngress.ipv4_lpm
match key:           LPM-0a:00:11:31/32	EXACT-00:01
action:              MyIngress.ipv4_forward
runtime data:        00:00:0a:00:11:31	00:06
Entry has been added with handle 240
RuntimeCmd: Adding entry to lpm match table MyIngress.ipv4_lpm
match key:           LPM-0a:00:11:31/32	EXACT-00:02
action:              MyIngress.ipv4_forward
runtime data:        00:00:0a:00:11:31	00:06
Entry has been added with handle 241
RuntimeCmd: Adding entry to lpm match table MyIngress.ipv4_lpm
match key:           LPM-0a:00:11:31/32	EXACT-00:03
action:              MyIngress.ipv4_forward
runtime data:        00:00:0a:00:11:31	00:06
Entry has been added with handle 242
RuntimeCmd: Adding entry to lpm match table MyIngress.ipv4_lpm
match key:           LPM-0a:00:11:31/32	EXACT-00:04
action:              MyIngress.ipv4_forward
runtime data:        00:00:0a:00:11:31	00:06
Entry has been added with handle 243
RuntimeCmd: Adding entry to lpm match table MyIngress.ipv4_lpm
match key:           LPM-0a:00:11:31/32	EXACT-00:05
action:              MyIngress.ipv4_forward
runtime data:        00:00:0a:00:11:31	00:06
Entry has been added with handle 244
RuntimeCmd: Adding entry to lpm match table MyIngress.ipv4_lpm
match key:           LPM-0a:00:11:32/32	EXACT-00:01
action:              MyIngress.ipv4_forward
runtime data:        00:00:0a:00:11:32	00:06
Entry has been added with handle 245
RuntimeCmd: Adding entry to lpm match table MyIngress.ipv4_lpm
match key:           LPM-0a:00:11:32/32	EXACT-00:02
action:              MyIngress.ipv4_forward
runtime data:        00:00:0a:00:11:32	00:06
Entry has been added with handle 246
RuntimeCmd: Adding entry to lpm match table MyIngress.ipv4_lpm
match key:           LPM-0a:00:11:32/32	EXACT-00:03
action:              MyIngress.ipv4_forward
runtime data:        00:00:0a:00:11:32	00:06
Entry has been added with handle 247
RuntimeCmd: Adding entry to lpm match table MyIngress.ipv4_lpm
match key:           LPM-0a:00:11:32/32	EXACT-00:04
action:              MyIngress.ipv4_forward
runtime data:        00:00:0a:00:11:32	00:06
Entry has been added with handle 248
RuntimeCmd: Adding entry to lpm match table MyIngress.ipv4_lpm
match key:           LPM-0a:00:11:32/32	EXACT-00:05
action:              MyIngress.ipv4_forward
runtime data:        00:00:0a:00:11:32	00:06
Entry has been added with handle 249
RuntimeCmd: Adding entry to lpm match table MyIngress.ipv4_lpm
match key:           LPM-0a:00:11:33/32	EXACT-00:01
action:              MyIngress.ipv4_forward
runtime data:        00:00:0a:00:11:33	00:06
Entry has been added with handle 250
RuntimeCmd: Adding entry to lpm match table MyIngress.ipv4_lpm
match key:           LPM-0a:00:11:33/32	EXACT-00:02
action:              MyIngress.ipv4_forward
runtime data:        00:00:0a:00:11:33	00:06
Entry has been added with handle 251
RuntimeCmd: Adding entry to lpm match table MyIngress.ipv4_lpm
match key:           LPM-0a:00:11:33/32	EXACT-00:03
action:              MyIngress.ipv4_forward
runtime data:        00:00:0a:00:11:33	00:06
Entry has been added with handle 252
RuntimeCmd: Adding entry to lpm match table MyIngress.ipv4_lpm
match key:           LPM-0a:00:11:33/32	EXACT-00:04
action:              MyIngress.ipv4_forward
runtime data:        00:00:0a:00:11:33	00:06
Entry has been added with handle 253
RuntimeCmd: Adding entry to lpm match table MyIngress.ipv4_lpm
match key:           LPM-0a:00:11:33/32	EXACT-00:05
action:              MyIngress.ipv4_forward
runtime data:        00:00:0a:00:11:33	00:06
Entry has been added with handle 254
RuntimeCmd: Adding entry to lpm match table MyIngress.ipv4_lpm
match key:           LPM-0a:00:12:34/32	EXACT-00:01
action:              MyIngress.ipv4_forward
runtime data:        00:00:0a:00:12:34	00:06
Entry has been added with handle 255
RuntimeCmd: Adding entry to lpm match table MyIngress.ipv4_lpm
match key:           LPM-0a:00:12:34/32	EXACT-00:02
action:              MyIngress.ipv4_forward
runtime data:        00:00:0a:00:12:34	00:06
Entry has been added with handle 256
RuntimeCmd: Adding entry to lpm match table MyIngress.ipv4_lpm
match key:           LPM-0a:00:12:34/32	EXACT-00:03
action:              MyIngress.ipv4_forward
runtime data:        00:00:0a:00:12:34	00:06
Entry has been added with handle 257
RuntimeCmd: Adding entry to lpm match table MyIngress.ipv4_lpm
match key:           LPM-0a:00:12:34/32	EXACT-00:04
action:              MyIngress.ipv4_forward
runtime data:        00:00:0a:00:12:34	00:06
Entry has been added with handle 258
RuntimeCmd: Adding entry to lpm match table MyIngress.ipv4_lpm
match key:           LPM-0a:00:12:34/32	EXACT-00:05
action:              MyIngress.ipv4_forward
runtime data:        00:00:0a:00:12:34	00:06
Entry has been added with handle 259
RuntimeCmd: Adding entry to lpm match table MyIngress.ipv4_lpm
match key:           LPM-0a:00:12:35/32	EXACT-00:01
action:              MyIngress.ipv4_forward
runtime data:        00:00:0a:00:12:35	00:06
Entry has been added with handle 260
RuntimeCmd: Adding entry to lpm match table MyIngress.ipv4_lpm
match key:           LPM-0a:00:12:35/32	EXACT-00:02
action:              MyIngress.ipv4_forward
runtime data:        00:00:0a:00:12:35	00:06
Entry has been added with handle 261
RuntimeCmd: Adding entry to lpm match table MyIngress.ipv4_lpm
match key:           LPM-0a:00:12:35/32	EXACT-00:03
action:              MyIngress.ipv4_forward
runtime data:        00:00:0a:00:12:35	00:06
Entry has been added with handle 262
RuntimeCmd: Adding entry to lpm match table MyIngress.ipv4_lpm
match key:           LPM-0a:00:12:35/32	EXACT-00:04
action:              MyIngress.ipv4_forward
runtime data:        00:00:0a:00:12:35	00:06
Entry has been added with handle 263
RuntimeCmd: Adding entry to lpm match table MyIngress.ipv4_lpm
match key:           LPM-0a:00:12:35/32	EXACT-00:05
action:              MyIngress.ipv4_forward
runtime data:        00:00:0a:00:12:35	00:06
Entry has been added with handle 264
RuntimeCmd: Adding entry to lpm match table MyIngress.ipv4_lpm
match key:           LPM-0a:00:12:36/32	EXACT-00:01
action:              MyIngress.ipv4_forward
runtime data:        00:00:0a:00:12:36	00:06
Entry has been added with handle 265
RuntimeCmd: Adding entry to lpm match table MyIngress.ipv4_lpm
match key:           LPM-0a:00:12:36/32	EXACT-00:02
action:              MyIngress.ipv4_forward
runtime data:        00:00:0a:00:12:36	00:06
Entry has been added with handle 266
RuntimeCmd: Adding entry to lpm match table MyIngress.ipv4_lpm
match key:           LPM-0a:00:12:36/32	EXACT-00:03
action:              MyIngress.ipv4_forward
runtime data:        00:00:0a:00:12:36	00:06
Entry has been added with handle 267
RuntimeCmd: Adding entry to lpm match table MyIngress.ipv4_lpm
match key:           LPM-0a:00:12:36/32	EXACT-00:04
action:              MyIngress.ipv4_forward
runtime data:        00:00:0a:00:12:36	00:06
Entry has been added with handle 268
RuntimeCmd: Adding entry to lpm match table MyIngress.ipv4_lpm
match key:           LPM-0a:00:12:36/32	EXACT-00:05
action:              MyIngress.ipv4_forward
runtime data:        00:00:0a:00:12:36	00:06
Entry has been added with handle 269
RuntimeCmd: Error: Invalid table name (MyEgress.tbl_bf)
RuntimeCmd: Setting default action of MyEgress.tbl_prime
action:              prime_multiply
runtime data:        00:00:00:b3
RuntimeCmd: Setting default action of MyEgress.swtrace
action:              add_swtrace
runtime data:        00:29
RuntimeCmd: 
